java.io.FileNotFoundException: http://www.hr.com/en/communities/ihr_compensation/incentives__rewards_and_recognition//en/communities/organizational_development/mergers_and_acquisitions/

java.io.FileNotFoundException: http://www.hr.com/en/communities/ihr_compensation/incentives__rewards_and_recognition//en/communities/organizational_development/organizational_diagnosis/

java.io.FileNotFoundException: http://www.hr.com/en/communities/ihr_compensation/incentives__rewards_and_recognition//en/communities/organizational_development/re_engineering/

java.io.FileNotFoundException: http://www.hr.com/en/communities/ihr_compensation/incentives__rewards_and_recognition//en/communities/organizational_development/skills_competencies/

java.io.FileNotFoundException: http://www.hr.com/en/communities/ihr_compensation/incentives__rewards_and_recognition//en/communities/organizational_development/strategic_hr/

java.io.FileNotFoundException: http://www.hr.com/en/communities/ihr_compensation/incentives__rewards_and_recognition//en/communities/payroll_hris_hris_payroll__audits__compliance_and_risk_management_001/

java.io.FileNotFoundException: http://www.youtube.com/user/charlierose

java.io.FileNotFoundException: http://www.hr.com/en/communities/ihr_compensation/incentives__rewards_and_recognition//en/communities/performance_management/

java.io.FileNotFoundException: http://www.hr.com/en/communities/ihr_compensation/incentives__rewards_and_recognition//en/communities/performance_management/cascading_goals/

java.io.FileNotFoundException: http://www.hr.com/en/communities/ihr_compensation/incentives__rewards_and_recognition//en/communities/performance_management/competencies/

java.io.IOException: Server returned HTTP response code: 403 for URL: http://www.imdb.com/name/nm741299/

java.io.FileNotFoundException: http://www.hr.com/en/communities/ihr_compensation/incentives__rewards_and_recognition//en/communities/performance_management/culture/

java.io.FileNotFoundException: http://www.hr.com/en/communities/ihr_compensation/incentives__rewards_and_recognition//en/communities/performance_management/feedback_processes/

java.io.FileNotFoundException: http://www.hr.com/en/communities/ihr_compensation/incentives__rewards_and_recognition//en/communities/performance_management/job_description/

java.io.FileNotFoundException: http://www.hr.com/en/communities/ihr_compensation/incentives__rewards_and_recognition//en/communities/performance_management/motivation/

java.io.FileNotFoundException: http://www.hr.com/en/communities/ihr_compensation/incentives__rewards_and_recognition//en/communities/performance_management/pay_for_performance/

java.io.FileNotFoundException: http://www.hr.com/en/communities/ihr_compensation/incentives__rewards_and_recognition//en/communities/performance_management/legal_compliance/

java.io.FileNotFoundException: http://www.hr.com/en/communities/ihr_compensation/incentives__rewards_and_recognition//en/communities/performance_management/pm_assessment/

java.io.FileNotFoundException: http://www.hr.com/en/communities/ihr_compensation/incentives__rewards_and_recognition/gift_cards//en/communities/ihr_contract_workforce_talent_exchange/contract_workforce_talent_exchanges_tools_technology/

java.io.FileNotFoundException: http://www.hr.com/en/communities/ihr_compensation/incentives__rewards_and_recognition/gift_cards//en/communities/ihr_contract_workforce_talent_exchange/contract_workforce_talent_exchanges_metrics/

java.io.FileNotFoundException: http://www.hr.com/en/communities/ihr_compensation/incentives__rewards_and_recognition/gift_cards//en/communities/ihr_employee_wellness/

java.io.FileNotFoundException: http://www.hr.com/en/communities/ihr_compensation/incentives__rewards_and_recognition/gift_cards//en/communities/ihr_contract_workforce_talent_exchange/contract_workforce_talent_exchanges_legal_compliance/

java.io.FileNotFoundException: http://www.hr.com/en/communities/ihr_compensation/incentives__rewards_and_recognition/gift_cards//en/communities/ihr_employee_wellness/productivity/

java.io.FileNotFoundException: http://www.hr.com/en/communities/ihr_compensation/incentives__rewards_and_recognition/gift_cards//en/communities/ihr_employee_wellness/employee_health/

java.io.FileNotFoundException: http://www.hr.com/en/communities/ihr_compensation/incentives__rewards_and_recognition/gift_cards//en/communities/ihr_employee_wellness/culture_of_health/

java.io.FileNotFoundException: http://www.hr.com/en/communities/ihr_compensation/incentives__rewards_and_recognition/gift_cards//en/communities/ihr_employee_wellness/prevention/

java.io.FileNotFoundException: http://www.hr.com/en/communities/ihr_compensation/incentives__rewards_and_recognition/gift_cards//en/communities/ihr_employee_wellness/employee_wellness_templates_forms_contracts/

java.io.FileNotFoundException: http://www.hr.com/en/communities/ihr_compensation/incentives__rewards_and_recognition/gift_cards//en/communities/ihr_employee_wellness/employee_wellness_legal_compliance/

java.io.FileNotFoundException: http://www.hr.com/en/communities/ihr_compensation/incentives__rewards_and_recognition/gift_cards//en/communities/ihr_employee_wellness/financial_wellness/

java.io.FileNotFoundException: http://www.hr.com/en/communities/ihr_compensation/incentives__rewards_and_recognition/gift_cards//en/communities/ihr_employee_wellness/employee_cost/

java.io.FileNotFoundException: http://www.hr.com/en/communities/ihr_compensation/incentives__rewards_and_recognition/gift_cards//en/communities/ihr_employee_wellness/employee_cost/incentives/

java.io.FileNotFoundException: http://www.hr.com/en/communities/ihr_compensation/incentives__rewards_and_recognition/gift_cards//en/communities/ihr_employee_wellness/employee_cost/reimbursement_plans/

java.io.FileNotFoundException: http://www.hr.com/en/communities/ihr_compensation/incentives__rewards_and_recognition/gift_cards//en/communities/ihr_employee_wellness/onsite_testing/

java.io.FileNotFoundException: http://www.hr.com/en/communities/ihr_compensation/incentives__rewards_and_recognition/gift_cards//en/communities/ihr_employee_wellness/onsite_testing/clinics/

java.io.FileNotFoundException: http://www.hr.com/en/communities/ihr_compensation/incentives__rewards_and_recognition/gift_cards//en/communities/ihr_employee_wellness/onsite_testing/health_fairs/

java.io.FileNotFoundException: http://www.hr.com/en/communities/ihr_compensation/incentives__rewards_and_recognition//en/communities/performance_management/pm_metrics/

java.io.FileNotFoundException: http://www.hr.com/en/communities/ihr_compensation/incentives__rewards_and_recognition//en/communities/performance_management/pm_retention/

java.io.FileNotFoundException: http://www.hr.com/en/communities/ihr_compensation/incentives__rewards_and_recognition//en/communities/performance_management/pm_succession_planning/

java.io.FileNotFoundException: http://www.hr.com/en/communities/ihr_compensation/incentives__rewards_and_recognition//en/communities/performance_management/technology/

java.io.FileNotFoundException: http://www.hr.com/en/communities/ihr_compensation/incentives__rewards_and_recognition//en/communities/performance_management/performance_reviews/

java.io.FileNotFoundException: http://www.hr.com/en/communities/ihr_compensation/incentives__rewards_and_recognition//en/communities/recruitment_process_outsourcing_001/

java.io.FileNotFoundException: http://www.hr.com/en/communities/ihr_compensation/incentives__rewards_and_recognition//en/communities/rewards_and_recognition_001/

java.io.FileNotFoundException: http://www.hr.com/en/communities/ihr_compensation/incentives__rewards_and_recognition//en/communities/social_media_and_employee_communications_001/

java.io.FileNotFoundException: http://www.hr.com/en/communities/ihr_compensation/incentives__rewards_and_recognition//en/communities/social_media_and_employee_communications_001/employment_brand/

java.io.FileNotFoundException: http://www.hr.com/en/communities/ihr_compensation/incentives__rewards_and_recognition//en/communities/social_media_and_employee_communications_001/strategic_tactical_leadership/

java.io.FileNotFoundException: http://www.hr.com/en/communities/ihr_compensation/incentives__rewards_and_recognition//en/communities/social_media_and_employee_communications_001/training_learning_development/

java.io.FileNotFoundException: http://www.hr.com/en/communities/ihr_compensation/incentives__rewards_and_recognition//en/communities/social_media_and_employee_communications_001/change_management/

java.io.FileNotFoundException: http://www.hr.com/en/communities/ihr_compensation/incentives__rewards_and_recognition//en/communities/social_media_and_employee_communications_001/employee_communication/

java.io.FileNotFoundException: http://www.hr.com/en/communities/ihr_compensation/incentives__rewards_and_recognition//en/communities/social_media_and_employee_communications_001/recruitment_retention/

java.io.FileNotFoundException: http://www.hr.com/en/communities/ihr_compensation/incentives__rewards_and_recognition//en/communities/social_media_and_employee_communications_001/culture/

java.io.FileNotFoundException: http://www.hr.com/en/communities/ihr_compensation/incentives__rewards_and_recognition//en/communities/social_media_and_employee_communications_001/external_social_networks/

java.io.FileNotFoundException: http://www.hr.com/en/communities/ihr_compensation/incentives__rewards_and_recognition//en/communities/social_media_and_employee_communications_001/internal_social_networks/

java.io.FileNotFoundException: http://www.hr.com/en/communities/ihr_compensation/incentives__rewards_and_recognition//en/communities/social_media_and_employee_communications_001/social_media_employee_communications_policies_procedures/

java.io.FileNotFoundException: http://www.hr.com/en/communities/ihr_compensation/incentives__rewards_and_recognition//en/communities/social_media_and_employee_communications_001/social_media_employee_communications_legal_compliance/

java.io.FileNotFoundException: http://www.hr.com/en/communities/ihr_compensation/incentives__rewards_and_recognition//en/communities/social_media_and_employee_communications_001/social_media_employee_communications_metrics/

java.io.FileNotFoundException: http://www.hr.com/en/communities/ihr_compensation/incentives__rewards_and_recognition//en/communities/social_media_and_employee_communications_001/social_media_employee_communications_tools_technology/

java.io.FileNotFoundException: http://www.hr.com/en/communities/ihr_compensation/incentives__rewards_and_recognition//en/communities/staffing_and_recruitment/affirmative_action_eeo_diversity/

java.io.FileNotFoundException: http://www.hr.com/en/communities/ihr_compensation/incentives__rewards_and_recognition//en/communities/staffing_and_recruitment/career_transitions_and_outplacement/

java.io.FileNotFoundException: http://www.hr.com/en/communities/ihr_compensation/incentives__rewards_and_recognition//en/communities/staffing_and_recruitment/competency_modeling/

java.io.FileNotFoundException: http://www.hr.com/en/communities/ihr_compensation/incentives__rewards_and_recognition//en/communities/staffing_and_recruitment/corporate_career_portal/

java.io.FileNotFoundException: http://www.hr.com/en/communities/ihr_compensation/incentives__rewards_and_recognition//en/communities/staffing_and_recruitment/corporate_career_portal/corporate_branding_employer_branding/

java.io.FileNotFoundException: http://www.hr.com/en/communities/ihr_compensation/incentives__rewards_and_recognition//en/communities/staffing_and_recruitment/

java.io.FileNotFoundException: http://www.hr.com/en/communities/ihr_compensation/incentives__rewards_and_recognition//en/communities/staffing_and_recruitment/corporate_career_portal/internet_and_job_tools_courses/

java.io.FileNotFoundException: http://www.hr.com/en/communities/ihr_compensation/incentives__rewards_and_recognition//en/communities/staffing_and_recruitment/employment_applications/reference_checking/

java.io.FileNotFoundException: http://www.hr.com/en/communities/ihr_compensation/incentives__rewards_and_recognition//en/communities/staffing_and_recruitment/employment_applications/

java.io.FileNotFoundException: http://www.hr.com/en/communities/ihr_compensation/incentives__rewards_and_recognition//en/communities/staffing_and_recruitment/corporate_career_portal/online_media_job_boards/

java.io.FileNotFoundException: http://www.hr.com/en/communities/ihr_compensation/incentives__rewards_and_recognition//en/communities/staffing_and_recruitment/employment_applications/screening__assessment_and_testing/

java.io.FileNotFoundException: http://www.hr.com/en/communities/ihr_compensation/incentives__rewards_and_recognition//en/communities/staffing_and_recruitment/employment_applications/screening__assessment_and_testing/assessment/

java.io.FileNotFoundException: http://www.hr.com/en/communities/ihr_compensation/incentives__rewards_and_recognition//en/communities/staffing_and_recruitment/employment_applications/screening__assessment_and_testing/assessment/assessment_centers/

java.io.FileNotFoundException: http://www.hr.com/en/communities/ihr_compensation/incentives__rewards_and_recognition//en/communities/staffing_and_recruitment/employment_applications/screening__assessment_and_testing/assessment/technology_based_assessment_systems/

java.io.FileNotFoundException: http://www.hr.com/en/communities/ihr_compensation/incentives__rewards_and_recognition//en/communities/staffing_and_recruitment/employment_applications/screening__assessment_and_testing/screening/

java.io.FileNotFoundException: http://www.hr.com/en/communities/ihr_compensation/incentives__rewards_and_recognition/gift_cards//en/communities/ihr_employee_wellness/employee_communication/

java.io.FileNotFoundException: http://www.hr.com/en/communities/ihr_compensation/incentives__rewards_and_recognition/gift_cards//en/communities/ihr_health_safety/standardization/

java.io.FileNotFoundException: http://www.hr.com/en/communities/ihr_compensation/incentives__rewards_and_recognition/gift_cards//en/communities/ihr_employee_wellness/employee_communication/wellness_portals/

java.io.FileNotFoundException: http://www.hr.com/en/communities/ihr_compensation/incentives__rewards_and_recognition/gift_cards//en/communities/ihr_employee_wellness/employee_communication/identification_of_troubled_areas/

java.io.FileNotFoundException: http://www.hr.com/en/communities/ihr_compensation/incentives__rewards_and_recognition/gift_cards//en/communities/ihr_employee_wellness/benefit_healthcare_cost_containment/reduction_in_drug_expense/

java.io.FileNotFoundException: http://www.hr.com/en/communities/ihr_compensation/incentives__rewards_and_recognition/gift_cards//en/communities/ihr_employee_wellness/benefit_healthcare_cost_containment/

java.io.FileNotFoundException: http://www.hr.com/en/communities/ihr_compensation/incentives__rewards_and_recognition/gift_cards//en/communities/ihr_employee_wellness/benefit_healthcare_cost_containment/reduction_in_doctor_visits/

java.io.FileNotFoundException: http://www.hr.com/en/communities/ihr_compensation/incentives__rewards_and_recognition/gift_cards//en/communities/ihr_employee_wellness/employee_communication/hra/

java.io.FileNotFoundException: http://www.hr.com/en/communities/ihr_compensation/incentives__rewards_and_recognition/gift_cards//en/communities/ihr_employee_wellness/weight_management/

java.io.FileNotFoundException: http://www.hr.com/en/communities/ihr_compensation/incentives__rewards_and_recognition/gift_cards//en/communities/ihr_employee_wellness/weight_management/support_management/

java.io.FileNotFoundException: http://www.hr.com/en/communities/ihr_compensation/incentives__rewards_and_recognition/gift_cards//en/communities/ihr_employee_wellness/weight_management/exercise_programs/

java.io.FileNotFoundException: http://www.hr.com/en/communities/ihr_compensation/incentives__rewards_and_recognition/gift_cards//en/communities/ihr_employee_wellness/cessation_reduction/

java.io.FileNotFoundException: http://www.hr.com/en/communities/ihr_compensation/incentives__rewards_and_recognition/gift_cards//en/communities/ihr_employee_wellness/weight_management/internal_programs/

java.io.FileNotFoundException: http://www.hr.com/en/communities/ihr_compensation/incentives__rewards_and_recognition/gift_cards//en/communities/ihr_employee_wellness/cessation_reduction/drug_alcohol_dependence/

java.io.FileNotFoundException: http://www.hr.com/en/communities/ihr_compensation/incentives__rewards_and_recognition/gift_cards//en/communities/ihr_employee_wellness/cessation_reduction/smoking/

java.io.FileNotFoundException: http://www.hr.com/en/communities/ihr_compensation/incentives__rewards_and_recognition/gift_cards//en/communities/ihr_employee_wellness/cessation_reduction/eating_disorders/

java.io.FileNotFoundException: http://www.hr.com/en/communities/ihr_compensation/incentives__rewards_and_recognition/gift_cards//en/communities/ihr_employee_wellness/absenteeism/

java.io.FileNotFoundException: http://www.hr.com/en/communities/ihr_compensation/incentives__rewards_and_recognition/gift_cards//en/communities/ihr_employee_wellness/absenteeism/cost/

java.io.FileNotFoundException: http://www.hr.com/en/communities/ihr_compensation/incentives__rewards_and_recognition/gift_cards//en/communities/ihr_employee_wellness/absenteeism/measurement/

java.io.FileNotFoundException: http://www.hr.com/en/communities/ihr_compensation/incentives__rewards_and_recognition/gift_cards//en/communities/ihr_employee_wellness/absenteeism/presenters/

java.io.FileNotFoundException: http://www.hr.com/en/communities/ihr_compensation/incentives__rewards_and_recognition/gift_cards//en/communities/ihr_employee_wellness/absenteeism/long_term_rehabilitation/

java.io.FileNotFoundException: http://www.hr.com/en/communities/ihr_compensation/incentives__rewards_and_recognition/gift_cards//en/communities/ihr_employee_wellness/employee_wellness_tools_technology/

java.io.FileNotFoundException: http://www.hr.com/en/communities/ihr_compensation/incentives__rewards_and_recognition/gift_cards//en/communities/ihr_employee_wellness/absenteeism/accommodation_at_work/

java.io.FileNotFoundException: http://www.hr.com/en/communities/ihr_compensation/incentives__rewards_and_recognition/gift_cards//en/communities/ihr_employee_wellness/absenteeism/reduction/

java.io.FileNotFoundException: http://www.hr.com/en/communities/ihr_compensation/incentives__rewards_and_recognition/gift_cards//en/communities/hr_in_canada/

java.io.FileNotFoundException: http://www.hr.com/en/communities/ihr_compensation/incentives__rewards_and_recognition/gift_cards//en/communities/ihr_employee_wellness/employee_wellness_metrics/

java.io.FileNotFoundException: http://www.hr.com/en/communities/ihr_compensation/incentives__rewards_and_recognition/gift_cards//en/communities/hr_in_canada/canadian_masters_in_hr_strategy_execution/

java.io.FileNotFoundException: http://www.youtube.com/ts/watch?v=xMDPBaJ7zz8&list=PL41E7C85CD58EA2A2

java.io.FileNotFoundException: http://www.hr.com/en/communities/ihr_compensation/incentives__rewards_and_recognition/gift_cards//en/communities/ihr_hr_in_california/

java.io.FileNotFoundException: http://www.hr.com/en/communities/ihr_compensation/incentives__rewards_and_recognition/gift_cards//en/communities/ihr_health_safety/

java.io.FileNotFoundException: http://www.hr.com/en/communities/ihr_compensation/incentives__rewards_and_recognition/gift_cards//en/communities/ihr_health_safety/unions/

java.io.FileNotFoundException: http://www.hr.com/en/communities/ihr_compensation/incentives__rewards_and_recognition/gift_cards//en/communities/ihr_health_safety/health_safety_legal_compliance/

java.io.FileNotFoundException: http://www.hr.com/en/communities/ihr_compensation/incentives__rewards_and_recognition/gift_cards//en/communities/ihr_health_safety/health_safety_legal_compliance/audits/

java.io.FileNotFoundException: http://www.hr.com/en/communities/ihr_compensation/incentives__rewards_and_recognition/gift_cards//en/communities/ihr_health_safety/health_safety_legal_compliance/occupational_health_safety_act/

java.io.FileNotFoundException: http://www.hr.com/en/communities/ihr_compensation/incentives__rewards_and_recognition/gift_cards//en/communities/ihr_health_safety/health_safety_legal_compliance/risk_management/

java.io.FileNotFoundException: http://www.hr.com/en/communities/ihr_compensation/incentives__rewards_and_recognition//en/communities/staffing_and_recruitment/employment_applications/screening__assessment_and_testing/screening/structured_interviews/

java.io.FileNotFoundException: http://www.hr.com/en/communities/ihr_compensation/incentives__rewards_and_recognition//en/communities/staffing_and_recruitment/employment_applications/screening__assessment_and_testing/screening/person_job_fit/

java.io.FileNotFoundException: http://www.hr.com/en/communities/ihr_compensation/incentives__rewards_and_recognition//en/communities/staffing_and_recruitment/employment_applications/screening__assessment_and_testing/screening/person_job_fit//

java.io.FileNotFoundException: http://www.hr.com/en/communities/ihr_compensation/incentives__rewards_and_recognition//en/communities/staffing_and_recruitment/employment_applications/screening__assessment_and_testing/screening/situational_judgement/

java.io.FileNotFoundException: http://www.hr.com/en/communities/ihr_compensation/incentives__rewards_and_recognition//en/communities/staffing_and_recruitment/employment_applications/screening__assessment_and_testing/screening/biodata/

java.io.FileNotFoundException: http://www.hr.com/en/communities/ihr_compensation/incentives__rewards_and_recognition//en/communities/staffing_and_recruitment/employment_applications/screening__assessment_and_testing/testing/

java.io.FileNotFoundException: http://www.hr.com/en/communities/ihr_compensation/incentives__rewards_and_recognition//en/communities/staffing_and_recruitment/employment_applications/screening__assessment_and_testing/screening/automated_qualifications_screening/

java.io.FileNotFoundException: http://www.hr.com/en/communities/ihr_compensation/incentives__rewards_and_recognition//en/communities/staffing_and_recruitment/employment_applications/screening__assessment_and_testing/testing/innovations_in_testing/

java.io.FileNotFoundException: http://www.hr.com/en/communities/ihr_compensation/incentives__rewards_and_recognition//en/communities/staffing_and_recruitment/employment_applications/screening__assessment_and_testing/testing/test_validation/

java.io.FileNotFoundException: http://www.hr.com/en/communities/ihr_compensation/incentives__rewards_and_recognition//en/communities/staffing_and_recruitment/employment_applications/screening__assessment_and_testing/testing/knowledge_skills_testing/

java.io.FileNotFoundException: http://www.hr.com/en/communities/ihr_compensation/incentives__rewards_and_recognition//en/communities/staffing_and_recruitment/employment_applications/screening__assessment_and_testing/testing/behavioral_based_testing/

java.io.FileNotFoundException: http://www.hr.com/en/communities/ihr_compensation/incentives__rewards_and_recognition//en/communities/staffing_and_recruitment/employment_applications/screening__assessment_and_testing/testing/cognitive_ability_testing/

java.io.FileNotFoundException: http://www.hr.com/en/communities/ihr_compensation/incentives__rewards_and_recognition//en/communities/staffing_and_recruitment/employment_applications/screening__assessment_and_testing/testing/personality_testing/

java.io.FileNotFoundException: http://www.hr.com/en/communities/ihr_compensation/incentives__rewards_and_recognition//en/communities/staffing_and_recruitment/employment_applications/screening__assessment_and_testing/testing/test_development/

java.io.FileNotFoundException: http://www.hr.com/en/communities/ihr_compensation/incentives__rewards_and_recognition//en/communities/staffing_and_recruitment/employment_contracts/

java.io.FileNotFoundException: http://www.hr.com/en/communities/ihr_compensation/incentives__rewards_and_recognition//en/communities/staffing_and_recruitment/job_analysis__evaluation_and_grading/

java.io.FileNotFoundException: http://www.hr.com/en/communities/ihr_compensation/incentives__rewards_and_recognition//en/communities/staffing_and_recruitment/expatriate_selection/

java.io.FileNotFoundException: http://www.hr.com/en/communities/ihr_compensation/incentives__rewards_and_recognition//en/communities/staffing_and_recruitment/job_analysis__evaluation_and_grading/job_descriptions/

java.io.FileNotFoundException: http://www.hr.com/en/communities/ihr_compensation/incentives__rewards_and_recognition//en/communities/staffing_and_recruitment/job_analysis__evaluation_and_grading/job_requisitions/

java.io.FileNotFoundException: http://www.hr.com/en/communities/ihr_compensation/incentives__rewards_and_recognition//en/communities/staffing_and_recruitment/job_analysis__evaluation_and_grading/salary_surveys/

java.io.FileNotFoundException: http://www.hr.com/en/communities/ihr_compensation/incentives__rewards_and_recognition//en/communities/staffing_and_recruitment/online_staffing__and_sourcing/corporate_website/best_practices/

java.io.FileNotFoundException: http://www.hr.com/en/communities/ihr_compensation/incentives__rewards_and_recognition//en/communities/staffing_and_recruitment/online_staffing__and_sourcing/corporate_website/

java.io.FileNotFoundException: http://www.hr.com/en/communities/ihr_compensation/incentives__rewards_and_recognition//en/communities/staffing_and_recruitment/online_staffing__and_sourcing/corporate_website/candidate_experience/

java.io.FileNotFoundException: http://www.hr.com/en/communities/ihr_compensation/incentives__rewards_and_recognition//en/communities/staffing_and_recruitment/online_staffing__and_sourcing/

java.io.FileNotFoundException: http://www.hr.com/en/communities/ihr_compensation/incentives__rewards_and_recognition//en/communities/staffing_and_recruitment/online_staffing__and_sourcing/workforce_planning/

java.io.FileNotFoundException: http://www.hr.com/en/communities/ihr_compensation/incentives__rewards_and_recognition//en/communities/staffing_and_recruitment/online_staffing__and_sourcing/workforce_planning/talent_gaps/

java.io.FileNotFoundException: http://www.hr.com/en/communities/ihr_compensation/incentives__rewards_and_recognition//en/communities/staffing_and_recruitment/online_staffing__and_sourcing/workforce_planning/labor_market_stats/

java.io.FileNotFoundException: http://www.hr.com/en/communities/ihr_compensation/incentives__rewards_and_recognition//en/communities/staffing_and_recruitment/online_staffing__and_sourcing/workforce_planning/competitive_intelligence/

java.io.FileNotFoundException: http://www.hr.com/en/communities/ihr_compensation/incentives__rewards_and_recognition//en/communities/staffing_and_recruitment/labor_trends/

java.io.FileNotFoundException: http://www.hr.com/en/communities/ihr_compensation/incentives__rewards_and_recognition//en/communities/staffing_and_recruitment/online_staffing__and_sourcing/sourcing/

java.io.FileNotFoundException: http://www.hr.com/en/communities/ihr_compensation/incentives__rewards_and_recognition//en/communities/staffing_and_recruitment/online_staffing__and_sourcing/sourcing/job_boards/

java.io.FileNotFoundException: http://www.hr.com/en/communities/ihr_compensation/incentives__rewards_and_recognition//en/communities/staffing_and_recruitment/online_staffing__and_sourcing/sourcing/campus/

java.io.FileNotFoundException: http://www.hr.com/en/communities/ihr_compensation/incentives__rewards_and_recognition/gift_cards//en/communities/ihr_health_safety/health_safety_legal_compliance/osha/

java.io.FileNotFoundException: http://www.hr.com/en/communities/ihr_compensation/incentives__rewards_and_recognition/gift_cards//en/communities/ihr_health_safety/health_safety_legal_compliance/hipaa/

java.io.FileNotFoundException: http://www.hr.com/en/communities/ihr_compensation/incentives__rewards_and_recognition/gift_cards//en/communities/ihr_health_safety/employee_wellness/

java.io.FileNotFoundException: http://www.hr.com/en/communities/ihr_compensation/incentives__rewards_and_recognition/gift_cards//en/communities/ihr_health_safety/workers_compensation/

java.io.FileNotFoundException: http://www.hr.com/en/communities/ihr_compensation/incentives__rewards_and_recognition/gift_cards//en/communities/ihr_health_safety/standardization/iso_international_organization_for_standardization/

java.io.FileNotFoundException: http://www.hr.com/en/communities/ihr_compensation/incentives__rewards_and_recognition/gift_cards//en/communities/ihr_health_safety/health_safety_templates_forms_and_contracts/

java.io.FileNotFoundException: http://www.hr.com/en/communities/ihr_compensation/incentives__rewards_and_recognition/gift_cards//en/communities/ihr_health_safety/health_safety_templates_forms_and_contracts/msds_material_safety_data_sheets/

java.io.FileNotFoundException: http://www.hr.com/en/communities/ihr_compensation/incentives__rewards_and_recognition/gift_cards//en/communities/ihr_health_safety/health_safety_training/

java.io.FileNotFoundException: http://www.hr.com/en/communities/ihr_compensation/incentives__rewards_and_recognition/gift_cards//en/communities/ihr_health_safety/health_safety_training/global/

java.io.FileNotFoundException: http://www.hr.com/en/communities/ihr_compensation/incentives__rewards_and_recognition/gift_cards//en/communities/ihr_health_safety/health_safety_training/us_based/

java.io.FileNotFoundException: http://www.hr.com/en/communities/ihr_compensation/incentives__rewards_and_recognition/gift_cards//en/communities/ihr_health_safety/health_safety_training/canadian_based/

java.io.FileNotFoundException: http://www.hr.com/en/communities/ihr_compensation/incentives__rewards_and_recognition/gift_cards//en/communities/ihr_health_safety/health_safety_training/consultants/

java.io.FileNotFoundException: http://www.hr.com/en/communities/ihr_compensation/incentives__rewards_and_recognition/gift_cards//en/communities/ihr_health_safety/health_safety_training/whmis_workplace_hazardous_materials_information_system/

java.io.FileNotFoundException: http://www.hr.com/en/communities/ihr_compensation/incentives__rewards_and_recognition/gift_cards//en/communities/ihr_health_safety/health_safety_tools_technology/

java.io.FileNotFoundException: http://www.hr.com/en/communities/ihr_compensation/incentives__rewards_and_recognition/gift_cards//en/communities/hr_industries/

java.io.FileNotFoundException: http://www.hr.com/en/communities/ihr_compensation/incentives__rewards_and_recognition/gift_cards//en/communities/hr_industries/agriculture__forestry__fishing_and_mining/

java.io.FileNotFoundException: http://www.hr.com/en/communities/ihr_compensation/incentives__rewards_and_recognition/gift_cards//en/communities/hr_industries/computer_telecom/

java.io.FileNotFoundException: http://www.hr.com/en/communities/ihr_compensation/incentives__rewards_and_recognition/gift_cards//en/communities/ihr_health_safety/health_safety_metrics/

java.io.FileNotFoundException: http://www.hr.com/en/communities/ihr_compensation/incentives__rewards_and_recognition/gift_cards//en/communities/hr_industries/construction/

java.io.FileNotFoundException: http://www.hr.com/en/communities/ihr_compensation/incentives__rewards_and_recognition/gift_cards//en/communities/hr_industries/education/

java.io.FileNotFoundException: http://www.hr.com/en/communities/ihr_compensation/incentives__rewards_and_recognition/gift_cards//en/communities/hr_industries/health_services/

java.io.FileNotFoundException: http://www.hr.com/en/communities/ihr_compensation/incentives__rewards_and_recognition/gift_cards//en/communities/hr_industries/finance__insurance_and_real_estate/

java.io.FileNotFoundException: http://www.hr.com/en/communities/ihr_compensation/incentives__rewards_and_recognition/gift_cards//en/communities/hr_industries/hospitality/

java.io.FileNotFoundException: http://www.hr.com/en/communities/ihr_compensation/incentives__rewards_and_recognition/gift_cards//en/communities/hr_industries/ihr_hr_in_government/

java.io.FileNotFoundException: http://www.hr.com/en/communities/ihr_compensation/incentives__rewards_and_recognition/gift_cards//en/communities/hr_industries/ihr_hr_in_retail/

java.io.FileNotFoundException: http://www.hr.com/en/communities/ihr_compensation/incentives__rewards_and_recognition/gift_cards//en/communities/hr_industries/media_entertainment/

java.io.FileNotFoundException: http://www.hr.com/en/communities/ihr_compensation/incentives__rewards_and_recognition/gift_cards//en/communities/hr_industries/non_profit/

java.io.FileNotFoundException: http://www.hr.com/en/communities/ihr_compensation/incentives__rewards_and_recognition/gift_cards//en/communities/hr_industries/transportation_and_public_utilities/

java.io.FileNotFoundException: http://www.hr.com/en/communities/ihr_compensation/incentives__rewards_and_recognition/gift_cards//en/communities/hr_industries/manufacturing/

java.io.FileNotFoundException: http://www.hr.com/en/communities/ihr_compensation/incentives__rewards_and_recognition/gift_cards//en/communities/hr_industries/services/

java.io.FileNotFoundException: http://www.hr.com/en/communities/ihr_compensation/incentives__rewards_and_recognition/gift_cards//en/communities/hr_industries/wholesale_trade/

java.io.FileNotFoundException: http://www.hr.com/en/communities/ihr_compensation/incentives__rewards_and_recognition/gift_cards//en/communities/hr_industries/travel__recreation_and_leisure/

java.io.FileNotFoundException: http://www.hr.com/en/communities/ihr_compensation/incentives__rewards_and_recognition/gift_cards//en/communities/ihr_hris_erp/

java.io.FileNotFoundException: http://www.hr.com/en/communities/ihr_compensation/incentives__rewards_and_recognition/gift_cards//en/communities/ihr_hris_erp/erp_enterprise_resources_planning/

java.io.FileNotFoundException: http://www.hr.com/en/communities/ihr_compensation/incentives__rewards_and_recognition/gift_cards//en/communities/ihr_hris_erp/erp_enterprise_resources_planning/call_centers/

java.io.FileNotFoundException: http://www.hr.com/en/communities/ihr_compensation/incentives__rewards_and_recognition//en/communities/staffing_and_recruitment/online_staffing__and_sourcing/sourcing/social_media/

java.io.FileNotFoundException: http://www.hr.com/en/communities/ihr_compensation/incentives__rewards_and_recognition//en/communities/staffing_and_recruitment/online_staffing__and_sourcing/sourcing/onsite_advertising_pay_per_lead/

java.io.FileNotFoundException: http://www.hr.com/en/communities/ihr_compensation/incentives__rewards_and_recognition//en/communities/staffing_and_recruitment/online_staffing__and_sourcing/sourcing/employee_referrals/

java.io.FileNotFoundException: http://www.hr.com/en/communities/ihr_compensation/incentives__rewards_and_recognition//en/communities/staffing_and_recruitment/online_staffing__and_sourcing/candidate_marketing/

java.io.FileNotFoundException: http://www.hr.com/en/communities/ihr_compensation/incentives__rewards_and_recognition//en/communities/staffing_and_recruitment/online_staffing__and_sourcing/sourcing/job_fairs_open_houses/

java.io.FileNotFoundException: http://www.hr.com/en/communities/ihr_compensation/incentives__rewards_and_recognition//en/communities/staffing_and_recruitment/online_staffing__and_sourcing/candidate_marketing/job_distribution/

java.io.FileNotFoundException: http://www.hr.com/en/communities/ihr_compensation/incentives__rewards_and_recognition//en/communities/staffing_and_recruitment/online_staffing__and_sourcing/candidate_marketing/data_clean_up_appends/

java.io.FileNotFoundException: http://www.hr.com/en/communities/ihr_compensation/incentives__rewards_and_recognition//en/communities/staffing_and_recruitment/online_staffing__and_sourcing/candidate_marketing/seo/

java.io.FileNotFoundException: http://www.hr.com/en/communities/ihr_compensation/incentives__rewards_and_recognition//en/communities/staffing_and_recruitment/online_staffing__and_sourcing/candidate_marketing/crm/

java.io.FileNotFoundException: http://www.hr.com/en/communities/ihr_compensation/incentives__rewards_and_recognition//en/communities/staffing_and_recruitment/online_staffing__and_sourcing/candidate_marketing/campaign_management/

java.io.FileNotFoundException: http://www.hr.com/en/communities/ihr_compensation/incentives__rewards_and_recognition//en/communities/staffing_and_recruitment/online_staffing__and_sourcing/candidate_marketing/talent_management_acquisition_systems/

java.io.FileNotFoundException: http://www.hr.com/en/communities/ihr_compensation/incentives__rewards_and_recognition//en/communities/staffing_and_recruitment/online_staffing__and_sourcing/candidate_marketing/resume_mining/

java.io.FileNotFoundException: http://www.hr.com/en/communities/ihr_compensation/incentives__rewards_and_recognition//en/communities/staffing_and_recruitment/online_staffing__and_sourcing/advanced_tools/search_001/

java.io.FileNotFoundException: http://www.hr.com/en/communities/ihr_compensation/incentives__rewards_and_recognition//en/communities/staffing_and_recruitment/online_staffing__and_sourcing/advanced_tools/mobile/

java.io.FileNotFoundException: http://www.hr.com/en/communities/ihr_compensation/incentives__rewards_and_recognition//en/communities/staffing_and_recruitment/online_staffing__and_sourcing/advanced_tools/

java.io.FileNotFoundException: http://www.hr.com/en/communities/ihr_compensation/incentives__rewards_and_recognition//en/communities/staffing_and_recruitment/online_staffing__and_sourcing/advanced_tools/other/

java.io.FileNotFoundException: http://www.hr.com/en/communities/ihr_compensation/incentives__rewards_and_recognition//en/communities/staffing_and_recruitment/online_staffing__and_sourcing/talent_pools/

java.io.FileNotFoundException: http://www.hr.com/en/communities/ihr_compensation/incentives__rewards_and_recognition//en/communities/staffing_and_recruitment/online_staffing__and_sourcing/talent_pools/vertical/

java.io.FileNotFoundException: http://www.hr.com/en/communities/ihr_compensation/incentives__rewards_and_recognition//en/communities/staffing_and_recruitment/online_staffing__and_sourcing/talent_pools/hard_to_fill/

java.io.FileNotFoundException: http://www.hr.com/en/communities/ihr_compensation/incentives__rewards_and_recognition//en/communities/staffing_and_recruitment/online_staffing__and_sourcing/talent_pools/alumni/

java.io.FileNotFoundException: http://www.hr.com/en/communities/ihr_compensation/incentives__rewards_and_recognition//en/communities/staffing_and_recruitment/online_staffing__and_sourcing/screening/

java.io.FileNotFoundException: http://www.hr.com/en/communities/ihr_compensation/incentives__rewards_and_recognition//en/communities/staffing_and_recruitment/online_staffing__and_sourcing/screening/assessment/

java.io.FileNotFoundException: http://www.hr.com/en/communities/ihr_compensation/incentives__rewards_and_recognition//en/communities/staffing_and_recruitment/online_staffing__and_sourcing/screening/interviewing/

java.io.FileNotFoundException: http://www.hr.com/en/communities/ihr_compensation/incentives__rewards_and_recognition//en/communities/staffing_and_recruitment/online_staffing__and_sourcing/screening/criminal_background_checking/

java.io.FileNotFoundException: http://www.hr.com/en/communities/ihr_compensation/incentives__rewards_and_recognition//en/communities/staffing_and_recruitment/online_staffing__and_sourcing/compliance/

java.io.FileNotFoundException: http://www.hr.com/en/communities/ihr_compensation/incentives__rewards_and_recognition//en/communities/staffing_and_recruitment/online_staffing__and_sourcing/compliance/i9/

java.io.FileNotFoundException: http://www.hr.com/en/communities/ihr_compensation/incentives__rewards_and_recognition//en/communities/staffing_and_recruitment/online_staffing__and_sourcing/compliance/eeo/

java.io.FileNotFoundException: http://www.hr.com/en/communities/ihr_compensation/incentives__rewards_and_recognition//en/communities/staffing_and_recruitment/online_staffing__and_sourcing/compliance/privacy/

java.io.FileNotFoundException: http://www.hr.com/en/communities/ihr_compensation/incentives__rewards_and_recognition//en/communities/staffing_and_recruitment/online_staffing__and_sourcing/screening/reference/

java.io.FileNotFoundException: http://www.hr.com/en/communities/ihr_compensation/incentives__rewards_and_recognition//en/communities/staffing_and_recruitment/online_staffing__and_sourcing/compliance/social_media/

java.io.FileNotFoundException: http://www.hr.com/en/communities/ihr_compensation/incentives__rewards_and_recognition//en/communities/staffing_and_recruitment/privacy_and_security/

java.io.FileNotFoundException: http://www.hr.com/en/communities/ihr_compensation/incentives__rewards_and_recognition//en/communities/staffing_and_recruitment/online_staffing__and_sourcing/online_staffing_sourcing_metrics/

java.io.FileNotFoundException: http://www.hr.com/en/communities/ihr_compensation/incentives__rewards_and_recognition/gift_cards//en/communities/ihr_hris_erp/erp_enterprise_resources_planning/compliance_in_hcm/

java.io.FileNotFoundException: http://www.hr.com/en/communities/ihr_compensation/incentives__rewards_and_recognition/gift_cards//en/communities/ihr_hris_erp/erp_enterprise_resources_planning/enterprise_learning/

java.io.FileNotFoundException: http://www.hr.com/en/communities/ihr_compensation/incentives__rewards_and_recognition/gift_cards//en/communities/ihr_hris_erp/erp_enterprise_resources_planning/hcm_and_integrated_financials/

java.io.FileNotFoundException: http://www.hr.com/en/communities/ihr_compensation/incentives__rewards_and_recognition/gift_cards//en/communities/ihr_hris_erp/erp_enterprise_resources_planning/hris_benefits/

java.io.FileNotFoundException: http://www.hr.com/en/communities/ihr_compensation/incentives__rewards_and_recognition/gift_cards//en/communities/ihr_hris_erp/erp_enterprise_resources_planning/pay_for_performance_planning_and_management/

java.io.FileNotFoundException: http://www.hr.com/en/communities/ihr_compensation/incentives__rewards_and_recognition/gift_cards//en/communities/ihr_hris_erp/erp_enterprise_resources_planning/portals_and_employee_communications/

java.io.FileNotFoundException: http://www.hr.com/en/communities/ihr_compensation/incentives__rewards_and_recognition/gift_cards//en/communities/ihr_hris_erp/erp_enterprise_resources_planning/total_compensation_management/

java.io.FileNotFoundException: http://www.hr.com/en/communities/ihr_compensation/incentives__rewards_and_recognition/gift_cards//en/communities/ihr_hris_erp/erp_enterprise_resources_planning/rfp_rfi_development/

java.io.FileNotFoundException: http://www.hr.com/en/communities/ihr_compensation/incentives__rewards_and_recognition/gift_cards//en/communities/ihr_hris_erp/erp_enterprise_resources_planning/workforce_analytics_strategic_hcm/

java.io.FileNotFoundException: http://www.hr.com/en/communities/ihr_compensation/incentives__rewards_and_recognition/gift_cards//en/communities/ihr_hris_erp/erp_enterprise_resources_planning/hcm_trends/

java.io.FileNotFoundException: http://www.hr.com/en/communities/ihr_compensation/incentives__rewards_and_recognition/gift_cards//en/communities/ihr_hris_erp/hcm_global/

java.io.FileNotFoundException: http://www.hr.com/en/communities/ihr_compensation/incentives__rewards_and_recognition/gift_cards//en/communities/ihr_hris_erp/hcm_global/model__planning__mgmt_and_measurement/

java.io.FileNotFoundException: http://www.hr.com/en/communities/ihr_compensation/incentives__rewards_and_recognition/gift_cards//en/communities/ihr_hris_erp/hcm_us_based/

java.io.FileNotFoundException: http://www.hr.com/en/communities/ihr_compensation/incentives__rewards_and_recognition/gift_cards//en/communities/hr_outsourcing/

java.io.FileNotFoundException: http://www.hr.com/en/communities/ihr_compensation/incentives__rewards_and_recognition/gift_cards//en/communities/hr_outsourcing/business_process_outsourcing/

java.io.FileNotFoundException: http://www.hr.com/en/communities/ihr_compensation/incentives__rewards_and_recognition/gift_cards//en/communities/hr_outsourcing/call_center_outsourcing/

java.io.FileNotFoundException: http://www.hr.com/en/communities/ihr_compensation/incentives__rewards_and_recognition/gift_cards//en/communities/ihr_hris_erp/hcm_us_based/model__planning__mgmt_and_measurement/

java.io.FileNotFoundException: http://www.hr.com/en/communities/ihr_compensation/incentives__rewards_and_recognition/gift_cards//en/communities/hr_outsourcing/contract_negotiations/

java.io.FileNotFoundException: http://www.hr.com/en/communities/ihr_compensation/incentives__rewards_and_recognition/gift_cards//en/communities/hr_outsourcing/contract_negotiations/other_contract_issues/

java.io.FileNotFoundException: http://www.hr.com/en/communities/ihr_compensation/incentives__rewards_and_recognition/gift_cards//en/communities/hr_outsourcing/contract_negotiations/service_level_agreements/

java.io.FileNotFoundException: http://www.hr.com/en/communities/ihr_compensation/incentives__rewards_and_recognition/gift_cards//en/communities/hr_outsourcing/cost_justification_techniques/

java.io.FileNotFoundException: http://www.hr.com/en/communities/ihr_compensation/incentives__rewards_and_recognition/gift_cards//en/communities/hr_outsourcing/evaluation_of_hro_vendors/

java.io.FileNotFoundException: http://www.hr.com/en/communities/ihr_compensation/incentives__rewards_and_recognition/gift_cards//en/communities/hr_outsourcing/evaluation_of_hro_vendors/evaluation_methodologies/

java.io.FileNotFoundException: http://www.hr.com/en/communities/ihr_compensation/incentives__rewards_and_recognition/gift_cards//en/communities/hr_outsourcing/evaluation_of_hro_vendors/rfi_rfp_content_and_structure/

java.io.FileNotFoundException: http://www.hr.com/en/communities/ihr_compensation/incentives__rewards_and_recognition/gift_cards//en/communities/hr_outsourcing/hro_and_change_management_culture_issues/

java.io.FileNotFoundException: http://www.hr.com/en/communities/ihr_compensation/incentives__rewards_and_recognition/gift_cards//en/communities/hr_outsourcing/full_service_outsourcing/

java.io.FileNotFoundException: http://www.hr.com/en/communities/ihr_compensation/incentives__rewards_and_recognition/gift_cards//en/communities/hr_outsourcing/hro_in_a_global_organization/

java.io.FileNotFoundException: http://www.hr.com/en/communities/ihr_compensation/incentives__rewards_and_recognition/gift_cards//en/communities/hr_outsourcing/hro_in_a_global_organization/issues_related_to_off_shore_resource_use/

java.io.FileNotFoundException: http://www.hr.com/en/communities/ihr_compensation/incentives__rewards_and_recognition/gift_cards//en/communities/hr_outsourcing/hr_functions_available/

java.io.FileNotFoundException: http://www.hr.com/en/communities/ihr_compensation/incentives__rewards_and_recognition/gift_cards//en/communities/hr_outsourcing/hro_in_a_global_organization/use_of_off_shore_resources/

java.io.FileNotFoundException: http://www.hr.com/en/communities/ihr_compensation/incentives__rewards_and_recognition/gift_cards//en/communities/hr_outsourcing/overall_trends/

java.io.FileNotFoundException: http://www.hr.com/en/communities/ihr_compensation/incentives__rewards_and_recognition/gift_cards//en/communities/hr_outsourcing/proven_cost_savings/

java.io.FileNotFoundException: http://www.hr.com/en/communities/ihr_compensation/incentives__rewards_and_recognition/gift_cards//en/communities/hr_outsourcing/payroll_outsourcing/

java.io.FileNotFoundException: http://www.hr.com/en/communities/ihr_compensation/incentives__rewards_and_recognition//en/communities/staffing_and_recruitment/recruitment_process_outsourcing/

java.io.FileNotFoundException: http://www.hr.com/en/communities/ihr_compensation/incentives__rewards_and_recognition//en/communities/staffing_and_recruitment/relocation/

java.io.FileNotFoundException: http://www.hr.com/en/communities/ihr_compensation/incentives__rewards_and_recognition//en/communities/staffing_and_recruitment/retention/

java.io.FileNotFoundException: http://www.hr.com/en/communities/ihr_compensation/incentives__rewards_and_recognition//en/communities/staffing_and_recruitment/roi_on_investment_in_staffing_technology/

java.io.FileNotFoundException: http://www.hr.com/en/communities/ihr_compensation/incentives__rewards_and_recognition//en/communities/staffing_and_recruitment/staffing_technology/applications_resume_profile_ivr/

java.io.FileNotFoundException: http://www.hr.com/en/communities/ihr_compensation/incentives__rewards_and_recognition//en/communities/staffing_and_recruitment/staffing_technology/applications_resume_profile_ivr/employee_referral_systems_/

java.io.FileNotFoundException: http://www.hr.com/en/communities/ihr_compensation/incentives__rewards_and_recognition//en/communities/staffing_and_recruitment/staffing_technology/global_talent_management_and_development_f2000/

java.io.FileNotFoundException: http://www.hr.com/en/communities/ihr_compensation/incentives__rewards_and_recognition//en/communities/staffing_and_recruitment/staffing_technology/

java.io.FileNotFoundException: http://www.hr.com/en/communities/ihr_compensation/incentives__rewards_and_recognition//en/communities/staffing_and_recruitment/staffing_technology/vendor_management_systems/

java.io.FileNotFoundException: http://www.hr.com/en/communities/ihr_compensation/incentives__rewards_and_recognition//en/communities/staffing_and_recruitment/staffing_technology/tms/

java.io.FileNotFoundException: http://www.hr.com/en/communities/ihr_compensation/incentives__rewards_and_recognition//en/communities/staffing_and_recruitment/staffing_technology/talent_management_and_development__sme_/

java.io.FileNotFoundException: http://www.hr.com/en/communities/ihr_compensation/incentives__rewards_and_recognition//en/communities/staffing_and_recruitment/staffing_metrics/

java.io.FileNotFoundException: http://www.hr.com/en/communities/ihr_compensation/incentives__rewards_and_recognition//en/communities/staffing_and_recruitment/simulations_and_work_samples/

java.io.FileNotFoundException: http://www.hr.com/en/communities/ihr_compensation/incentives__rewards_and_recognition//en/communities/staffing_and_recruitment/workforce_planning/

java.io.FileNotFoundException: http://www.hr.com/en/communities/ihr_compensation/incentives__rewards_and_recognition//en/communities/staffing_and_recruitment/workforce_planning/executive_search/

java.io.FileNotFoundException: http://www.hr.com/en/communities/ihr_compensation/incentives__rewards_and_recognition//en/communities/staffing_and_recruitment/workforce_planning/internet_recruiting/

java.io.FileNotFoundException: http://www.hr.com/en/communities/ihr_compensation/incentives__rewards_and_recognition//en/communities/ihr_quality_of_hire/

java.io.FileNotFoundException: http://www.hr.com/en/communities/ihr_compensation/incentives__rewards_and_recognition//en/communities/training_and_development/

java.io.FileNotFoundException: http://www.hr.com/en/communities/ihr_compensation/incentives__rewards_and_recognition//en/communities/training_and_development/approaches_and_systems__not_software_/

java.io.FileNotFoundException: http://www.hr.com/en/communities/ihr_compensation/incentives__rewards_and_recognition//en/communities/learning_management_systems_and_elearning/

java.io.FileNotFoundException: http://www.hr.com/en/communities/ihr_compensation/incentives__rewards_and_recognition//en/communities/training_and_development/classroom/

java.io.FileNotFoundException: http://www.hr.com/en/communities/ihr_compensation/incentives__rewards_and_recognition//en/communities/training_and_development/corporate_learning/

java.io.FileNotFoundException: http://www.hr.com/en/communities/ihr_compensation/incentives__rewards_and_recognition//en/communities/training_and_development/corporate_learning/analytics_and_measurement/

java.io.FileNotFoundException: http://www.hr.com/en/communities/ihr_compensation/incentives__rewards_and_recognition//en/communities/training_and_development/corporate_learning/authoring_tools/

java.io.FileNotFoundException: http://www.hr.com/en/communities/ihr_compensation/incentives__rewards_and_recognition//en/communities/training_and_development/corporate_learning/blended_learning/

java.io.FileNotFoundException: http://www.hr.com/en/communities/ihr_compensation/incentives__rewards_and_recognition//en/communities/training_and_development/corporate_learning/content_development/

java.io.FileNotFoundException: http://www.hr.com/en/communities/ihr_compensation/incentives__rewards_and_recognition//en/communities/training_and_development/corporate_learning/implementation/

java.io.FileNotFoundException: http://www.hr.com/en/communities/ihr_compensation/incentives__rewards_and_recognition//en/communities/training_and_development/corporate_learning/learning_content_management_systems/

java.io.FileNotFoundException: http://www.hr.com/en/communities/ihr_compensation/incentives__rewards_and_recognition//en/communities/training_and_development/corporate_learning/outsourcing_training/

java.io.FileNotFoundException: http://www.hr.com/en/communities/ihr_compensation/incentives__rewards_and_recognition//en/communities/training_and_development/corporate_learning/learning_management_systems/

java.io.FileNotFoundException: http://www.hr.com/en/communities/ihr_compensation/incentives__rewards_and_recognition/gift_cards//en/communities/hr_outsourcing/software_hosting__only_/

java.io.FileNotFoundException: http://www.hr.com/en/communities/ihr_compensation/incentives__rewards_and_recognition/gift_cards//en/communities/hr_outsourcing/shared_services/

java.io.FileNotFoundException: http://www.hr.com/en/communities/ihr_compensation/incentives__rewards_and_recognition/gift_cards//en/communities/hr_outsourcing/vendor_marketplace/

java.io.FileNotFoundException: http://www.hr.com/en/communities/ihr_compensation/incentives__rewards_and_recognition/gift_cards//en/communities/hr_outsourcing/time_and_attendance/

java.io.FileNotFoundException: http://www.hr.com/en/communities/ihr_compensation/incentives__rewards_and_recognition/gift_cards//en/communities/hr_outsourcing/workforce_scheduling/

java.io.FileNotFoundException: http://www.hr.com/en/communities/ihr_compensation/incentives__rewards_and_recognition/gift_cards//en/communities/human_resources_management/

java.io.FileNotFoundException: http://www.hr.com/en/communities/ihr_compensation/incentives__rewards_and_recognition/gift_cards//en/communities/human_resources_management/entrepreneurship/

java.io.FileNotFoundException: http://www.hr.com/en/communities/ihr_compensation/incentives__rewards_and_recognition/gift_cards//en/communities/human_resources_management/ethics/

java.io.FileNotFoundException: http://www.hr.com/en/communities/ihr_compensation/incentives__rewards_and_recognition/gift_cards//en/communities/human_resources_management/foundations_of_hr/

java.io.FileNotFoundException: http://www.hr.com/en/communities/ihr_compensation/incentives__rewards_and_recognition/gift_cards//en/communities/human_resources_management/foundations_of_hr/future_of_work/

java.io.FileNotFoundException: http://www.hr.com/en/communities/ihr_compensation/incentives__rewards_and_recognition/gift_cards//en/communities/human_resources_management/hr_as_consultant/

java.io.FileNotFoundException: http://www.hr.com/en/communities/ihr_compensation/incentives__rewards_and_recognition/gift_cards//en/communities/human_resources_management/hr_administration/

java.io.FileNotFoundException: http://www.hr.com/en/communities/ihr_compensation/incentives__rewards_and_recognition/gift_cards//en/communities/human_resources_management/international_and_global_hr/

java.io.FileNotFoundException: http://www.hr.com/en/communities/ihr_compensation/incentives__rewards_and_recognition/gift_cards//en/communities/human_resources_management/hr_audit/

java.io.FileNotFoundException: http://www.hr.com/en/communities/ihr_compensation/incentives__rewards_and_recognition/gift_cards//en/communities/human_resources_management/foundations_of_hr/present_trends/

java.io.FileNotFoundException: http://www.hr.com/en/communities/ihr_compensation/incentives__rewards_and_recognition/gift_cards//en/communities/human_resources_management/foundations_of_hr/history_of_hr/

java.io.FileNotFoundException: http://www.hr.com/en/communities/ihr_compensation/incentives__rewards_and_recognition/gift_cards//en/communities/human_resources_management/outsourcing/

java.io.FileNotFoundException: http://www.hr.com/en/communities/ihr_compensation/incentives__rewards_and_recognition/gift_cards//en/communities/human_resources_management/public_sector_and_non_profit/

java.io.FileNotFoundException: http://www.hr.com/en/communities/ihr_compensation/incentives__rewards_and_recognition/gift_cards//en/communities/human_resources_management/small_business/

java.io.FileNotFoundException: http://www.hr.com/en/communities/ihr_compensation/incentives__rewards_and_recognition/gift_cards//en/communities/human_resources_management/structure_and_organization/

java.io.FileNotFoundException: http://www.hr.com/en/communities/ihr_compensation/incentives__rewards_and_recognition/gift_cards//en/communities/human_resources_management/the_hr_practitioner/certification/

java.io.FileNotFoundException: http://www.hr.com/en/communities/ihr_compensation/incentives__rewards_and_recognition/gift_cards//en/communities/human_resources_management/the_hr_practitioner/

java.io.FileNotFoundException: http://www.hr.com/en/communities/ihr_compensation/incentives__rewards_and_recognition/gift_cards//en/communities/human_resources_management/the_hr_practitioner/professional_associations/

java.io.FileNotFoundException: http://www.hr.com/en/communities/ihr_compensation/incentives__rewards_and_recognition/gift_cards//en/communities/human_resources_management/the_hr_practitioner/skills_and_competencies/

java.io.FileNotFoundException: http://www.hr.com/en/communities/ihr_compensation/incentives__rewards_and_recognition/gift_cards//en/communities/integrated_talent_management_001/

java.io.FileNotFoundException: http://www.hr.com/en/communities/ihr_compensation/incentives__rewards_and_recognition/gift_cards//en/communities/labor_relations/

java.io.FileNotFoundException: http://www.hr.com/en/communities/ihr_compensation/incentives__rewards_and_recognition/gift_cards//en/communities/labor_relations/absenteeism/

java.io.FileNotFoundException: http://www.hr.com/en/communities/ihr_compensation/incentives__rewards_and_recognition/gift_cards//en/communities/labor_relations/conflict_and_dispute_resolution/

java.io.FileNotFoundException: http://www.hr.com/en/communities/ihr_compensation/incentives__rewards_and_recognition/gift_cards//en/communities/labor_relations/discipline/

java.io.FileNotFoundException: http://www.hr.com/en/communities/ihr_compensation/incentives__rewards_and_recognition/gift_cards//en/communities/labor_relations/harassment/

java.io.FileNotFoundException: http://www.hr.com/en/communities/ihr_compensation/incentives__rewards_and_recognition/gift_cards//en/communities/labor_relations/interpersonal_communications/

java.io.FileNotFoundException: http://www.hr.com/en/communities/ihr_compensation/incentives__rewards_and_recognition/gift_cards//en/communities/labor_relations/internal_corporate_communications/

java.io.FileNotFoundException: http://www.hr.com/en/communities/ihr_compensation/incentives__rewards_and_recognition/gift_cards//en/communities/labor_relations/law_and_legislation/

java.io.FileNotFoundException: http://www.hr.com/en/communities/ihr_compensation/incentives__rewards_and_recognition/gift_cards//en/communities/labor_relations/lr_trends/

java.io.FileNotFoundException: http://www.hr.com/en/communities/ihr_compensation/incentives__rewards_and_recognition/gift_cards//en/communities/labor_relations/discrimination/

java.io.FileNotFoundException: http://www.hr.com/en/communities/ihr_compensation/incentives__rewards_and_recognition//en/communities/training_and_development/corporate_learning/planning_and_strategy/

java.io.FileNotFoundException: http://www.hr.com/en/communities/ihr_compensation/incentives__rewards_and_recognition//en/communities/training_and_development/corporate_learning/simulations/

java.io.FileNotFoundException: http://www.hr.com/en/communities/ihr_compensation/incentives__rewards_and_recognition//en/communities/training_and_development/elearning/

java.io.FileNotFoundException: http://www.hr.com/en/communities/ihr_compensation/incentives__rewards_and_recognition//en/communities/training_and_development/evaluations/

java.io.FileNotFoundException: http://www.hr.com/en/communities/ihr_compensation/incentives__rewards_and_recognition//en/communities/training_and_development/games/

java.io.FileNotFoundException: http://www.hr.com/en/communities/ihr_compensation/incentives__rewards_and_recognition//en/communities/training_and_development/online_collaboration_tools/

java.io.FileNotFoundException: http://www.hr.com/en/communities/ihr_compensation/incentives__rewards_and_recognition//en/communities/training_and_development/online_collaboration_tools/video_conferencing/

java.io.FileNotFoundException: http://www.hr.com/en/communities/ihr_compensation/incentives__rewards_and_recognition//en/communities/training_and_development/online_collaboration_tools/web_based/

java.io.FileNotFoundException: http://www.hr.com/en/communities/ihr_compensation/incentives__rewards_and_recognition//en/communities/training_and_development/orientation/

java.io.FileNotFoundException: http://www.hr.com/en/communities/ihr_compensation/incentives__rewards_and_recognition//en/communities/training_and_development/presentation_tips/

java.io.FileNotFoundException: http://www.hr.com/en/communities/ihr_compensation/incentives__rewards_and_recognition//en/communities/workforce_management_001/

java.io.FileNotFoundException: http://www.hr.com/en/communities/ihr_compensation/incentives__rewards_and_recognition//en/communities/workforce_planning_and_analytics/

java.io.FileNotFoundException: http://www.hr.com/en/communities/ihr_compensation/incentives__rewards_and_recognition//en/communities/workforce_planning_and_analytics/hr_metrics_implementation/

java.io.FileNotFoundException: http://www.hr.com/en/communities/ihr_compensation/incentives__rewards_and_recognition//en/communities/workforce_planning_and_analytics/hr_scorecards/

java.io.FileNotFoundException: http://www.hr.com/en/communities/ihr_compensation/incentives__rewards_and_recognition//en/communities/workforce_planning_and_analytics/predictive_models/

java.io.FileNotFoundException: http://www.hr.com/en/communities/ihr_compensation/incentives__rewards_and_recognition//en/communities/workforce_planning_and_analytics/labor_supply_demographics/

java.io.FileNotFoundException: http://www.hr.com/en/communities/ihr_compensation/incentives__rewards_and_recognition//en/communities/workforce_planning_and_analytics/external_factors/

java.io.FileNotFoundException: http://www.hr.com/en/communities/ihr_compensation/incentives__rewards_and_recognition//en/communities/workforce_planning_and_analytics/consulting/

java.io.FileNotFoundException: http://www.hr.com/en/communities/ihr_compensation/incentives__rewards_and_recognition//en/communities/workforce_planning_and_analytics/workforce_planning_analytics_change_management/

java.io.FileNotFoundException: http://www.hr.com/en/communities/ihr_compensation/incentives__rewards_and_recognition//en/communities/workforce_planning_and_analytics/data_cleansing/

java.io.FileNotFoundException: http://www.hr.com/en/communities/ihr_compensation/incentives__rewards_and_recognition//en/communities/workforce_planning_and_analytics/downsizing/

java.io.IOException: Invalid Http response

java.io.FileNotFoundException: http://www.hr.com/en/communities/ihr_compensation/incentives__rewards_and_recognition//en/communities/workforce_planning_and_analytics/mergers_acquisitions/

java.io.FileNotFoundException: http://www.hr.com/en/communities/ihr_compensation/incentives__rewards_and_recognition//en/communities/workforce_planning_and_analytics/surveys_organization/

java.io.FileNotFoundException: http://www.hr.com/en/communities/ihr_compensation/incentives__rewards_and_recognition//en/communities/workforce_planning_and_analytics/surveys_organization/polls/

java.io.FileNotFoundException: http://www.hr.com/en/communities/ihr_compensation/incentives__rewards_and_recognition//en/communities/workforce_planning_and_analytics/surveys_organization/enterprise_surveys/

java.io.FileNotFoundException: http://www.hr.com/en/communities/ihr_compensation/incentives__rewards_and_recognition//en/communities/workforce_planning_and_analytics/surveys_organization/market_research/

java.io.FileNotFoundException: http://www.hr.com/en/communities/ihr_compensation/incentives__rewards_and_recognition//en/communities/workforce_planning_and_analytics/modelling/

java.io.FileNotFoundException: http://www.hr.com/en/communities/ihr_compensation/incentives__rewards_and_recognition//en/communities/workforce_planning_and_analytics/internal_mobility/

java.io.FileNotFoundException: http://www.hr.com/en/communities/ihr_compensation/incentives__rewards_and_recognition//en/communities/workforce_planning_and_analytics/modelling/business_modelling/

java.io.FileNotFoundException: http://www.hr.com/en/communities/ihr_compensation/incentives__rewards_and_recognition//en/communities/workforce_planning_and_analytics/modelling/org_charting/

java.io.FileNotFoundException: http://www.hr.com/en/communities/ihr_compensation/incentives__rewards_and_recognition//en/communities/workforce_planning_and_analytics/benchmarking/

java.io.FileNotFoundException: http://www.youtube.com/webmediaplayer

java.net.UnknownServiceException: protocol doesn't support input

java.io.FileNotFoundException: http://www.hr.com/en/communities/ihr_compensation/incentives__rewards_and_recognition//en/communities/workforce_planning_and_analytics/modelling/location_modelling/

java.io.FileNotFoundException: http://www.hr.com/en/communities/ihr_compensation/incentives__rewards_and_recognition/gift_cards//en/communities/labor_relations/recreation/

java.io.FileNotFoundException: http://www.hr.com/en/communities/ihr_compensation/incentives__rewards_and_recognition/gift_cards//en/communities/labor_relations/outplacement/

java.io.FileNotFoundException: http://www.hr.com/en/communities/ihr_compensation/incentives__rewards_and_recognition/gift_cards//en/communities/labor_relations/safety/

java.io.FileNotFoundException: http://www.hr.com/en/communities/ihr_compensation/incentives__rewards_and_recognition/gift_cards//en/communities/leadership/

java.io.FileNotFoundException: http://www.hr.com/en/communities/ihr_compensation/incentives__rewards_and_recognition/gift_cards//en/communities/leadership/board_of_directors/

java.io.FileNotFoundException: http://www.hr.com/en/communities/ihr_compensation/incentives__rewards_and_recognition/gift_cards//en/communities/leadership/career_management/

java.io.FileNotFoundException: http://www.hr.com/en/communities/ihr_compensation/incentives__rewards_and_recognition/gift_cards//en/communities/leadership/developing_organizational_leadership_capabilities/

java.io.FileNotFoundException: http://www.hr.com/en/communities/ihr_compensation/incentives__rewards_and_recognition/gift_cards//en/communities/leadership/corporate_governance/

java.io.FileNotFoundException: http://www.hr.com/en/communities/ihr_compensation/incentives__rewards_and_recognition/gift_cards//en/communities/leadership/corporate_culture/

java.io.FileNotFoundException: http://www.hr.com/en/communities/ihr_compensation/incentives__rewards_and_recognition/gift_cards//en/communities/leadership/global_leadership/

java.io.FileNotFoundException: http://www.hr.com/en/communities/ihr_compensation/incentives__rewards_and_recognition/gift_cards//en/communities/leadership/hr_leadership/

java.io.FileNotFoundException: http://www.hr.com/en/communities/ihr_hr_in_california//en/communities/hr_outsourcing/evaluation_of_hro_vendors/

java.io.FileNotFoundException: http://www.hr.com/en/communities/ihr_compensation/incentives__rewards_and_recognition/gift_cards//en/communities/leadership/hr_leadership/diversity_leadership/

java.io.FileNotFoundException: http://www.hr.com/en/communities/ihr_compensation/incentives__rewards_and_recognition/gift_cards//en/communities/leadership/hr_leadership/managers_as_leaders/

java.io.FileNotFoundException: http://www.hr.com/en/communities/ihr_compensation/incentives__rewards_and_recognition/gift_cards//en/communities/leadership/hr_leadership/women_in_leadership/

java.io.FileNotFoundException: http://www.hr.com/en/communities/ihr_compensation/incentives__rewards_and_recognition/gift_cards//en/communities/leadership/leadership_assessments/

java.io.FileNotFoundException: http://www.hr.com/en/communities/ihr_compensation/incentives__rewards_and_recognition/gift_cards//en/communities/leadership/leadership_competencies/

java.io.FileNotFoundException: http://www.hr.com/en/communities/ihr_compensation/incentives__rewards_and_recognition/gift_cards//en/communities/leadership/leadership_competencies/communication/

java.io.FileNotFoundException: http://www.hr.com/en/communities/ihr_compensation/incentives__rewards_and_recognition/gift_cards//en/communities/leadership/leadership_competencies/collaboration/

java.io.FileNotFoundException: http://www.hr.com/en/communities/ihr_compensation/incentives__rewards_and_recognition/gift_cards//en/communities/leadership/leadership_competencies/delegation/

java.io.FileNotFoundException: http://www.hr.com/en/communities/ihr_compensation/incentives__rewards_and_recognition/gift_cards//en/communities/leadership/leadership_competencies/developing_and_coaching_others/

java.io.FileNotFoundException: http://www.hr.com/en/communities/ihr_compensation/incentives__rewards_and_recognition/gift_cards//en/communities/leadership/leadership_competencies/negotiation/

java.io.FileNotFoundException: http://www.hr.com/en/communities/ihr_compensation/incentives__rewards_and_recognition/gift_cards//en/communities/leadership/leadership_competencies/motivating/

java.io.FileNotFoundException: http://www.hr.com/en/communities/ihr_compensation/incentives__rewards_and_recognition/gift_cards//en/communities/leadership/leadership_models/

java.io.FileNotFoundException: http://www.hr.com/en/communities/ihr_compensation/incentives__rewards_and_recognition/gift_cards//en/communities/leadership/leadership_philosophies/

java.io.FileNotFoundException: http://www.hr.com/en/communities/ihr_compensation/incentives__rewards_and_recognition/gift_cards//en/communities/leadership/leadership_retention/

java.io.FileNotFoundException: http://www.hr.com/en/communities/ihr_compensation/incentives__rewards_and_recognition/gift_cards//en/communities/leadership/leadership_training_and_development/

java.io.FileNotFoundException: http://www.hr.com/en/communities/ihr_compensation/incentives__rewards_and_recognition/gift_cards//en/communities/leadership/leadership_training_and_development/executive_coaching/

java.io.FileNotFoundException: http://www.hr.com/en/communities/ihr_compensation/incentives__rewards_and_recognition/gift_cards//en/communities/leadership/leadership_training_and_development/action_learning/

java.io.FileNotFoundException: http://www.hr.com/en/communities/ihr_compensation/incentives__rewards_and_recognition/gift_cards//en/communities/leadership/leadership_training_and_development/mentoring/

java.io.FileNotFoundException: http://www.hr.com/en/communities/ihr_compensation/incentives__rewards_and_recognition/gift_cards//en/communities/leadership/leadership_training_and_development/executive_education_programs__university_/

java.io.FileNotFoundException: http://www.hr.com/en/communities/ihr_compensation/incentives__rewards_and_recognition/gift_cards//en/communities/leadership/leading_change/empowerment/

java.io.FileNotFoundException: http://www.hr.com/en/communities/ihr_compensation/incentives__rewards_and_recognition/gift_cards//en/communities/leadership/leading_others/

java.io.FileNotFoundException: http://www.hr.com/en/communities/ihr_compensation/incentives__rewards_and_recognition//en/communities/workforce_planning_and_analytics/benchmarking/internal/

java.io.FileNotFoundException: http://www.hr.com/en/communities/ihr_compensation/incentives__rewards_and_recognition/gift_cards//en/communities/leadership/leading_change/

java.io.FileNotFoundException: http://www.hr.com/en/communities/ihr_compensation/incentives__rewards_and_recognition/gift_cards//en/communities/leadership/leadership_training_and_development/train_your_leaders/

java.io.FileNotFoundException: http://www.hr.com/en/communities/ihr_compensation/incentives__rewards_and_recognition//en/communities/workforce_planning_and_analytics/benchmarking/external/

java.io.FileNotFoundException: http://www.hr.com/en/communities/ihr_compensation/incentives__rewards_and_recognition//en/communities/workforce_planning_and_analytics/workforce_planning_analytics_technology/

java.io.FileNotFoundException: http://www.hr.com/en/communities/ihr_compensation/incentives__rewards_and_recognition//en/webcasts_events/

java.io.FileNotFoundException: http://www.hr.com/en/communities/ihr_compensation/incentives__rewards_and_recognition//en/webcasts_events/webcasts/

java.io.FileNotFoundException: http://www.hr.com/en/communities/ihr_compensation/incentives__rewards_and_recognition//en/webcasts_events/webcasts/upcoming_webcasts/

java.io.FileNotFoundException: http://www.hr.com/en/communities/ihr_compensation/incentives__rewards_and_recognition//en/webcasts_events/webcasts/archived_webcasts_and_podcasts/

java.io.FileNotFoundException: http://www.hr.com/en/communities/ihr_compensation/incentives__rewards_and_recognition//en/webcasts_events/webcasts/sponsor_a_webcast/

java.io.FileNotFoundException: http://www.hr.com/en/communities/ihr_compensation/incentives__rewards_and_recognition//en/webcasts_events/webcasts/webcast_testimonials/

java.io.FileNotFoundException: http://www.hr.com/en/communities/ihr_compensation/incentives__rewards_and_recognition//en/webcasts_events/webcasts/call_for_speakers/

java.io.FileNotFoundException: http://www.hr.com/en/communities/ihr_compensation/incentives__rewards_and_recognition//en/webcasts_events/webcasts/call_for_speakers_third_party/

java.io.FileNotFoundException: http://www.hr.com/en/communities/ihr_compensation/incentives__rewards_and_recognition//en/webcasts_events/webcasts/call_for_speakers_demo_days/

java.io.FileNotFoundException: http://www.hr.com/en/communities/ihr_compensation/incentives__rewards_and_recognition//en/webcasts_events/virtual_events/

java.io.FileNotFoundException: http://www.hr.com/en/communities/ihr_compensation/incentives__rewards_and_recognition//en/webcasts_events/webcasts/archived_vlogs/

java.io.FileNotFoundException: http://www.hr.com/en/communities/ihr_compensation/incentives__rewards_and_recognition//en/webcasts_events/virtual_events/upcoming_virtual_events/

java.io.FileNotFoundException: http://www.hr.com/en/communities/ihr_compensation/incentives__rewards_and_recognition//en/webcasts_events/virtual_events/archived_virtual_events/

java.io.FileNotFoundException: http://www.hr.com/en/communities/ihr_compensation/incentives__rewards_and_recognition//en/webcasts_events/virtual_events/host_your_own_virtual_event/

java.io.FileNotFoundException: http://www.hr.com/en/communities/ihr_compensation/incentives__rewards_and_recognition//en/webcasts_events/virtual_events/sponsor_a_virtual_event/

java.io.FileNotFoundException: http://www.hr.com/en/communities/ihr_compensation/incentives__rewards_and_recognition//en/webcasts_events/virtual_events/booth_training/

java.io.FileNotFoundException: http://www.hr.com/en/communities/ihr_compensation/incentives__rewards_and_recognition//en/webcasts_events/live_upcoming_events/

java.io.FileNotFoundException: http://www.hr.com/en/communities/ihr_compensation/incentives__rewards_and_recognition//en/webcasts_events/live_upcoming_events/hcm_investors_forum_2014/

java.io.FileNotFoundException: http://www.hr.com/en/communities/ihr_compensation/incentives__rewards_and_recognition//en/webcasts_events/live_upcoming_events/strategic_hcm_partnerships_2014/

java.io.FileNotFoundException: http://www.hr.com/en/communities/ihr_compensation/incentives__rewards_and_recognition//en/webcasts_events/live_upcoming_events/talent_acquisition_excellence_forum_2014/

java.io.FileNotFoundException: http://www.hr.com/en/communities/ihr_compensation/incentives__rewards_and_recognition//en/resources/

java.io.FileNotFoundException: http://www.hr.com/en/communities/ihr_compensation/incentives__rewards_and_recognition//en/webcasts_events/speaker_training/

java.io.FileNotFoundException: http://www.hr.com/en/communities/ihr_compensation/incentives__rewards_and_recognition//en/resources/surveys/

java.io.FileNotFoundException: http://www.hr.com/en/communities/ihr_compensation/incentives__rewards_and_recognition//en/resources/surveys/about_hr_market_intelligence/

java.io.FileNotFoundException: http://www.hr.com/en/communities/ihr_compensation/incentives__rewards_and_recognition//en/resources/surveys/past_surveys/

java.io.FileNotFoundException: http://www.hr.com/en/communities/ihr_compensation/incentives__rewards_and_recognition//en/webcasts_events/live_upcoming_events/strategic_hcm_analyst_forum_2014/

java.io.FileNotFoundException: http://www.hr.com/en/communities/ihr_compensation/incentives__rewards_and_recognition//en/resources/free_forms/

java.io.FileNotFoundException: http://www.hr.com/en/communities/ihr_compensation/incentives__rewards_and_recognition//en/resources/free_forms/compliance_posters/

java.io.FileNotFoundException: http://www.hr.com/en/communities/ihr_compensation/incentives__rewards_and_recognition//en/resources/wikis/

java.io.FileNotFoundException: http://www.hr.com/en/communities/ihr_compensation/incentives__rewards_and_recognition//en/hr_careers/

java.io.FileNotFoundException: http://www.hr.com/en/communities/ihr_compensation/incentives__rewards_and_recognition//en/certifications/

java.io.FileNotFoundException: http://www.hr.com/en/communities/ihr_compensation/incentives__rewards_and_recognition//en/certifications/ihr_certification/

java.io.FileNotFoundException: http://www.hr.com/en/communities/ihr_compensation/incentives__rewards_and_recognition//en/certifications/ihr_certification/training_testing/

java.io.FileNotFoundException: http://www.hr.com/en/communities/ihr_compensation/incentives__rewards_and_recognition//en/certifications/ihr_certification/faq/

java.io.FileNotFoundException: http://www.hr.com/en/communities/ihr_compensation/incentives__rewards_and_recognition//en/certifications/programs_offered/

java.io.FileNotFoundException: http://www.hr.com/en/communities/ihr_compensation/incentives__rewards_and_recognition//en/certifications/hrci/

java.net.MalformedURLException: no protocol: category.php?id=33&brand=915

java.io.FileNotFoundException: http://www.hr.com/en/communities/ihr_compensation/incentives__rewards_and_recognition//en/certifications/worldatwork/

java.io.FileNotFoundException: http://www.hr.com/en/communities/ihr_compensation/incentives__rewards_and_recognition//en/certifications/call_for_speakers/

java.io.FileNotFoundException: http://www.hr.com/en/communities/ihr_compensation/incentives__rewards_and_recognition//en/certifications/sponsorships/

java.io.FileNotFoundException: http://www.hr.com/en/communities/ihr_compensation/incentives__rewards_and_recognition//en/certifications/why_certify_demo/

java.io.FileNotFoundException: http://www.hr.com/en/communities/ihr_compensation/incentives__rewards_and_recognition/gift_cards//en/communities/leadership/leading_self/

java.io.FileNotFoundException: http://www.hr.com/en/communities/ihr_compensation/incentives__rewards_and_recognition/gift_cards//en/communities/leadership/leading_self/stress/

java.io.FileNotFoundException: http://www.hr.com/en/communities/ihr_compensation/incentives__rewards_and_recognition/gift_cards//en/communities/leadership/leading_self/flexibility_adaptability/

java.io.FileNotFoundException: http://www.hr.com/en/communities/ihr_compensation/incentives__rewards_and_recognition/gift_cards//en/communities/leadership/leading_self/worklife_balance/

java.io.FileNotFoundException: http://www.hr.com/en/communities/ihr_compensation/incentives__rewards_and_recognition/gift_cards//en/communities/leadership/succession_planning/

java.io.FileNotFoundException: http://www.hr.com/en/communities/ihr_compensation/incentives__rewards_and_recognition/gift_cards//en/communities/leadership/strategic_decision_making/

java.io.FileNotFoundException: http://www.hr.com/en/communities/ihr_compensation/incentives__rewards_and_recognition/gift_cards//en/communities/leadership/selection/

java.io.FileNotFoundException: http://www.hr.com/en/communities/ihr_compensation/incentives__rewards_and_recognition/gift_cards//en/communities/leadership/measurement_and_metrics/

java.io.FileNotFoundException: http://www.hr.com/en/communities/ihr_compensation/incentives__rewards_and_recognition/gift_cards//en/communities/leadership/trends/

java.io.FileNotFoundException: http://www.hr.com/en/communities/ihr_compensation/incentives__rewards_and_recognition/gift_cards//en/communities/legal/business_and_finance/

java.io.FileNotFoundException: http://www.hr.com/en/communities/ihr_compensation/incentives__rewards_and_recognition/gift_cards//en/communities/legal/benefits_and_compensation_law/

java.io.FileNotFoundException: http://www.hr.com/en/communities/ihr_compensation/incentives__rewards_and_recognition/gift_cards//en/communities/legal/

java.io.FileNotFoundException: http://www.hr.com/en/communities/ihr_compensation/incentives__rewards_and_recognition/gift_cards//en/communities/legal/contract_disputes/

java.io.FileNotFoundException: http://www.hr.com/en/communities/ihr_compensation/incentives__rewards_and_recognition/gift_cards//en/communities/leadership/vision__values_and_mission/

java.io.FileNotFoundException: http://www.hr.com/en/communities/ihr_compensation/incentives__rewards_and_recognition/gift_cards//en/communities/legal/employment_discrimination/

java.io.FileNotFoundException: http://www.hr.com/en/communities/ihr_compensation/incentives__rewards_and_recognition/gift_cards//en/communities/legal/internet_related/

java.io.FileNotFoundException: http://www.hr.com/en/communities/ihr_compensation/incentives__rewards_and_recognition/gift_cards//en/communities/legal/employment_contracts_and_non_competes/

java.io.FileNotFoundException: http://www.hr.com/en/communities/ihr_compensation/incentives__rewards_and_recognition/gift_cards//en/communities/legal/environmental/

java.io.FileNotFoundException: http://www.hr.com/en/communities/ihr_compensation/incentives__rewards_and_recognition/gift_cards//en/communities/legal/court_cases/

java.io.FileNotFoundException: http://www.hr.com/en/communities/ihr_compensation/incentives__rewards_and_recognition/gift_cards//en/communities/legal/legal_trends/

java.io.FileNotFoundException: http://www.hr.com/en/communities/ihr_compensation/incentives__rewards_and_recognition/gift_cards//en/communities/legal/legislation/

java.io.FileNotFoundException: http://www.hr.com/en/communities/ihr_compensation/incentives__rewards_and_recognition/gift_cards//en/communities/legal/legislation/international_legal_issues/

java.io.FileNotFoundException: http://www.hr.com/en/communities/ihr_compensation/incentives__rewards_and_recognition/gift_cards//en/communities/legal/legislation/canadian_legal_issues/

java.io.FileNotFoundException: http://www.hr.com/en/communities/ihr_compensation/incentives__rewards_and_recognition/gift_cards//en/communities/legal/legislation/u_s__based_legal_issues/

java.io.FileNotFoundException: http://www.hr.com/en/communities/ihr_compensation/incentives__rewards_and_recognition/gift_cards//en/communities/legal/legislation/u_s__based_legal_issues/americans_with_disabilities_act/

java.io.FileNotFoundException: http://www.hr.com/en/communities/ihr_compensation/incentives__rewards_and_recognition/gift_cards//en/communities/legal/legislation/u_s__based_legal_issues/fmla/

java.io.FileNotFoundException: http://www.hr.com/en/communities/ihr_compensation/incentives__rewards_and_recognition/gift_cards//en/communities/legal/legislation/u_s__based_legal_issues/wage_and_hour/

java.io.FileNotFoundException: http://www.hr.com/en/communities/ihr_compensation/incentives__rewards_and_recognition/gift_cards//en/communities/legal/training_on_compliance/

java.io.FileNotFoundException: http://www.hr.com/en/communities/ihr_compensation/incentives__rewards_and_recognition/gift_cards//en/communities/legal/termination/

java.io.FileNotFoundException: http://www.hr.com/en/communities/ihr_compensation/incentives__rewards_and_recognition/gift_cards//en/communities/legal/workplace_regulations/

java.io.FileNotFoundException: http://www.hr.com/en/communities/ihr_compensation/incentives__rewards_and_recognition/gift_cards//en/communities/legal/legal_compliance_in_india/

java.io.FileNotFoundException: http://www.hr.com/en/communities/ihr_compensation/incentives__rewards_and_recognition/gift_cards//en/communities/onboarding_001/

java.io.FileNotFoundException: http://www.hr.com/en/communities/ihr_compensation/incentives__rewards_and_recognition/gift_cards//en/communities/organizational_development/

java.io.FileNotFoundException: http://www.hr.com/en/communities/ihr_compensation/incentives__rewards_and_recognition/gift_cards//en/communities/organizational_development/career_and_succession_planning/

java.io.FileNotFoundException: http://www.hr.com/en/communities/ihr_compensation/incentives__rewards_and_recognition/gift_cards//en/communities/organizational_development/change_management/

java.io.FileNotFoundException: http://www.hr.com/en/communities/ihr_compensation/incentives__rewards_and_recognition/gift_cards//en/communities/legal/privacy/

java.io.FileNotFoundException: http://www.hr.com/en/communities/ihr_compensation/incentives__rewards_and_recognition/gift_cards//en/communities/organizational_development/decision_making/

java.io.FileNotFoundException: http://www.hr.com/en/communities/ihr_compensation/incentives__rewards_and_recognition/gift_cards//en/communities/organizational_development/creativity_and_innovation/

java.io.FileNotFoundException: http://www.hr.com/en/communities/ihr_compensation/incentives__rewards_and_recognition/gift_cards//en/communities/organizational_development/diversity/

java.io.FileNotFoundException: http://www.hr.com/en/communities/ihr_compensation/incentives__rewards_and_recognition/gift_cards//en/communities/organizational_development/employee_satisfaction_engagement/

java.io.FileNotFoundException: http://www.hr.com/en/communities/ihr_compensation/incentives__rewards_and_recognition/gift_cards//en/communities/organizational_development/communication_programs/

java.io.FileNotFoundException: http://www.hr.com/en/communities/ihr_compensation/incentives__rewards_and_recognition//en/certifications/phr_sphr_certification_prep_course/

java.io.FileNotFoundException: http://www.hr.com/en/communities/ihr_compensation/incentives__rewards_and_recognition//en/hr_com_store/

java.io.FileNotFoundException: http://www.hr.com/en/communities/ihr_compensation/incentives__rewards_and_recognition//en/topleaders/

java.io.FileNotFoundException: http://www.hr.com/en/communities/ihr_compensation/incentives__rewards_and_recognition//en/topleaders/top_leaders_in_leadership/

java.io.FileNotFoundException: http://www.hr.com/en/communities/ihr_compensation/incentives__rewards_and_recognition//en/topleaders/top_leaders_in_leadership/leadership_excellence_essentials/

java.io.FileNotFoundException: http://www.hr.com/en/communities/ihr_compensation/incentives__rewards_and_recognition//en/topleaders/top_leaders_in_leadership/sales_service_excellence_essentials/

java.io.FileNotFoundException: http://www.hr.com/en/communities/ihr_compensation/incentives__rewards_and_recognition//en/topleaders/top_leaders_in_leadership/personal_excellence_essentials/

java.io.FileNotFoundException: http://www.hr.com/en/communities/ihr_compensation/incentives__rewards_and_recognition//en/topleaders/top_leaders_in_leadership/about_us/

java.io.FileNotFoundException: http://www.hr.com/en/communities/ihr_compensation/incentives__rewards_and_recognition//en/topleaders/top_leaders_in_leadership/forum/

java.io.FileNotFoundException: http://www.hr.com/en/communities/ihr_compensation/incentives__rewards_and_recognition//en/topleaders/top_leaders_in_leadership/awards/

java.io.FileNotFoundException: http://www.hr.com/en/communities/ihr_compensation/incentives__rewards_and_recognition//en/topleaders/top_leaders_in_leadership/contact_us/

java.io.FileNotFoundException: http://www.hr.com/en/communities/ihr_compensation/incentives__rewards_and_recognition//en/topleaders/all_articles/

java.io.FileNotFoundException: http://www.hr.com/en/communities/ihr_compensation/incentives__rewards_and_recognition//en/topleaders/essentials/

java.io.FileNotFoundException: http://www.hr.com/en/communities/ihr_compensation/incentives__rewards_and_recognition//en/topleaders/interactive_content/

java.io.IOException: Server returned HTTP response code: 403 for URL: http://www.hr.com/en/communities/ihr_compensation/incentives__rewards_and_recognition//en?t=/network/search/index&s=AujVT6CkDmAiuLFYwe&online=1&special=1

java.io.FileNotFoundException: http://www.hr.com/en/communities/hr_in_canada/canadian_masters_in_hr_strategy_execution//en/communities/ihr_health_safety/health_safety_training/canadian_based/

java.io.FileNotFoundException: http://www.hr.com/en/communities/hr_in_canada/canadian_masters_in_hr_strategy_execution//en/communities/ihr_health_safety/health_safety_training/consultants/

java.io.FileNotFoundException: http://www.hr.com/en/communities/hr_in_canada/canadian_masters_in_hr_strategy_execution//en/communities/ihr_health_safety/health_safety_training/whmis_workplace_hazardous_materials_information_system/

java.io.FileNotFoundException: http://www.hr.com/en/communities/hr_in_canada/canadian_masters_in_hr_strategy_execution//en/communities/ihr_health_safety/health_safety_tools_technology/

java.io.FileNotFoundException: http://www.hr.com/en/communities/hr_in_canada/canadian_masters_in_hr_strategy_execution//en/communities/ihr_health_safety/health_safety_metrics/

java.io.FileNotFoundException: http://www.hr.com/en/communities/hr_in_canada/canadian_masters_in_hr_strategy_execution//en/communities/hr_industries/

java.io.FileNotFoundException: http://www.hr.com/en/communities/hr_in_canada/canadian_masters_in_hr_strategy_execution//en/communities/hr_industries/agriculture__forestry__fishing_and_mining/

java.io.FileNotFoundException: http://www.hr.com/en/communities/hr_in_canada/canadian_masters_in_hr_strategy_execution//en/communities/hr_industries/computer_telecom/

java.io.FileNotFoundException: http://www.hr.com/en/communities/hr_in_canada/canadian_masters_in_hr_strategy_execution//en/communities/hr_industries/construction/

java.io.FileNotFoundException: http://www.hr.com/en/communities/hr_in_canada/canadian_masters_in_hr_strategy_execution//en/communities/hr_industries/education/

java.io.FileNotFoundException: http://www.hr.com/en/communities/hr_in_canada/canadian_masters_in_hr_strategy_execution//en/communities/hr_industries/finance__insurance_and_real_estate/

java.io.FileNotFoundException: http://www.hr.com/en/communities/hr_in_canada/canadian_masters_in_hr_strategy_execution//en/communities/hr_industries/health_services/

java.io.FileNotFoundException: http://www.hr.com/en/communities/hr_in_canada/canadian_masters_in_hr_strategy_execution//en/communities/hr_industries/hospitality/

java.io.FileNotFoundException: http://www.hr.com/en/communities/hr_in_canada/canadian_masters_in_hr_strategy_execution//en/communities/hr_industries/ihr_hr_in_government/

java.io.FileNotFoundException: http://www.hr.com/en/communities/hr_in_canada/canadian_masters_in_hr_strategy_execution//en/communities/hr_industries/media_entertainment/

java.io.FileNotFoundException: http://www.hr.com/en/communities/hr_in_canada/canadian_masters_in_hr_strategy_execution//en/communities/hr_industries/manufacturing/

java.io.FileNotFoundException: http://www.hr.com/en/communities/hr_in_canada/canadian_masters_in_hr_strategy_execution//en/communities/hr_industries/ihr_hr_in_retail/

java.io.FileNotFoundException: http://www.hr.com/en/communities/hr_in_canada/canadian_masters_in_hr_strategy_execution//en/communities/hr_industries/non_profit/

java.io.FileNotFoundException: http://www.hr.com/en/communities/hr_in_canada/canadian_masters_in_hr_strategy_execution//en/communities/hr_industries/services/

java.io.FileNotFoundException: http://www.hr.com/en/communities/hr_in_canada/canadian_masters_in_hr_strategy_execution//en/communities/hr_industries/wholesale_trade/

java.io.FileNotFoundException: http://www.hr.com/en/communities/hr_in_canada/canadian_masters_in_hr_strategy_execution//en/communities/hr_industries/travel__recreation_and_leisure/

java.io.FileNotFoundException: http://www.hr.com/en/communities/hr_in_canada/canadian_masters_in_hr_strategy_execution//en/communities/ihr_hris_erp/

java.io.FileNotFoundException: http://www.hr.com/en/communities/hr_in_canada/canadian_masters_in_hr_strategy_execution//en/communities/hr_industries/transportation_and_public_utilities/

java.io.FileNotFoundException: http://www.hr.com/en/communities/hr_in_canada/canadian_masters_in_hr_strategy_execution//en/communities/ihr_hris_erp/erp_enterprise_resources_planning/

java.io.FileNotFoundException: http://www.hr.com/en/communities/ihr_compensation/incentives__rewards_and_recognition/gift_cards//en/communities/organizational_development/high_performing_teams/

java.io.FileNotFoundException: http://www.hr.com/en/communities/ihr_compensation/incentives__rewards_and_recognition/gift_cards//en/communities/organizational_development/job_design_telework/

java.io.FileNotFoundException: http://www.hr.com/en/communities/ihr_compensation/incentives__rewards_and_recognition/gift_cards//en/communities/organizational_development/knowledge_management/

java.io.FileNotFoundException: http://www.hr.com/en/communities/hr_in_canada/canadian_masters_in_hr_strategy_execution//en/communities/ihr_hris_erp/erp_enterprise_resources_planning/call_centers/

java.io.FileNotFoundException: http://www.hr.com/en/communities/ihr_compensation/incentives__rewards_and_recognition/gift_cards//en/communities/organizational_development/mergers_and_acquisitions/

java.io.FileNotFoundException: http://www.hr.com/en/communities/ihr_compensation/incentives__rewards_and_recognition/gift_cards//en/communities/organizational_development/re_engineering/

java.io.FileNotFoundException: http://www.hr.com/en/communities/ihr_compensation/incentives__rewards_and_recognition/gift_cards//en/communities/organizational_development/measurement_of_culture_and_climate/

java.io.FileNotFoundException: http://www.hr.com/en/communities/ihr_compensation/incentives__rewards_and_recognition/gift_cards//en/communities/organizational_development/strategic_hr/

java.io.FileNotFoundException: http://www.hr.com/en/communities/ihr_compensation/incentives__rewards_and_recognition/gift_cards//en/communities/organizational_development/skills_competencies/

java.io.FileNotFoundException: http://www.hr.com/en/communities/ihr_compensation/incentives__rewards_and_recognition/gift_cards//en/communities/payroll_hris_hris_payroll__audits__compliance_and_risk_management_001/

java.io.FileNotFoundException: http://www.hr.com/en/communities/ihr_compensation/incentives__rewards_and_recognition/gift_cards//en/communities/organizational_development/organizational_diagnosis/

java.io.FileNotFoundException: http://www.hr.com/en/communities/ihr_compensation/incentives__rewards_and_recognition/gift_cards//en/communities/performance_management/

java.io.FileNotFoundException: http://www.hr.com/en/communities/ihr_compensation/incentives__rewards_and_recognition/gift_cards//en/communities/performance_management/competencies/

java.io.FileNotFoundException: http://www.hr.com/en/communities/ihr_compensation/incentives__rewards_and_recognition/gift_cards//en/communities/performance_management/cascading_goals/

java.io.FileNotFoundException: http://www.hr.com/en/communities/ihr_compensation/incentives__rewards_and_recognition/gift_cards//en/communities/performance_management/culture/

java.io.FileNotFoundException: http://www.hr.com/en/communities/ihr_compensation/incentives__rewards_and_recognition/gift_cards//en/communities/performance_management/feedback_processes/

java.io.FileNotFoundException: http://www.hr.com/en/communities/ihr_compensation/incentives__rewards_and_recognition/gift_cards//en/communities/performance_management/job_description/

java.io.FileNotFoundException: http://www.hr.com/en/communities/ihr_compensation/incentives__rewards_and_recognition/gift_cards//en/communities/performance_management/motivation/

java.io.FileNotFoundException: http://www.hr.com/en/communities/ihr_compensation/incentives__rewards_and_recognition/gift_cards//en/communities/performance_management/pm_assessment/

java.io.FileNotFoundException: http://www.hr.com/en/communities/ihr_compensation/incentives__rewards_and_recognition/gift_cards//en/communities/performance_management/pm_metrics/

java.io.FileNotFoundException: http://www.hr.com/en/communities/ihr_compensation/incentives__rewards_and_recognition/gift_cards//en/communities/performance_management/pm_retention/

java.io.FileNotFoundException: http://www.hr.com/en/communities/ihr_compensation/incentives__rewards_and_recognition/gift_cards//en/communities/performance_management/legal_compliance/

java.io.FileNotFoundException: http://www.hr.com/en/communities/ihr_compensation/incentives__rewards_and_recognition/gift_cards//en/communities/performance_management/pm_succession_planning/

java.io.FileNotFoundException: http://www.hr.com/en/communities/ihr_compensation/incentives__rewards_and_recognition/gift_cards//en/communities/performance_management/pay_for_performance/

java.io.FileNotFoundException: http://www.hr.com/en/communities/ihr_compensation/incentives__rewards_and_recognition/gift_cards//en/communities/performance_management/technology/

java.io.FileNotFoundException: http://www.hr.com/en/communities/ihr_compensation/incentives__rewards_and_recognition/gift_cards//en/communities/performance_management/performance_reviews/

java.io.FileNotFoundException: http://www.hr.com/en/communities/ihr_compensation/incentives__rewards_and_recognition/gift_cards//en/communities/recruitment_process_outsourcing_001/

java.io.FileNotFoundException: http://www.hr.com/en/communities/ihr_compensation/incentives__rewards_and_recognition/gift_cards//en/communities/rewards_and_recognition_001/

java.io.FileNotFoundException: http://www.hr.com/en/communities/ihr_compensation/incentives__rewards_and_recognition/gift_cards//en/communities/social_media_and_employee_communications_001/

java.io.FileNotFoundException: http://www.hr.com/en/communities/ihr_compensation/incentives__rewards_and_recognition/gift_cards//en/communities/social_media_and_employee_communications_001/change_management/

java.io.FileNotFoundException: http://www.hr.com/en/communities/ihr_compensation/incentives__rewards_and_recognition/gift_cards//en/communities/social_media_and_employee_communications_001/training_learning_development/

java.io.FileNotFoundException: http://www.hr.com/en/communities/ihr_compensation/incentives__rewards_and_recognition/gift_cards//en/communities/social_media_and_employee_communications_001/strategic_tactical_leadership/

java.io.FileNotFoundException: http://www.hr.com/en/communities/ihr_compensation/incentives__rewards_and_recognition/gift_cards//en/communities/social_media_and_employee_communications_001/employee_communication/

java.io.FileNotFoundException: http://www.hr.com/en/communities/ihr_compensation/incentives__rewards_and_recognition/gift_cards//en/communities/social_media_and_employee_communications_001/employment_brand/

java.io.FileNotFoundException: http://www.hr.com/en/communities/ihr_compensation/incentives__rewards_and_recognition/gift_cards//en/communities/social_media_and_employee_communications_001/recruitment_retention/

java.io.FileNotFoundException: http://www.hr.com/en/communities/ihr_compensation/incentives__rewards_and_recognition/gift_cards//en/communities/social_media_and_employee_communications_001/culture/

java.io.FileNotFoundException: http://www.hr.com/en/communities/ihr_compensation/incentives__rewards_and_recognition/gift_cards//en/communities/social_media_and_employee_communications_001/external_social_networks/

java.io.FileNotFoundException: http://www.hr.com/en/communities/ihr_compensation/incentives__rewards_and_recognition/gift_cards//en/communities/social_media_and_employee_communications_001/internal_social_networks/

java.io.FileNotFoundException: http://www.hr.com/en/communities/ihr_compensation/incentives__rewards_and_recognition/gift_cards//en/communities/social_media_and_employee_communications_001/social_media_employee_communications_policies_procedures/

java.io.FileNotFoundException: http://www.hr.com/en/communities/ihr_hr_in_california//en/communities/ihr_hris_erp/erp_enterprise_resources_planning/enterprise_learning/

java.io.FileNotFoundException: http://www.hr.com/en/communities/ihr_hr_in_california//en/communities/ihr_hris_erp/erp_enterprise_resources_planning/hcm_and_integrated_financials/

java.io.FileNotFoundException: http://www.hr.com/en/communities/ihr_hr_in_california//en/communities/ihr_hris_erp/erp_enterprise_resources_planning/hris_benefits/

java.io.FileNotFoundException: http://www.hr.com/en/communities/ihr_hr_in_california//en/communities/ihr_hris_erp/erp_enterprise_resources_planning/hcm_trends/

java.io.FileNotFoundException: http://www.hr.com/en/communities/ihr_hr_in_california//en/communities/ihr_hris_erp/erp_enterprise_resources_planning/pay_for_performance_planning_and_management/

java.io.FileNotFoundException: http://www.hr.com/en/communities/ihr_hr_in_california//en/communities/ihr_hris_erp/erp_enterprise_resources_planning/portals_and_employee_communications/

java.io.FileNotFoundException: http://www.hr.com/en/communities/ihr_hr_in_california//en/communities/ihr_hris_erp/erp_enterprise_resources_planning/rfp_rfi_development/

java.io.FileNotFoundException: http://www.hr.com/en/communities/ihr_hr_in_california//en/communities/ihr_hris_erp/erp_enterprise_resources_planning/total_compensation_management/

java.io.FileNotFoundException: http://www.hr.com/en/communities/ihr_hr_in_california//en/communities/ihr_hris_erp/erp_enterprise_resources_planning/workforce_analytics_strategic_hcm/

java.io.FileNotFoundException: http://www.industryweek.com/procurement/midyear-service-centers-shipments-declining/resources/best-plants

java.io.FileNotFoundException: http://www.hr.com/en/communities/ihr_hr_in_california//en/communities/ihr_hris_erp/hcm_global/

java.io.FileNotFoundException: http://www.hr.com/en/communities/ihr_hr_in_california//en/communities/ihr_hris_erp/hcm_global/model__planning__mgmt_and_measurement/

java.io.FileNotFoundException: http://www.hr.com/en/communities/ihr_hr_in_california//en/communities/ihr_hris_erp/hcm_us_based/

java.io.FileNotFoundException: http://www.hr.com/en/communities/ihr_hr_in_california//en/communities/ihr_hris_erp/hcm_us_based/model__planning__mgmt_and_measurement/

java.io.FileNotFoundException: http://www.hr.com/en/communities/ihr_hr_in_california//en/communities/hr_outsourcing/

java.io.FileNotFoundException: http://www.hr.com/en/communities/ihr_hr_in_california//en/communities/hr_outsourcing/business_process_outsourcing/

java.io.FileNotFoundException: http://www.hr.com/en/communities/ihr_hr_in_california//en/communities/hr_outsourcing/contract_negotiations/other_contract_issues/

java.io.FileNotFoundException: http://www.hr.com/en/communities/ihr_hr_in_california//en/communities/hr_outsourcing/cost_justification_techniques/

java.io.FileNotFoundException: http://www.hr.com/en/communities/ihr_hr_in_california//en/communities/hr_outsourcing/contract_negotiations/service_level_agreements/

java.io.FileNotFoundException: http://www.hr.com/en/communities/ihr_hr_in_california//en/communities/hr_outsourcing/evaluation_of_hro_vendors/evaluation_methodologies/

java.io.FileNotFoundException: http://www.hr.com/en/communities/ihr_hr_in_california//en/communities/hr_outsourcing/evaluation_of_hro_vendors/rfi_rfp_content_and_structure/

java.io.FileNotFoundException: http://www.hr.com/en/communities/ihr_hr_in_california//en/communities/hr_outsourcing/call_center_outsourcing/

java.io.FileNotFoundException: http://www.hr.com/en/communities/ihr_hr_in_california//en/communities/hr_outsourcing/contract_negotiations/

java.io.FileNotFoundException: http://www.hr.com/en/communities/ihr_hr_in_california//en/communities/hr_outsourcing/full_service_outsourcing/

java.io.FileNotFoundException: http://www.hr.com/en/communities/ihr_hr_in_california//en/communities/hr_outsourcing/hro_and_change_management_culture_issues/

java.io.FileNotFoundException: http://www.hr.com/en/communities/ihr_hr_in_california//en/communities/hr_outsourcing/hr_functions_available/

java.io.FileNotFoundException: http://www.hr.com/en/communities/ihr_hr_in_california//en/communities/hr_outsourcing/hro_in_a_global_organization/

java.io.FileNotFoundException: http://www.hr.com/en/communities/ihr_hr_in_california//en/communities/hr_outsourcing/hro_in_a_global_organization/issues_related_to_off_shore_resource_use/

java.io.FileNotFoundException: http://www.hr.com/en/communities/ihr_hr_in_california//en/communities/hr_outsourcing/hro_in_a_global_organization/use_of_off_shore_resources/

java.io.FileNotFoundException: http://www.hr.com/en/communities/ihr_hr_in_california//en/communities/hr_outsourcing/proven_cost_savings/

java.io.FileNotFoundException: http://www.hr.com/en/communities/ihr_hr_in_california//en/communities/hr_outsourcing/payroll_outsourcing/

java.io.FileNotFoundException: http://www.hr.com/en/communities/ihr_hr_in_california//en/communities/hr_outsourcing/software_hosting__only_/

java.io.FileNotFoundException: http://www.hr.com/en/communities/ihr_hr_in_california//en/communities/hr_outsourcing/shared_services/

java.io.FileNotFoundException: http://www.hr.com/en/communities/ihr_hr_in_california//en/communities/hr_outsourcing/overall_trends/

java.io.FileNotFoundException: http://www.hr.com/en/communities/ihr_hr_in_california//en/communities/hr_outsourcing/time_and_attendance/

java.io.FileNotFoundException: http://www.hr.com/en/communities/ihr_hr_in_california//en/communities/hr_outsourcing/workforce_scheduling/

java.io.FileNotFoundException: http://www.hr.com/en/communities/ihr_hr_in_california//en/communities/hr_outsourcing/vendor_marketplace/

java.io.FileNotFoundException: http://www.youtube.com/ts/watch?v=7KQlDXBt1tI&list=PL41E7C85CD58EA2A2

java.io.FileNotFoundException: http://www.youtube.com/ts/watch?v=Plhgyp0KNQQ&list=PL41E7C85CD58EA2A2

java.io.FileNotFoundException: http://www.youtube.com/ts/watch?v=2TSPMCOjp8w&list=PL41E7C85CD58EA2A2

java.io.FileNotFoundException: http://www.youtube.com/ts/watch?v=KaPFXTVnTgA

java.io.FileNotFoundException: http://www.hr.com/en/communities/ihr_compensation/incentives__rewards_and_recognition/gift_cards//en/communities/social_media_and_employee_communications_001/social_media_employee_communications_metrics/

java.io.FileNotFoundException: http://www.hr.com/en/communities/ihr_compensation/incentives__rewards_and_recognition/gift_cards//en/communities/social_media_and_employee_communications_001/social_media_employee_communications_legal_compliance/

java.io.FileNotFoundException: http://www.hr.com/en/communities/ihr_compensation/incentives__rewards_and_recognition/gift_cards//en/communities/social_media_and_employee_communications_001/social_media_employee_communications_tools_technology/

java.io.FileNotFoundException: http://www.hr.com/en/communities/ihr_compensation/incentives__rewards_and_recognition/gift_cards//en/communities/staffing_and_recruitment/

java.io.FileNotFoundException: http://www.hr.com/en/communities/ihr_compensation/incentives__rewards_and_recognition/gift_cards//en/communities/staffing_and_recruitment/affirmative_action_eeo_diversity/

java.io.FileNotFoundException: http://www.hr.com/en/communities/ihr_compensation/incentives__rewards_and_recognition/gift_cards//en/communities/staffing_and_recruitment/career_transitions_and_outplacement/

java.io.FileNotFoundException: http://www.hr.com/en/communities/ihr_compensation/incentives__rewards_and_recognition/gift_cards//en/communities/staffing_and_recruitment/competency_modeling/

java.io.FileNotFoundException: http://www.hr.com/en/communities/ihr_compensation/incentives__rewards_and_recognition/gift_cards//en/communities/staffing_and_recruitment/corporate_career_portal/corporate_branding_employer_branding/

java.io.FileNotFoundException: http://www.hr.com/en/communities/ihr_compensation/incentives__rewards_and_recognition/gift_cards//en/communities/staffing_and_recruitment/corporate_career_portal/internet_and_job_tools_courses/

java.io.FileNotFoundException: http://www.hr.com/en/communities/ihr_compensation/incentives__rewards_and_recognition/gift_cards//en/communities/staffing_and_recruitment/corporate_career_portal/online_media_job_boards/

java.io.FileNotFoundException: http://www.hr.com/en/communities/ihr_compensation/incentives__rewards_and_recognition/gift_cards//en/communities/staffing_and_recruitment/corporate_career_portal/

java.io.FileNotFoundException: http://www.hr.com/en/communities/ihr_compensation/incentives__rewards_and_recognition/gift_cards//en/communities/staffing_and_recruitment/employment_applications/reference_checking/

java.io.FileNotFoundException: http://www.hr.com/en/communities/ihr_compensation/incentives__rewards_and_recognition/gift_cards//en/communities/staffing_and_recruitment/employment_applications/

java.io.FileNotFoundException: http://www.hr.com/en/communities/ihr_compensation/incentives__rewards_and_recognition/gift_cards//en/communities/staffing_and_recruitment/employment_applications/screening__assessment_and_testing/

java.io.FileNotFoundException: http://www.hr.com/en/communities/ihr_compensation/incentives__rewards_and_recognition/gift_cards//en/communities/staffing_and_recruitment/employment_applications/screening__assessment_and_testing/assessment/

java.io.FileNotFoundException: http://www.hr.com/en/communities/ihr_compensation/incentives__rewards_and_recognition/gift_cards//en/communities/staffing_and_recruitment/employment_applications/screening__assessment_and_testing/assessment/technology_based_assessment_systems/

java.io.FileNotFoundException: http://www.hr.com/en/communities/ihr_compensation/incentives__rewards_and_recognition/gift_cards//en/communities/staffing_and_recruitment/employment_applications/screening__assessment_and_testing/screening/

java.io.FileNotFoundException: http://www.hr.com/en/communities/ihr_compensation/incentives__rewards_and_recognition/gift_cards//en/communities/staffing_and_recruitment/online_staffing__and_sourcing/sourcing/job_boards/

java.io.FileNotFoundException: http://www.hr.com/en/communities/ihr_compensation/incentives__rewards_and_recognition/gift_cards//en/communities/staffing_and_recruitment/employment_applications/screening__assessment_and_testing/screening/structured_interviews/

java.io.FileNotFoundException: http://www.hr.com/en/communities/ihr_compensation/incentives__rewards_and_recognition/gift_cards//en/communities/staffing_and_recruitment/employment_applications/screening__assessment_and_testing/assessment/assessment_centers/

java.io.FileNotFoundException: http://www.hr.com/en/communities/ihr_compensation/incentives__rewards_and_recognition/gift_cards//en/communities/staffing_and_recruitment/employment_applications/screening__assessment_and_testing/screening/person_job_fit/

java.io.FileNotFoundException: http://www.hr.com/en/communities/ihr_compensation/incentives__rewards_and_recognition/gift_cards//en/communities/staffing_and_recruitment/employment_applications/screening__assessment_and_testing/testing/

java.io.FileNotFoundException: http://www.hr.com/en/communities/ihr_compensation/incentives__rewards_and_recognition/gift_cards//en/communities/staffing_and_recruitment/employment_applications/screening__assessment_and_testing/screening/situational_judgement/

java.io.FileNotFoundException: http://www.hr.com/en/communities/ihr_compensation/incentives__rewards_and_recognition/gift_cards//en/communities/staffing_and_recruitment/employment_applications/screening__assessment_and_testing/screening/biodata/

java.io.FileNotFoundException: http://www.hr.com/en/communities/ihr_compensation/incentives__rewards_and_recognition/gift_cards//en/communities/staffing_and_recruitment/employment_applications/screening__assessment_and_testing/screening/automated_qualifications_screening/

java.io.FileNotFoundException: http://www.hr.com/en/communities/ihr_compensation/incentives__rewards_and_recognition/gift_cards//en/communities/staffing_and_recruitment/employment_applications/screening__assessment_and_testing/testing/innovations_in_testing/

java.io.FileNotFoundException: http://www.hr.com/en/communities/ihr_compensation/incentives__rewards_and_recognition/gift_cards//en/communities/staffing_and_recruitment/employment_applications/screening__assessment_and_testing/testing/test_validation/

java.io.FileNotFoundException: http://www.hr.com/en/communities/ihr_compensation/incentives__rewards_and_recognition/gift_cards//en/communities/staffing_and_recruitment/employment_applications/screening__assessment_and_testing/testing/knowledge_skills_testing/

java.io.FileNotFoundException: http://www.hr.com/en/communities/ihr_compensation/incentives__rewards_and_recognition/gift_cards//en/communities/staffing_and_recruitment/employment_applications/screening__assessment_and_testing/testing/behavioral_based_testing/

java.io.FileNotFoundException: http://www.hr.com/en/communities/ihr_compensation/incentives__rewards_and_recognition/gift_cards//en/communities/staffing_and_recruitment/employment_applications/screening__assessment_and_testing/testing/cognitive_ability_testing/

java.io.FileNotFoundException: http://www.hr.com/en/communities/ihr_compensation/incentives__rewards_and_recognition/gift_cards//en/communities/staffing_and_recruitment/employment_applications/screening__assessment_and_testing/screening/person_job_fit//

java.io.FileNotFoundException: http://www.hr.com/en/communities/ihr_compensation/incentives__rewards_and_recognition/gift_cards//en/communities/staffing_and_recruitment/employment_applications/screening__assessment_and_testing/testing/test_development/

java.io.FileNotFoundException: http://www.hr.com/en/communities/ihr_compensation/incentives__rewards_and_recognition/gift_cards//en/communities/staffing_and_recruitment/employment_contracts/

java.io.FileNotFoundException: http://www.hr.com/en/communities/ihr_compensation/incentives__rewards_and_recognition/gift_cards//en/communities/staffing_and_recruitment/job_analysis__evaluation_and_grading/

java.io.FileNotFoundException: http://www.hr.com/en/communities/ihr_compensation/incentives__rewards_and_recognition/gift_cards//en/communities/staffing_and_recruitment/job_analysis__evaluation_and_grading/salary_surveys/

java.io.FileNotFoundException: http://www.hr.com/en/communities/ihr_compensation/incentives__rewards_and_recognition/gift_cards//en/communities/staffing_and_recruitment/expatriate_selection/

java.io.FileNotFoundException: http://www.hr.com/en/communities/ihr_compensation/incentives__rewards_and_recognition/gift_cards//en/communities/staffing_and_recruitment/job_analysis__evaluation_and_grading/job_descriptions/

java.io.FileNotFoundException: http://www.hr.com/en/communities/ihr_compensation/incentives__rewards_and_recognition/gift_cards//en/communities/staffing_and_recruitment/job_analysis__evaluation_and_grading/job_requisitions/

java.io.FileNotFoundException: http://www.hr.com/en/communities/ihr_compensation/incentives__rewards_and_recognition/gift_cards//en/communities/staffing_and_recruitment/online_staffing__and_sourcing/

java.io.FileNotFoundException: http://www.hr.com/en/communities/ihr_compensation/incentives__rewards_and_recognition/gift_cards//en/communities/staffing_and_recruitment/employment_applications/screening__assessment_and_testing/testing/personality_testing/

java.io.FileNotFoundException: http://www.hr.com/en/communities/ihr_compensation/incentives__rewards_and_recognition/gift_cards//en/communities/staffing_and_recruitment/labor_trends/

java.io.FileNotFoundException: http://www.hr.com/en/communities/ihr_compensation/incentives__rewards_and_recognition/gift_cards//en/communities/staffing_and_recruitment/online_staffing__and_sourcing/corporate_website/

java.io.FileNotFoundException: http://www.hr.com/en/communities/ihr_compensation/incentives__rewards_and_recognition/gift_cards//en/communities/staffing_and_recruitment/online_staffing__and_sourcing/corporate_website/best_practices/

java.io.FileNotFoundException: http://www.hr.com/en/communities/ihr_compensation/incentives__rewards_and_recognition/gift_cards//en/communities/staffing_and_recruitment/online_staffing__and_sourcing/workforce_planning/

java.io.FileNotFoundException: http://www.hr.com/en/communities/ihr_compensation/incentives__rewards_and_recognition/gift_cards//en/communities/staffing_and_recruitment/online_staffing__and_sourcing/workforce_planning/labor_market_stats/

java.io.FileNotFoundException: http://www.hr.com/en/communities/ihr_compensation/incentives__rewards_and_recognition/gift_cards//en/communities/staffing_and_recruitment/online_staffing__and_sourcing/workforce_planning/talent_gaps/

java.io.FileNotFoundException: http://www.hr.com/en/communities/ihr_compensation/incentives__rewards_and_recognition/gift_cards//en/communities/staffing_and_recruitment/online_staffing__and_sourcing/workforce_planning/competitive_intelligence/

java.io.FileNotFoundException: http://www.hr.com/en/communities/ihr_compensation/incentives__rewards_and_recognition/gift_cards//en/communities/staffing_and_recruitment/online_staffing__and_sourcing/sourcing/

java.io.FileNotFoundException: http://www.hr.com/en/communities/ihr_compensation/incentives__rewards_and_recognition/gift_cards//en/communities/staffing_and_recruitment/online_staffing__and_sourcing/corporate_website/candidate_experience/

java.io.FileNotFoundException: http://www.hr.com/en/communities/ihr_compensation/incentives__rewards_and_recognition/gift_cards//en/communities/staffing_and_recruitment/online_staffing__and_sourcing/sourcing/campus/

java.io.FileNotFoundException: http://www.hr.com/en/communities/ihr_compensation/incentives__rewards_and_recognition/gift_cards//en/communities/staffing_and_recruitment/online_staffing__and_sourcing/sourcing/social_media/

java.io.FileNotFoundException: http://www.hr.com/en/communities/ihr_compensation/incentives__rewards_and_recognition/gift_cards//en/communities/staffing_and_recruitment/online_staffing__and_sourcing/sourcing/job_fairs_open_houses/

java.io.FileNotFoundException: http://www.hr.com/en/communities/ihr_compensation/incentives__rewards_and_recognition/gift_cards//en/communities/staffing_and_recruitment/online_staffing__and_sourcing/sourcing/onsite_advertising_pay_per_lead/

java.io.FileNotFoundException: http://www.hr.com/en/communities/ihr_compensation/incentives__rewards_and_recognition/gift_cards//en/communities/staffing_and_recruitment/online_staffing__and_sourcing/sourcing/employee_referrals/

java.io.FileNotFoundException: http://www.hr.com/en/communities/ihr_compensation/incentives__rewards_and_recognition/gift_cards//en/communities/staffing_and_recruitment/online_staffing__and_sourcing/candidate_marketing/

java.io.FileNotFoundException: http://www.hr.com/en/communities/ihr_compensation/incentives__rewards_and_recognition/gift_cards//en/communities/staffing_and_recruitment/online_staffing__and_sourcing/candidate_marketing/job_distribution/

java.io.FileNotFoundException: http://www.hr.com/en/communities/ihr_compensation/incentives__rewards_and_recognition/gift_cards//en/communities/staffing_and_recruitment/online_staffing__and_sourcing/candidate_marketing/data_clean_up_appends/

java.io.FileNotFoundException: http://www.hr.com/en/communities/ihr_compensation/incentives__rewards_and_recognition/gift_cards//en/communities/staffing_and_recruitment/online_staffing__and_sourcing/candidate_marketing/seo/

java.io.FileNotFoundException: http://www.hr.com/en/communities/ihr_compensation/incentives__rewards_and_recognition/gift_cards//en/communities/staffing_and_recruitment/online_staffing__and_sourcing/candidate_marketing/crm/

java.io.FileNotFoundException: http://www.hr.com/en/communities/ihr_compensation/incentives__rewards_and_recognition/gift_cards//en/communities/staffing_and_recruitment/online_staffing__and_sourcing/candidate_marketing/campaign_management/

java.io.FileNotFoundException: http://www.hr.com/en/communities/ihr_compensation/incentives__rewards_and_recognition/gift_cards//en/communities/staffing_and_recruitment/online_staffing__and_sourcing/candidate_marketing/resume_mining/

java.io.FileNotFoundException: http://www.hr.com/en/communities/ihr_compensation/incentives__rewards_and_recognition/gift_cards//en/communities/staffing_and_recruitment/online_staffing__and_sourcing/advanced_tools/

java.io.FileNotFoundException: http://www.hr.com/en/communities/ihr_compensation/incentives__rewards_and_recognition/gift_cards//en/communities/staffing_and_recruitment/online_staffing__and_sourcing/candidate_marketing/talent_management_acquisition_systems/

java.io.FileNotFoundException: http://www.hr.com/en/communities/ihr_compensation/incentives__rewards_and_recognition/gift_cards//en/communities/staffing_and_recruitment/online_staffing__and_sourcing/advanced_tools/search_001/

java.io.FileNotFoundException: http://www.hr.com/en/communities/ihr_compensation/incentives__rewards_and_recognition/gift_cards//en/communities/staffing_and_recruitment/online_staffing__and_sourcing/advanced_tools/other/

java.io.FileNotFoundException: http://www.hr.com/en/communities/ihr_compensation/incentives__rewards_and_recognition/gift_cards//en/communities/staffing_and_recruitment/online_staffing__and_sourcing/advanced_tools/mobile/

java.io.FileNotFoundException: http://www.hr.com/en/communities/ihr_compensation/incentives__rewards_and_recognition/gift_cards//en/communities/staffing_and_recruitment/online_staffing__and_sourcing/talent_pools/

java.io.FileNotFoundException: http://www.hr.com/en/communities/ihr_compensation/incentives__rewards_and_recognition/gift_cards//en/communities/staffing_and_recruitment/online_staffing__and_sourcing/talent_pools/vertical/

java.io.FileNotFoundException: http://www.hr.com/en/communities/ihr_compensation/incentives__rewards_and_recognition/gift_cards//en/communities/staffing_and_recruitment/online_staffing__and_sourcing/talent_pools/hard_to_fill/

java.io.FileNotFoundException: http://www.hr.com/en/communities/ihr_compensation/incentives__rewards_and_recognition/gift_cards//en/communities/staffing_and_recruitment/online_staffing__and_sourcing/talent_pools/alumni/

java.io.FileNotFoundException: http://www.hr.com/en/communities/ihr_compensation/incentives__rewards_and_recognition/gift_cards//en/communities/staffing_and_recruitment/online_staffing__and_sourcing/screening/

java.io.FileNotFoundException: http://www.hr.com/en/communities/ihr_compensation/incentives__rewards_and_recognition/gift_cards//en/communities/staffing_and_recruitment/online_staffing__and_sourcing/screening/assessment/

java.io.FileNotFoundException: http://www.hr.com/en/communities/ihr_compensation/incentives__rewards_and_recognition/gift_cards//en/communities/staffing_and_recruitment/online_staffing__and_sourcing/screening/reference/

java.io.FileNotFoundException: http://www.hr.com/en/communities/ihr_compensation/incentives__rewards_and_recognition/gift_cards//en/communities/staffing_and_recruitment/online_staffing__and_sourcing/compliance/

java.io.FileNotFoundException: http://www.hr.com/en/communities/ihr_compensation/incentives__rewards_and_recognition/gift_cards//en/communities/staffing_and_recruitment/online_staffing__and_sourcing/screening/criminal_background_checking/

java.io.FileNotFoundException: http://www.hr.com/en/communities/ihr_compensation/incentives__rewards_and_recognition/gift_cards//en/communities/staffing_and_recruitment/online_staffing__and_sourcing/compliance/eeo/

java.io.FileNotFoundException: http://www.hr.com/en/communities/ihr_compensation/incentives__rewards_and_recognition/gift_cards//en/communities/staffing_and_recruitment/online_staffing__and_sourcing/compliance/privacy/

java.io.FileNotFoundException: http://www.hr.com/en/communities/ihr_compensation/incentives__rewards_and_recognition/gift_cards//en/communities/staffing_and_recruitment/online_staffing__and_sourcing/screening/interviewing/

java.io.FileNotFoundException: http://www.hr.com/en/communities/ihr_compensation/incentives__rewards_and_recognition/gift_cards//en/communities/staffing_and_recruitment/online_staffing__and_sourcing/compliance/i9/

java.io.FileNotFoundException: http://www.hr.com/en/communities/ihr_compensation/incentives__rewards_and_recognition/gift_cards//en/communities/staffing_and_recruitment/online_staffing__and_sourcing/compliance/social_media/

java.io.FileNotFoundException: http://www.hr.com/en/communities/ihr_compensation/incentives__rewards_and_recognition/gift_cards//en/communities/staffing_and_recruitment/online_staffing__and_sourcing/online_staffing_sourcing_metrics/

java.io.FileNotFoundException: http://www.hr.com/en/communities/ihr_compensation/incentives__rewards_and_recognition/gift_cards//en/communities/staffing_and_recruitment/privacy_and_security/

java.io.FileNotFoundException: http://www.hr.com/en/communities/ihr_compensation/incentives__rewards_and_recognition/gift_cards//en/communities/staffing_and_recruitment/recruitment_process_outsourcing/

java.io.FileNotFoundException: http://www.hr.com/en/communities/ihr_compensation/incentives__rewards_and_recognition/gift_cards//en/communities/staffing_and_recruitment/retention/

java.io.FileNotFoundException: http://www.hr.com/en/communities/ihr_compensation/incentives__rewards_and_recognition/gift_cards//en/communities/staffing_and_recruitment/roi_on_investment_in_staffing_technology/

java.io.FileNotFoundException: http://www.hr.com/en/communities/ihr_compensation/incentives__rewards_and_recognition/gift_cards//en/communities/staffing_and_recruitment/staffing_technology/

java.io.FileNotFoundException: http://www.hr.com/en/communities/ihr_compensation/incentives__rewards_and_recognition/gift_cards//en/communities/staffing_and_recruitment/staffing_technology/applications_resume_profile_ivr/

java.io.FileNotFoundException: http://www.hr.com/en/communities/ihr_compensation/incentives__rewards_and_recognition/gift_cards//en/communities/staffing_and_recruitment/relocation/

java.io.FileNotFoundException: http://www.hr.com/en/communities/ihr_compensation/incentives__rewards_and_recognition/gift_cards//en/communities/staffing_and_recruitment/staffing_technology/applications_resume_profile_ivr/employee_referral_systems_/

java.io.FileNotFoundException: http://www.hr.com/en/communities/ihr_compensation/incentives__rewards_and_recognition/gift_cards//en/communities/staffing_and_recruitment/staffing_technology/global_talent_management_and_development_f2000/

java.io.FileNotFoundException: http://www.hr.com/en/communities/ihr_compensation/incentives__rewards_and_recognition/gift_cards//en/communities/staffing_and_recruitment/staffing_technology/talent_management_and_development__sme_/

java.io.FileNotFoundException: http://www.hr.com/en/communities/ihr_compensation/incentives__rewards_and_recognition/gift_cards//en/communities/staffing_and_recruitment/staffing_technology/tms/

java.io.FileNotFoundException: http://www.hr.com/en/communities/ihr_compensation/incentives__rewards_and_recognition/gift_cards//en/communities/staffing_and_recruitment/staffing_technology/vendor_management_systems/

java.io.FileNotFoundException: http://www.hr.com/en/communities/ihr_compensation/incentives__rewards_and_recognition/gift_cards//en/communities/staffing_and_recruitment/simulations_and_work_samples/

java.io.FileNotFoundException: http://www.hr.com/en/communities/ihr_compensation/incentives__rewards_and_recognition/gift_cards//en/communities/staffing_and_recruitment/staffing_metrics/

java.io.FileNotFoundException: http://www.hr.com/en/communities/ihr_compensation/incentives__rewards_and_recognition/gift_cards//en/communities/staffing_and_recruitment/workforce_planning/

java.io.FileNotFoundException: http://www.hr.com/en/communities/ihr_compensation/incentives__rewards_and_recognition/gift_cards//en/communities/staffing_and_recruitment/workforce_planning/executive_search/

java.io.FileNotFoundException: http://www.hr.com/en/communities/ihr_compensation/incentives__rewards_and_recognition/gift_cards//en/communities/staffing_and_recruitment/workforce_planning/internet_recruiting/

java.io.FileNotFoundException: http://www.hr.com/en/communities/ihr_compensation/incentives__rewards_and_recognition/gift_cards//en/communities/learning_management_systems_and_elearning/

java.io.FileNotFoundException: http://www.hr.com/en/communities/ihr_health_safety/employee_wellness//en/communities/ihr_hris_erp/erp_enterprise_resources_planning/call_centers/

java.io.FileNotFoundException: http://www.hr.com/en/communities/ihr_compensation/incentives__rewards_and_recognition/gift_cards//en/communities/ihr_quality_of_hire/

java.io.FileNotFoundException: http://www.hr.com/en/communities/ihr_compensation/incentives__rewards_and_recognition/gift_cards//en/communities/training_and_development/approaches_and_systems__not_software_/

java.io.FileNotFoundException: http://www.hr.com/en/communities/ihr_compensation/incentives__rewards_and_recognition/gift_cards//en/communities/training_and_development/classroom/

java.io.FileNotFoundException: http://www.hr.com/en/communities/ihr_compensation/incentives__rewards_and_recognition/gift_cards//en/communities/training_and_development/corporate_learning/

java.io.FileNotFoundException: http://www.hr.com/en/communities/ihr_compensation/incentives__rewards_and_recognition/gift_cards//en/communities/training_and_development/corporate_learning/analytics_and_measurement/

java.io.FileNotFoundException: http://www.hr.com/en/communities/ihr_compensation/incentives__rewards_and_recognition/gift_cards//en/communities/training_and_development/

java.io.FileNotFoundException: http://www.hr.com/en/communities/ihr_compensation/incentives__rewards_and_recognition/gift_cards//en/communities/training_and_development/corporate_learning/authoring_tools/

java.io.FileNotFoundException: http://www.hr.com/en/communities/ihr_compensation/incentives__rewards_and_recognition/gift_cards//en/communities/training_and_development/corporate_learning/blended_learning/

java.io.FileNotFoundException: http://www.hr.com/en/communities/ihr_compensation/incentives__rewards_and_recognition/gift_cards//en/communities/training_and_development/corporate_learning/implementation/

java.io.FileNotFoundException: http://www.hr.com/en/communities/ihr_compensation/incentives__rewards_and_recognition/gift_cards//en/communities/training_and_development/corporate_learning/content_development/

java.io.FileNotFoundException: http://www.hr.com/en/communities/ihr_compensation/incentives__rewards_and_recognition/gift_cards//en/communities/training_and_development/corporate_learning/learning_content_management_systems/

java.io.FileNotFoundException: http://www.hr.com/en/communities/ihr_compensation/incentives__rewards_and_recognition/gift_cards//en/communities/training_and_development/corporate_learning/learning_management_systems/

java.io.FileNotFoundException: http://www.hr.com/en/communities/ihr_compensation/incentives__rewards_and_recognition/gift_cards//en/communities/training_and_development/corporate_learning/outsourcing_training/

java.io.FileNotFoundException: http://www.hr.com/en/communities/ihr_compensation/incentives__rewards_and_recognition/gift_cards//en/communities/training_and_development/corporate_learning/planning_and_strategy/

java.io.FileNotFoundException: http://www.hr.com/en/communities/ihr_compensation/incentives__rewards_and_recognition/gift_cards//en/communities/training_and_development/corporate_learning/simulations/

java.io.FileNotFoundException: http://www.hr.com/en/communities/ihr_compensation/incentives__rewards_and_recognition/gift_cards//en/communities/training_and_development/elearning/

java.io.FileNotFoundException: http://www.hr.com/en/communities/ihr_compensation/incentives__rewards_and_recognition/gift_cards//en/communities/training_and_development/evaluations/

java.io.FileNotFoundException: http://www.hr.com/en/communities/ihr_compensation/incentives__rewards_and_recognition/gift_cards//en/communities/training_and_development/games/

java.io.FileNotFoundException: http://www.hr.com/en/communities/ihr_compensation/incentives__rewards_and_recognition/gift_cards//en/communities/training_and_development/online_collaboration_tools/

java.io.FileNotFoundException: http://www.hr.com/en/communities/ihr_compensation/incentives__rewards_and_recognition/gift_cards//en/communities/training_and_development/online_collaboration_tools/video_conferencing/

java.io.FileNotFoundException: http://www.hr.com/en/communities/ihr_compensation/incentives__rewards_and_recognition/gift_cards//en/communities/training_and_development/online_collaboration_tools/web_based/

java.io.FileNotFoundException: http://www.hr.com/en/communities/ihr_compensation/incentives__rewards_and_recognition/gift_cards//en/communities/training_and_development/orientation/

java.io.FileNotFoundException: http://www.hr.com/en/communities/ihr_compensation/incentives__rewards_and_recognition/gift_cards//en/communities/workforce_management_001/

java.io.FileNotFoundException: http://www.hr.com/en/communities/ihr_compensation/incentives__rewards_and_recognition/gift_cards//en/communities/workforce_planning_and_analytics/

java.io.FileNotFoundException: http://www.hr.com/en/communities/ihr_compensation/incentives__rewards_and_recognition/gift_cards//en/communities/training_and_development/presentation_tips/

java.io.FileNotFoundException: http://www.hr.com/en/communities/ihr_compensation/incentives__rewards_and_recognition/gift_cards//en/communities/workforce_planning_and_analytics/hr_metrics_implementation/

java.io.FileNotFoundException: http://www.hr.com/en/communities/ihr_compensation/incentives__rewards_and_recognition/gift_cards//en/communities/workforce_planning_and_analytics/hr_scorecards/

java.io.FileNotFoundException: http://www.hr.com/en/communities/ihr_compensation/incentives__rewards_and_recognition/gift_cards//en/communities/workforce_planning_and_analytics/predictive_models/

java.io.FileNotFoundException: http://www.hr.com/en/communities/ihr_compensation/incentives__rewards_and_recognition/gift_cards//en/communities/workforce_planning_and_analytics/labor_supply_demographics/

java.io.FileNotFoundException: http://www.hr.com/en/communities/ihr_compensation/incentives__rewards_and_recognition/gift_cards//en/communities/workforce_planning_and_analytics/consulting/

java.io.FileNotFoundException: http://www.hr.com/en/communities/ihr_compensation/incentives__rewards_and_recognition/gift_cards//en/communities/workforce_planning_and_analytics/external_factors/

java.io.FileNotFoundException: http://www.hr.com/en/communities/ihr_compensation/incentives__rewards_and_recognition/gift_cards//en/communities/workforce_planning_and_analytics/data_cleansing/

java.io.IOException: Server returned HTTP response code: 403 for URL: http://www.sedo.com/search/details.php4?domain=wmq.com&language=us&et_sub=1006&partnerid=14460&et_cid=13&et_lid=17473&origin=parking

java.io.FileNotFoundException: http://www.hr.com/en/communities/ihr_compensation/incentives__rewards_and_recognition/gift_cards//en/communities/workforce_planning_and_analytics/workforce_planning_analytics_change_management/

java.io.FileNotFoundException: http://www.hr.com/en/communities/ihr_compensation/incentives__rewards_and_recognition/gift_cards//en/communities/workforce_planning_and_analytics/internal_mobility/

java.io.FileNotFoundException: http://www.hr.com/en/communities/ihr_health_safety/workers_compensation//en/communities/ihr_hris_erp/

java.io.FileNotFoundException: http://www.hr.com/en/communities/ihr_compensation/incentives__rewards_and_recognition/gift_cards//en/communities/workforce_planning_and_analytics/downsizing/

java.io.FileNotFoundException: http://www.hr.com/en/communities/ihr_compensation/incentives__rewards_and_recognition/gift_cards//en/communities/workforce_planning_and_analytics/mergers_acquisitions/

java.io.FileNotFoundException: http://www.hr.com/en/communities/ihr_compensation/incentives__rewards_and_recognition/gift_cards//en/communities/workforce_planning_and_analytics/surveys_organization/polls/

java.io.FileNotFoundException: http://www.hr.com/en/communities/ihr_compensation/incentives__rewards_and_recognition/gift_cards//en/communities/workforce_planning_and_analytics/surveys_organization/

java.io.FileNotFoundException: http://www.hr.com/en/communities/ihr_compensation/incentives__rewards_and_recognition/gift_cards//en/communities/workforce_planning_and_analytics/surveys_organization/enterprise_surveys/

java.io.FileNotFoundException: http://www.hr.com/en/communities/ihr_compensation/incentives__rewards_and_recognition/gift_cards//en/communities/workforce_planning_and_analytics/surveys_organization/market_research/

java.io.FileNotFoundException: http://www.hr.com/en/communities/ihr_compensation/incentives__rewards_and_recognition/gift_cards//en/communities/workforce_planning_and_analytics/modelling/location_modelling/

java.io.FileNotFoundException: http://www.hr.com/en/communities/ihr_compensation/incentives__rewards_and_recognition/gift_cards//en/communities/workforce_planning_and_analytics/modelling/

java.io.FileNotFoundException: http://www.hr.com/en/communities/ihr_compensation/incentives__rewards_and_recognition/gift_cards//en/communities/workforce_planning_and_analytics/modelling/business_modelling/

java.io.FileNotFoundException: http://www.hr.com/en/communities/ihr_compensation/incentives__rewards_and_recognition/gift_cards//en/communities/workforce_planning_and_analytics/modelling/org_charting/

java.io.FileNotFoundException: http://www.hr.com/en/communities/ihr_compensation/incentives__rewards_and_recognition/gift_cards//en/communities/workforce_planning_and_analytics/benchmarking/

java.io.FileNotFoundException: http://www.hr.com/en/communities/ihr_compensation/incentives__rewards_and_recognition/gift_cards//en/communities/workforce_planning_and_analytics/benchmarking/internal/

java.io.FileNotFoundException: http://www.hr.com/en/communities/ihr_compensation/incentives__rewards_and_recognition/gift_cards//en/communities/workforce_planning_and_analytics/benchmarking/external/

java.io.FileNotFoundException: http://www.hr.com/en/communities/ihr_compensation/incentives__rewards_and_recognition/gift_cards//en/webcasts_events/

java.io.FileNotFoundException: http://www.hr.com/en/communities/ihr_compensation/incentives__rewards_and_recognition/gift_cards//en/webcasts_events/webcasts/

java.io.FileNotFoundException: http://www.hr.com/en/communities/ihr_compensation/incentives__rewards_and_recognition/gift_cards//en/communities/workforce_planning_and_analytics/workforce_planning_analytics_technology/

java.io.FileNotFoundException: http://www.hr.com/en/communities/ihr_compensation/incentives__rewards_and_recognition/gift_cards//en/webcasts_events/webcasts/upcoming_webcasts/

java.io.FileNotFoundException: http://www.hr.com/en/communities/ihr_compensation/incentives__rewards_and_recognition/gift_cards//en/webcasts_events/webcasts/archived_webcasts_and_podcasts/

java.io.FileNotFoundException: http://www.hr.com/en/communities/ihr_compensation/incentives__rewards_and_recognition/gift_cards//en/webcasts_events/webcasts/archived_vlogs/

java.io.FileNotFoundException: http://www.hr.com/en/communities/ihr_compensation/incentives__rewards_and_recognition/gift_cards//en/webcasts_events/webcasts/sponsor_a_webcast/

java.io.FileNotFoundException: http://www.hr.com/en/communities/ihr_compensation/incentives__rewards_and_recognition/gift_cards//en/webcasts_events/webcasts/webcast_testimonials/

java.io.FileNotFoundException: http://www.hr.com/en/communities/ihr_compensation/incentives__rewards_and_recognition/gift_cards//en/webcasts_events/webcasts/call_for_speakers_demo_days/

java.io.FileNotFoundException: http://www.hr.com/en/communities/ihr_compensation/incentives__rewards_and_recognition/gift_cards//en/webcasts_events/webcasts/call_for_speakers_third_party/

java.io.FileNotFoundException: http://www.hr.com/en/communities/ihr_compensation/incentives__rewards_and_recognition/gift_cards//en/webcasts_events/virtual_events/upcoming_virtual_events/

java.io.FileNotFoundException: http://www.hr.com/en/communities/ihr_compensation/incentives__rewards_and_recognition/gift_cards//en/webcasts_events/virtual_events/archived_virtual_events/

java.io.FileNotFoundException: http://www.hr.com/en/communities/ihr_compensation/incentives__rewards_and_recognition/gift_cards//en/webcasts_events/virtual_events/host_your_own_virtual_event/

java.io.FileNotFoundException: http://www.hr.com/en/communities/ihr_compensation/incentives__rewards_and_recognition/gift_cards//en/webcasts_events/webcasts/call_for_speakers/

java.io.FileNotFoundException: http://www.hr.com/en/communities/ihr_compensation/incentives__rewards_and_recognition/gift_cards//en/webcasts_events/virtual_events/sponsor_a_virtual_event/

java.io.FileNotFoundException: http://www.hr.com/en/communities/ihr_compensation/incentives__rewards_and_recognition/gift_cards//en/webcasts_events/live_upcoming_events/hcm_investors_forum_2014/

java.io.FileNotFoundException: http://www.hr.com/en/communities/ihr_compensation/incentives__rewards_and_recognition/gift_cards//en/webcasts_events/live_upcoming_events/

java.io.FileNotFoundException: http://www.hr.com/en/communities/ihr_compensation/incentives__rewards_and_recognition/gift_cards//en/webcasts_events/virtual_events/

java.io.FileNotFoundException: http://www.hr.com/en/communities/ihr_compensation/incentives__rewards_and_recognition/gift_cards//en/webcasts_events/live_upcoming_events/strategic_hcm_analyst_forum_2014/

java.io.FileNotFoundException: http://www.hr.com/en/communities/ihr_compensation/incentives__rewards_and_recognition/gift_cards//en/webcasts_events/live_upcoming_events/strategic_hcm_partnerships_2014/

java.io.FileNotFoundException: http://www.hr.com/en/communities/ihr_compensation/incentives__rewards_and_recognition/gift_cards//en/webcasts_events/virtual_events/booth_training/

java.io.FileNotFoundException: http://www.hr.com/en/communities/ihr_compensation/incentives__rewards_and_recognition/gift_cards//en/webcasts_events/live_upcoming_events/talent_acquisition_excellence_forum_2014/

java.io.FileNotFoundException: http://www.hr.com/en/communities/ihr_compensation/incentives__rewards_and_recognition/gift_cards//en/resources/surveys/

java.io.FileNotFoundException: http://www.hr.com/en/communities/ihr_compensation/incentives__rewards_and_recognition/gift_cards//en/webcasts_events/speaker_training/

java.io.FileNotFoundException: http://www.hr.com/en/communities/ihr_compensation/incentives__rewards_and_recognition/gift_cards//en/resources/

java.io.FileNotFoundException: http://www.hr.com/en/communities/ihr_compensation/incentives__rewards_and_recognition/gift_cards//en/resources/surveys/about_hr_market_intelligence/

java.io.FileNotFoundException: http://www.hr.com/en/communities/ihr_compensation/incentives__rewards_and_recognition/gift_cards//en/resources/surveys/past_surveys/

java.io.FileNotFoundException: http://www.hr.com/en/communities/ihr_compensation/incentives__rewards_and_recognition/gift_cards//en/resources/free_forms/compliance_posters/

java.io.FileNotFoundException: http://www.hr.com/en/communities/ihr_compensation/incentives__rewards_and_recognition/gift_cards//en/resources/wikis/

java.io.FileNotFoundException: http://www.hr.com/en/communities/ihr_compensation/incentives__rewards_and_recognition/gift_cards//en/certifications/

java.io.FileNotFoundException: http://www.hr.com/en/communities/ihr_compensation/incentives__rewards_and_recognition/gift_cards//en/hr_careers/

java.io.FileNotFoundException: http://www.hr.com/en/communities/ihr_compensation/incentives__rewards_and_recognition/gift_cards//en/resources/free_forms/

java.io.FileNotFoundException: http://www.hr.com/en/communities/ihr_compensation/incentives__rewards_and_recognition/gift_cards//en/certifications/programs_offered/

java.io.FileNotFoundException: http://www.hr.com/en/communities/ihr_compensation/incentives__rewards_and_recognition/gift_cards//en/certifications/ihr_certification/

java.io.FileNotFoundException: http://www.hr.com/en/communities/ihr_compensation/incentives__rewards_and_recognition/gift_cards//en/certifications/hrci/

java.io.FileNotFoundException: http://www.hr.com/en/communities/ihr_compensation/incentives__rewards_and_recognition/gift_cards//en/certifications/call_for_speakers/

java.io.FileNotFoundException: http://www.hr.com/en/communities/ihr_compensation/incentives__rewards_and_recognition/gift_cards//en/certifications/worldatwork/

java.io.FileNotFoundException: http://www.hr.com/en/communities/ihr_compensation/incentives__rewards_and_recognition/gift_cards//en/certifications/sponsorships/

java.io.FileNotFoundException: http://www.hr.com/en/communities/ihr_compensation/incentives__rewards_and_recognition/gift_cards//en/certifications/ihr_certification/faq/

java.io.FileNotFoundException: http://www.hr.com/en/communities/ihr_compensation/incentives__rewards_and_recognition/gift_cards//en/certifications/why_certify_demo/

java.io.FileNotFoundException: http://www.hr.com/en/communities/ihr_compensation/incentives__rewards_and_recognition/gift_cards//en/certifications/phr_sphr_certification_prep_course/

java.io.FileNotFoundException: http://www.hr.com/en/communities/ihr_compensation/incentives__rewards_and_recognition/gift_cards//en/hr_com_store/

java.io.FileNotFoundException: http://www.hr.com/en/communities/ihr_compensation/incentives__rewards_and_recognition/gift_cards//en/topleaders/top_leaders_in_leadership/

java.io.FileNotFoundException: http://www.hr.com/en/communities/ihr_compensation/incentives__rewards_and_recognition/gift_cards//en/topleaders/

java.io.FileNotFoundException: http://www.hr.com/en/communities/ihr_compensation/incentives__rewards_and_recognition/gift_cards//en/topleaders/top_leaders_in_leadership/leadership_excellence_essentials/

java.io.FileNotFoundException: http://www.hr.com/en/communities/ihr_compensation/incentives__rewards_and_recognition/gift_cards//en/certifications/ihr_certification/training_testing/

java.io.FileNotFoundException: http://www.hr.com/en/communities/ihr_compensation/incentives__rewards_and_recognition/gift_cards//en/topleaders/top_leaders_in_leadership/personal_excellence_essentials/

java.io.FileNotFoundException: http://www.hr.com/en/communities/ihr_compensation/incentives__rewards_and_recognition/gift_cards//en/topleaders/top_leaders_in_leadership/sales_service_excellence_essentials/

java.io.FileNotFoundException: http://www.hr.com/en/communities/ihr_compensation/incentives__rewards_and_recognition/gift_cards//en/topleaders/top_leaders_in_leadership/about_us/

java.io.FileNotFoundException: http://www.hr.com/en/communities/ihr_compensation/incentives__rewards_and_recognition/gift_cards//en/topleaders/top_leaders_in_leadership/forum/

java.io.FileNotFoundException: http://www.industryweek.com/procurement/midyear-service-centers-shipments-declining/resources/iw-manufacturing-hall-fame

java.io.FileNotFoundException: http://www.hr.com/en/communities/ihr_compensation/incentives__rewards_and_recognition/gift_cards//en/topleaders/top_leaders_in_leadership/contact_us/

java.io.FileNotFoundException: http://www.hr.com/en/communities/ihr_compensation/incentives__rewards_and_recognition/gift_cards//en/topleaders/essentials/

java.io.FileNotFoundException: http://www.hr.com/en/communities/ihr_compensation/incentives__rewards_and_recognition/gift_cards//en/topleaders/interactive_content/

java.io.FileNotFoundException: http://www.hr.com/en/communities/ihr_compensation/incentives__rewards_and_recognition/gift_cards//en/topleaders/all_articles/

java.io.FileNotFoundException: http://www.hr.com/en/communities/ihr_compensation/incentives__rewards_and_recognition/gift_cards//en/topleaders/top_leaders_in_leadership/awards/

java.io.IOException: Server returned HTTP response code: 403 for URL: http://www.hr.com/en/communities/ihr_compensation/incentives__rewards_and_recognition/gift_cards//en?t=/network/search/index&s=AujVT6CkDmAiuLFYwe&online=1&special=1

java.io.FileNotFoundException: http://www.industryweek.com/procurement/midyear-service-centers-shipments-declining/resources/salary-survey

java.net.MalformedURLException: no protocol: category.php?id=33&brand=916

java.io.FileNotFoundException: http://www.industryweek.com/procurement/midyear-service-centers-shipments-declining/benchmarking

java.io.FileNotFoundException: http://www.industryweek.com/procurement/midyear-service-centers-shipments-declining/associations

java.io.FileNotFoundException: http://www.hr.com/en/communities/hr_in_canada/canadian_masters_in_hr_strategy_execution//en/communities/ihr_hris_erp/erp_enterprise_resources_planning/compliance_in_hcm/

java.io.FileNotFoundException: http://www.hr.com/en/communities/hr_in_canada/canadian_masters_in_hr_strategy_execution//en/communities/ihr_hris_erp/erp_enterprise_resources_planning/enterprise_learning/

java.io.FileNotFoundException: http://www.hr.com/en/communities/hr_in_canada/canadian_masters_in_hr_strategy_execution//en/communities/ihr_hris_erp/erp_enterprise_resources_planning/hcm_and_integrated_financials/

java.io.FileNotFoundException: http://www.hr.com/en/communities/hr_in_canada/canadian_masters_in_hr_strategy_execution//en/communities/ihr_hris_erp/erp_enterprise_resources_planning/hcm_trends/

java.io.FileNotFoundException: http://www.industryweek.com/procurement/midyear-service-centers-shipments-declining/research

java.io.FileNotFoundException: http://www.hr.com/en/communities/hr_in_canada/canadian_masters_in_hr_strategy_execution//en/communities/ihr_hris_erp/erp_enterprise_resources_planning/hris_benefits/

java.io.FileNotFoundException: http://www.hr.com/en/communities/hr_in_canada/canadian_masters_in_hr_strategy_execution//en/communities/ihr_hris_erp/erp_enterprise_resources_planning/pay_for_performance_planning_and_management/

java.io.FileNotFoundException: http://www.hr.com/en/communities/hr_in_canada/canadian_masters_in_hr_strategy_execution//en/communities/ihr_hris_erp/erp_enterprise_resources_planning/portals_and_employee_communications/

java.io.FileNotFoundException: http://www.hr.com/en/communities/hr_in_canada/canadian_masters_in_hr_strategy_execution//en/communities/ihr_hris_erp/erp_enterprise_resources_planning/rfp_rfi_development/

java.io.FileNotFoundException: http://www.hr.com/en/communities/hr_in_canada/canadian_masters_in_hr_strategy_execution//en/communities/ihr_hris_erp/erp_enterprise_resources_planning/total_compensation_management/

java.io.FileNotFoundException: http://www.hr.com/en/communities/hr_in_canada/canadian_masters_in_hr_strategy_execution//en/communities/ihr_hris_erp/erp_enterprise_resources_planning/workforce_analytics_strategic_hcm/

java.io.FileNotFoundException: http://www.hr.com/en/communities/hr_in_canada/canadian_masters_in_hr_strategy_execution//en/communities/ihr_hris_erp/hcm_global/

java.io.FileNotFoundException: http://www.hr.com/en/communities/hr_in_canada/canadian_masters_in_hr_strategy_execution//en/communities/ihr_hris_erp/hcm_global/model__planning__mgmt_and_measurement/

java.io.FileNotFoundException: http://www.hr.com/en/communities/hr_in_canada/canadian_masters_in_hr_strategy_execution//en/communities/ihr_hris_erp/hcm_us_based/

java.io.FileNotFoundException: http://www.hr.com/en/communities/hr_in_canada/canadian_masters_in_hr_strategy_execution//en/communities/ihr_hris_erp/hcm_us_based/model__planning__mgmt_and_measurement/

java.io.FileNotFoundException: http://www.hr.com/en/communities/hr_in_canada/canadian_masters_in_hr_strategy_execution//en/communities/hr_outsourcing/

java.io.FileNotFoundException: http://www.hr.com/en/communities/hr_in_canada/canadian_masters_in_hr_strategy_execution//en/communities/hr_outsourcing/business_process_outsourcing/

java.io.FileNotFoundException: http://www.hr.com/en/communities/hr_in_canada/canadian_masters_in_hr_strategy_execution//en/communities/hr_outsourcing/call_center_outsourcing/

java.io.FileNotFoundException: http://www.hr.com/en/communities/hr_in_canada/canadian_masters_in_hr_strategy_execution//en/communities/hr_outsourcing/contract_negotiations/other_contract_issues/

java.io.FileNotFoundException: http://www.hr.com/en/communities/hr_in_canada/canadian_masters_in_hr_strategy_execution//en/communities/hr_outsourcing/contract_negotiations/service_level_agreements/

java.io.FileNotFoundException: http://www.hr.com/en/communities/hr_in_canada/canadian_masters_in_hr_strategy_execution//en/communities/hr_outsourcing/cost_justification_techniques/

java.io.FileNotFoundException: http://www.hr.com/en/communities/hr_in_canada/canadian_masters_in_hr_strategy_execution//en/communities/hr_outsourcing/contract_negotiations/

java.io.FileNotFoundException: http://www.hr.com/en/communities/hr_in_canada/canadian_masters_in_hr_strategy_execution//en/communities/hr_outsourcing/evaluation_of_hro_vendors/

java.io.FileNotFoundException: http://www.abm.com/pages/why-abm.aspx

java.io.FileNotFoundException: http://www.hr.com/en/communities/hr_in_canada/canadian_masters_in_hr_strategy_execution//en/communities/hr_outsourcing/evaluation_of_hro_vendors/evaluation_methodologies/

java.io.FileNotFoundException: http://www.hr.com/en/communities/hr_in_canada/canadian_masters_in_hr_strategy_execution//en/communities/hr_outsourcing/evaluation_of_hro_vendors/rfi_rfp_content_and_structure/

java.io.FileNotFoundException: http://www.hr.com/en/communities/hr_in_canada/canadian_masters_in_hr_strategy_execution//en/communities/hr_outsourcing/hro_and_change_management_culture_issues/

java.io.FileNotFoundException: http://www.hr.com/en/communities/hr_in_canada/canadian_masters_in_hr_strategy_execution//en/communities/hr_outsourcing/full_service_outsourcing/

java.io.FileNotFoundException: http://www.hr.com/en/communities/hr_in_canada/canadian_masters_in_hr_strategy_execution//en/communities/hr_outsourcing/hr_functions_available/

java.io.FileNotFoundException: http://www.hr.com/en/communities/hr_in_canada/canadian_masters_in_hr_strategy_execution//en/communities/hr_outsourcing/hro_in_a_global_organization/issues_related_to_off_shore_resource_use/

java.io.FileNotFoundException: http://www.hr.com/en/communities/hr_in_canada/canadian_masters_in_hr_strategy_execution//en/communities/hr_outsourcing/hro_in_a_global_organization/

java.io.FileNotFoundException: http://www.hr.com/en/communities/hr_in_canada/canadian_masters_in_hr_strategy_execution//en/communities/hr_outsourcing/overall_trends/

java.io.FileNotFoundException: http://www.hr.com/en/communities/hr_in_canada/canadian_masters_in_hr_strategy_execution//en/communities/hr_outsourcing/proven_cost_savings/

java.io.FileNotFoundException: http://www.hr.com/en/communities/hr_in_canada/canadian_masters_in_hr_strategy_execution//en/communities/hr_outsourcing/hro_in_a_global_organization/use_of_off_shore_resources/

java.io.FileNotFoundException: http://www.hr.com/en/communities/hr_in_canada/canadian_masters_in_hr_strategy_execution//en/communities/hr_outsourcing/software_hosting__only_/

java.io.FileNotFoundException: http://www.hr.com/en/communities/hr_in_canada/canadian_masters_in_hr_strategy_execution//en/communities/hr_outsourcing/time_and_attendance/

java.io.FileNotFoundException: http://www.hr.com/en/communities/hr_in_canada/canadian_masters_in_hr_strategy_execution//en/communities/hr_outsourcing/shared_services/

java.io.FileNotFoundException: http://www.hr.com/en/communities/hr_in_canada/canadian_masters_in_hr_strategy_execution//en/communities/hr_outsourcing/payroll_outsourcing/

java.io.FileNotFoundException: http://www.hr.com/en/communities/hr_in_canada/canadian_masters_in_hr_strategy_execution//en/communities/hr_outsourcing/workforce_scheduling/

java.io.FileNotFoundException: http://www.hr.com/en/communities/hr_in_canada/canadian_masters_in_hr_strategy_execution//en/communities/hr_outsourcing/vendor_marketplace/

java.io.FileNotFoundException: http://www.hr.com/en/communities/hr_in_canada/canadian_masters_in_hr_strategy_execution//en/communities/human_resources_management/

java.io.FileNotFoundException: http://www.hr.com/en/communities/hr_in_canada/canadian_masters_in_hr_strategy_execution//en/communities/human_resources_management/ethics/

java.io.FileNotFoundException: http://www.hr.com/en/communities/hr_in_canada/canadian_masters_in_hr_strategy_execution//en/communities/human_resources_management/entrepreneurship/

java.io.FileNotFoundException: http://www.abm.com/pages/why-abm.aspx

java.io.FileNotFoundException: http://www.hr.com/en/communities/hr_in_canada/canadian_masters_in_hr_strategy_execution//en/communities/human_resources_management/foundations_of_hr/

java.io.FileNotFoundException: http://www.hr.com/en/communities/ihr_compensation/incentives__rewards_and_recognition/recognition_programs//en/communities/

java.io.FileNotFoundException: http://www.hr.com/en/communities/ihr_compensation/incentives__rewards_and_recognition/recognition_programs//en/communities/ihr_compensation/

java.io.FileNotFoundException: http://www.hr.com/en/communities/ihr_compensation/incentives__rewards_and_recognition/recognition_programs//en/communities/ihr_compensation/incentives__rewards_and_recognition/

java.io.FileNotFoundException: http://www.hr.com/en/communities/ihr_compensation/incentives__rewards_and_recognition/recognition_programs//en/communities/ihr_compensation/incentives__rewards_and_recognition/recognition_programs/

java.io.FileNotFoundException: http://www.hr.com/en/communities/ihr_compensation/incentives__rewards_and_recognition/recognition_programs//en/app/passwordLookup

java.io.FileNotFoundException: http://www.industryweek.com/procurement/midyear-service-centers-shipments-declining/manufacturing-glossary

java.io.FileNotFoundException: http://www.hr.com/en/communities/ihr_compensation/incentives__rewards_and_recognition/recognition_programs//en/app/blog

java.io.FileNotFoundException: http://www.hr.com/en/communities/ihr_compensation/incentives__rewards_and_recognition/recognition_programs//en/app/file

java.io.FileNotFoundException: http://www.hr.com/en/communities/ihr_compensation/incentives__rewards_and_recognition/recognition_programs//en/app/group

java.io.FileNotFoundException: http://www.hr.com/en/communities/ihr_compensation/incentives__rewards_and_recognition/recognition_programs//en/app/network/search/newest

java.io.FileNotFoundException: http://www.industryweek.com/procurement/midyear-service-centers-shipments-declining//ad.doubleclick.net/N3834/jump/iw.home/supply_chain/procurement%3bpos=728_1%3bptype=article%3bpage=/procurement/midyear-service-centers-shipments-declining%3bsz=728x90,468x60%3btile=3%3bord=123456789?

java.io.FileNotFoundException: http://www.hr.com/en/communities/ihr_compensation/incentives__rewards_and_recognition/recognition_programs//en/webcasts_events/webcasts/upcoming_webcasts/%e2%80%9c-i-can%e2%80%99t-get-no%e2%80%a6-satisfaction%e2%80%9d_hawjpj9m.html

java.io.FileNotFoundException: http://www.hr.com/en/communities/ihr_compensation/incentives__rewards_and_recognition/recognition_programs//en/webcasts_events/webcasts/upcoming_webcasts/use-compensation-to-improve-employee-engagement-pr_h95zlpfq.html

java.io.FileNotFoundException: http://www.hr.com/en/communities/ihr_compensation/incentives__rewards_and_recognition/recognition_programs//en/webcasts_events/webcasts/upcoming_webcasts/avoiding-safety-health-whistleblower-claims-under-_hc3zgfmw.html

java.io.FileNotFoundException: http://www.hr.com/en/communities/ihr_hr_in_california//en/communities/human_resources_management/

java.net.MalformedURLException: no protocol: category.php?id=33&brand=917

java.io.FileNotFoundException: http://www.hr.com/en/communities/ihr_compensation/incentives__rewards_and_recognition/recognition_programs//en/webcasts_events/webcasts/archived_webcasts_and_podcasts/use-recognition-and-rewards-to-grow-future-leaders_hacp3nx0.html

java.io.FileNotFoundException: http://www.hr.com/en/communities/ihr_compensation/incentives__rewards_and_recognition/recognition_programs//en/webcasts_events/webcasts/archived_webcasts_and_podcasts/revitalize-your-recognition-program_hae41jky.html

java.io.FileNotFoundException: http://www.hr.com/en/communities/ihr_compensation/incentives__rewards_and_recognition/recognition_programs//en/webcasts_events/webcasts/archived_webcasts_and_podcasts/succession-planning-the-esop-solution_h3ortujf.html

java.net.MalformedURLException: no protocol: category.php?id=33&brand=918

java.io.FileNotFoundException: http://www.hr.com/en/communities/ihr_compensation/incentives__rewards_and_recognition/recognition_programs//en/communities/accreditreadycom-introduces-new-membership-incenti_hb7hn8iz.html

java.io.FileNotFoundException: http://www.hr.com/en/communities/ihr_compensation/incentives__rewards_and_recognition/recognition_programs//en/communities/year-end-bonus-backfire_hatsl1ot.html

java.io.FileNotFoundException: http://www.hr.com/en/communities/ihr_compensation/incentives__rewards_and_recognition/recognition_programs//en/communities/with-business-travel-budgets-increasing-loyalty-re_h95vopsb.html

java.io.FileNotFoundException: http://www.hr.com/en/communities/ihr_compensation/incentives__rewards_and_recognition/recognition_programs//en/communities/peoplematter-makes-hiring-krystal-clear_h7avvcqy.html

java.io.FileNotFoundException: http://www.hr.com/en/communities/ihr_compensation/incentives__rewards_and_recognition/recognition_programs//en/communities/eim-publishes-white-paper--%e2%80%9chow-to-avoid-the-top-1_h7ah2q3q.html

java.io.FileNotFoundException: http://www.hr.com/en/communities/ihr_hr_in_california//en/communities/human_resources_management/entrepreneurship/

java.io.FileNotFoundException: http://edu.qq.com/abroad//a/20130403/000164.htm

java.io.FileNotFoundException: http://www.hr.com/en/communities/ihr_compensation/incentives__rewards_and_recognition/recognition_programs//en/app/profile/darrin

java.io.FileNotFoundException: http://www.hr.com/en/communities/ihr_compensation/incentives__rewards_and_recognition/recognition_programs//en/app/profile/kelly.netherton/

java.io.FileNotFoundException: http://www.hr.com/en/communities/ihr_compensation/incentives__rewards_and_recognition/recognition_programs//en/app/profile/candi.pierson/

java.io.FileNotFoundException: http://www.hr.com/en/communities/ihr_compensation/incentives__rewards_and_recognition/recognition_programs//en/app/profile/audrey.huizar/

java.io.FileNotFoundException: http://www.hr.com/en/communities/ihr_compensation/incentives__rewards_and_recognition/recognition_programs//en/app/profile/kimberly.mclean/

java.io.FileNotFoundException: http://www.hr.com/en/communities/ihr_compensation/incentives__rewards_and_recognition/recognition_programs//en/app/profile/adele.abrams/

java.io.FileNotFoundException: http://www.hr.com/en/communities/ihr_compensation/incentives__rewards_and_recognition/recognition_programs//en/app/profile/donna.stevenson/

java.io.FileNotFoundException: http://www.hr.com/en/communities/ihr_compensation/incentives__rewards_and_recognition/recognition_programs//en/app/profile/gary.cottrell/

java.io.FileNotFoundException: http://www.hr.com/en/communities/ihr_compensation/incentives__rewards_and_recognition/recognition_programs//en/app/profile/erik.charles/

java.io.FileNotFoundException: http://www.hr.com/en/communities/ihr_compensation/incentives__rewards_and_recognition/recognition_programs//en/app/blog/2013/01/why-meaningful-work-is-as-important-as-compensatio_hchy0h19.html

java.io.FileNotFoundException: http://www.hr.com/en/communities/ihr_compensation/incentives__rewards_and_recognition/recognition_programs//en/app/blog/2013/01/employee-segmentation-key-to-reward-and-retention-_hcaljsgj.html

java.io.FileNotFoundException: http://www.geocities.com/jonstewartshow/jontvguide.htm

java.net.MalformedURLException: no protocol: category.php?id=33&brand=919

java.io.FileNotFoundException: http://www.youtube.com/watch?v=H5pK7sK0i4A

java.io.FileNotFoundException: http://www.hr.com/en/communities/ihr_compensation/incentives__rewards_and_recognition/recognition_programs//en/app/blog/2013/01/is-the-wisdom-of-crowds-really-all-that-wise-espec_hc3inb6x.html

java.io.FileNotFoundException: http://www.hr.com/en/communities/ihr_compensation/incentives__rewards_and_recognition/recognition_programs//en/app/blog/2013/01/behaviors-create-culture-creating-reasons-to-engag_hc2bkzeh.html

java.io.FileNotFoundException: http://www.hr.com/en/communities/ihr_compensation/incentives__rewards_and_recognition/recognition_programs//en/app/profile/faye.wales/

java.io.FileNotFoundException: http://www.hr.com/en/communities/ihr_compensation/incentives__rewards_and_recognition/recognition_programs//en/app/blog/2013/01/speak-the-language-of-your-ceo-or-your-project-goa_hc0xyysx.html

java.io.FileNotFoundException: http://www.hr.com/en/communities/ihr_compensation/incentives__rewards_and_recognition/recognition_programs//buyersguide/company/view/globoforce_

java.io.FileNotFoundException: http://www.hr.com/en/communities/ihr_compensation/incentives__rewards_and_recognition/recognition_programs//buyersguide/product/rate/1282240200205

java.net.UnknownHostException: abcnews.go.com

java.io.FileNotFoundException: http://www.hr.com/en/communities/ihr_compensation/incentives__rewards_and_recognition/recognition_programs//buyersguide/company/view/dittman_incentive_marketing_corp

java.io.FileNotFoundException: http://www.industryweek.com/procurement/midyear-service-centers-shipments-declining/forward?path=node%252F82182

java.net.UnknownHostException: www.independent.co.uk

java.io.FileNotFoundException: http://www.hr.com/en/communities/ihr_compensation/incentives__rewards_and_recognition/recognition_programs//buyersguide/product/rate/1282245967598

java.net.UnknownHostException: www.newsmeat.com

java.io.FileNotFoundException: http://www.hr.com/en/communities/ihr_compensation/incentives__rewards_and_recognition/recognition_programs//buyersguide/company/view/terryberry_

java.io.FileNotFoundException: http://www.hr.com/en/communities/ihr_compensation/incentives__rewards_and_recognition/recognition_programs//buyersguide/product/rate/1296140190960

java.io.FileNotFoundException: http://www.industryweek.com/procurement/midyear-service-centers-shipments-declining//ad.doubleclick.net/N3834/jump/iw.home/supply_chain/procurement%3bpos=180_1%3bptype=article%3bpage=/procurement/midyear-service-centers-shipments-declining%3bsz=300x250,180x150%3btile=1%3bord=123456789?

java.io.FileNotFoundException: http://www.hr.com/en/communities/ihr_compensation/incentives__rewards_and_recognition/recognition_programs//buyersguide/company/view/lawrence_associates

java.io.FileNotFoundException: http://www.hr.com/en/communities/ihr_compensation/incentives__rewards_and_recognition/recognition_programs//buyersguide/product/rate/1346002504759

java.io.FileNotFoundException: http://www.hr.com/en/communities/ihr_compensation/incentives__rewards_and_recognition/recognition_programs//buyersguide/company/view/illuminare_group_inc.

java.io.FileNotFoundException: http://www.hr.com/en/communities/ihr_compensation/incentives__rewards_and_recognition/recognition_programs//buyersguide/product/rate/1355869215383

java.io.IOException: Server returned HTTP response code: 401 for URL: http://books.google.com.hk/books?id=M1JIPAN-eJ4C&pg=PA45

java.io.IOException: Server returned HTTP response code: 403 for URL: http://www.allbusiness.com/services/business-services-miscellaneous-business/4762101-1.html

java.io.FileNotFoundException: http://www.hr.com/en/communities/ihr_compensation/incentives__rewards_and_recognition/recognition_programs//buyersguide/company/view/illuminare_group_inc.

java.io.FileNotFoundException: http://www.hr.com/en/communities/ihr_compensation/incentives__rewards_and_recognition/recognition_programs//buyersguide/product/rate/1355869367712

java.io.FileNotFoundException: http://www.industryweek.com/procurement/midyear-service-centers-shipments-declining/user

java.io.IOException: Server returned HTTP response code: 401 for URL: http://books.google.com.hk/books?id=kWRfe7AdVaYC

java.io.FileNotFoundException: http://video.google.ca/videoplay?docid=889968848656043401&q=jon+stewart

java.io.IOException: Server returned HTTP response code: 500 for URL: http://www.time-blog.com/tuned_in/2006/03/jon_stewart_vs_the_oscars.html

java.io.IOException: Server returned HTTP response code: 403 for URL: http://www.allbusiness.com/services/legal-services/4465402-1.html

java.io.FileNotFoundException: http://www.hr.com/en/communities/ihr_compensation/incentives__rewards_and_recognition/recognition_programs//en/

java.io.FileNotFoundException: http://variety.com/wga_strike_blog/2008/02/wgas-press-rele.html

java.io.IOException: Server returned HTTP response code: 401 for URL: http://books.google.de/books?id=mZb9g1tSeXYC&pg=PA28

java.io.FileNotFoundException: http://www.hr.com/en/communities/ihr_compensation/incentives__rewards_and_recognition/recognition_programs//en

java.io.FileNotFoundException: http://www.hr.com/en/communities/ihr_compensation/incentives__rewards_and_recognition/recognition_programs//en/about_us/

java.io.FileNotFoundException: http://www.hr.com/en/communities/ihr_compensation/incentives__rewards_and_recognition/recognition_programs//en/about_us/hr_com_team/

java.io.FileNotFoundException: http://www.hr.com/en/communities/ihr_compensation/incentives__rewards_and_recognition/recognition_programs//en/about_us/the_hr_com_manifesto/

java.io.FileNotFoundException: http://www.hr.com/en/communities/ihr_compensation/incentives__rewards_and_recognition/recognition_programs//en/about_us/syndicated_content/

java.io.FileNotFoundException: http://www.hr.com/en/communities/ihr_compensation/incentives__rewards_and_recognition/recognition_programs//en/about_us/faq/

java.io.FileNotFoundException: http://www.hr.com/en/communities/ihr_compensation/incentives__rewards_and_recognition/recognition_programs//en/about_us/fun_box/

java.io.FileNotFoundException: http://www.hr.com/en/communities/ihr_compensation/incentives__rewards_and_recognition/recognition_programs//en/about_us/fun_box/crossword_puzzles/

java.io.FileNotFoundException: http://www.hr.com/en/communities/ihr_compensation/incentives__rewards_and_recognition/recognition_programs//en/about_us/fun_box/office_humor/

java.io.FileNotFoundException: http://www.hr.com/en/communities/ihr_compensation/incentives__rewards_and_recognition/recognition_programs//en/about_us/fun_box/my_cubicle/

java.io.FileNotFoundException: http://www.hr.com/en/communities/ihr_compensation/incentives__rewards_and_recognition/recognition_programs//en/about_us/fun_box/lose_it_for_charity/

java.io.FileNotFoundException: http://www.hr.com/en/communities/ihr_compensation/incentives__rewards_and_recognition/recognition_programs//en/about_us/fun_box/footprint/

java.io.FileNotFoundException: http://www.hr.com/en/communities/ihr_compensation/incentives__rewards_and_recognition/recognition_programs//en/about_us/fun_box/grow/

java.io.FileNotFoundException: http://www.hr.com/en/communities/ihr_compensation/incentives__rewards_and_recognition/recognition_programs//en/about_us/fun_box/happy_holidays/

java.io.FileNotFoundException: http://www.hr.com/en/communities/ihr_compensation/incentives__rewards_and_recognition/recognition_programs//en/about_us/fun_box/hr_magic/

java.io.FileNotFoundException: http://www.hr.com/en/communities/ihr_compensation/incentives__rewards_and_recognition/recognition_programs//en/about_us/fun_box/politically_incorrect/

java.io.FileNotFoundException: https://my.dx.com/MyOrders/Index//dx.com/c/100603

java.io.FileNotFoundException: http://www.hr.com/en/communities/ihr_compensation/incentives__rewards_and_recognition/recognition_programs//en/about_us/fun_box/hr_in_the_new_economy/

java.io.FileNotFoundException: http://www.hr.com/en/communities/ihr_compensation/incentives__rewards_and_recognition/recognition_programs//en/about_us/fun_box/famous_quotes/

java.io.FileNotFoundException: http://www.hr.com/en/communities/ihr_compensation/incentives__rewards_and_recognition/recognition_programs//en/about_us/fun_box/photo_contests/

java.io.FileNotFoundException: http://www.hr.com/en/communities/ihr_compensation/incentives__rewards_and_recognition/recognition_programs//en/about_us/privacy_information/

java.io.FileNotFoundException: http://www.hr.com/en/communities/ihr_compensation/incentives__rewards_and_recognition/recognition_programs//en/about_us/legal_information/

java.io.FileNotFoundException: http://www.hr.com/en/communities/ihr_compensation/incentives__rewards_and_recognition/recognition_programs//en/about_us/hr_com_newsletters/

java.io.FileNotFoundException: http://www.hr.com/en/communities/ihr_compensation/incentives__rewards_and_recognition/recognition_programs//en/about_us/hr_com_newsletters/hr_communication/

java.io.FileNotFoundException: http://www.hr.com/en/communities/ihr_compensation/incentives__rewards_and_recognition/recognition_programs//en/about_us/hr_com_newsletters/hr_com_whitepapers/

java.io.FileNotFoundException: http://www.hr.com/en/communities/ihr_compensation/incentives__rewards_and_recognition/recognition_programs//en/about_us/hr_com_newsletters/thought_leaders/

java.io.FileNotFoundException: http://www.hr.com/en/communities/ihr_compensation/incentives__rewards_and_recognition/recognition_programs//en/about_us/hr_com_newsletters/reality_hr/

java.io.FileNotFoundException: http://www.hr.com/en/communities/ihr_compensation/incentives__rewards_and_recognition/recognition_programs//en/about_us/hr_com_newsletters/vendor_newsletters/

java.io.FileNotFoundException: http://www.hr.com/en/communities/ihr_compensation/incentives__rewards_and_recognition/recognition_programs//en/about_us/terms_content_policy/

java.io.FileNotFoundException: http://www.hr.com/en/communities/ihr_compensation/incentives__rewards_and_recognition/recognition_programs//en/about_us/terms_content_policy/blog_terms_and_conditions/

java.io.FileNotFoundException: http://www.hr.com/en/communities/ihr_compensation/incentives__rewards_and_recognition/recognition_programs//en/about_us/contact_us/

java.io.FileNotFoundException: http://www.hr.com/en/communities/ihr_compensation/incentives__rewards_and_recognition/recognition_programs//en/about_us/hr_com_press_releases/

java.io.FileNotFoundException: http://www.hr.com/en/communities/ihr_compensation/incentives__rewards_and_recognition/recognition_programs//en/about_us/become_a_regular_contributor/

java.io.FileNotFoundException: http://www.hr.com/en/communities/ihr_compensation/incentives__rewards_and_recognition/recognition_programs//en/about_us/advertise/

java.io.FileNotFoundException: http://www.hr.com/en/communities/ihr_compensation/incentives__rewards_and_recognition/recognition_programs//en/about_us/how_to_contribute/

java.io.FileNotFoundException: http://www.hr.com/en/communities/ihr_hr_in_california//en/communities/human_resources_management/ethics/

java.io.FileNotFoundException: http://www.hr.com/en/communities/ihr_compensation/incentives__rewards_and_recognition/recognition_programs//en/memberships/

java.io.FileNotFoundException: http://www.hr.com/en/communities/ihr_compensation/incentives__rewards_and_recognition/recognition_programs//en/communities/ihr/

java.io.FileNotFoundException: http://www.hr.com/en/communities/ihr_compensation/incentives__rewards_and_recognition/recognition_programs//en/communities/benefits/

java.io.FileNotFoundException: http://www.hr.com/en/communities/ihr_compensation/incentives__rewards_and_recognition/recognition_programs//en/communities/benefits/ihr_benefits_cost_containment_audits_legal_risks/

java.io.FileNotFoundException: http://www.hr.com/en/communities/ihr_compensation/incentives__rewards_and_recognition/recognition_programs//en/communities/benefits/design_and_technology/

java.io.FileNotFoundException: http://www.hr.com/en/communities/ihr_compensation/incentives__rewards_and_recognition/recognition_programs//en/communities/benefits/design_and_technology/benefits_administration/

java.io.FileNotFoundException: http://www.hr.com/en/communities/ihr_compensation/incentives__rewards_and_recognition/recognition_programs//en/communities/benefits/healthcare_legislation_and_compliance/

java.io.FileNotFoundException: http://www.hr.com/en/communities/ihr_compensation/incentives__rewards_and_recognition/recognition_programs//en/communities/benefits/design_and_technology/self_service/

java.io.FileNotFoundException: http://www.hr.com/en/communities/ihr_compensation/incentives__rewards_and_recognition/recognition_programs//en/communities/benefits/healthcare_legislation_and_compliance/cobra/

java.io.FileNotFoundException: http://www.hr.com/en/communities/ihr_compensation/incentives__rewards_and_recognition/recognition_programs//en/communities/benefits/healthcare_legislation_and_compliance/erisa/

java.io.FileNotFoundException: http://www.hr.com/en/communities/ihr_compensation/incentives__rewards_and_recognition/recognition_programs//en/communities/benefits/leave_benefits/

java.io.FileNotFoundException: http://www.hr.com/en/communities/ihr_compensation/incentives__rewards_and_recognition/recognition_programs//en/communities/benefits/leave_benefits/family_medical_and_leave_act/

java.io.FileNotFoundException: http://www.hr.com/en/communities/ihr_compensation/incentives__rewards_and_recognition/recognition_programs//en/communities/benefits/leave_benefits/paid_time_off__pto_/

java.io.FileNotFoundException: http://www.hr.com/en/communities/ihr_compensation/incentives__rewards_and_recognition/recognition_programs//en/communities/benefits/leave_benefits/parental_leave/

java.io.FileNotFoundException: http://www.hr.com/en/communities/ihr_compensation/incentives__rewards_and_recognition/recognition_programs//en/communities/benefits/leave_benefits/sick_leave/

java.io.FileNotFoundException: http://www.hr.com/en/communities/ihr_compensation/incentives__rewards_and_recognition/recognition_programs//en/communities/benefits/medical_benefits/aids_policies/

java.io.FileNotFoundException: http://www.hr.com/en/communities/ihr_compensation/incentives__rewards_and_recognition/recognition_programs//en/communities/benefits/medical_benefits/

java.io.FileNotFoundException: http://www.hr.com/en/communities/ihr_compensation/incentives__rewards_and_recognition/recognition_programs//en/communities/benefits/medical_benefits/consumer_directed_healthcare__cdh_/self_directed_healthcare__sdh_/

java.io.FileNotFoundException: http://www.hr.com/en/communities/ihr_compensation/incentives__rewards_and_recognition/recognition_programs//en/communities/benefits/medical_benefits/consumer_directed_healthcare__cdh_/

java.io.FileNotFoundException: http://www.hr.com/en/communities/ihr_compensation/incentives__rewards_and_recognition/recognition_programs//en/communities/benefits/medical_benefits/health_maintenance_organizations__hmos_/private_fee_for_service__pffs_/

java.io.FileNotFoundException: http://www.hr.com/en/communities/ihr_compensation/incentives__rewards_and_recognition/recognition_programs//en/communities/benefits/medical_benefits/health_maintenance_organizations__hmos_/

java.io.FileNotFoundException: http://www.hr.com/en/communities/ihr_compensation/incentives__rewards_and_recognition/recognition_programs//en/communities/benefits/healthcare_legislation_and_compliance/hipaa/

java.io.FileNotFoundException: http://www.hr.com/en/communities/ihr_compensation/incentives__rewards_and_recognition/recognition_programs//en/communities/benefits/medical_benefits/health_maintenance_organizations__hmos_/preferred_provider_organizations__ppo_/

java.io.FileNotFoundException: http://www.hr.com/en/communities/ihr_compensation/incentives__rewards_and_recognition/recognition_programs//en/communities/benefits/medical_benefits/health_reimbursement_accounts__hras_/

java.io.FileNotFoundException: http://www.hr.com/en/communities/ihr_compensation/incentives__rewards_and_recognition/recognition_programs//en/communities/benefits/medical_benefits/health_savings_accounts__hsas_/

java.io.FileNotFoundException: http://www.hr.com/en/communities/ihr_compensation/incentives__rewards_and_recognition/recognition_programs//en/communities/benefits/medical_benefits/insurance/

java.io.FileNotFoundException: http://www.hr.com/en/communities/ihr_compensation/incentives__rewards_and_recognition/recognition_programs//en/communities/benefits/medical_benefits/insurance/accident/

java.io.FileNotFoundException: http://www.hr.com/en/communities/ihr_compensation/incentives__rewards_and_recognition/recognition_programs//en/communities/benefits/medical_benefits/insurance/dental/

java.io.FileNotFoundException: http://www.hr.com/en/communities/ihr_compensation/incentives__rewards_and_recognition/recognition_programs//en/communities/benefits/medical_benefits/insurance/health/

java.io.FileNotFoundException: http://www.hr.com/en/communities/ihr_compensation/incentives__rewards_and_recognition/recognition_programs//en/communities/benefits/medical_benefits/insurance/life/

java.io.FileNotFoundException: http://www.hr.com/en/communities/ihr_compensation/incentives__rewards_and_recognition/recognition_programs//en/communities/benefits/medical_benefits/insurance/vision/

java.io.FileNotFoundException: http://www.hr.com/en/communities/ihr_compensation/incentives__rewards_and_recognition/recognition_programs//en/communities/benefits/medical_benefits/long_term_disability/

java.io.FileNotFoundException: http://www.hr.com/en/communities/ihr_compensation/incentives__rewards_and_recognition/recognition_programs//en/communities/benefits/medical_benefits/topical_health_issues/

java.io.FileNotFoundException: http://www.hr.com/en/communities/ihr_compensation/incentives__rewards_and_recognition/recognition_programs//en/communities/benefits/outsourcing_benefits/

java.io.FileNotFoundException: http://www.hr.com/en/communities/ihr_compensation/incentives__rewards_and_recognition/recognition_programs//en/communities/benefits/retirement_benefits/

java.io.FileNotFoundException: http://www.hr.com/en/communities/ihr_compensation/incentives__rewards_and_recognition/recognition_programs//en/communities/benefits/retirement_benefits/medicare/

java.io.FileNotFoundException: http://www.hr.com/en/communities/ihr_compensation/incentives__rewards_and_recognition/recognition_programs//en/communities/benefits/retirement_benefits/medicaid/

java.io.FileNotFoundException: http://www.hr.com/en/communities/ihr_compensation/incentives__rewards_and_recognition/recognition_programs//en/communities/benefits/retirement_benefits/health_and_wellness/

java.io.FileNotFoundException: http://www.hr.com/en/communities/ihr_compensation/incentives__rewards_and_recognition/recognition_programs//en/communities/benefits/retirement_benefits/401_k_/

java.io.FileNotFoundException: http://www.hr.com/en/communities/ihr_compensation/incentives__rewards_and_recognition/recognition_programs//en/communities/benefits/retirement_benefits/plan_options/

java.io.FileNotFoundException: http://www.hr.com/en/communities/ihr_compensation/incentives__rewards_and_recognition/recognition_programs//en/communities/benefits/voluntary_benefits/

java.io.FileNotFoundException: http://www.hr.com/en/communities/ihr_compensation/incentives__rewards_and_recognition/recognition_programs//en/communities/benefits/work_life_programs_and_employee_assistance_programs__eaps_/

java.io.FileNotFoundException: http://www.hr.com/en/communities/ihr_compensation/incentives__rewards_and_recognition/recognition_programs//en/communities/benefits/work_life_programs_and_employee_assistance_programs__eaps_/childcare_eldercare/

java.io.FileNotFoundException: http://www.hr.com/en/communities/ihr_compensation/incentives__rewards_and_recognition/recognition_programs//en/communities/benefits/work_life_programs_and_employee_assistance_programs__eaps_/concierge/

java.io.FileNotFoundException: http://www.hr.com/en/communities/ihr_compensation/incentives__rewards_and_recognition/recognition_programs//en/communities/benefits/work_life_programs_and_employee_assistance_programs__eaps_/dress_code/

java.io.FileNotFoundException: http://www.hr.com/en/communities/ihr_compensation/incentives__rewards_and_recognition/recognition_programs//en/communities/benefits/work_life_programs_and_employee_assistance_programs__eaps_/healthcare_wellness/

java.io.FileNotFoundException: http://www.hr.com/en/communities/ihr_compensation/incentives__rewards_and_recognition/recognition_programs//en/communities/benefits/work_life_programs_and_employee_assistance_programs__eaps_/flextime/

java.io.IOException: Server returned HTTP response code: 403 for URL: http://www.sedo.com/search/details.php4?domain=wmr.com&language=us&et_sub=1006&partnerid=14460&et_cid=13&et_lid=17473&origin=parking

java.io.FileNotFoundException: http://www.hr.com/en/communities/ihr_compensation/incentives__rewards_and_recognition/recognition_programs//en/communities/benefits/work_life_programs_and_employee_assistance_programs__eaps_/job_sharing/

java.io.FileNotFoundException: http://www.hr.com/en/communities/ihr_hr_in_california//en/communities/human_resources_management/foundations_of_hr/

java.io.FileNotFoundException: https://my.dx.com/MyOrders/Index//dx.com/c/100103

java.io.FileNotFoundException: http://www.hr.com/en/communities/ihr_compensation/incentives__rewards_and_recognition/recognition_programs//en/communities/benefits/work_life_programs_and_employee_assistance_programs__eaps_/telecommuting/

java.io.FileNotFoundException: http://www.hr.com/en/communities/ihr_compensation/incentives__rewards_and_recognition/recognition_programs//en/communities/benefits/work_life_programs_and_employee_assistance_programs__eaps_/academic_referral/

java.io.FileNotFoundException: http://www.hr.com/en/communities/ihr_compensation/incentives__rewards_and_recognition/recognition_programs//en/communities/benefits/work_life_programs_and_employee_assistance_programs__eaps_/addiction_therapy/

java.io.FileNotFoundException: http://www.hr.com/en/communities/ihr_compensation/incentives__rewards_and_recognition/recognition_programs//en/communities/benefits/work_life_programs_and_employee_assistance_programs__eaps_/financial_advisement/

java.io.FileNotFoundException: http://www.hr.com/en/communities/ihr_compensation/incentives__rewards_and_recognition/recognition_programs//en/communities/benefits/work_life_programs_and_employee_assistance_programs__eaps_/legal_and_employee_counseling/

java.io.FileNotFoundException: http://www.hr.com/en/communities/ihr_compensation/incentives__rewards_and_recognition/recognition_programs//en/communities/benefits/work_life_programs_and_employee_assistance_programs__eaps_/parenting_resources/

java.io.FileNotFoundException: http://www.hr.com/en/communities/ihr_compensation/incentives__rewards_and_recognition/recognition_programs//en/communities/benefits/work_life_programs_and_employee_assistance_programs__eaps_/pet_insurance/

java.io.FileNotFoundException: http://www.hr.com/en/communities/ihr_compensation/incentives__rewards_and_recognition/recognition_programs//en/communities/benefits/work_life_programs_and_employee_assistance_programs__eaps_/relocation_services/

java.io.FileNotFoundException: http://www.hr.com/en/communities/ihr_compensation/incentives__rewards_and_recognition/recognition_programs//en/communities/ihr_compensation/board_of_directors_pay/

java.io.FileNotFoundException: http://www.industryweek.com/procurement/midyear-service-centers-shipments-declining/penton_ur/nojs/light/register

java.io.FileNotFoundException: https://my.dx.com/MyOrders/Index//dx.com/c/100203

java.io.FileNotFoundException: http://www.hr.com/en/communities/ihr_compensation/incentives__rewards_and_recognition/recognition_programs//en/communities/ihr_compensation/compensation_modeling_and_forecasting/

java.io.FileNotFoundException: http://www.hr.com/en/communities/ihr_compensation/incentives__rewards_and_recognition/recognition_programs//en/communities/ihr_compensation/compensation_planning_and_management/

java.io.FileNotFoundException: http://www.hr.com/en/communities/ihr_compensation/incentives__rewards_and_recognition/recognition_programs//en/communities/ihr_compensation/compensation_planning_and_management/executive_compensation_management/

java.io.FileNotFoundException: http://www.hr.com/en/communities/ihr_compensation/incentives__rewards_and_recognition/recognition_programs//en/communities/ihr_compensation/compensation_planning_and_management/compliance_in_compensation_management/

java.io.FileNotFoundException: http://www.hr.com/en/communities/ihr_compensation/incentives__rewards_and_recognition/recognition_programs//en/communities/ihr_compensation/compensation_planning_and_management/pay_for_performance_planning_and_management/

java.io.FileNotFoundException: http://www.hr.com/en/communities/ihr_compensation/incentives__rewards_and_recognition/recognition_programs//en/communities/ihr_compensation/compensation_planning_and_management/stock_planning_and_administration/

java.io.FileNotFoundException: http://www.hr.com/en/communities/ihr_compensation/incentives__rewards_and_recognition/recognition_programs//en/communities/ihr_compensation/compensation_planning_and_management/salary_survey_planning_and_management/

java.io.FileNotFoundException: http://www.hr.com/en/communities/ihr_compensation/incentives__rewards_and_recognition/recognition_programs//en/communities/ihr_compensation/ecs_enterprise_compensation_solutions/

java.io.FileNotFoundException: http://www.hr.com/en/communities/ihr_compensation/incentives__rewards_and_recognition/recognition_programs//en/communities/ihr_compensation/compensation_trends/

java.io.FileNotFoundException: http://www.hr.com/en/communities/ihr_compensation/incentives__rewards_and_recognition/recognition_programs//en/communities/ihr_compensation/executive_compensation/

java.io.FileNotFoundException: http://www.hr.com/en/communities/ihr_compensation/incentives__rewards_and_recognition/recognition_programs//en/communities/ihr_compensation/compensation_measurement__reporting_and_analysis/

java.io.FileNotFoundException: http://www.hr.com/en/communities/ihr_compensation/incentives__rewards_and_recognition/recognition_programs//en/communities/ihr_compensation/incentives__rewards_and_recognition/gift_cards/

java.io.FileNotFoundException: http://www.industryweek.com/procurement/midyear-service-centers-shipments-declining//ad.doubleclick.net/N3834/jump/iw.home/supply_chain/procurement%3bpos=180_2%3bptype=article%3bpage=/procurement/midyear-service-centers-shipments-declining%3bsz=300x250,180x150%3btile=2%3bord=123456789?

java.io.FileNotFoundException: https://my.dx.com/MyOrders/Index//dx.com/c/100303

java.io.FileNotFoundException: http://www.hr.com/en/communities/ihr_compensation/incentives__rewards_and_recognition/recognition_programs//en/communities/ihr_compensation/incentives_measurement__reporting_and_analysis/incentives_planning_and_management/

java.io.FileNotFoundException: http://www.hr.com/en/communities/ihr_compensation/incentives__rewards_and_recognition/recognition_programs//en/communities/ihr_compensation/incentives_measurement__reporting_and_analysis/

java.io.FileNotFoundException: http://www.hr.com/en/communities/ihr_compensation/incentives__rewards_and_recognition/recognition_programs//en/communities/ihr_compensation/job_analysis__evaluation_and_grading/

java.io.FileNotFoundException: http://www.hr.com/en/communities/ihr_compensation/incentives__rewards_and_recognition/recognition_programs//en/communities/ihr_compensation/job_analysis__evaluation_and_grading/compensation_salary_surveys/

java.io.FileNotFoundException: http://www.hr.com/en/communities/ihr_compensation/incentives__rewards_and_recognition/recognition_programs//en/communities/ihr_compensation/job_analysis__evaluation_and_grading/compensation_surveys/

java.io.FileNotFoundException: http://www.hr.com/en/communities/ihr_compensation/incentives__rewards_and_recognition/recognition_programs//en/communities/ihr_compensation/pay_strategies/

java.io.FileNotFoundException: http://www.hr.com/en/communities/ihr_compensation/incentives__rewards_and_recognition/recognition_programs//en/communities/ihr_compensation/pay_strategies/base_pay/

java.io.FileNotFoundException: http://www.hr.com/en/communities/ihr_compensation/incentives__rewards_and_recognition/recognition_programs//en/communities/ihr_compensation/pay_strategies/variable_pay/

java.io.FileNotFoundException: http://www.hr.com/en/communities/ihr_compensation/incentives__rewards_and_recognition/recognition_programs//en/communities/ihr_compensation/pay_strategies/pay_for_performance/

java.io.FileNotFoundException: http://www.hr.com/en/communities/ihr_compensation/incentives__rewards_and_recognition/recognition_programs//en/communities/ihr_compensation/pay_strategies/skill_competency_based_pay/

java.io.FileNotFoundException: http://www.hr.com/en/communities/ihr_compensation/incentives__rewards_and_recognition/recognition_programs//en/communities/ihr_compensation/pay_strategies/variable_pay/equity_based_compensation/

java.io.FileNotFoundException: http://www.hr.com/en/communities/ihr_compensation/incentives__rewards_and_recognition/recognition_programs//en/communities/ihr_compensation/payroll/

java.io.FileNotFoundException: http://www.hr.com/en/communities/ihr_compensation/incentives__rewards_and_recognition/recognition_programs//en/communities/ihr_compensation/rfp_rfi_development/

java.io.FileNotFoundException: http://www.hr.com/en/communities/ihr_compensation/incentives__rewards_and_recognition/recognition_programs//en/communities/ihr_compensation/sales_force_compensation/

java.io.FileNotFoundException: http://www.hr.com/en/communities/ihr_compensation/incentives__rewards_and_recognition/recognition_programs//en/communities/ihr_compensation/pay_strategies/variable_pay/gainsharing/

java.io.FileNotFoundException: http://www.hr.com/en/communities/ihr_compensation/incentives__rewards_and_recognition/recognition_programs//en/communities/ihr_compensation/pay_strategies/variable_pay/profit_sharing/

java.io.FileNotFoundException: http://www.hr.com/en/communities/ihr_compensation/incentives__rewards_and_recognition/recognition_programs//en/communities/ihr_compensation/pay_equity/

java.io.FileNotFoundException: http://www.hr.com/en/communities/ihr_compensation/incentives_measurement__reporting_and_analysis//en/communities/

java.io.FileNotFoundException: http://www.hr.com/en/communities/ihr_compensation/incentives_measurement__reporting_and_analysis//en/communities/ihr_compensation/

java.io.FileNotFoundException: https://my.dx.com/MyOrders/Index//dx.com/c/100403

java.io.FileNotFoundException: http://www.hr.com/en/communities/ihr_compensation/incentives_measurement__reporting_and_analysis//en/communities/ihr_compensation/incentives_measurement__reporting_and_analysis/

java.io.FileNotFoundException: http://www.hr.com/en/communities/ihr_compensation/incentives_measurement__reporting_and_analysis//en/app/passwordLookup

java.io.FileNotFoundException: http://www.hr.com/en/communities/ihr_compensation/incentives_measurement__reporting_and_analysis//en/app/blog

java.io.FileNotFoundException: http://www.hr.com/en/communities/ihr_compensation/incentives_measurement__reporting_and_analysis//en/app/file

java.io.FileNotFoundException: http://www.hr.com/en/communities/ihr_compensation/incentives_measurement__reporting_and_analysis//en/app/group

java.io.FileNotFoundException: http://www.hr.com/en/communities/ihr_compensation/incentives_measurement__reporting_and_analysis//en/app/network/search/newest

java.io.FileNotFoundException: https://my.dx.com/MyOrders/Index//dx.com/c/100503

java.io.FileNotFoundException: http://www.hr.com/en/communities/ihr_compensation/incentives_measurement__reporting_and_analysis//en/webcasts_events/webcasts/upcoming_webcasts/opening-remarks-for-compensation-best-practices-an_hk5oh02s.html

java.io.FileNotFoundException: http://www.hr.com/en/communities/ihr_compensation/incentives_measurement__reporting_and_analysis//en/webcasts_events/webcasts/upcoming_webcasts/current-and-emerging-topics-in-executive-compensat_hiousd8c.html

java.io.FileNotFoundException: http://www.hr.com/en/communities/ihr_compensation/incentives_measurement__reporting_and_analysis//en/webcasts_events/webcasts/upcoming_webcasts/poorly-engaged-retail-employees-are-just-not-that-_hkfu0n5u.html

java.io.FileNotFoundException: http://www.hr.com/en/communities/ihr_compensation/incentives_measurement__reporting_and_analysis//en/webcasts_events/webcasts/archived_webcasts_and_podcasts/quantifying-hr-adding-objective-measures-in-the-ti_hhat7r5f.html

java.io.FileNotFoundException: http://www.hr.com/en/communities/ihr_compensation/incentives_measurement__reporting_and_analysis//en/webcasts_events/webcasts/archived_webcasts_and_podcasts/the-new-world-of-deferred-compensation-from-unmana_hfoescdf.html

java.io.FileNotFoundException: http://www.hr.com/en/communities/ihr_compensation/incentives_measurement__reporting_and_analysis//en/webcasts_events/webcasts/archived_webcasts_and_podcasts/goal-setting-tutorial--a-straightforward-approach-_hggktjhb.html

java.io.FileNotFoundException: http://www.hr.com/en/communities/ihr_compensation/incentives_measurement__reporting_and_analysis//en/communities/america%e2%80%99s-incentive-company-launches-social-media-_hha3m0w4.html

java.io.FileNotFoundException: http://www.hr.com/en/communities/ihr_compensation/incentives_measurement__reporting_and_analysis//en/communities/intermountain-community-bank-as-winner-of-the-goba_hf2kfzm4.html

java.io.FileNotFoundException: http://www.hr.com/en/communities/ihr_compensation/incentives__rewards_and_recognition/recognition_programs//en/communities/ihr_contract_workforce_talent_exchange/vendor_management_solutions/

java.io.FileNotFoundException: http://www.hr.com/en/communities/ihr_compensation/incentives__rewards_and_recognition/recognition_programs//en/communities/ihr_contract_workforce_talent_exchange/talent_exchanges/

java.io.FileNotFoundException: http://www.hr.com/en/communities/ihr_compensation/incentives__rewards_and_recognition/recognition_programs//en/communities/ihr_contract_workforce_talent_exchange/rpo_services/

java.io.FileNotFoundException: http://www.hr.com/en/communities/ihr_compensation/incentives__rewards_and_recognition/recognition_programs//en/communities/ihr_contract_workforce_talent_exchange/

java.io.FileNotFoundException: http://www.hr.com/en/communities/ihr_compensation/incentives__rewards_and_recognition/recognition_programs//en/communities/ihr_compensation/payroll_001/

java.io.FileNotFoundException: http://www.hr.com/en/communities/ihr_compensation/incentives__rewards_and_recognition/recognition_programs//en/communities/ihr_contract_workforce_talent_exchange/contract_worker_payroll/

java.io.FileNotFoundException: http://www.hr.com/en/communities/ihr_compensation/incentives__rewards_and_recognition/recognition_programs//en/communities/ihr_compensation/severance_pay/

java.io.FileNotFoundException: http://www.hr.com/en/communities/ihr_compensation/incentives__rewards_and_recognition/recognition_programs//en/communities/ihr_contract_workforce_talent_exchange/temporary_staffing_solutions/

java.io.FileNotFoundException: http://www.hr.com/en/communities/ihr_compensation/incentives__rewards_and_recognition/recognition_programs//en/communities/ihr_contract_workforce_talent_exchange/contract_workforce_talent_exchanges_metrics/

java.io.FileNotFoundException: http://www.hr.com/en/communities/ihr_compensation/incentives__rewards_and_recognition/recognition_programs//en/communities/ihr_contract_workforce_talent_exchange/managed_service_provider/

java.io.FileNotFoundException: http://www.hr.com/en/communities/ihr_compensation/incentives__rewards_and_recognition/recognition_programs//en/communities/ihr_contract_workforce_talent_exchange/contract_workforce_talent_exchanges_legal_compliance/

java.io.FileNotFoundException: http://www.hr.com/en/communities/ihr_compensation/incentives__rewards_and_recognition/recognition_programs//en/communities/ihr_contract_workforce_talent_exchange/contract_workforce_talent_exchanges_tools_technology/

java.io.FileNotFoundException: http://www.hr.com/en/communities/ihr_compensation/incentives__rewards_and_recognition/recognition_programs//en/communities/ihr_employee_wellness/

java.io.FileNotFoundException: http://www.hr.com/en/communities/ihr_compensation/incentives__rewards_and_recognition/recognition_programs//en/communities/ihr_employee_wellness/productivity/

java.io.FileNotFoundException: http://www.hr.com/en/communities/ihr_compensation/incentives__rewards_and_recognition/recognition_programs//en/communities/ihr_employee_wellness/employee_health/

java.io.FileNotFoundException: http://www.hr.com/en/communities/ihr_compensation/incentives__rewards_and_recognition/recognition_programs//en/communities/ihr_employee_wellness/culture_of_health/

java.io.FileNotFoundException: http://www.hr.com/en/communities/ihr_compensation/incentives__rewards_and_recognition/recognition_programs//en/communities/ihr_employee_wellness/employee_wellness_templates_forms_contracts/

java.io.FileNotFoundException: http://www.hr.com/en/communities/ihr_compensation/incentives__rewards_and_recognition/recognition_programs//en/communities/ihr_employee_wellness/prevention/

java.io.FileNotFoundException: http://www.hr.com/en/communities/ihr_compensation/incentives__rewards_and_recognition/recognition_programs//en/communities/ihr_employee_wellness/financial_wellness/

java.io.FileNotFoundException: http://www.hr.com/en/communities/ihr_compensation/incentives__rewards_and_recognition/recognition_programs//en/communities/ihr_employee_wellness/employee_wellness_legal_compliance/

java.io.FileNotFoundException: http://www.hr.com/en/communities/ihr_compensation/incentives__rewards_and_recognition/recognition_programs//en/communities/ihr_employee_wellness/employee_cost/

java.io.FileNotFoundException: http://www.hr.com/en/communities/ihr_compensation/incentives__rewards_and_recognition/recognition_programs//en/communities/ihr_contract_workforce_talent_exchange/contract_workforce_talent_exchanges_templates_forms_contracts/

java.io.FileNotFoundException: http://www.hr.com/en/communities/ihr_compensation/incentives__rewards_and_recognition/recognition_programs//en/communities/ihr_employee_wellness/employee_cost/reimbursement_plans/

java.io.FileNotFoundException: http://www.hr.com/en/communities/ihr_compensation/incentives__rewards_and_recognition/recognition_programs//en/communities/ihr_employee_wellness/employee_cost/incentives/

java.io.FileNotFoundException: http://www.hr.com/en/communities/ihr_compensation/incentives__rewards_and_recognition/recognition_programs//en/communities/ihr_employee_wellness/onsite_testing/clinics/

java.io.FileNotFoundException: http://www.hr.com/en/communities/ihr_compensation/incentives__rewards_and_recognition/recognition_programs//en/communities/ihr_employee_wellness/onsite_testing/

java.net.MalformedURLException: no protocol: category.php?id=33&brand=920

java.io.FileNotFoundException: http://www.hr.com/en/communities/ihr_compensation/incentives__rewards_and_recognition/recognition_programs//en/communities/ihr_employee_wellness/employee_communication/

java.io.FileNotFoundException: http://www.hr.com/en/communities/ihr_compensation/incentives__rewards_and_recognition/recognition_programs//en/communities/ihr_employee_wellness/onsite_testing/health_fairs/

java.io.FileNotFoundException: http://www.hr.com/en/communities/ihr_compensation/incentives__rewards_and_recognition/recognition_programs//en/communities/ihr_employee_wellness/employee_communication/wellness_portals/

java.io.FileNotFoundException: http://www.hr.com/en/communities/ihr_compensation/incentives__rewards_and_recognition/recognition_programs//en/communities/ihr_employee_wellness/employee_communication/hra/

java.io.FileNotFoundException: http://www.hr.com/en/communities/ihr_compensation/incentives__rewards_and_recognition/recognition_programs//en/communities/ihr_employee_wellness/employee_communication/identification_of_troubled_areas/

java.io.FileNotFoundException: http://www.hr.com/en/communities/ihr_compensation/incentives__rewards_and_recognition/recognition_programs//en/communities/ihr_employee_wellness/benefit_healthcare_cost_containment/

java.io.FileNotFoundException: http://www.hr.com/en/communities/ihr_compensation/incentives__rewards_and_recognition/recognition_programs//en/communities/ihr_employee_wellness/benefit_healthcare_cost_containment/reduction_in_drug_expense/

java.io.FileNotFoundException: http://www.hr.com/en/communities/ihr_compensation/incentives__rewards_and_recognition/recognition_programs//en/communities/ihr_employee_wellness/benefit_healthcare_cost_containment/reduction_in_doctor_visits/

java.io.FileNotFoundException: http://www.hr.com/en/communities/ihr_compensation/incentives__rewards_and_recognition/recognition_programs//en/communities/ihr_employee_wellness/weight_management/

java.io.FileNotFoundException: http://www.hr.com/en/communities/ihr_compensation/incentives_measurement__reporting_and_analysis//en/communities/online-reviews-incentives-and-wi-fi-are-key-to-hot_ha9p3kk9.html

java.io.FileNotFoundException: http://www.hr.com/en/communities/ihr_compensation/incentives_measurement__reporting_and_analysis//en/communities/compensation-resources-inc-releases-its-2012-compe_h7vx8jbj.html

java.io.FileNotFoundException: https://my.dx.com/MyOrders/Index//dx.com/c/100703

java.io.FileNotFoundException: http://www.hr.com/en/communities/ihr_compensation/incentives_measurement__reporting_and_analysis//en/app/profile/ellen.luk/

java.io.FileNotFoundException: http://www.hr.com/en/communities/ihr_compensation/incentives_measurement__reporting_and_analysis//en/communities/buck-consultants-survey-3-percent-salary-increase-_h9rakcu9.html

java.io.FileNotFoundException: http://www.industryweek.com/procurement/midyear-service-centers-shipments-declining/inventory-management/metal-shipments-steady-may-lack-momentum

java.io.FileNotFoundException: http://www.hr.com/en/communities/ihr_compensation/incentives_measurement__reporting_and_analysis//en/app/profile/kimberly.mclean/

java.io.FileNotFoundException: http://www.industryweek.com/procurement/midyear-service-centers-shipments-declining/planning-amp-forecasting/steel-strong-aluminum-steady-april-shipments

java.io.FileNotFoundException: http://www.hr.com/en/communities/ihr_compensation/incentives_measurement__reporting_and_analysis//en/app/profile/myriam.de

java.io.FileNotFoundException: http://www.hr.com/en/communities/ihr_compensation/incentives_measurement__reporting_and_analysis//en/app/profile/roberta.wahl/

java.io.FileNotFoundException: http://www.industryweek.com/procurement/midyear-service-centers-shipments-declining/warehousing-and-distribution/metal-service-center-shipments-declined-march

java.io.FileNotFoundException: http://www.hr.com/en/communities/ihr_compensation/incentives_measurement__reporting_and_analysis//en/app/profile/adele.abrams/

java.io.FileNotFoundException: http://www.hr.com/en/communities/ihr_compensation/incentives_measurement__reporting_and_analysis//en/app/profile/gary.cottrell/

java.io.FileNotFoundException: http://www.hr.com/en/communities/ihr_compensation/incentives_measurement__reporting_and_analysis//en/app/profile/erik.charles/

java.io.FileNotFoundException: http://www.hr.com/en/communities/ihr_compensation/incentives_measurement__reporting_and_analysis//en/app/profile/michael.bamberger/

java.io.FileNotFoundException: http://www.hr.com/en/communities/ihr_compensation/incentives_measurement__reporting_and_analysis//en/app/profile/wayne.cooper/

java.io.FileNotFoundException: http://www.hr.com/en/communities/ihr_compensation/incentives_measurement__reporting_and_analysis//en/app/profile/gabriela

java.io.FileNotFoundException: http://www.hr.com/en/communities/ihr_compensation/incentives_measurement__reporting_and_analysis//en/app/blog/2013/09/hr-data-and-analytics-what-does-your-organization-_hl7yaj60.html

java.io.FileNotFoundException: http://www.industryweek.com/procurement/midyear-service-centers-shipments-declining/procurement/uptick-service-centers-july-steel-aluminum-shipments

java.io.FileNotFoundException: http://www.hr.com/en/communities/ihr_compensation/incentives_measurement__reporting_and_analysis//en/app/blog/2013/08/how-can-schaefer-recognition-group-help-with-emplo_hky5ch5s.html

java.io.FileNotFoundException: http://www.hr.com/en/communities/ihr_compensation/incentives_measurement__reporting_and_analysis//en/app/blog/2013/08/zen-and-the-art-of-executive-compensation_hkv7lltx.html

java.io.FileNotFoundException: http://www.hr.com/en/communities/ihr_compensation/incentives_measurement__reporting_and_analysis//en/app/blog/2013/08/are-you-rewarding-failure_hkx4229t.html

java.io.FileNotFoundException: http://www.hr.com/en/communities/ihr_compensation/incentives_measurement__reporting_and_analysis//en/app/blog/2013/08/hr-bartender-sharlyn-lauby-strategic-hr-partnershi_hkmj7hoi.html

java.io.FileNotFoundException: http://www.hr.com/en/communities/ihr_compensation/incentives_measurement__reporting_and_analysis//buyersguide/company/view/calliduscloud

java.io.FileNotFoundException: http://www.hr.com/en/communities/ihr_compensation/incentives_measurement__reporting_and_analysis//buyersguide/product/rate/1292442186545

java.io.FileNotFoundException: http://www.hr.com/en/communities/ihr_compensation/incentives_measurement__reporting_and_analysis//buyersguide/company/view/culpepper_and_associates_inc.

java.io.FileNotFoundException: http://www.hr.com/en/communities/ihr_compensation/incentives_measurement__reporting_and_analysis//buyersguide/product/rate/1292946889661

java.io.FileNotFoundException: http://www.hr.com/en/communities/ihr_compensation/incentives_measurement__reporting_and_analysis//buyersguide/company/view/decusoft

java.io.FileNotFoundException: http://www.industryweek.com/procurement/midyear-service-centers-shipments-declining/companies-amp-executives/thyssenkrupp-materials-na-becomes-part-global-aerospace-service-center-netw

java.io.FileNotFoundException: http://www.industryweek.com/procurement/midyear-service-centers-shipments-declining/technology/japan-seeks-ultrafast-wireless-technology-2020

java.io.FileNotFoundException: http://www.hr.com/en/communities/ihr_compensation/incentives_measurement__reporting_and_analysis//buyersguide/product/rate/1292947944784

java.io.FileNotFoundException: http://www.hr.com/en/communities/ihr_compensation/incentives_measurement__reporting_and_analysis//buyersguide/company/view/longnecker_associates

java.io.FileNotFoundException: http://www.hr.com/en/communities/ihr_compensation/incentives_measurement__reporting_and_analysis//buyersguide/company/view/longnecker_associates

java.io.FileNotFoundException: http://www.hr.com/en/communities/ihr_compensation/incentives_measurement__reporting_and_analysis//buyersguide/product/rate/1294605583443

java.io.FileNotFoundException: http://www.industryweek.com/procurement/midyear-service-centers-shipments-declining/expansion-management/free-trade-zone-china-spurs-hope-reform-revival

java.io.FileNotFoundException: http://www.hr.com/en/communities/ihr_compensation/incentives_measurement__reporting_and_analysis//buyersguide/product/rate/1294606076254

java.io.FileNotFoundException: http://www.industryweek.com/procurement/midyear-service-centers-shipments-declining/public-policy/china-targets-bayer-drug-price-probe

java.io.FileNotFoundException: http://www.hr.com/en/communities/ihr_compensation/incentives_measurement__reporting_and_analysis//buyersguide/company/view/netcommissions_inc

java.io.FileNotFoundException: http://www.hr.com/en/communities/ihr_compensation/incentives_measurement__reporting_and_analysis//buyersguide/product/rate/1294607386599

java.io.FileNotFoundException: http://www.hr.com/en/communities/ihr_compensation/incentives__rewards_and_recognition/recognition_programs//en/communities/ihr_employee_wellness/weight_management/exercise_programs/

java.io.FileNotFoundException: http://www.industryweek.com/procurement/midyear-service-centers-shipments-declining/supply-chain/1400-steel-jobs-italy-threatened-legal-row

java.io.FileNotFoundException: http://www.hr.com/en/communities/ihr_compensation/incentives__rewards_and_recognition/recognition_programs//en/communities/ihr_employee_wellness/weight_management/support_management/

java.io.FileNotFoundException: http://www.hr.com/en/communities/ihr_compensation/incentives__rewards_and_recognition/recognition_programs//en/communities/ihr_employee_wellness/weight_management/internal_programs/

java.io.FileNotFoundException: http://www.hr.com/en/communities/ihr_compensation/incentives__rewards_and_recognition/recognition_programs//en/communities/ihr_employee_wellness/cessation_reduction/

java.io.FileNotFoundException: http://www.hr.com/en/communities/ihr_compensation/incentives__rewards_and_recognition/recognition_programs//en/communities/ihr_employee_wellness/cessation_reduction/drug_alcohol_dependence/

java.io.FileNotFoundException: http://www.hr.com/en/communities/ihr_compensation/incentives__rewards_and_recognition/recognition_programs//en/communities/ihr_employee_wellness/cessation_reduction/smoking/

java.io.FileNotFoundException: http://www.hr.com/en/communities/ihr_compensation/incentives__rewards_and_recognition/recognition_programs//en/communities/ihr_employee_wellness/cessation_reduction/eating_disorders/

java.io.FileNotFoundException: https://my.dx.com/MyOrders/Index//dx.com/c/100803

java.io.FileNotFoundException: http://www.hr.com/en/communities/ihr_compensation/incentives__rewards_and_recognition/recognition_programs//en/communities/ihr_employee_wellness/absenteeism/

java.io.FileNotFoundException: http://www.hr.com/en/communities/ihr_compensation/incentives__rewards_and_recognition/recognition_programs//en/communities/ihr_employee_wellness/absenteeism/reduction/

java.io.FileNotFoundException: http://www.hr.com/en/communities/ihr_compensation/incentives__rewards_and_recognition/recognition_programs//en/communities/ihr_employee_wellness/absenteeism/cost/

java.io.FileNotFoundException: http://www.hr.com/en/communities/ihr_compensation/incentives__rewards_and_recognition/recognition_programs//en/communities/ihr_employee_wellness/absenteeism/presenters/

java.io.FileNotFoundException: http://www.hr.com/en/communities/ihr_compensation/incentives__rewards_and_recognition/recognition_programs//en/communities/ihr_employee_wellness/absenteeism/accommodation_at_work/

java.io.FileNotFoundException: http://www.hr.com/en/communities/ihr_compensation/incentives__rewards_and_recognition/recognition_programs//en/communities/ihr_employee_wellness/absenteeism/long_term_rehabilitation/

java.io.FileNotFoundException: http://www.hr.com/en/communities/ihr_compensation/incentives__rewards_and_recognition/recognition_programs//en/communities/ihr_employee_wellness/employee_wellness_tools_technology/

java.io.FileNotFoundException: http://www.hr.com/en/communities/ihr_compensation/incentives__rewards_and_recognition/recognition_programs//en/communities/ihr_employee_wellness/employee_wellness_metrics/

java.io.FileNotFoundException: http://www.hr.com/en/communities/ihr_compensation/incentives__rewards_and_recognition/recognition_programs//en/communities/hr_in_canada/

java.io.FileNotFoundException: http://www.hr.com/en/communities/ihr_compensation/incentives__rewards_and_recognition/recognition_programs//en/communities/hr_in_canada/canadian_masters_in_hr_strategy_execution/

java.io.FileNotFoundException: http://www.hr.com/en/communities/ihr_compensation/incentives__rewards_and_recognition/recognition_programs//en/communities/ihr_hr_in_california/

java.io.FileNotFoundException: http://www.hr.com/en/communities/ihr_compensation/incentives__rewards_and_recognition/recognition_programs//en/communities/ihr_health_safety/

java.io.FileNotFoundException: http://www.hr.com/en/communities/ihr_compensation/incentives__rewards_and_recognition/recognition_programs//en/communities/ihr_employee_wellness/absenteeism/measurement/

java.io.FileNotFoundException: http://www.hr.com/en/communities/ihr_compensation/incentives__rewards_and_recognition/recognition_programs//en/communities/ihr_health_safety/unions/

java.io.FileNotFoundException: http://www.hr.com/en/communities/ihr_compensation/incentives__rewards_and_recognition/recognition_programs//en/communities/ihr_health_safety/health_safety_legal_compliance/

java.io.FileNotFoundException: http://www.hr.com/en/communities/ihr_compensation/incentives__rewards_and_recognition/recognition_programs//en/communities/ihr_health_safety/health_safety_legal_compliance/risk_management/

java.io.FileNotFoundException: http://www.hr.com/en/communities/ihr_compensation/incentives__rewards_and_recognition/recognition_programs//en/communities/ihr_health_safety/health_safety_legal_compliance/audits/

java.io.FileNotFoundException: http://www.hr.com/en/communities/ihr_compensation/incentives__rewards_and_recognition/recognition_programs//en/communities/ihr_health_safety/health_safety_legal_compliance/occupational_health_safety_act/

java.io.FileNotFoundException: http://www.hr.com/en/communities/ihr_compensation/incentives__rewards_and_recognition/recognition_programs//en/communities/ihr_health_safety/health_safety_legal_compliance/osha/

java.io.FileNotFoundException: http://www.hr.com/en/communities/ihr_compensation/incentives__rewards_and_recognition/recognition_programs//en/communities/ihr_health_safety/health_safety_legal_compliance/hipaa/

java.io.FileNotFoundException: https://my.dx.com/MyOrders/Index//dx.com/c/100903

java.io.FileNotFoundException: http://www.hr.com/en/communities/ihr_compensation/incentives__rewards_and_recognition/recognition_programs//en/communities/ihr_health_safety/employee_wellness/

java.io.FileNotFoundException: http://www.hr.com/en/communities/ihr_compensation/incentives__rewards_and_recognition/recognition_programs//en/communities/ihr_health_safety/workers_compensation/

java.io.FileNotFoundException: http://www.hr.com/en/communities/ihr_compensation/incentives__rewards_and_recognition/recognition_programs//en/communities/ihr_health_safety/standardization/

java.io.FileNotFoundException: http://www.hr.com/en/communities/ihr_compensation/incentives__rewards_and_recognition/recognition_programs//en/communities/ihr_health_safety/standardization/iso_international_organization_for_standardization/

java.io.FileNotFoundException: http://www.hr.com/en/communities/ihr_compensation/incentives__rewards_and_recognition/recognition_programs//en/communities/ihr_health_safety/health_safety_templates_forms_and_contracts/

java.io.FileNotFoundException: http://www.hr.com/en/communities/ihr_compensation/incentives__rewards_and_recognition/recognition_programs//en/communities/ihr_health_safety/health_safety_templates_forms_and_contracts/msds_material_safety_data_sheets/

java.io.FileNotFoundException: http://www.hr.com/en/communities/ihr_compensation/incentives__rewards_and_recognition/recognition_programs//en/communities/ihr_health_safety/health_safety_training/

java.io.FileNotFoundException: http://www.hr.com/en/communities/ihr_compensation/incentives__rewards_and_recognition/recognition_programs//en/communities/ihr_health_safety/health_safety_training/global/

java.io.FileNotFoundException: http://www.hr.com/en/communities/ihr_compensation/incentives__rewards_and_recognition/recognition_programs//en/communities/ihr_health_safety/health_safety_training/us_based/

java.io.FileNotFoundException: http://www.hr.com/en/communities/ihr_compensation/incentives__rewards_and_recognition/recognition_programs//en/communities/ihr_health_safety/health_safety_training/canadian_based/

java.io.FileNotFoundException: http://www.hr.com/en/communities/ihr_compensation/incentives__rewards_and_recognition/recognition_programs//en/communities/ihr_health_safety/health_safety_training/consultants/

java.io.FileNotFoundException: http://www.hr.com/en/communities/ihr_compensation/incentives__rewards_and_recognition/recognition_programs//en/communities/ihr_health_safety/health_safety_training/whmis_workplace_hazardous_materials_information_system/

java.io.FileNotFoundException: http://www.hr.com/en/communities/ihr_compensation/incentives__rewards_and_recognition/recognition_programs//en/communities/ihr_health_safety/health_safety_tools_technology/

java.io.FileNotFoundException: http://www.hr.com/en/communities/ihr_compensation/incentives__rewards_and_recognition/recognition_programs//en/communities/ihr_health_safety/health_safety_metrics/

java.io.FileNotFoundException: http://www.hr.com/en/communities/ihr_compensation/incentives__rewards_and_recognition/recognition_programs//en/communities/hr_industries/

java.io.FileNotFoundException: http://www.hr.com/en/communities/ihr_compensation/incentives__rewards_and_recognition/recognition_programs//en/communities/hr_industries/agriculture__forestry__fishing_and_mining/

java.io.FileNotFoundException: http://www.hr.com/en/communities/ihr_compensation/incentives__rewards_and_recognition/recognition_programs//en/communities/hr_industries/computer_telecom/

java.io.FileNotFoundException: http://www.hr.com/en/communities/ihr_compensation/incentives__rewards_and_recognition/recognition_programs//en/communities/hr_industries/construction/

java.io.FileNotFoundException: http://www.fr.com/pagenotfound/

java.io.FileNotFoundException: http://www.hr.com/en/communities/ihr_compensation/incentives__rewards_and_recognition/recognition_programs//en/communities/hr_industries/finance__insurance_and_real_estate/

java.io.FileNotFoundException: http://www.hr.com/en/communities/ihr_compensation/incentives__rewards_and_recognition/recognition_programs//en/communities/hr_industries/education/

java.io.FileNotFoundException: http://www.hr.com/en/communities/ihr_compensation/incentives__rewards_and_recognition/recognition_programs//en/communities/hr_industries/hospitality/

java.io.FileNotFoundException: http://www.hr.com/en/communities/ihr_compensation/incentives__rewards_and_recognition/recognition_programs//en/communities/hr_industries/ihr_hr_in_retail/

java.io.FileNotFoundException: http://www.hr.com/en/communities/ihr_compensation/incentives__rewards_and_recognition/recognition_programs//en/communities/hr_industries/ihr_hr_in_government/

java.io.FileNotFoundException: http://www.hr.com/en/communities/ihr_compensation/incentives__rewards_and_recognition/recognition_programs//en/communities/hr_industries/health_services/

java.io.FileNotFoundException: http://www.hr.com/en/communities/ihr_compensation/incentives__rewards_and_recognition/recognition_programs//en/communities/hr_industries/manufacturing/

java.io.FileNotFoundException: http://www.hr.com/en/communities/ihr_compensation/incentives__rewards_and_recognition/recognition_programs//en/communities/hr_industries/media_entertainment/

java.io.FileNotFoundException: http://www.hr.com/en/communities/ihr_compensation/incentives__rewards_and_recognition/recognition_programs//en/communities/hr_industries/non_profit/

java.io.FileNotFoundException: http://www.hr.com/en/communities/ihr_compensation/incentives__rewards_and_recognition/recognition_programs//en/communities/hr_industries/transportation_and_public_utilities/

java.io.FileNotFoundException: http://www.hr.com/en/communities/ihr_compensation/incentives__rewards_and_recognition/recognition_programs//en/communities/hr_industries/wholesale_trade/

java.io.FileNotFoundException: http://www.hr.com/en/communities/ihr_compensation/incentives__rewards_and_recognition/recognition_programs//en/communities/hr_industries/travel__recreation_and_leisure/

java.io.FileNotFoundException: http://www.hr.com/en/communities/ihr_compensation/incentives__rewards_and_recognition/recognition_programs//en/communities/ihr_hris_erp/

java.io.FileNotFoundException: http://www.hr.com/en/communities/ihr_compensation/incentives__rewards_and_recognition/recognition_programs//en/communities/ihr_hris_erp/erp_enterprise_resources_planning/

java.io.FileNotFoundException: http://www.hr.com/en/communities/ihr_compensation/incentives__rewards_and_recognition/recognition_programs//en/communities/ihr_hris_erp/erp_enterprise_resources_planning/call_centers/

java.io.FileNotFoundException: http://www.hr.com/en/communities/ihr_compensation/incentives__rewards_and_recognition/recognition_programs//en/communities/hr_industries/services/

java.io.FileNotFoundException: http://www.hr.com/en/communities/ihr_compensation/incentives__rewards_and_recognition/recognition_programs//en/communities/ihr_hris_erp/erp_enterprise_resources_planning/compliance_in_hcm/

java.io.FileNotFoundException: http://www.hr.com/en/communities/ihr_compensation/incentives__rewards_and_recognition/recognition_programs//en/communities/ihr_hris_erp/erp_enterprise_resources_planning/enterprise_learning/

java.io.FileNotFoundException: http://www.hr.com/en/communities/ihr_compensation/incentives__rewards_and_recognition/recognition_programs//en/communities/ihr_hris_erp/erp_enterprise_resources_planning/hcm_trends/

java.io.FileNotFoundException: https://my.dx.com/MyOrders/Index//dx.com/c/101003

java.io.FileNotFoundException: http://www.hr.com/en/communities/ihr_compensation/incentives__rewards_and_recognition/recognition_programs//en/communities/ihr_hris_erp/erp_enterprise_resources_planning/hris_benefits/

java.io.FileNotFoundException: http://www.hr.com/en/communities/ihr_compensation/incentives__rewards_and_recognition/recognition_programs//en/communities/ihr_hris_erp/erp_enterprise_resources_planning/hcm_and_integrated_financials/

java.io.FileNotFoundException: http://www.hr.com/en/communities/ihr_compensation/incentives__rewards_and_recognition/recognition_programs//en/communities/ihr_hris_erp/erp_enterprise_resources_planning/pay_for_performance_planning_and_management/

java.io.FileNotFoundException: http://www.hr.com/en/communities/ihr_compensation/incentives__rewards_and_recognition/recognition_programs//en/communities/ihr_hris_erp/erp_enterprise_resources_planning/portals_and_employee_communications/

java.net.ConnectException: Connection timed out

java.io.FileNotFoundException: https://my.dx.com/MyOrders/Index//dx.com/c/101203

java.io.FileNotFoundException: http://www.hr.com/en/communities/ihr_compensation/incentives_measurement__reporting_and_analysis//en/

java.io.FileNotFoundException: http://www.hr.com/en/communities/ihr_compensation/incentives_measurement__reporting_and_analysis//en

java.io.FileNotFoundException: http://www.iranicaonline.org/newsite/index.isc?Article=http://www.iranica.com/newsite/articles/unicode/v3f5/v3f5a037.html

java.io.FileNotFoundException: http://www.hr.com/en/communities/ihr_compensation/incentives_measurement__reporting_and_analysis//en/about_us/

java.io.FileNotFoundException: https://my.dx.com/MyOrders/Index//dx.com/c/101403

java.io.FileNotFoundException: http://www.hr.com/en/communities/ihr_compensation/incentives_measurement__reporting_and_analysis//en/about_us/hr_com_team/

java.io.FileNotFoundException: http://www.hr.com/en/communities/ihr_compensation/incentives_measurement__reporting_and_analysis//en/about_us/syndicated_content/

java.io.FileNotFoundException: http://www.hr.com/en/communities/ihr_compensation/incentives_measurement__reporting_and_analysis//en/about_us/the_hr_com_manifesto/

java.io.FileNotFoundException: http://www.hr.com/en/communities/ihr_compensation/incentives_measurement__reporting_and_analysis//en/about_us/faq/

java.io.FileNotFoundException: http://www.hr.com/en/communities/ihr_compensation/incentives_measurement__reporting_and_analysis//en/about_us/fun_box/

java.io.FileNotFoundException: http://www.hr.com/en/communities/ihr_compensation/incentives_measurement__reporting_and_analysis//en/about_us/fun_box/crossword_puzzles/

java.io.FileNotFoundException: http://www.hr.com/en/communities/ihr_compensation/incentives_measurement__reporting_and_analysis//en/about_us/fun_box/my_cubicle/

java.io.FileNotFoundException: http://www.hr.com/en/communities/ihr_compensation/incentives_measurement__reporting_and_analysis//en/about_us/fun_box/office_humor/

java.io.FileNotFoundException: http://www.hr.com/en/communities/ihr_compensation/incentives_measurement__reporting_and_analysis//en/about_us/fun_box/footprint/

java.io.FileNotFoundException: http://www.hr.com/en/communities/ihr_compensation/incentives_measurement__reporting_and_analysis//en/about_us/fun_box/lose_it_for_charity/

java.io.FileNotFoundException: http://www.hr.com/en/communities/ihr_compensation/incentives_measurement__reporting_and_analysis//en/about_us/fun_box/grow/

java.io.FileNotFoundException: http://www.hr.com/en/communities/ihr_compensation/incentives_measurement__reporting_and_analysis//en/about_us/fun_box/happy_holidays/

java.io.FileNotFoundException: http://www.hr.com/en/communities/ihr_compensation/incentives_measurement__reporting_and_analysis//en/about_us/fun_box/hr_magic/

java.io.FileNotFoundException: http://www.hr.com/en/communities/ihr_compensation/incentives_measurement__reporting_and_analysis//en/about_us/fun_box/politically_incorrect/

java.io.FileNotFoundException: http://www.hr.com/en/communities/ihr_compensation/incentives_measurement__reporting_and_analysis//en/about_us/fun_box/hr_in_the_new_economy/

java.io.FileNotFoundException: http://www.hr.com/en/communities/ihr_compensation/incentives_measurement__reporting_and_analysis//en/about_us/fun_box/famous_quotes/

java.io.FileNotFoundException: http://www.hr.com/en/communities/ihr_compensation/incentives_measurement__reporting_and_analysis//en/about_us/privacy_information/

java.io.FileNotFoundException: http://www.hr.com/en/communities/ihr_compensation/incentives_measurement__reporting_and_analysis//en/about_us/fun_box/photo_contests/

java.io.FileNotFoundException: http://www.hr.com/en/communities/ihr_compensation/incentives_measurement__reporting_and_analysis//en/about_us/legal_information/

java.io.FileNotFoundException: http://www.hr.com/en/communities/ihr_compensation/incentives_measurement__reporting_and_analysis//en/about_us/hr_com_newsletters/

java.io.FileNotFoundException: http://www.hr.com/en/communities/ihr_compensation/incentives_measurement__reporting_and_analysis//en/about_us/hr_com_newsletters/hr_com_whitepapers/

java.io.FileNotFoundException: http://www.hr.com/en/communities/ihr_compensation/incentives_measurement__reporting_and_analysis//en/about_us/hr_com_newsletters/hr_communication/

java.io.FileNotFoundException: http://www.hr.com/en/communities/ihr_compensation/incentives_measurement__reporting_and_analysis//en/about_us/hr_com_newsletters/thought_leaders/

java.io.FileNotFoundException: http://www.hr.com/en/communities/ihr_compensation/incentives_measurement__reporting_and_analysis//en/about_us/hr_com_newsletters/reality_hr/

java.io.FileNotFoundException: http://www.hr.com/en/communities/ihr_compensation/incentives_measurement__reporting_and_analysis//en/about_us/hr_com_newsletters/vendor_newsletters/

java.io.FileNotFoundException: http://www.hr.com/en/communities/ihr_compensation/incentives_measurement__reporting_and_analysis//en/about_us/terms_content_policy/

java.io.FileNotFoundException: http://www.hr.com/en/communities/ihr_compensation/incentives_measurement__reporting_and_analysis//en/about_us/hr_com_press_releases/

java.io.FileNotFoundException: http://www.hr.com/en/communities/ihr_compensation/incentives_measurement__reporting_and_analysis//en/about_us/terms_content_policy/blog_terms_and_conditions/

java.io.FileNotFoundException: http://www.hr.com/en/communities/ihr_compensation/incentives_measurement__reporting_and_analysis//en/about_us/contact_us/

java.io.FileNotFoundException: http://www.hr.com/en/communities/ihr_compensation/incentives_measurement__reporting_and_analysis//en/about_us/become_a_regular_contributor/

java.io.FileNotFoundException: http://www.hr.com/en/communities/ihr_compensation/incentives_measurement__reporting_and_analysis//en/about_us/advertise/

java.io.FileNotFoundException: http://www.hr.com/en/communities/ihr_compensation/incentives_measurement__reporting_and_analysis//en/about_us/how_to_contribute/

java.io.FileNotFoundException: http://www.hr.com/en/communities/ihr_compensation/incentives_measurement__reporting_and_analysis//en/memberships/

java.io.FileNotFoundException: http://www.hr.com/en/communities/ihr_compensation/incentives_measurement__reporting_and_analysis//en/communities/ihr/

java.io.FileNotFoundException: http://www.hr.com/en/communities/ihr_compensation/incentives_measurement__reporting_and_analysis//en/communities/benefits/

java.io.FileNotFoundException: http://www.hr.com/en/communities/ihr_compensation/incentives_measurement__reporting_and_analysis//en/communities/benefits/ihr_benefits_cost_containment_audits_legal_risks/

java.io.FileNotFoundException: http://www.hr.com/en/communities/ihr_compensation/incentives_measurement__reporting_and_analysis//en/communities/benefits/design_and_technology/

java.io.FileNotFoundException: http://www.hr.com/en/communities/ihr_compensation/incentives_measurement__reporting_and_analysis//en/communities/benefits/design_and_technology/benefits_administration/

java.io.FileNotFoundException: http://www.hr.com/en/communities/ihr_compensation/incentives_measurement__reporting_and_analysis//en/communities/benefits/healthcare_legislation_and_compliance/

java.io.FileNotFoundException: http://www.hr.com/en/communities/ihr_compensation/incentives_measurement__reporting_and_analysis//en/communities/benefits/healthcare_legislation_and_compliance/erisa/

java.io.FileNotFoundException: http://www.hr.com/en/communities/ihr_compensation/incentives_measurement__reporting_and_analysis//en/communities/benefits/healthcare_legislation_and_compliance/cobra/

java.io.FileNotFoundException: http://www.hr.com/en/communities/ihr_compensation/incentives_measurement__reporting_and_analysis//en/communities/benefits/healthcare_legislation_and_compliance/hipaa/

java.io.FileNotFoundException: http://www.hr.com/en/communities/ihr_compensation/incentives_measurement__reporting_and_analysis//en/communities/benefits/leave_benefits/

java.io.FileNotFoundException: http://www.hr.com/en/communities/ihr_compensation/incentives_measurement__reporting_and_analysis//en/communities/benefits/leave_benefits/family_medical_and_leave_act/

java.io.FileNotFoundException: http://www.hr.com/en/communities/ihr_compensation/incentives_measurement__reporting_and_analysis//en/communities/benefits/leave_benefits/paid_time_off__pto_/

java.io.FileNotFoundException: http://www.hr.com/en/communities/ihr_compensation/incentives_measurement__reporting_and_analysis//en/communities/benefits/design_and_technology/self_service/

java.io.FileNotFoundException: http://www.hr.com/en/communities/ihr_compensation/incentives_measurement__reporting_and_analysis//en/communities/benefits/leave_benefits/parental_leave/

java.io.FileNotFoundException: http://www.hr.com/en/communities/ihr_compensation/incentives_measurement__reporting_and_analysis//en/communities/benefits/leave_benefits/sick_leave/

java.io.FileNotFoundException: http://www.hr.com/en/communities/ihr_compensation/incentives_measurement__reporting_and_analysis//en/communities/benefits/medical_benefits/

java.io.FileNotFoundException: http://www.hr.com/en/communities/ihr_compensation/incentives_measurement__reporting_and_analysis//en/communities/benefits/medical_benefits/aids_policies/

java.io.FileNotFoundException: https://my.dx.com/MyOrders/Index//dx.com/c/101603

java.io.FileNotFoundException: https://my.dx.com/MyOrders/Index//dx.com/c/101703

java.io.FileNotFoundException: http://www.hr.com/en/communities/ihr_compensation/incentives__rewards_and_recognition/recognition_programs//en/communities/ihr_hris_erp/erp_enterprise_resources_planning/rfp_rfi_development/

java.io.FileNotFoundException: http://www.hr.com/en/communities/ihr_compensation/incentives__rewards_and_recognition/recognition_programs//en/communities/ihr_hris_erp/erp_enterprise_resources_planning/total_compensation_management/

java.io.FileNotFoundException: http://www.hr.com/en/communities/ihr_compensation/incentives__rewards_and_recognition/recognition_programs//en/communities/ihr_hris_erp/erp_enterprise_resources_planning/workforce_analytics_strategic_hcm/

java.io.FileNotFoundException: http://www.hr.com/en/communities/ihr_compensation/incentives__rewards_and_recognition/recognition_programs//en/communities/ihr_hris_erp/hcm_global/

java.io.FileNotFoundException: http://www.hr.com/en/communities/ihr_compensation/incentives__rewards_and_recognition/recognition_programs//en/communities/ihr_hris_erp/hcm_global/model__planning__mgmt_and_measurement/

java.io.FileNotFoundException: http://www.hr.com/en/communities/ihr_compensation/incentives__rewards_and_recognition/recognition_programs//en/communities/ihr_hris_erp/hcm_us_based/

java.io.FileNotFoundException: http://www.hr.com/en/communities/ihr_compensation/incentives__rewards_and_recognition/recognition_programs//en/communities/ihr_hris_erp/hcm_us_based/model__planning__mgmt_and_measurement/

java.io.FileNotFoundException: http://www.hr.com/en/communities/ihr_compensation/incentives__rewards_and_recognition/recognition_programs//en/communities/hr_outsourcing/

java.io.FileNotFoundException: http://www.hr.com/en/communities/ihr_compensation/incentives__rewards_and_recognition/recognition_programs//en/communities/hr_outsourcing/business_process_outsourcing/

java.io.FileNotFoundException: http://www.hr.com/en/communities/ihr_compensation/incentives__rewards_and_recognition/recognition_programs//en/communities/hr_outsourcing/call_center_outsourcing/

java.io.FileNotFoundException: http://www.hr.com/en/communities/ihr_compensation/incentives__rewards_and_recognition/recognition_programs//en/communities/hr_outsourcing/contract_negotiations/

java.io.FileNotFoundException: http://www.hr.com/en/communities/ihr_compensation/incentives__rewards_and_recognition/recognition_programs//en/communities/hr_outsourcing/contract_negotiations/other_contract_issues/

java.io.FileNotFoundException: http://www.hr.com/en/communities/ihr_compensation/incentives__rewards_and_recognition/recognition_programs//en/communities/hr_outsourcing/contract_negotiations/service_level_agreements/

java.io.FileNotFoundException: http://www.hr.com/en/communities/ihr_compensation/incentives__rewards_and_recognition/recognition_programs//en/communities/hr_outsourcing/cost_justification_techniques/

java.io.FileNotFoundException: http://www.hr.com/en/communities/ihr_hr_in_california//en/communities/human_resources_management/foundations_of_hr/future_of_work/

java.io.FileNotFoundException: http://www.youtube.com/wmsslots

java.io.FileNotFoundException: http://wms.com/OurCompany/Pages/Leadership.aspx

java.io.FileNotFoundException: http://wms.com/OurCompany/Partnerships/Pages/default.aspx

java.io.FileNotFoundException: http://wms.com/OURCOMPANY/PRESSROOM/Pages/CompanyOverview.aspx

java.io.IOException: Server returned HTTP response code: 504 for URL: http://zhaoren.t.qq.com/people.php?type=class&class=1.2.11.4.3&group=112

java.io.FileNotFoundException: http://www.hr.com/en/communities/ihr_compensation/incentives__rewards_and_recognition/recognition_programs//en/communities/hr_outsourcing/evaluation_of_hro_vendors/

java.io.FileNotFoundException: http://www.wms.com/OurCompany/PressRoom/Pages/FeaturedStory.aspx

java.io.IOException: Server returned HTTP response code: 403 for URL: http://www.imdb.com/news/ni56173467/

java.io.FileNotFoundException: http://www.hr.com/en/communities/ihr_compensation/incentives__rewards_and_recognition/recognition_programs//en/communities/hr_outsourcing/evaluation_of_hro_vendors/evaluation_methodologies/

java.io.FileNotFoundException: http://www.hr.com/en/communities/ihr_compensation/incentives__rewards_and_recognition/recognition_programs//en/communities/hr_outsourcing/evaluation_of_hro_vendors/rfi_rfp_content_and_structure/

java.io.FileNotFoundException: http://www.hr.com/en/communities/ihr_compensation/incentives__rewards_and_recognition/recognition_programs//en/communities/hr_outsourcing/full_service_outsourcing/

java.io.FileNotFoundException: http://www.hr.com/en/communities/ihr_compensation/incentives__rewards_and_recognition/recognition_programs//en/communities/hr_outsourcing/hro_and_change_management_culture_issues/

java.io.FileNotFoundException: http://www.hr.com/en/communities/ihr_compensation/incentives__rewards_and_recognition/recognition_programs//en/communities/hr_outsourcing/hr_functions_available/

java.io.FileNotFoundException: http://www.hr.com/en/communities/ihr_compensation/incentives__rewards_and_recognition/recognition_programs//en/communities/hr_outsourcing/hro_in_a_global_organization/

java.io.FileNotFoundException: http://www.hr.com/en/communities/ihr_compensation/incentives__rewards_and_recognition/recognition_programs//en/communities/hr_outsourcing/hro_in_a_global_organization/issues_related_to_off_shore_resource_use/

java.io.IOException: Server returned HTTP response code: 403 for URL: http://www.imdb.com/news/ni56172555/

java.io.IOException: Server returned HTTP response code: 403 for URL: http://www.imdb.com/news/ni56174121/

java.io.FileNotFoundException: http://www.hr.com/en/communities/ihr_compensation/incentives__rewards_and_recognition/recognition_programs//en/communities/hr_outsourcing/hro_in_a_global_organization/use_of_off_shore_resources/

java.io.FileNotFoundException: http://www.hr.com/en/communities/ihr_compensation/incentives__rewards_and_recognition/recognition_programs//en/communities/hr_outsourcing/overall_trends/

java.io.FileNotFoundException: http://www.hr.com/en/communities/ihr_compensation/incentives__rewards_and_recognition/recognition_programs//en/communities/hr_outsourcing/proven_cost_savings/

java.io.FileNotFoundException: http://www.hr.com/en/communities/ihr_compensation/incentives__rewards_and_recognition/recognition_programs//en/communities/hr_outsourcing/payroll_outsourcing/

java.io.FileNotFoundException: http://www.hr.com/en/communities/ihr_compensation/incentives__rewards_and_recognition/recognition_programs//en/communities/hr_outsourcing/software_hosting__only_/

java.io.FileNotFoundException: http://www.hr.com/en/communities/ihr_compensation/incentives__rewards_and_recognition/recognition_programs//en/communities/hr_outsourcing/time_and_attendance/

java.io.FileNotFoundException: http://www.hr.com/en/communities/ihr_compensation/incentives__rewards_and_recognition/recognition_programs//en/communities/hr_outsourcing/shared_services/

java.io.FileNotFoundException: http://www.hr.com/en/communities/ihr_compensation/incentives__rewards_and_recognition/recognition_programs//en/communities/hr_outsourcing/workforce_scheduling/

java.io.FileNotFoundException: http://www.hr.com/en/communities/ihr_compensation/incentives__rewards_and_recognition/recognition_programs//en/communities/hr_outsourcing/vendor_marketplace/

java.io.FileNotFoundException: http://www.hr.com/en/communities/ihr_compensation/incentives__rewards_and_recognition/recognition_programs//en/communities/human_resources_management/

java.io.FileNotFoundException: http://www.hr.com/en/communities/ihr_compensation/incentives__rewards_and_recognition/recognition_programs//en/communities/human_resources_management/entrepreneurship/

java.io.FileNotFoundException: http://www.hr.com/en/communities/ihr_compensation/incentives__rewards_and_recognition/recognition_programs//en/communities/human_resources_management/ethics/

java.io.FileNotFoundException: http://www.hr.com/en/communities/ihr_compensation/incentives__rewards_and_recognition/recognition_programs//en/communities/human_resources_management/foundations_of_hr/

java.io.FileNotFoundException: http://www.hr.com/en/communities/ihr_compensation/incentives__rewards_and_recognition/recognition_programs//en/communities/human_resources_management/foundations_of_hr/history_of_hr/

java.io.FileNotFoundException: http://www.hr.com/en/communities/ihr_compensation/incentives__rewards_and_recognition/recognition_programs//en/communities/human_resources_management/foundations_of_hr/future_of_work/

java.io.FileNotFoundException: http://www.hr.com/en/communities/ihr_compensation/incentives__rewards_and_recognition/recognition_programs//en/communities/human_resources_management/hr_as_consultant/

java.io.FileNotFoundException: http://www.hr.com/en/communities/ihr_compensation/incentives__rewards_and_recognition/recognition_programs//en/communities/human_resources_management/foundations_of_hr/present_trends/

java.io.FileNotFoundException: http://www.hr.com/en/communities/ihr_compensation/incentives__rewards_and_recognition/recognition_programs//en/communities/human_resources_management/hr_audit/

java.io.FileNotFoundException: http://www.hr.com/en/communities/ihr_compensation/incentives__rewards_and_recognition/recognition_programs//en/communities/human_resources_management/hr_administration/

java.io.FileNotFoundException: http://www.hr.com/en/communities/ihr_compensation/incentives__rewards_and_recognition/recognition_programs//en/communities/human_resources_management/international_and_global_hr/

java.io.FileNotFoundException: https://my.dx.com/AccountSetting/ChangeUserProfile//dx.com/c/100103

java.io.FileNotFoundException: http://www.hr.com/en/communities/ihr_compensation/incentives__rewards_and_recognition/recognition_programs//en/communities/human_resources_management/outsourcing/

java.io.FileNotFoundException: http://www.hr.com/en/communities/ihr_compensation/incentives__rewards_and_recognition/recognition_programs//en/communities/human_resources_management/public_sector_and_non_profit/

java.io.FileNotFoundException: http://www.hr.com/en/communities/ihr_compensation/incentives__rewards_and_recognition/recognition_programs//en/communities/human_resources_management/small_business/

java.io.FileNotFoundException: http://www.hr.com/en/communities/ihr_compensation/incentives__rewards_and_recognition/recognition_programs//en/communities/human_resources_management/structure_and_organization/

java.io.FileNotFoundException: http://www.hr.com/en/communities/ihr_compensation/incentives__rewards_and_recognition/recognition_programs//en/communities/human_resources_management/the_hr_practitioner/

java.io.FileNotFoundException: http://www.hr.com/en/communities/ihr_compensation/incentives__rewards_and_recognition/recognition_programs//en/communities/human_resources_management/the_hr_practitioner/certification/

java.io.FileNotFoundException: http://www.hr.com/en/communities/ihr_compensation/incentives__rewards_and_recognition/recognition_programs//en/communities/human_resources_management/the_hr_practitioner/skills_and_competencies/

java.io.FileNotFoundException: http://www.hr.com/en/communities/ihr_compensation/incentives__rewards_and_recognition/recognition_programs//en/communities/integrated_talent_management_001/

java.io.FileNotFoundException: http://www.hr.com/en/communities/ihr_compensation/incentives__rewards_and_recognition/recognition_programs//en/communities/labor_relations/

java.io.FileNotFoundException: http://www.hr.com/en/communities/ihr_compensation/incentives__rewards_and_recognition/recognition_programs//en/communities/labor_relations/absenteeism/

java.io.FileNotFoundException: http://www.hr.com/en/communities/ihr_compensation/incentives__rewards_and_recognition/recognition_programs//en/communities/human_resources_management/the_hr_practitioner/professional_associations/

java.io.FileNotFoundException: http://www.hr.com/en/communities/ihr_compensation/incentives__rewards_and_recognition/recognition_programs//en/communities/labor_relations/conflict_and_dispute_resolution/

java.io.FileNotFoundException: http://www.hr.com/en/communities/ihr_compensation/incentives_measurement__reporting_and_analysis//en/communities/benefits/medical_benefits/consumer_directed_healthcare__cdh_/

java.io.FileNotFoundException: http://www.hr.com/en/communities/ihr_compensation/incentives_measurement__reporting_and_analysis//en/communities/benefits/medical_benefits/flexible_savings_accounts__fsas_/

java.io.FileNotFoundException: http://www.hr.com/en/communities/ihr_compensation/incentives_measurement__reporting_and_analysis//en/communities/benefits/medical_benefits/consumer_directed_healthcare__cdh_/self_directed_healthcare__sdh_/

java.io.FileNotFoundException: http://www.hr.com/en/communities/ihr_compensation/incentives_measurement__reporting_and_analysis//en/communities/benefits/medical_benefits/health_maintenance_organizations__hmos_/

java.io.FileNotFoundException: https://my.dx.com/AccountSetting/ChangeUserProfile//dx.com/c/100203

java.io.FileNotFoundException: http://www.hr.com/en/communities/ihr_compensation/incentives_measurement__reporting_and_analysis//en/communities/benefits/medical_benefits/health_maintenance_organizations__hmos_/private_fee_for_service__pffs_/

java.io.FileNotFoundException: http://www.hr.com/en/communities/ihr_compensation/incentives_measurement__reporting_and_analysis//en/communities/benefits/medical_benefits/health_reimbursement_accounts__hras_/

java.io.FileNotFoundException: http://www.hr.com/en/communities/ihr_compensation/incentives_measurement__reporting_and_analysis//en/communities/benefits/medical_benefits/health_savings_accounts__hsas_/

java.io.FileNotFoundException: http://www.hr.com/en/communities/ihr_compensation/incentives_measurement__reporting_and_analysis//en/communities/benefits/medical_benefits/insurance/

java.io.FileNotFoundException: http://www.hr.com/en/communities/ihr_compensation/incentives_measurement__reporting_and_analysis//en/communities/benefits/medical_benefits/insurance/accident/

java.io.FileNotFoundException: http://www.hr.com/en/communities/ihr_compensation/incentives_measurement__reporting_and_analysis//en/communities/benefits/medical_benefits/insurance/health/

java.io.FileNotFoundException: http://www.hr.com/en/communities/ihr_compensation/incentives_measurement__reporting_and_analysis//en/communities/benefits/medical_benefits/insurance/life/

java.io.FileNotFoundException: http://www.hr.com/en/communities/ihr_compensation/incentives_measurement__reporting_and_analysis//en/communities/benefits/medical_benefits/insurance/vision/

java.io.FileNotFoundException: http://www.hr.com/en/communities/ihr_compensation/incentives_measurement__reporting_and_analysis//en/communities/benefits/medical_benefits/health_maintenance_organizations__hmos_/preferred_provider_organizations__ppo_/

java.io.FileNotFoundException: http://www.hr.com/en/communities/ihr_compensation/incentives_measurement__reporting_and_analysis//en/communities/benefits/medical_benefits/long_term_disability/

java.io.FileNotFoundException: http://www.hr.com/en/communities/ihr_compensation/incentives_measurement__reporting_and_analysis//en/communities/benefits/outsourcing_benefits/

java.io.FileNotFoundException: http://www.hr.com/en/communities/ihr_compensation/incentives_measurement__reporting_and_analysis//en/communities/benefits/medical_benefits/topical_health_issues/

java.io.FileNotFoundException: http://www.hr.com/en/communities/ihr_compensation/incentives_measurement__reporting_and_analysis//en/communities/benefits/medical_benefits/insurance/dental/

java.io.FileNotFoundException: http://www.hr.com/en/communities/ihr_compensation/incentives_measurement__reporting_and_analysis//en/communities/benefits/retirement_benefits/

java.io.FileNotFoundException: http://www.hr.com/en/communities/ihr_compensation/incentives_measurement__reporting_and_analysis//en/communities/benefits/retirement_benefits/medicaid/

java.io.FileNotFoundException: http://www.hr.com/en/communities/ihr_compensation/incentives_measurement__reporting_and_analysis//en/communities/benefits/retirement_benefits/medicare/

java.io.FileNotFoundException: http://www.hr.com/en/communities/ihr_compensation/incentives_measurement__reporting_and_analysis//en/communities/benefits/retirement_benefits/401_k_/

java.io.FileNotFoundException: http://www.hr.com/en/communities/ihr_compensation/incentives_measurement__reporting_and_analysis//en/communities/benefits/retirement_benefits/plan_options/

java.io.FileNotFoundException: http://www.hr.com/en/communities/ihr_compensation/incentives_measurement__reporting_and_analysis//en/communities/benefits/retirement_benefits/health_and_wellness/

java.io.FileNotFoundException: http://www.hr.com/en/communities/ihr_compensation/incentives_measurement__reporting_and_analysis//en/communities/benefits/work_life_programs_and_employee_assistance_programs__eaps_/

java.io.FileNotFoundException: http://www.hr.com/en/communities/ihr_compensation/incentives_measurement__reporting_and_analysis//en/communities/benefits/work_life_programs_and_employee_assistance_programs__eaps_/childcare_eldercare/

java.io.FileNotFoundException: http://www.hr.com/en/communities/ihr_compensation/incentives_measurement__reporting_and_analysis//en/communities/benefits/voluntary_benefits/

java.io.FileNotFoundException: http://www.hr.com/en/communities/ihr_compensation/incentives_measurement__reporting_and_analysis//en/communities/benefits/work_life_programs_and_employee_assistance_programs__eaps_/dress_code/

java.io.FileNotFoundException: http://www.hr.com/en/communities/ihr_compensation/incentives_measurement__reporting_and_analysis//en/communities/benefits/work_life_programs_and_employee_assistance_programs__eaps_/flextime/

java.io.FileNotFoundException: http://www.hr.com/en/communities/ihr_compensation/incentives_measurement__reporting_and_analysis//en/communities/benefits/work_life_programs_and_employee_assistance_programs__eaps_/healthcare_wellness/

java.io.FileNotFoundException: http://www.hr.com/en/communities/ihr_compensation/incentives_measurement__reporting_and_analysis//en/communities/benefits/work_life_programs_and_employee_assistance_programs__eaps_/concierge/

java.io.FileNotFoundException: http://www.hr.com/en/communities/ihr_compensation/incentives_measurement__reporting_and_analysis//en/communities/benefits/work_life_programs_and_employee_assistance_programs__eaps_/academic_referral/

java.io.FileNotFoundException: http://www.hr.com/en/communities/ihr_compensation/incentives_measurement__reporting_and_analysis//en/communities/benefits/work_life_programs_and_employee_assistance_programs__eaps_/telecommuting/

java.io.FileNotFoundException: http://www.hr.com/en/communities/ihr_compensation/incentives_measurement__reporting_and_analysis//en/communities/benefits/work_life_programs_and_employee_assistance_programs__eaps_/job_sharing/

java.io.FileNotFoundException: http://www.hr.com/en/communities/ihr_hr_in_california//en/communities/human_resources_management/foundations_of_hr/history_of_hr/

java.io.FileNotFoundException: http://www.hr.com/en/communities/ihr_compensation/incentives_measurement__reporting_and_analysis//en/communities/benefits/work_life_programs_and_employee_assistance_programs__eaps_/addiction_therapy/

java.io.FileNotFoundException: https://my.dx.com/AccountSetting/ChangeUserProfile//dx.com/c/100303

java.io.FileNotFoundException: https://my.dx.com/AccountSetting/ChangeUserProfile//dx.com/c/100403

java.io.FileNotFoundException: http://www.hr.com/en/communities/ihr_compensation/incentives__rewards_and_recognition/recognition_programs//en/communities/labor_relations/discrimination/

java.io.FileNotFoundException: http://www.hr.com/en/communities/ihr_compensation/incentives__rewards_and_recognition/recognition_programs//en/communities/labor_relations/discipline/

java.io.FileNotFoundException: http://www.hr.com/en/communities/ihr_compensation/incentives__rewards_and_recognition/recognition_programs//en/communities/labor_relations/interpersonal_communications/

java.io.FileNotFoundException: http://www.hr.com/en/communities/ihr_compensation/incentives__rewards_and_recognition/recognition_programs//en/communities/labor_relations/harassment/

java.io.FileNotFoundException: http://www.hr.com/en/communities/ihr_compensation/incentives__rewards_and_recognition/recognition_programs//en/communities/labor_relations/internal_corporate_communications/

java.io.FileNotFoundException: http://www.hr.com/en/communities/ihr_compensation/incentives__rewards_and_recognition/recognition_programs//en/communities/labor_relations/law_and_legislation/

java.io.FileNotFoundException: http://www.hr.com/en/communities/ihr_compensation/incentives__rewards_and_recognition/recognition_programs//en/communities/labor_relations/lr_trends/

java.io.FileNotFoundException: http://www.hr.com/en/communities/ihr_compensation/incentives__rewards_and_recognition/recognition_programs//en/communities/labor_relations/outplacement/

java.io.FileNotFoundException: http://www.hr.com/en/communities/ihr_compensation/incentives__rewards_and_recognition/recognition_programs//en/communities/labor_relations/recreation/

java.io.FileNotFoundException: http://www.hr.com/en/communities/ihr_compensation/incentives__rewards_and_recognition/recognition_programs//en/communities/leadership/

java.io.FileNotFoundException: http://www.hr.com/en/communities/ihr_compensation/incentives__rewards_and_recognition/recognition_programs//en/communities/leadership/career_management/

java.io.FileNotFoundException: http://www.hr.com/en/communities/ihr_compensation/incentives__rewards_and_recognition/recognition_programs//en/communities/leadership/board_of_directors/

java.io.FileNotFoundException: http://www.hr.com/en/communities/ihr_compensation/incentives__rewards_and_recognition/recognition_programs//en/communities/leadership/corporate_culture/

java.io.FileNotFoundException: http://www.hr.com/en/communities/ihr_compensation/incentives__rewards_and_recognition/recognition_programs//en/communities/leadership/corporate_governance/

java.io.FileNotFoundException: http://www.hr.com/en/communities/ihr_compensation/incentives__rewards_and_recognition/recognition_programs//en/communities/labor_relations/safety/

java.io.FileNotFoundException: http://www.hr.com/en/communities/ihr_compensation/incentives__rewards_and_recognition/recognition_programs//en/communities/leadership/hr_leadership/

java.io.FileNotFoundException: http://www.hr.com/en/communities/ihr_compensation/incentives__rewards_and_recognition/recognition_programs//en/communities/leadership/developing_organizational_leadership_capabilities/

java.io.FileNotFoundException: http://www.hr.com/en/communities/ihr_compensation/incentives__rewards_and_recognition/recognition_programs//en/communities/leadership/global_leadership/

java.io.FileNotFoundException: http://www.hr.com/en/communities/ihr_compensation/incentives__rewards_and_recognition/recognition_programs//en/communities/leadership/hr_leadership/managers_as_leaders/

java.io.FileNotFoundException: http://www.hr.com/en/communities/ihr_compensation/incentives__rewards_and_recognition/recognition_programs//en/communities/leadership/hr_leadership/women_in_leadership/

java.io.FileNotFoundException: http://www.hr.com/en/communities/ihr_compensation/incentives__rewards_and_recognition/recognition_programs//en/communities/leadership/hr_leadership/diversity_leadership/

java.io.FileNotFoundException: http://www.hr.com/en/communities/ihr_compensation/incentives__rewards_and_recognition/recognition_programs//en/communities/leadership/leadership_assessments/

java.io.FileNotFoundException: http://www.hr.com/en/communities/ihr_compensation/incentives__rewards_and_recognition/recognition_programs//en/communities/leadership/leadership_competencies/collaboration/

java.io.FileNotFoundException: http://www.hr.com/en/communities/ihr_compensation/incentives__rewards_and_recognition/recognition_programs//en/communities/leadership/leadership_competencies/

java.io.FileNotFoundException: http://www.hr.com/en/communities/ihr_compensation/incentives__rewards_and_recognition/recognition_programs//en/communities/leadership/leadership_competencies/delegation/

java.io.FileNotFoundException: http://www.hr.com/en/communities/ihr_compensation/incentives__rewards_and_recognition/recognition_programs//en/communities/leadership/leadership_competencies/communication/

java.io.FileNotFoundException: http://www.hr.com/en/communities/ihr_compensation/incentives__rewards_and_recognition/recognition_programs//en/communities/leadership/leadership_competencies/developing_and_coaching_others/

java.io.FileNotFoundException: http://www.hr.com/en/communities/ihr_compensation/incentives__rewards_and_recognition/recognition_programs//en/communities/leadership/leadership_competencies/motivating/

java.io.FileNotFoundException: http://www.hr.com/en/communities/ihr_hr_in_california//en/communities/human_resources_management/foundations_of_hr/present_trends/

java.io.FileNotFoundException: https://my.dx.com/AccountSetting/ChangeUserProfile//dx.com/c/100503

java.io.FileNotFoundException: http://www.hr.com/en/communities/ihr_compensation/incentives_measurement__reporting_and_analysis//en/communities/benefits/work_life_programs_and_employee_assistance_programs__eaps_/financial_advisement/

java.io.FileNotFoundException: http://www.hr.com/en/communities/ihr_compensation/incentives_measurement__reporting_and_analysis//en/communities/benefits/work_life_programs_and_employee_assistance_programs__eaps_/legal_and_employee_counseling/

java.io.FileNotFoundException: http://www.hr.com/en/communities/ihr_compensation/incentives_measurement__reporting_and_analysis//en/communities/benefits/work_life_programs_and_employee_assistance_programs__eaps_/parenting_resources/

java.io.FileNotFoundException: http://www.hr.com/en/communities/ihr_compensation/incentives_measurement__reporting_and_analysis//en/communities/benefits/work_life_programs_and_employee_assistance_programs__eaps_/relocation_services/

java.io.FileNotFoundException: http://www.hr.com/en/communities/ihr_compensation/incentives_measurement__reporting_and_analysis//en/communities/benefits/work_life_programs_and_employee_assistance_programs__eaps_/pet_insurance/

java.io.FileNotFoundException: http://www.hr.com/en/communities/ihr_compensation/incentives_measurement__reporting_and_analysis//en/communities/ihr_compensation/board_of_directors_pay/

java.io.FileNotFoundException: http://www.hr.com/en/communities/ihr_compensation/incentives_measurement__reporting_and_analysis//en/communities/ihr_compensation/compensation_modeling_and_forecasting/

java.io.FileNotFoundException: http://www.hr.com/en/communities/ihr_compensation/incentives_measurement__reporting_and_analysis//en/communities/ihr_compensation/compensation_planning_and_management/

java.io.FileNotFoundException: http://www.hr.com/en/communities/ihr_compensation/incentives_measurement__reporting_and_analysis//en/communities/ihr_compensation/compensation_planning_and_management/compliance_in_compensation_management/

java.io.FileNotFoundException: http://www.hr.com/en/communities/ihr_compensation/incentives_measurement__reporting_and_analysis//en/communities/ihr_compensation/compensation_planning_and_management/executive_compensation_management/

java.io.FileNotFoundException: https://my.dx.com/AccountSetting/ChangeUserProfile//dx.com/c/100603

java.io.FileNotFoundException: http://www.hr.com/en/communities/ihr_compensation/incentives_measurement__reporting_and_analysis//en/communities/ihr_compensation/compensation_planning_and_management/stock_planning_and_administration/

java.io.FileNotFoundException: http://www.hr.com/en/communities/ihr_compensation/incentives_measurement__reporting_and_analysis//en/communities/ihr_compensation/compensation_planning_and_management/pay_for_performance_planning_and_management/

java.io.FileNotFoundException: https://my.dx.com/AccountSetting/ChangeUserProfile//dx.com/c/100703

java.io.FileNotFoundException: http://www.hr.com/en/communities/ihr_compensation/incentives_measurement__reporting_and_analysis//en/communities/ihr_compensation/compensation_planning_and_management/salary_survey_planning_and_management/

java.io.FileNotFoundException: http://www.hr.com/en/communities/ihr_compensation/incentives_measurement__reporting_and_analysis//en/communities/ihr_compensation/compensation_trends/

java.io.FileNotFoundException: http://www.hr.com/en/communities/ihr_compensation/incentives_measurement__reporting_and_analysis//en/communities/ihr_compensation/compensation_measurement__reporting_and_analysis/

java.io.FileNotFoundException: http://www.hr.com/en/communities/ihr_compensation/incentives_measurement__reporting_and_analysis//en/communities/ihr_compensation/ecs_enterprise_compensation_solutions/

java.io.FileNotFoundException: http://www.hr.com/en/communities/ihr_compensation/incentives_measurement__reporting_and_analysis//en/communities/ihr_compensation/executive_compensation/

java.io.FileNotFoundException: http://www.hr.com/en/communities/ihr_compensation/incentives_measurement__reporting_and_analysis//en/communities/ihr_compensation/incentives__rewards_and_recognition/

java.io.FileNotFoundException: http://www.hr.com/en/communities/ihr_compensation/incentives_measurement__reporting_and_analysis//en/communities/ihr_compensation/incentives__rewards_and_recognition/gift_cards/

java.io.FileNotFoundException: http://www.hr.com/en/communities/ihr_compensation/incentives_measurement__reporting_and_analysis//en/communities/ihr_compensation/incentives__rewards_and_recognition/recognition_programs/

java.io.FileNotFoundException: http://www.hr.com/en/communities/ihr_compensation/incentives_measurement__reporting_and_analysis//en/communities/ihr_compensation/incentives_measurement__reporting_and_analysis/incentives_planning_and_management/

java.io.FileNotFoundException: http://www.hr.com/en/communities/ihr_compensation/incentives_measurement__reporting_and_analysis//en/communities/ihr_compensation/job_analysis__evaluation_and_grading/

java.io.FileNotFoundException: http://www.hr.com/en/communities/ihr_compensation/incentives_measurement__reporting_and_analysis//en/communities/ihr_compensation/job_analysis__evaluation_and_grading/compensation_surveys/

java.io.FileNotFoundException: http://www.hr.com/en/communities/ihr_compensation/incentives_measurement__reporting_and_analysis//en/communities/ihr_compensation/pay_strategies/

java.io.FileNotFoundException: http://www.hr.com/en/communities/ihr_compensation/incentives_measurement__reporting_and_analysis//en/communities/ihr_compensation/job_analysis__evaluation_and_grading/compensation_salary_surveys/

java.io.FileNotFoundException: http://www.hr.com/en/communities/ihr_compensation/incentives__rewards_and_recognition/recognition_programs//en/communities/leadership/leadership_models/

java.io.FileNotFoundException: http://www.hr.com/en/communities/ihr_compensation/incentives__rewards_and_recognition/recognition_programs//en/communities/leadership/leadership_philosophies/

java.io.FileNotFoundException: http://www.hr.com/en/communities/ihr_compensation/incentives__rewards_and_recognition/recognition_programs//en/communities/leadership/leadership_retention/

java.io.FileNotFoundException: http://www.hr.com/en/communities/ihr_compensation/incentives__rewards_and_recognition/recognition_programs//en/communities/leadership/leadership_competencies/negotiation/

java.io.FileNotFoundException: http://www.hr.com/en/communities/ihr_compensation/incentives__rewards_and_recognition/recognition_programs//en/communities/leadership/leadership_training_and_development/

java.io.FileNotFoundException: http://www.hr.com/en/communities/ihr_compensation/incentives__rewards_and_recognition/recognition_programs//en/communities/leadership/leadership_training_and_development/action_learning/

java.io.FileNotFoundException: http://www.hr.com/en/communities/ihr_compensation/incentives__rewards_and_recognition/recognition_programs//en/communities/leadership/leadership_training_and_development/executive_coaching/

java.io.FileNotFoundException: http://www.hr.com/en/communities/ihr_compensation/incentives__rewards_and_recognition/recognition_programs//en/communities/leadership/leadership_training_and_development/executive_education_programs__university_/

java.io.FileNotFoundException: http://www.hr.com/en/communities/ihr_compensation/incentives__rewards_and_recognition/recognition_programs//en/communities/leadership/leadership_training_and_development/train_your_leaders/

java.io.FileNotFoundException: http://www.hr.com/en/communities/ihr_compensation/incentives__rewards_and_recognition/recognition_programs//en/communities/leadership/leadership_training_and_development/mentoring/

java.io.FileNotFoundException: http://www.hr.com/en/communities/ihr_compensation/incentives__rewards_and_recognition/recognition_programs//en/communities/leadership/leading_change/

java.io.FileNotFoundException: http://www.hr.com/en/communities/ihr_compensation/incentives__rewards_and_recognition/recognition_programs//en/communities/leadership/leading_change/empowerment/

java.io.FileNotFoundException: http://www.hr.com/en/communities/ihr_compensation/incentives__rewards_and_recognition/recognition_programs//en/communities/leadership/leading_others/

java.io.FileNotFoundException: http://www.hr.com/en/communities/ihr_compensation/incentives__rewards_and_recognition/recognition_programs//en/communities/leadership/leading_self/

java.io.FileNotFoundException: http://www.hr.com/en/communities/ihr_compensation/incentives__rewards_and_recognition/recognition_programs//en/communities/leadership/leading_self/flexibility_adaptability/

java.io.FileNotFoundException: http://www.hr.com/en/communities/ihr_compensation/incentives__rewards_and_recognition/recognition_programs//en/communities/leadership/leading_self/worklife_balance/

java.io.FileNotFoundException: http://www.hr.com/en/communities/ihr_compensation/incentives__rewards_and_recognition/recognition_programs//en/communities/leadership/selection/

java.io.FileNotFoundException: http://www.hr.com/en/communities/ihr_compensation/incentives__rewards_and_recognition/recognition_programs//en/communities/leadership/succession_planning/

java.io.FileNotFoundException: http://www.hr.com/en/communities/ihr_compensation/incentives__rewards_and_recognition/recognition_programs//en/communities/leadership/strategic_decision_making/

java.io.FileNotFoundException: http://www.hr.com/en/communities/ihr_compensation/incentives__rewards_and_recognition/recognition_programs//en/communities/leadership/measurement_and_metrics/

java.io.FileNotFoundException: http://www.hr.com/en/communities/ihr_compensation/incentives__rewards_and_recognition/recognition_programs//en/communities/leadership/trends/

java.io.FileNotFoundException: http://www.hr.com/en/communities/ihr_compensation/incentives__rewards_and_recognition/recognition_programs//en/communities/leadership/vision__values_and_mission/

java.io.FileNotFoundException: http://www.hr.com/en/communities/ihr_compensation/incentives__rewards_and_recognition/recognition_programs//en/communities/legal/

java.io.FileNotFoundException: http://www.hr.com/en/communities/ihr_compensation/incentives__rewards_and_recognition/recognition_programs//en/communities/legal/benefits_and_compensation_law/

java.io.FileNotFoundException: http://www.hr.com/en/communities/ihr_compensation/incentives__rewards_and_recognition/recognition_programs//en/communities/legal/contract_disputes/

java.io.FileNotFoundException: http://www.hr.com/en/communities/ihr_compensation/incentives__rewards_and_recognition/recognition_programs//en/communities/legal/business_and_finance/

java.io.FileNotFoundException: http://www.hr.com/en/communities/ihr_compensation/incentives__rewards_and_recognition/recognition_programs//en/communities/legal/employment_discrimination/

java.io.FileNotFoundException: http://www.hr.com/en/communities/ihr_compensation/incentives__rewards_and_recognition/recognition_programs//en/communities/legal/court_cases/

java.io.FileNotFoundException: http://www.hr.com/en/communities/ihr_compensation/incentives__rewards_and_recognition/recognition_programs//en/communities/legal/employment_contracts_and_non_competes/

java.io.FileNotFoundException: http://www.hr.com/en/communities/ihr_compensation/incentives__rewards_and_recognition/recognition_programs//en/communities/legal/environmental/

java.io.FileNotFoundException: http://www.hr.com/en/communities/ihr_compensation/incentives__rewards_and_recognition/recognition_programs//en/communities/legal/internet_related/

java.io.FileNotFoundException: http://www.hr.com/en/communities/ihr_compensation/incentives__rewards_and_recognition/recognition_programs//en/communities/legal/legal_trends/

java.net.MalformedURLException: no protocol: category.php?id=33&brand=921

java.io.FileNotFoundException: http://www.hr.com/en/communities/ihr_compensation/incentives__rewards_and_recognition/recognition_programs//en/communities/legal/legislation/

java.io.FileNotFoundException: http://www.hr.com/en/communities/ihr_compensation/incentives__rewards_and_recognition/recognition_programs//en/communities/legal/legislation/canadian_legal_issues/

java.io.FileNotFoundException: http://www.hr.com/en/communities/ihr_compensation/incentives_measurement__reporting_and_analysis//en/communities/ihr_compensation/pay_strategies/base_pay/

java.io.FileNotFoundException: http://www.hr.com/en/communities/ihr_compensation/incentives_measurement__reporting_and_analysis//en/communities/ihr_compensation/pay_strategies/pay_for_performance/

java.io.FileNotFoundException: http://www.hr.com/en/communities/ihr_compensation/incentives_measurement__reporting_and_analysis//en/communities/ihr_compensation/pay_strategies/skill_competency_based_pay/

java.io.FileNotFoundException: http://www.hr.com/en/communities/ihr_compensation/incentives_measurement__reporting_and_analysis//en/communities/ihr_compensation/pay_strategies/variable_pay/

java.io.FileNotFoundException: http://www.hr.com/en/communities/ihr_compensation/incentives_measurement__reporting_and_analysis//en/communities/ihr_compensation/pay_strategies/variable_pay/equity_based_compensation/

java.io.FileNotFoundException: http://www.hr.com/en/communities/ihr_compensation/incentives_measurement__reporting_and_analysis//en/communities/ihr_compensation/pay_strategies/variable_pay/profit_sharing/

java.io.FileNotFoundException: http://www.hr.com/en/communities/ihr_compensation/incentives_measurement__reporting_and_analysis//en/communities/ihr_compensation/pay_strategies/variable_pay/gainsharing/

java.io.FileNotFoundException: http://www.hr.com/en/communities/ihr_compensation/incentives_measurement__reporting_and_analysis//en/communities/ihr_compensation/pay_equity/

java.io.FileNotFoundException: http://www.hr.com/en/communities/ihr_compensation/incentives_measurement__reporting_and_analysis//en/communities/ihr_compensation/payroll/

java.io.FileNotFoundException: http://www.hr.com/en/communities/ihr_compensation/incentives_measurement__reporting_and_analysis//en/communities/ihr_compensation/rfp_rfi_development/

java.io.FileNotFoundException: https://my.dx.com/AccountSetting/ChangeUserProfile//dx.com/c/100803

java.io.FileNotFoundException: http://www.hr.com/en/communities/ihr_compensation/incentives_measurement__reporting_and_analysis//en/communities/ihr_compensation/sales_force_compensation/

java.io.FileNotFoundException: http://www.hr.com/en/communities/ihr_compensation/incentives_measurement__reporting_and_analysis//en/communities/ihr_compensation/severance_pay/

java.io.FileNotFoundException: http://www.hr.com/en/communities/ihr_compensation/incentives_measurement__reporting_and_analysis//en/communities/ihr_compensation/payroll_001/

java.io.FileNotFoundException: http://www.hr.com/en/communities/ihr_compensation/incentives_measurement__reporting_and_analysis//en/communities/ihr_employee_wellness/weight_management/

java.io.FileNotFoundException: http://www.hr.com/en/communities/ihr_compensation/incentives_measurement__reporting_and_analysis//en/communities/ihr_contract_workforce_talent_exchange/

java.io.FileNotFoundException: http://www.hr.com/en/communities/ihr_compensation/incentives_measurement__reporting_and_analysis//en/communities/ihr_contract_workforce_talent_exchange/talent_exchanges/

java.io.FileNotFoundException: http://www.hr.com/en/communities/ihr_compensation/incentives_measurement__reporting_and_analysis//en/communities/ihr_contract_workforce_talent_exchange/vendor_management_solutions/

java.io.FileNotFoundException: http://www.hr.com/en/communities/ihr_compensation/incentives_measurement__reporting_and_analysis//en/communities/ihr_contract_workforce_talent_exchange/rpo_services/

java.io.FileNotFoundException: http://www.hr.com/en/communities/ihr_compensation/incentives_measurement__reporting_and_analysis//en/communities/ihr_contract_workforce_talent_exchange/contract_worker_payroll/

java.io.FileNotFoundException: http://www.hr.com/en/communities/ihr_compensation/incentives_measurement__reporting_and_analysis//en/communities/ihr_contract_workforce_talent_exchange/contract_workforce_talent_exchanges_templates_forms_contracts/

java.io.FileNotFoundException: http://www.hr.com/en/communities/ihr_compensation/incentives_measurement__reporting_and_analysis//en/communities/ihr_contract_workforce_talent_exchange/temporary_staffing_solutions/

java.io.FileNotFoundException: http://www.hr.com/en/communities/ihr_compensation/incentives_measurement__reporting_and_analysis//en/communities/ihr_employee_wellness/

java.io.FileNotFoundException: http://www.hr.com/en/communities/ihr_compensation/incentives_measurement__reporting_and_analysis//en/communities/ihr_contract_workforce_talent_exchange/managed_service_provider/

java.io.FileNotFoundException: http://www.hr.com/en/communities/ihr_compensation/incentives_measurement__reporting_and_analysis//en/communities/ihr_contract_workforce_talent_exchange/contract_workforce_talent_exchanges_tools_technology/

java.io.FileNotFoundException: http://www.hr.com/en/communities/ihr_compensation/incentives_measurement__reporting_and_analysis//en/communities/ihr_contract_workforce_talent_exchange/contract_workforce_talent_exchanges_metrics/

java.io.FileNotFoundException: http://www.hr.com/en/communities/ihr_compensation/incentives_measurement__reporting_and_analysis//en/communities/ihr_contract_workforce_talent_exchange/contract_workforce_talent_exchanges_legal_compliance/

java.io.FileNotFoundException: http://www.hr.com/en/communities/ihr_compensation/incentives_measurement__reporting_and_analysis//en/communities/ihr_employee_wellness/productivity/

java.io.FileNotFoundException: http://www.hr.com/en/communities/ihr_compensation/incentives_measurement__reporting_and_analysis//en/communities/ihr_employee_wellness/employee_health/

java.io.FileNotFoundException: http://www.hr.com/en/communities/ihr_hr_in_california//en/communities/human_resources_management/hr_as_consultant/

java.io.FileNotFoundException: http://www.hr.com/en/communities/ihr_compensation/incentives__rewards_and_recognition/recognition_programs//en/communities/legal/legislation/international_legal_issues/

java.io.FileNotFoundException: http://www.hr.com/en/communities/ihr_compensation/incentives__rewards_and_recognition/recognition_programs//en/communities/legal/legislation/u_s__based_legal_issues/

java.io.FileNotFoundException: http://www.hr.com/en/communities/ihr_compensation/incentives__rewards_and_recognition/recognition_programs//en/communities/legal/legislation/u_s__based_legal_issues/americans_with_disabilities_act/

java.io.FileNotFoundException: http://www.hr.com/en/communities/ihr_compensation/incentives__rewards_and_recognition/recognition_programs//en/communities/legal/legislation/u_s__based_legal_issues/fmla/

java.io.FileNotFoundException: https://my.dx.com/AccountSetting/ChangeUserProfile//dx.com/c/100903

java.io.FileNotFoundException: http://www.hr.com/en/communities/ihr_compensation/incentives__rewards_and_recognition/recognition_programs//en/communities/legal/legislation/u_s__based_legal_issues/wage_and_hour/

java.io.FileNotFoundException: http://www.hr.com/en/communities/ihr_compensation/incentives__rewards_and_recognition/recognition_programs//en/communities/legal/privacy/

java.io.FileNotFoundException: http://www.hr.com/en/communities/ihr_compensation/incentives__rewards_and_recognition/recognition_programs//en/communities/legal/training_on_compliance/

java.io.FileNotFoundException: http://www.hr.com/en/communities/ihr_compensation/incentives__rewards_and_recognition/recognition_programs//en/communities/legal/termination/

java.io.FileNotFoundException: http://www.hr.com/en/communities/ihr_compensation/incentives__rewards_and_recognition/recognition_programs//en/communities/legal/workplace_regulations/

java.io.FileNotFoundException: http://www.hr.com/en/communities/ihr_compensation/incentives__rewards_and_recognition/recognition_programs//en/communities/organizational_development/

java.io.FileNotFoundException: http://www.hr.com/en/communities/ihr_compensation/incentives__rewards_and_recognition/recognition_programs//en/communities/organizational_development/career_and_succession_planning/

java.io.FileNotFoundException: http://www.hr.com/en/communities/ihr_compensation/incentives__rewards_and_recognition/recognition_programs//en/communities/organizational_development/change_management/

java.io.FileNotFoundException: http://www.hr.com/en/communities/ihr_compensation/incentives__rewards_and_recognition/recognition_programs//en/communities/legal/legal_compliance_in_india/

java.io.FileNotFoundException: http://www.hr.com/en/communities/ihr_compensation/incentives__rewards_and_recognition/recognition_programs//en/communities/onboarding_001/

java.io.FileNotFoundException: http://www.hr.com/en/communities/ihr_compensation/incentives__rewards_and_recognition/recognition_programs//en/communities/organizational_development/communication_programs/

java.io.FileNotFoundException: http://www.hr.com/en/communities/ihr_compensation/incentives__rewards_and_recognition/recognition_programs//en/communities/organizational_development/decision_making/

java.io.FileNotFoundException: http://www.hr.com/en/communities/ihr_compensation/incentives__rewards_and_recognition/recognition_programs//en/communities/organizational_development/creativity_and_innovation/

java.io.FileNotFoundException: http://www.hr.com/en/communities/ihr_compensation/incentives__rewards_and_recognition/recognition_programs//en/communities/organizational_development/diversity/

java.io.FileNotFoundException: http://www.hr.com/en/communities/ihr_compensation/incentives__rewards_and_recognition/recognition_programs//en/communities/organizational_development/employee_satisfaction_engagement/

java.io.FileNotFoundException: http://www.hr.com/en/communities/ihr_compensation/incentives__rewards_and_recognition/recognition_programs//en/communities/organizational_development/high_performing_teams/

java.io.FileNotFoundException: http://www.hr.com/en/communities/ihr_compensation/incentives__rewards_and_recognition/recognition_programs//en/communities/organizational_development/job_design_telework/

java.io.FileNotFoundException: http://www.hr.com/en/communities/ihr_compensation/incentives__rewards_and_recognition/recognition_programs//en/communities/organizational_development/measurement_of_culture_and_climate/

java.io.FileNotFoundException: http://www.hr.com/en/communities/ihr_compensation/incentives__rewards_and_recognition/recognition_programs//en/communities/organizational_development/knowledge_management/

java.io.FileNotFoundException: http://www.hr.com/en/communities/ihr_compensation/incentives__rewards_and_recognition/recognition_programs//en/communities/organizational_development/organizational_diagnosis/

java.io.FileNotFoundException: http://www.hr.com/en/communities/ihr_compensation/incentives__rewards_and_recognition/recognition_programs//en/communities/organizational_development/mergers_and_acquisitions/

java.io.FileNotFoundException: http://www.hr.com/en/communities/ihr_compensation/incentives__rewards_and_recognition/recognition_programs//en/communities/organizational_development/re_engineering/

java.io.FileNotFoundException: http://www.hr.com/en/communities/ihr_compensation/incentives__rewards_and_recognition/recognition_programs//en/communities/organizational_development/skills_competencies/

java.io.FileNotFoundException: http://www.hr.com/en/communities/ihr_compensation/incentives__rewards_and_recognition/recognition_programs//en/communities/organizational_development/strategic_hr/

java.io.FileNotFoundException: http://www.hr.com/en/communities/ihr_compensation/incentives__rewards_and_recognition/recognition_programs//en/communities/payroll_hris_hris_payroll__audits__compliance_and_risk_management_001/

java.io.FileNotFoundException: http://www.hr.com/en/communities/ihr_compensation/incentives__rewards_and_recognition/recognition_programs//en/communities/performance_management/competencies/

java.io.FileNotFoundException: http://www.hr.com/en/communities/ihr_compensation/incentives__rewards_and_recognition/recognition_programs//en/communities/performance_management/

java.io.FileNotFoundException: http://www.hr.com/en/communities/ihr_compensation/incentives__rewards_and_recognition/recognition_programs//en/communities/performance_management/cascading_goals/

java.io.FileNotFoundException: http://www.hr.com/en/communities/ihr_compensation/incentives__rewards_and_recognition/recognition_programs//en/communities/performance_management/culture/

java.io.FileNotFoundException: http://www.hr.com/en/communities/ihr_compensation/incentives__rewards_and_recognition/recognition_programs//en/communities/performance_management/feedback_processes/

java.io.FileNotFoundException: http://www.hr.com/en/communities/ihr_compensation/incentives_measurement__reporting_and_analysis//en/communities/ihr_employee_wellness/culture_of_health/

java.io.FileNotFoundException: http://www.hr.com/en/communities/ihr_compensation/incentives_measurement__reporting_and_analysis//en/communities/ihr_employee_wellness/prevention/

java.io.FileNotFoundException: http://www.hr.com/en/communities/ihr_compensation/incentives_measurement__reporting_and_analysis//en/communities/ihr_employee_wellness/employee_wellness_templates_forms_contracts/

java.io.FileNotFoundException: http://www.hr.com/en/communities/ihr_compensation/incentives_measurement__reporting_and_analysis//en/communities/ihr_employee_wellness/financial_wellness/

java.io.FileNotFoundException: http://www.hr.com/en/communities/ihr_compensation/incentives_measurement__reporting_and_analysis//en/communities/ihr_employee_wellness/employee_cost/

java.io.FileNotFoundException: http://www.hr.com/en/communities/ihr_compensation/incentives_measurement__reporting_and_analysis//en/communities/ihr_employee_wellness/employee_wellness_legal_compliance/

java.io.FileNotFoundException: https://my.dx.com/AccountSetting/ChangeUserProfile//dx.com/c/101003

java.io.FileNotFoundException: http://www.hr.com/en/communities/ihr_compensation/incentives_measurement__reporting_and_analysis//en/communities/ihr_employee_wellness/employee_cost/reimbursement_plans/

java.io.FileNotFoundException: http://www.hr.com/en/communities/ihr_compensation/incentives_measurement__reporting_and_analysis//en/communities/ihr_employee_wellness/onsite_testing/clinics/

java.io.FileNotFoundException: http://www.hr.com/en/communities/ihr_compensation/incentives_measurement__reporting_and_analysis//en/communities/ihr_employee_wellness/employee_cost/incentives/

java.io.FileNotFoundException: http://www.hr.com/en/communities/ihr_compensation/incentives_measurement__reporting_and_analysis//en/communities/ihr_employee_wellness/onsite_testing/health_fairs/

java.io.FileNotFoundException: http://www.hr.com/en/communities/ihr_compensation/incentives_measurement__reporting_and_analysis//en/communities/ihr_employee_wellness/employee_communication/wellness_portals/

java.io.FileNotFoundException: http://www.hr.com/en/communities/ihr_compensation/incentives_measurement__reporting_and_analysis//en/communities/ihr_employee_wellness/employee_communication/hra/

java.io.FileNotFoundException: http://www.hr.com/en/communities/ihr_compensation/incentives_measurement__reporting_and_analysis//en/communities/ihr_employee_wellness/employee_communication/

java.io.FileNotFoundException: http://www.hr.com/en/communities/ihr_compensation/incentives_measurement__reporting_and_analysis//en/communities/ihr_employee_wellness/employee_communication/identification_of_troubled_areas/

java.io.FileNotFoundException: http://www.hr.com/en/communities/ihr_compensation/incentives_measurement__reporting_and_analysis//en/communities/ihr_employee_wellness/onsite_testing/

java.io.FileNotFoundException: http://www.hr.com/en/communities/ihr_compensation/incentives_measurement__reporting_and_analysis//en/communities/ihr_employee_wellness/benefit_healthcare_cost_containment/

java.io.FileNotFoundException: http://www.hr.com/en/communities/ihr_compensation/incentives_measurement__reporting_and_analysis//en/communities/ihr_employee_wellness/benefit_healthcare_cost_containment/reduction_in_drug_expense/

java.io.FileNotFoundException: http://www.hr.com/en/communities/ihr_compensation/incentives_measurement__reporting_and_analysis//en/communities/ihr_employee_wellness/weight_management/exercise_programs/

java.io.FileNotFoundException: http://www.hr.com/en/communities/ihr_compensation/incentives_measurement__reporting_and_analysis//en/communities/ihr_employee_wellness/weight_management/support_management/

java.io.FileNotFoundException: http://www.hr.com/en/communities/ihr_compensation/incentives_measurement__reporting_and_analysis//en/communities/ihr_employee_wellness/weight_management/internal_programs/

java.io.FileNotFoundException: http://www.hr.com/en/communities/ihr_compensation/incentives_measurement__reporting_and_analysis//en/communities/ihr_employee_wellness/cessation_reduction/

java.io.FileNotFoundException: http://www.hr.com/en/communities/ihr_compensation/incentives_measurement__reporting_and_analysis//en/communities/ihr_employee_wellness/cessation_reduction/drug_alcohol_dependence/

java.io.FileNotFoundException: http://www.hr.com/en/communities/ihr_compensation/incentives_measurement__reporting_and_analysis//en/communities/ihr_employee_wellness/cessation_reduction/smoking/

java.io.FileNotFoundException: http://www.hr.com/en/communities/ihr_compensation/incentives_measurement__reporting_and_analysis//en/communities/ihr_employee_wellness/benefit_healthcare_cost_containment/reduction_in_doctor_visits/

java.io.FileNotFoundException: http://www.hr.com/en/communities/ihr_compensation/incentives_measurement__reporting_and_analysis//en/communities/ihr_employee_wellness/cessation_reduction/eating_disorders/

java.io.FileNotFoundException: http://www.hr.com/en/communities/ihr_compensation/incentives_measurement__reporting_and_analysis//en/communities/ihr_employee_wellness/absenteeism/

java.io.FileNotFoundException: https://my.dx.com/AccountSetting/ChangeUserProfile//dx.com/c/101203

java.io.FileNotFoundException: http://www.hr.com/en/communities/ihr_compensation/incentives_measurement__reporting_and_analysis//en/communities/ihr_employee_wellness/absenteeism/reduction/

java.io.FileNotFoundException: http://www.hr.com/en/communities/ihr_compensation/incentives_measurement__reporting_and_analysis//en/communities/ihr_employee_wellness/absenteeism/cost/

java.io.FileNotFoundException: http://www.hr.com/en/communities/ihr_compensation/incentives_measurement__reporting_and_analysis//en/communities/ihr_employee_wellness/absenteeism/measurement/

java.io.FileNotFoundException: http://www.hr.com/en/communities/ihr_compensation/incentives_measurement__reporting_and_analysis//en/communities/ihr_employee_wellness/absenteeism/presenters/

java.net.MalformedURLException: no protocol: category.php?id=33&brand=922

java.io.FileNotFoundException: http://www.hr.com/en/communities/ihr_compensation/incentives_measurement__reporting_and_analysis//en/communities/ihr_employee_wellness/absenteeism/long_term_rehabilitation/

java.io.FileNotFoundException: http://www.hr.com/en/communities/ihr_compensation/incentives_measurement__reporting_and_analysis//en/communities/ihr_employee_wellness/absenteeism/accommodation_at_work/

java.io.FileNotFoundException: http://www.hr.com/en/communities/ihr_compensation/incentives_measurement__reporting_and_analysis//en/communities/ihr_employee_wellness/employee_wellness_tools_technology/

java.io.FileNotFoundException: http://www.hr.com/en/communities/ihr_compensation/incentives_measurement__reporting_and_analysis//en/communities/ihr_employee_wellness/employee_wellness_metrics/

java.io.FileNotFoundException: http://www.hr.com/en/communities/ihr_compensation/incentives_measurement__reporting_and_analysis//en/communities/hr_in_canada/

java.io.FileNotFoundException: http://www.hr.com/en/communities/ihr_compensation/incentives_measurement__reporting_and_analysis//en/communities/hr_in_canada/canadian_masters_in_hr_strategy_execution/

java.io.FileNotFoundException: http://www.hr.com/en/communities/ihr_compensation/incentives__rewards_and_recognition/recognition_programs//en/communities/performance_management/pay_for_performance/

java.io.FileNotFoundException: http://www.hr.com/en/communities/ihr_compensation/incentives__rewards_and_recognition/recognition_programs//en/communities/performance_management/motivation/

java.io.FileNotFoundException: http://www.hr.com/en/communities/ihr_compensation/incentives__rewards_and_recognition/recognition_programs//en/communities/performance_management/legal_compliance/

java.io.FileNotFoundException: http://www.hr.com/en/communities/ihr_compensation/incentives__rewards_and_recognition/recognition_programs//en/communities/performance_management/job_description/

java.io.FileNotFoundException: http://www.hr.com/en/communities/ihr_compensation/incentives__rewards_and_recognition/recognition_programs//en/communities/performance_management/pm_assessment/

java.io.FileNotFoundException: https://my.dx.com/AccountSetting/ChangeUserProfile//dx.com/c/101403

java.io.FileNotFoundException: http://www.hr.com/en/communities/ihr_compensation/incentives__rewards_and_recognition/recognition_programs//en/communities/performance_management/pm_metrics/

java.io.FileNotFoundException: http://www.hr.com/en/communities/ihr_compensation/incentives__rewards_and_recognition/recognition_programs//en/communities/performance_management/pm_succession_planning/

java.io.FileNotFoundException: http://www.hr.com/en/communities/ihr_compensation/incentives__rewards_and_recognition/recognition_programs//en/communities/performance_management/performance_reviews/

java.io.FileNotFoundException: http://www.hr.com/en/communities/ihr_compensation/incentives__rewards_and_recognition/recognition_programs//en/communities/recruitment_process_outsourcing_001/

java.io.FileNotFoundException: http://www.hr.com/en/communities/ihr_compensation/incentives__rewards_and_recognition/recognition_programs//en/communities/rewards_and_recognition_001/

java.io.FileNotFoundException: http://www.hr.com/en/communities/ihr_compensation/incentives__rewards_and_recognition/recognition_programs//en/communities/social_media_and_employee_communications_001/

java.io.FileNotFoundException: http://www.hr.com/en/communities/ihr_compensation/incentives__rewards_and_recognition/recognition_programs//en/communities/performance_management/pm_retention/

java.io.FileNotFoundException: http://www.hr.com/en/communities/ihr_compensation/incentives__rewards_and_recognition/recognition_programs//en/communities/social_media_and_employee_communications_001/change_management/

java.io.FileNotFoundException: http://www.hr.com/en/communities/ihr_compensation/incentives__rewards_and_recognition/recognition_programs//en/communities/performance_management/technology/

java.io.FileNotFoundException: http://www.hr.com/en/communities/ihr_compensation/incentives__rewards_and_recognition/recognition_programs//en/communities/social_media_and_employee_communications_001/training_learning_development/

java.io.FileNotFoundException: http://www.hr.com/en/communities/ihr_compensation/incentives__rewards_and_recognition/recognition_programs//en/communities/social_media_and_employee_communications_001/employee_communication/

java.io.FileNotFoundException: http://www.hr.com/en/communities/ihr_compensation/incentives__rewards_and_recognition/recognition_programs//en/communities/social_media_and_employee_communications_001/strategic_tactical_leadership/

java.io.FileNotFoundException: http://www.hr.com/en/communities/ihr_compensation/incentives__rewards_and_recognition/recognition_programs//en/communities/social_media_and_employee_communications_001/employment_brand/

java.io.FileNotFoundException: http://www.hr.com/en/communities/ihr_compensation/incentives__rewards_and_recognition/recognition_programs//en/communities/social_media_and_employee_communications_001/recruitment_retention/

java.io.FileNotFoundException: http://www.hr.com/en/communities/ihr_compensation/incentives__rewards_and_recognition/recognition_programs//en/communities/social_media_and_employee_communications_001/culture/

java.io.FileNotFoundException: http://www.hr.com/en/communities/ihr_compensation/incentives__rewards_and_recognition/recognition_programs//en/communities/social_media_and_employee_communications_001/internal_social_networks/

java.io.FileNotFoundException: http://www.hr.com/en/communities/ihr_compensation/incentives__rewards_and_recognition/recognition_programs//en/communities/social_media_and_employee_communications_001/external_social_networks/

java.io.FileNotFoundException: http://www.hr.com/en/communities/ihr_compensation/incentives__rewards_and_recognition/recognition_programs//en/communities/staffing_and_recruitment/career_transitions_and_outplacement/

java.io.FileNotFoundException: http://www.hr.com/en/communities/ihr_compensation/incentives__rewards_and_recognition/recognition_programs//en/communities/social_media_and_employee_communications_001/social_media_employee_communications_policies_procedures/

java.io.FileNotFoundException: http://www.hr.com/en/communities/ihr_compensation/incentives__rewards_and_recognition/recognition_programs//en/communities/social_media_and_employee_communications_001/social_media_employee_communications_metrics/

java.io.FileNotFoundException: http://www.hr.com/en/communities/ihr_compensation/incentives__rewards_and_recognition/recognition_programs//en/communities/staffing_and_recruitment/competency_modeling/

java.io.FileNotFoundException: http://www.hr.com/en/communities/ihr_compensation/incentives__rewards_and_recognition/recognition_programs//en/communities/social_media_and_employee_communications_001/social_media_employee_communications_legal_compliance/

java.io.FileNotFoundException: http://www.hr.com/en/communities/ihr_compensation/incentives__rewards_and_recognition/recognition_programs//en/communities/staffing_and_recruitment/affirmative_action_eeo_diversity/

java.io.FileNotFoundException: http://www.hr.com/en/communities/ihr_compensation/incentives__rewards_and_recognition/recognition_programs//en/communities/staffing_and_recruitment/

java.io.FileNotFoundException: http://www.youtube.com/ts/watch?v=DK3pMLxmpfc

java.io.FileNotFoundException: http://www.hr.com/en/communities/ihr_compensation/incentives__rewards_and_recognition/recognition_programs//en/communities/staffing_and_recruitment/corporate_career_portal/

java.io.FileNotFoundException: http://www.hr.com/en/communities/ihr_compensation/incentives__rewards_and_recognition/recognition_programs//en/communities/social_media_and_employee_communications_001/social_media_employee_communications_tools_technology/

java.io.FileNotFoundException: http://www.hr.com/en/communities/ihr_compensation/incentives__rewards_and_recognition/recognition_programs//en/communities/staffing_and_recruitment/corporate_career_portal/corporate_branding_employer_branding/

java.io.FileNotFoundException: http://www.hr.com/en/communities/ihr_compensation/incentives__rewards_and_recognition/recognition_programs//en/communities/staffing_and_recruitment/corporate_career_portal/internet_and_job_tools_courses/

java.io.FileNotFoundException: http://www.hr.com/en/communities/ihr_compensation/incentives_measurement__reporting_and_analysis//en/communities/ihr_health_safety/

java.io.FileNotFoundException: http://www.hr.com/en/communities/ihr_compensation/incentives_measurement__reporting_and_analysis//en/communities/ihr_health_safety/unions/

java.io.FileNotFoundException: http://www.hr.com/en/communities/ihr_compensation/incentives_measurement__reporting_and_analysis//en/communities/ihr_health_safety/health_safety_legal_compliance/

java.io.FileNotFoundException: https://my.dx.com/AccountSetting/ChangeUserProfile//dx.com/c/101603

java.io.FileNotFoundException: http://www.hr.com/en/communities/ihr_compensation/incentives_measurement__reporting_and_analysis//en/communities/ihr_hr_in_california/

java.io.FileNotFoundException: http://www.hr.com/en/communities/ihr_compensation/incentives_measurement__reporting_and_analysis//en/communities/ihr_health_safety/health_safety_legal_compliance/audits/

java.io.FileNotFoundException: http://www.hr.com/en/communities/ihr_compensation/incentives_measurement__reporting_and_analysis//en/communities/ihr_health_safety/health_safety_legal_compliance/risk_management/

java.io.FileNotFoundException: http://www.hr.com/en/communities/ihr_compensation/incentives_measurement__reporting_and_analysis//en/communities/ihr_health_safety/health_safety_legal_compliance/occupational_health_safety_act/

java.io.FileNotFoundException: http://www.hr.com/en/communities/ihr_compensation/incentives_measurement__reporting_and_analysis//en/communities/ihr_health_safety/health_safety_legal_compliance/hipaa/

java.io.FileNotFoundException: http://www.hr.com/en/communities/ihr_compensation/incentives_measurement__reporting_and_analysis//en/communities/ihr_health_safety/employee_wellness/

java.io.FileNotFoundException: http://www.hr.com/en/communities/ihr_compensation/incentives_measurement__reporting_and_analysis//en/communities/ihr_health_safety/standardization/

java.io.FileNotFoundException: http://www.hr.com/en/communities/ihr_compensation/incentives_measurement__reporting_and_analysis//en/communities/ihr_health_safety/standardization/iso_international_organization_for_standardization/

java.io.FileNotFoundException: http://www.hr.com/en/communities/ihr_compensation/incentives_measurement__reporting_and_analysis//en/communities/ihr_health_safety/health_safety_templates_forms_and_contracts/

java.io.FileNotFoundException: http://www.hr.com/en/communities/ihr_compensation/incentives_measurement__reporting_and_analysis//en/communities/ihr_health_safety/health_safety_legal_compliance/osha/

java.io.FileNotFoundException: http://www.hr.com/en/communities/ihr_compensation/incentives_measurement__reporting_and_analysis//en/communities/ihr_health_safety/health_safety_templates_forms_and_contracts/msds_material_safety_data_sheets/

java.io.FileNotFoundException: http://www.hr.com/en/communities/ihr_compensation/incentives_measurement__reporting_and_analysis//en/communities/ihr_health_safety/workers_compensation/

java.io.FileNotFoundException: https://my.dx.com/AccountSetting/ChangeUserProfile//dx.com/c/101703

java.io.FileNotFoundException: http://www.hr.com/en/communities/ihr_compensation/incentives_measurement__reporting_and_analysis//en/communities/ihr_health_safety/health_safety_training/

java.io.FileNotFoundException: http://www.hr.com/en/communities/ihr_compensation/incentives_measurement__reporting_and_analysis//en/communities/ihr_health_safety/health_safety_training/global/

java.io.FileNotFoundException: http://www.hr.com/en/communities/ihr_compensation/incentives_measurement__reporting_and_analysis//en/communities/ihr_health_safety/health_safety_training/us_based/

java.io.FileNotFoundException: http://www.hr.com/en/communities/ihr_compensation/incentives_measurement__reporting_and_analysis//en/communities/ihr_health_safety/health_safety_training/canadian_based/

java.io.FileNotFoundException: http://www.hr.com/en/communities/ihr_compensation/incentives_measurement__reporting_and_analysis//en/communities/ihr_health_safety/health_safety_training/consultants/

java.io.FileNotFoundException: http://www.hr.com/en/communities/ihr_compensation/incentives_measurement__reporting_and_analysis//en/communities/ihr_health_safety/health_safety_training/whmis_workplace_hazardous_materials_information_system/

java.io.FileNotFoundException: http://www.hr.com/en/communities/ihr_compensation/incentives_measurement__reporting_and_analysis//en/communities/ihr_health_safety/health_safety_tools_technology/

java.io.FileNotFoundException: http://www.hr.com/en/communities/ihr_compensation/incentives_measurement__reporting_and_analysis//en/communities/ihr_health_safety/health_safety_metrics/

java.io.FileNotFoundException: http://www.hr.com/en/communities/ihr_compensation/incentives_measurement__reporting_and_analysis//en/communities/hr_industries/

java.io.FileNotFoundException: http://www.hr.com/en/communities/ihr_compensation/incentives_measurement__reporting_and_analysis//en/communities/hr_industries/agriculture__forestry__fishing_and_mining/

java.io.FileNotFoundException: http://www.hr.com/en/communities/ihr_compensation/incentives_measurement__reporting_and_analysis//en/communities/hr_industries/computer_telecom/

java.io.FileNotFoundException: http://www.hr.com/en/communities/ihr_compensation/incentives_measurement__reporting_and_analysis//en/communities/hr_industries/construction/

java.io.FileNotFoundException: http://www.hr.com/en/communities/ihr_compensation/incentives_measurement__reporting_and_analysis//en/communities/hr_industries/education/

java.io.FileNotFoundException: http://www.hr.com/en/communities/ihr_compensation/incentives_measurement__reporting_and_analysis//en/communities/hr_industries/finance__insurance_and_real_estate/

java.io.FileNotFoundException: http://www.hr.com/en/communities/ihr_compensation/incentives_measurement__reporting_and_analysis//en/communities/hr_industries/hospitality/

java.io.FileNotFoundException: http://www.hr.com/en/communities/ihr_compensation/incentives_measurement__reporting_and_analysis//en/communities/hr_industries/health_services/

java.io.FileNotFoundException: http://www.hr.com/en/communities/ihr_compensation/incentives_measurement__reporting_and_analysis//en/communities/hr_industries/manufacturing/

java.io.FileNotFoundException: http://www.hr.com/en/communities/ihr_compensation/incentives_measurement__reporting_and_analysis//en/communities/hr_industries/ihr_hr_in_retail/

java.io.FileNotFoundException: http://www.hr.com/en/communities/ihr_compensation/incentives_measurement__reporting_and_analysis//en/communities/hr_industries/ihr_hr_in_government/

java.io.FileNotFoundException: http://www.hr.com/en/communities/ihr_compensation/incentives__rewards_and_recognition/recognition_programs//en/communities/staffing_and_recruitment/corporate_career_portal/online_media_job_boards/

java.io.FileNotFoundException: http://www.hr.com/en/communities/ihr_compensation/incentives__rewards_and_recognition/recognition_programs//en/communities/staffing_and_recruitment/employment_applications/

java.io.IOException: Server returned HTTP response code: 500 for URL: http://go2.infor.com/referralprogram/

java.io.FileNotFoundException: http://www.hr.com/en/communities/ihr_compensation/incentives__rewards_and_recognition/recognition_programs//en/communities/staffing_and_recruitment/employment_applications/reference_checking/

java.io.FileNotFoundException: http://www.hr.com/en/communities/ihr_compensation/incentives__rewards_and_recognition/recognition_programs//en/communities/staffing_and_recruitment/employment_applications/screening__assessment_and_testing/

java.io.FileNotFoundException: http://www.hr.com/en/communities/ihr_compensation/incentives__rewards_and_recognition/recognition_programs//en/communities/staffing_and_recruitment/employment_applications/screening__assessment_and_testing/assessment/

java.io.FileNotFoundException: http://www.hr.com/en/communities/ihr_compensation/incentives__rewards_and_recognition/recognition_programs//en/communities/staffing_and_recruitment/employment_applications/screening__assessment_and_testing/assessment/technology_based_assessment_systems/

java.io.FileNotFoundException: http://www.hr.com/en/communities/ihr_compensation/incentives__rewards_and_recognition/recognition_programs//en/communities/staffing_and_recruitment/employment_applications/screening__assessment_and_testing/assessment/assessment_centers/

java.io.FileNotFoundException: http://www.hr.com/en/communities/ihr_compensation/incentives__rewards_and_recognition/recognition_programs//en/communities/staffing_and_recruitment/employment_applications/screening__assessment_and_testing/screening/

java.io.FileNotFoundException: http://www.hr.com/en/communities/ihr_compensation/incentives__rewards_and_recognition/recognition_programs//en/communities/staffing_and_recruitment/employment_applications/screening__assessment_and_testing/screening/structured_interviews/

java.io.FileNotFoundException: http://www.hr.com/en/communities/ihr_compensation/incentives__rewards_and_recognition/recognition_programs//en/communities/staffing_and_recruitment/employment_applications/screening__assessment_and_testing/screening/person_job_fit/

java.io.FileNotFoundException: http://www.hr.com/en/communities/ihr_compensation/incentives__rewards_and_recognition/recognition_programs//en/communities/staffing_and_recruitment/employment_applications/screening__assessment_and_testing/screening/person_job_fit//

java.io.FileNotFoundException: http://www.hr.com/en/communities/ihr_compensation/incentives__rewards_and_recognition/recognition_programs//en/communities/staffing_and_recruitment/employment_applications/screening__assessment_and_testing/screening/biodata/

java.io.FileNotFoundException: http://www.hr.com/en/communities/ihr_compensation/incentives__rewards_and_recognition/recognition_programs//en/communities/staffing_and_recruitment/employment_applications/screening__assessment_and_testing/screening/situational_judgement/

java.io.FileNotFoundException: http://www.hr.com/en/communities/ihr_compensation/incentives__rewards_and_recognition/recognition_programs//en/communities/staffing_and_recruitment/employment_applications/screening__assessment_and_testing/screening/automated_qualifications_screening/

java.io.FileNotFoundException: http://www.hr.com/en/communities/ihr_compensation/incentives__rewards_and_recognition/recognition_programs//en/communities/staffing_and_recruitment/employment_applications/screening__assessment_and_testing/testing/

java.io.FileNotFoundException: http://www.hr.com/en/communities/ihr_hr_in_california//en/communities/human_resources_management/hr_administration/

java.net.MalformedURLException: unknown protocol: javascript

java.net.MalformedURLException: unknown protocol: javascript

java.net.MalformedURLException: unknown protocol: javascript

java.io.FileNotFoundException: http://www.fr.com/pagenotfound/

java.io.FileNotFoundException: http://www.fr.com/pagenotfound/

java.io.FileNotFoundException: http://www.fr.com/pagenotfound/

java.io.FileNotFoundException: http://www.fr.com/pagenotfound/

java.io.FileNotFoundException: http://www.fr.com/pagenotfound/

java.io.FileNotFoundException: http://www.fr.com/pagenotfound/

java.io.FileNotFoundException: http://www.fr.com/pagenotfound/

java.io.FileNotFoundException: http://www.fr.com/pagenotfound/

java.io.FileNotFoundException: http://www.fr.com/pagenotfound/

java.io.FileNotFoundException: http://www.fr.com/pagenotfound/

java.io.FileNotFoundException: http://www.fr.com/pagenotfound/

java.io.FileNotFoundException: http://www.fr.com/pagenotfound/

java.io.FileNotFoundException: http://www.fr.com/pagenotfound/

java.io.FileNotFoundException: http://www.fr.com/pagenotfound/

java.io.FileNotFoundException: http://www.fr.com/pagenotfound/

java.io.FileNotFoundException: http://www.fr.com/pagenotfound/

java.io.FileNotFoundException: http://www.fr.com/pagenotfound/

java.io.FileNotFoundException: http://www.fr.com/pagenotfound/

java.io.FileNotFoundException: http://www.fr.com/pagenotfound/

java.io.FileNotFoundException: http://www.fr.com/pagenotfound/

java.io.FileNotFoundException: http://www.fr.com/pagenotfound/

java.io.FileNotFoundException: http://www.fr.com/pagenotfound/

java.io.FileNotFoundException: http://www.fr.com/pagenotfound/

java.io.FileNotFoundException: http://www.fr.com/pagenotfound/

java.io.FileNotFoundException: http://www.fr.com/pagenotfound/

java.io.FileNotFoundException: http://www.fr.com/pagenotfound/

java.io.FileNotFoundException: http://www.fr.com/pagenotfound/

java.io.FileNotFoundException: http://www.fr.com/pagenotfound/

java.io.FileNotFoundException: http://www.fr.com/pagenotfound/

java.io.FileNotFoundException: http://www.fr.com/pagenotfound/

java.io.FileNotFoundException: http://www.fr.com/pagenotfound/

java.io.FileNotFoundException: http://www.fr.com/pagenotfound/

java.io.FileNotFoundException: http://www.fr.com/pagenotfound/

java.io.FileNotFoundException: http://www.fr.com/pagenotfound/

java.io.FileNotFoundException: http://www.fr.com/pagenotfound/

java.io.FileNotFoundException: http://www.fr.com/pagenotfound/

java.io.FileNotFoundException: http://www.fr.com/pagenotfound/

java.io.FileNotFoundException: http://www.fr.com/pagenotfound/

java.io.FileNotFoundException: http://www.fr.com/pagenotfound/

java.io.FileNotFoundException: http://www.hr.com/en/communities/ihr_compensation/incentives_measurement__reporting_and_analysis//en/communities/hr_industries/non_profit/

java.io.FileNotFoundException: http://www.hr.com/en/communities/ihr_compensation/incentives_measurement__reporting_and_analysis//en/communities/hr_industries/media_entertainment/

java.io.FileNotFoundException: http://www.hr.com/en/communities/ihr_compensation/incentives_measurement__reporting_and_analysis//en/communities/hr_industries/services/

java.io.FileNotFoundException: http://www.brandshield.com/en/NewgTLDApplicationReport.aspx#fullTopic7

java.io.FileNotFoundException: https://gtldresult.icann.org/application-result/applicationstatus

java.io.FileNotFoundException: http://www.fr.com/pagenotfound/

java.io.FileNotFoundException: http://www.hr.com/en/communities/ihr_compensation/incentives_measurement__reporting_and_analysis//en/communities/hr_industries/transportation_and_public_utilities/

java.io.FileNotFoundException: http://www.fr.com/pagenotfound/

java.io.FileNotFoundException: http://www.fr.com/pagenotfound/

java.io.FileNotFoundException: http://www.hr.com/en/communities/ihr_compensation/incentives_measurement__reporting_and_analysis//en/communities/hr_industries/wholesale_trade/

java.io.FileNotFoundException: http://www.hr.com/en/communities/ihr_compensation/incentives_measurement__reporting_and_analysis//en/communities/hr_industries/travel__recreation_and_leisure/

java.io.FileNotFoundException: http://www.hr.com/en/communities/ihr_compensation/incentives_measurement__reporting_and_analysis//en/communities/ihr_hris_erp/erp_enterprise_resources_planning/

java.io.FileNotFoundException: http://www.hr.com/en/communities/ihr_compensation/incentives_measurement__reporting_and_analysis//en/communities/ihr_hris_erp/

java.io.FileNotFoundException: http://www.fr.com/pagenotfound/

java.io.FileNotFoundException: http://www.fr.com/pagenotfound/

java.io.FileNotFoundException: http://www.fr.com/pagenotfound/

java.io.FileNotFoundException: http://www.fr.com/pagenotfound/

java.io.FileNotFoundException: http://www.fr.com/pagenotfound/

java.io.FileNotFoundException: http://www.fr.com/pagenotfound/

java.io.FileNotFoundException: http://www.fr.com/pagenotfound/

java.io.FileNotFoundException: http://www.fr.com/pagenotfound/

java.io.FileNotFoundException: http://www.fr.com/pagenotfound/

java.io.FileNotFoundException: http://www.fr.com/pagenotfound/

java.io.FileNotFoundException: http://www.fr.com/pagenotfound/

java.io.FileNotFoundException: http://www.fr.com/pagenotfound/

java.io.FileNotFoundException: http://www.fr.com/pagenotfound/

java.io.FileNotFoundException: http://www.fr.com/pagenotfound/

java.io.FileNotFoundException: http://www.fr.com/pagenotfound/

java.io.FileNotFoundException: http://www.hr.com/en/communities/ihr_compensation/incentives_measurement__reporting_and_analysis//en/communities/ihr_hris_erp/erp_enterprise_resources_planning/call_centers/

java.io.FileNotFoundException: http://www.fr.com/pagenotfound/

java.io.FileNotFoundException: http://www.fr.com/pagenotfound/

java.io.FileNotFoundException: http://www.fr.com/pagenotfound/

java.io.FileNotFoundException: http://www.fr.com/pagenotfound/

java.io.FileNotFoundException: http://www.fr.com/pagenotfound/

java.io.FileNotFoundException: http://www.fr.com/pagenotfound/

java.io.FileNotFoundException: http://www.hr.com/en/communities/ihr_compensation/incentives_measurement__reporting_and_analysis//en/communities/ihr_hris_erp/erp_enterprise_resources_planning/compliance_in_hcm/

java.io.FileNotFoundException: http://www.hr.com/en/communities/ihr_compensation/incentives_measurement__reporting_and_analysis//en/communities/ihr_hris_erp/erp_enterprise_resources_planning/enterprise_learning/

java.io.FileNotFoundException: http://www.fr.com/pagenotfound/

java.io.FileNotFoundException: http://www.fr.com/pagenotfound/

java.io.FileNotFoundException: http://www.fr.com/pagenotfound/

java.io.FileNotFoundException: http://www.fr.com/pagenotfound/

java.io.FileNotFoundException: http://www.hr.com/en/communities/ihr_compensation/incentives_measurement__reporting_and_analysis//en/communities/ihr_hris_erp/erp_enterprise_resources_planning/hcm_and_integrated_financials/

java.io.FileNotFoundException: http://www.fr.com/pagenotfound/

java.net.MalformedURLException: unknown protocol: javascript

java.io.FileNotFoundException: http://www.fr.com/pagenotfound/

java.io.FileNotFoundException: http://www.fr.com/pagenotfound/

java.io.FileNotFoundException: http://www.fr.com/pagenotfound/

java.io.FileNotFoundException: http://www.fr.com/pagenotfound/

java.io.FileNotFoundException: http://www.fr.com/pagenotfound/

java.io.FileNotFoundException: http://www.fr.com/pagenotfound/

java.io.FileNotFoundException: http://www.fr.com/pagenotfound/

java.io.FileNotFoundException: http://www.fr.com/pagenotfound/

java.io.FileNotFoundException: http://www.fr.com/pagenotfound/

java.io.FileNotFoundException: http://www.fr.com/pagenotfound/

java.io.FileNotFoundException: http://www.fr.com/pagenotfound/

java.io.FileNotFoundException: http://www.fr.com/pagenotfound/

java.io.FileNotFoundException: http://www.fr.com/pagenotfound/

java.io.FileNotFoundException: http://www.fr.com/pagenotfound/

java.io.FileNotFoundException: http://www.fr.com/pagenotfound/

java.io.FileNotFoundException: http://www.fr.com/pagenotfound/

java.io.FileNotFoundException: http://www.fr.com/pagenotfound/

java.io.FileNotFoundException: http://www.fr.com/pagenotfound/

java.io.FileNotFoundException: http://www.fr.com/pagenotfound/

java.io.FileNotFoundException: http://www.fr.com/pagenotfound/

java.io.FileNotFoundException: http://www.fr.com/pagenotfound/

java.io.FileNotFoundException: http://www.fr.com/pagenotfound/

java.io.FileNotFoundException: http://www.fr.com/pagenotfound/

java.io.FileNotFoundException: http://www.fr.com/pagenotfound/

java.io.FileNotFoundException: http://www.fr.com/pagenotfound/

java.io.FileNotFoundException: http://www.fr.com/pagenotfound/

java.io.FileNotFoundException: http://www.fr.com/pagenotfound/

java.io.FileNotFoundException: http://www.fr.com/pagenotfound/

java.io.FileNotFoundException: http://www.fr.com/pagenotfound/

java.io.FileNotFoundException: http://www.fr.com/pagenotfound/

java.io.FileNotFoundException: http://www.fr.com/pagenotfound/

java.io.FileNotFoundException: http://www.fr.com/pagenotfound/

java.io.FileNotFoundException: http://www.fr.com/pagenotfound/

java.io.FileNotFoundException: http://www.fr.com/pagenotfound/

java.io.FileNotFoundException: http://www.fr.com/pagenotfound/

java.io.FileNotFoundException: http://www.fr.com/pagenotfound/

java.io.FileNotFoundException: http://www.fr.com/pagenotfound/

java.io.FileNotFoundException: http://www.fr.com/pagenotfound/

java.io.FileNotFoundException: http://www.fr.com/pagenotfound/

java.io.FileNotFoundException: http://www.fr.com/pagenotfound/

java.io.FileNotFoundException: http://www.fr.com/pagenotfound/

java.io.FileNotFoundException: http://www.fr.com/pagenotfound/

java.io.FileNotFoundException: http://www.fr.com/pagenotfound/

java.io.FileNotFoundException: http://www.uspto.gov/web/offices/ac/qs/ope/fee100512.htm

java.io.FileNotFoundException: http://www.fr.com/pagenotfound/

java.io.FileNotFoundException: http://www.fr.com/pagenotfound/

java.io.FileNotFoundException: http://www.fr.com/pagenotfound/

java.io.FileNotFoundException: http://www.fr.com/pagenotfound/

java.io.FileNotFoundException: http://www.hr.com/en/communities/ihr_compensation/incentives_measurement__reporting_and_analysis//en/communities/ihr_hris_erp/erp_enterprise_resources_planning/hcm_trends/

java.io.FileNotFoundException: http://www.hr.com/en/communities/ihr_compensation/incentives_measurement__reporting_and_analysis//en/communities/ihr_hris_erp/erp_enterprise_resources_planning/hris_benefits/

java.io.FileNotFoundException: http://www.hr.com/en/communities/ihr_compensation/incentives_measurement__reporting_and_analysis//en/communities/ihr_hris_erp/erp_enterprise_resources_planning/pay_for_performance_planning_and_management/

java.io.FileNotFoundException: http://www.hr.com/en/communities/ihr_compensation/incentives_measurement__reporting_and_analysis//en/communities/ihr_hris_erp/erp_enterprise_resources_planning/portals_and_employee_communications/

java.io.FileNotFoundException: http://www.hr.com/en/communities/ihr_compensation/incentives_measurement__reporting_and_analysis//en/communities/ihr_hris_erp/erp_enterprise_resources_planning/rfp_rfi_development/

java.io.FileNotFoundException: http://www.hr.com/en/communities/ihr_compensation/incentives_measurement__reporting_and_analysis//en/communities/ihr_hris_erp/erp_enterprise_resources_planning/total_compensation_management/

java.io.FileNotFoundException: http://www.fr.com/pagenotfound/

java.io.FileNotFoundException: http://www.hr.com/en/communities/ihr_compensation/incentives_measurement__reporting_and_analysis//en/communities/ihr_hris_erp/erp_enterprise_resources_planning/workforce_analytics_strategic_hcm/

java.io.FileNotFoundException: http://www.hr.com/en/communities/ihr_compensation/incentives_measurement__reporting_and_analysis//en/communities/ihr_hris_erp/hcm_global/

java.io.FileNotFoundException: http://www.fr.com/pagenotfound/

java.io.FileNotFoundException: http://www.hr.com/en/communities/ihr_compensation/incentives_measurement__reporting_and_analysis//en/communities/ihr_hris_erp/hcm_global/model__planning__mgmt_and_measurement/

java.io.FileNotFoundException: http://www.hr.com/en/communities/ihr_compensation/incentives_measurement__reporting_and_analysis//en/communities/ihr_hris_erp/hcm_us_based/

java.io.FileNotFoundException: http://www.hr.com/en/communities/ihr_compensation/incentives_measurement__reporting_and_analysis//en/communities/ihr_hris_erp/hcm_us_based/model__planning__mgmt_and_measurement/

java.io.FileNotFoundException: http://www.hr.com/en/communities/ihr_compensation/incentives_measurement__reporting_and_analysis//en/communities/hr_outsourcing/

java.io.FileNotFoundException: http://www.fr.com/pagenotfound/

java.io.FileNotFoundException: http://www.hr.com/en/communities/ihr_compensation/incentives_measurement__reporting_and_analysis//en/communities/hr_outsourcing/business_process_outsourcing/

java.io.FileNotFoundException: http://www.hr.com/en/communities/ihr_compensation/incentives_measurement__reporting_and_analysis//en/communities/hr_outsourcing/call_center_outsourcing/

java.io.FileNotFoundException: http://www.hr.com/en/communities/ihr_compensation/incentives_measurement__reporting_and_analysis//en/communities/hr_outsourcing/contract_negotiations/

java.io.FileNotFoundException: http://www.fr.com/pagenotfound/

java.io.FileNotFoundException: http://www.fr.com/pagenotfound/

java.io.FileNotFoundException: http://www.hr.com/en/communities/ihr_compensation/incentives_measurement__reporting_and_analysis//en/communities/hr_outsourcing/contract_negotiations/other_contract_issues/

java.io.FileNotFoundException: http://www.fr.com/pagenotfound/

java.io.FileNotFoundException: http://www.fr.com/pagenotfound/

java.io.FileNotFoundException: http://www.fr.com/pagenotfound/

java.io.FileNotFoundException: http://www.fr.com/pagenotfound/

java.io.FileNotFoundException: http://www.fr.com/pagenotfound/

java.io.FileNotFoundException: http://www.fr.com/pagenotfound/

java.io.FileNotFoundException: http://www.fr.com/pagenotfound/

java.io.FileNotFoundException: http://www.fr.com/pagenotfound/

java.io.FileNotFoundException: http://www.fr.com/pagenotfound/

java.io.FileNotFoundException: http://www.fr.com/pagenotfound/

java.io.FileNotFoundException: http://www.fr.com/pagenotfound/

java.io.FileNotFoundException: http://www.fr.com/pagenotfound/

java.io.FileNotFoundException: http://www.fr.com/pagenotfound/

java.io.FileNotFoundException: http://www.fr.com/pagenotfound/

java.io.FileNotFoundException: http://www.fr.com/pagenotfound/

java.io.FileNotFoundException: http://www.fr.com/pagenotfound/

java.io.FileNotFoundException: http://www.fr.com/pagenotfound/

java.io.FileNotFoundException: http://www.fr.com/pagenotfound/

java.io.FileNotFoundException: http://www.fr.com/pagenotfound/

java.io.FileNotFoundException: http://www.fr.com/pagenotfound/

java.io.FileNotFoundException: http://www.fr.com/pagenotfound/

java.io.FileNotFoundException: http://www.fr.com/pagenotfound/

java.io.FileNotFoundException: http://www.fr.com/pagenotfound/

java.io.FileNotFoundException: http://www.fr.com/pagenotfound/

java.io.FileNotFoundException: http://www.fr.com/pagenotfound/

java.io.FileNotFoundException: http://www.fr.com/pagenotfound/

java.io.FileNotFoundException: http://www.fr.com/pagenotfound/

java.io.FileNotFoundException: http://www.fr.com/pagenotfound/

java.io.FileNotFoundException: http://www.fr.com/pagenotfound/

java.io.FileNotFoundException: http://www.fr.com/pagenotfound/

java.io.FileNotFoundException: http://www.fr.com/pagenotfound/

java.io.FileNotFoundException: http://www.fr.com/pagenotfound/

java.io.FileNotFoundException: http://www.fr.com/pagenotfound/

java.io.FileNotFoundException: http://www.fr.com/pagenotfound/

java.io.FileNotFoundException: http://www.fr.com/pagenotfound/

java.io.FileNotFoundException: http://www.fr.com/pagenotfound/

java.io.FileNotFoundException: http://www.fr.com/pagenotfound/

java.io.FileNotFoundException: http://www.fr.com/pagenotfound/

java.io.FileNotFoundException: http://www.fr.com/pagenotfound/

java.io.FileNotFoundException: http://www.fr.com/pagenotfound/

java.io.FileNotFoundException: http://www.fr.com/pagenotfound/

java.io.FileNotFoundException: http://www.fr.com/pagenotfound/

java.io.FileNotFoundException: http://www.fr.com/pagenotfound/

java.io.FileNotFoundException: http://www.fr.com/pagenotfound/

java.io.FileNotFoundException: http://www.fr.com/pagenotfound/

java.io.FileNotFoundException: http://www.fr.com/pagenotfound/

java.io.FileNotFoundException: http://www.fr.com/pagenotfound/

java.io.FileNotFoundException: http://www.hr.com/en/communities/ihr_compensation/incentives__rewards_and_recognition/recognition_programs//en/communities/staffing_and_recruitment/employment_applications/screening__assessment_and_testing/testing/innovations_in_testing/

java.io.FileNotFoundException: http://www.hr.com/en/communities/ihr_compensation/incentives__rewards_and_recognition/recognition_programs//en/communities/staffing_and_recruitment/employment_applications/screening__assessment_and_testing/testing/test_validation/

java.io.FileNotFoundException: http://www.fr.com/pagenotfound/

java.io.FileNotFoundException: http://www.fr.com/pagenotfound/

java.io.FileNotFoundException: http://www.fr.com/pagenotfound/

java.io.FileNotFoundException: http://www.fr.com/pagenotfound/

java.io.FileNotFoundException: http://www.hr.com/en/communities/ihr_compensation/incentives__rewards_and_recognition/recognition_programs//en/communities/staffing_and_recruitment/employment_applications/screening__assessment_and_testing/testing/knowledge_skills_testing/

java.io.FileNotFoundException: http://www.fr.com/pagenotfound/

java.io.FileNotFoundException: http://www.fr.com/pagenotfound/

java.io.FileNotFoundException: http://www.hr.com/en/communities/ihr_compensation/incentives__rewards_and_recognition/recognition_programs//en/communities/staffing_and_recruitment/employment_applications/screening__assessment_and_testing/testing/behavioral_based_testing/

java.io.FileNotFoundException: http://www.hr.com/en/communities/ihr_compensation/incentives__rewards_and_recognition/recognition_programs//en/communities/staffing_and_recruitment/employment_applications/screening__assessment_and_testing/testing/cognitive_ability_testing/

java.io.FileNotFoundException: http://www.hr.com/en/communities/ihr_compensation/incentives__rewards_and_recognition/recognition_programs//en/communities/staffing_and_recruitment/employment_applications/screening__assessment_and_testing/testing/personality_testing/

java.io.FileNotFoundException: http://www.hr.com/en/communities/ihr_compensation/incentives__rewards_and_recognition/recognition_programs//en/communities/staffing_and_recruitment/employment_applications/screening__assessment_and_testing/testing/test_development/

java.io.FileNotFoundException: http://www.fr.com/pagenotfound/

java.io.FileNotFoundException: http://www.hr.com/en/communities/ihr_compensation/incentives__rewards_and_recognition/recognition_programs//en/communities/staffing_and_recruitment/employment_contracts/

java.io.FileNotFoundException: http://www.hr.com/en/communities/ihr_compensation/incentives__rewards_and_recognition/recognition_programs//en/communities/staffing_and_recruitment/expatriate_selection/

java.io.FileNotFoundException: http://fishpostgrant.com/wp-content/uploads/Fish-Richardson_Post-Grant-for-Practitioners_Part-7.pdf

java.io.FileNotFoundException: http://fishpostgrant.com/wp-content/uploads/Post-Grant-for-Practitioners-Part-6-Claim-Construction-and-PO-Prelim-Response.pdf

java.io.FileNotFoundException: http://fishpostgrant.com/wp-content/uploads/20130614-Webinar-re-IPR-Discoverywocode.pdf

java.io.FileNotFoundException: http://fishpostgrant.com/wp-content/uploads/PostGrantforPractitionersPart-4-ConductingPTABTrials.pdf

java.io.FileNotFoundException: http://fishpostgrant.com/wp-content/uploads/Post-GrantPractitionersPart1-IPR-CBM-TheFirst5Months.pdf

java.io.FileNotFoundException: http://fishpostgrant.com/wp-content/uploads/2013_04_10-Post-Grant-for-Practitioners-part3-WITH-STAY-FOR-IPR-SLIDES-v2.pdf

java.io.FileNotFoundException: http://www.hr.com/en/communities/ihr_compensation/incentives__rewards_and_recognition/recognition_programs//en/communities/staffing_and_recruitment/job_analysis__evaluation_and_grading/job_descriptions/

java.io.FileNotFoundException: http://www.hr.com/en/communities/ihr_compensation/incentives__rewards_and_recognition/recognition_programs//en/communities/staffing_and_recruitment/job_analysis__evaluation_and_grading/

java.io.FileNotFoundException: http://fishpostgrant.com/wp-content/uploads/IPRwebinar8-27-12.pdf

java.io.FileNotFoundException: http://www.hr.com/en/communities/ihr_compensation/incentives__rewards_and_recognition/recognition_programs//en/communities/staffing_and_recruitment/job_analysis__evaluation_and_grading/job_requisitions/

java.io.FileNotFoundException: http://fishpostgrant.com/wp-content/uploads/Putting-It-All-Together.pdf

java.io.FileNotFoundException: http://fishpostgrant.com/wp-content/uploads/CLEReferenceMaterials.pdf

java.io.FileNotFoundException: http://fishpostgrant.com/wp-content/uploads/PostGrantReviewDerivation.pdf

java.io.FileNotFoundException: http://www.hr.com/en/communities/ihr_compensation/incentives__rewards_and_recognition/recognition_programs//en/communities/staffing_and_recruitment/online_staffing__and_sourcing/

java.io.FileNotFoundException: http://www.hr.com/en/communities/ihr_compensation/incentives__rewards_and_recognition/recognition_programs//en/communities/staffing_and_recruitment/labor_trends/

java.io.FileNotFoundException: http://www.hr.com/en/communities/ihr_compensation/incentives__rewards_and_recognition/recognition_programs//en/communities/staffing_and_recruitment/job_analysis__evaluation_and_grading/salary_surveys/

java.io.FileNotFoundException: http://fishpostgrant.com/wp-content/uploads/Supplemental-Examination.pdf

java.io.FileNotFoundException: http://fishpostgrant.com/wp-content/uploads/IPRwebinarPart-III.pdf

java.io.FileNotFoundException: http://fishpostgrant.com/wp-content/uploads/IPRwebinarPart-II.pdf

java.io.FileNotFoundException: http://fishpostgrant.com/wp-content/uploads/IPRwebinarPart-I.pdf

java.io.FileNotFoundException: http://fishpostgrant.com/fish-post-grant-attorneys-to-present-west-legaledcenter-webinar/

java.io.FileNotFoundException: http://fishpostgrant.com/testimonials/

java.net.MalformedURLException: unknown protocol: javascript

java.io.FileNotFoundException: http://www.fr.com/pagenotfound/

java.io.FileNotFoundException: http://www.fr.com/pagenotfound/

java.io.FileNotFoundException: http://www.fr.com/pagenotfound/

java.io.FileNotFoundException: http://www.fr.com/pagenotfound/

java.io.FileNotFoundException: http://www.fr.com/pagenotfound/

java.io.FileNotFoundException: http://www.fr.com/pagenotfound/

java.io.FileNotFoundException: http://www.fr.com/pagenotfound/

java.io.FileNotFoundException: http://www.fr.com/pagenotfound/

java.io.FileNotFoundException: http://www.fr.com/pagenotfound/

java.io.FileNotFoundException: http://www.fr.com/pagenotfound/

java.io.FileNotFoundException: http://www.fr.com/pagenotfound/

java.io.FileNotFoundException: http://www.fr.com/pagenotfound/

java.io.FileNotFoundException: http://www.fr.com/pagenotfound/

java.io.FileNotFoundException: http://www.fr.com/pagenotfound/

java.io.FileNotFoundException: http://www.fr.com/pagenotfound/

java.io.FileNotFoundException: http://www.fr.com/pagenotfound/

java.io.FileNotFoundException: http://www.fr.com/pagenotfound/

java.io.FileNotFoundException: http://www.fr.com/pagenotfound/

java.io.FileNotFoundException: http://www.fr.com/pagenotfound/

java.io.FileNotFoundException: http://www.fr.com/pagenotfound/

java.io.FileNotFoundException: http://www.fr.com/pagenotfound/

java.io.FileNotFoundException: http://www.fr.com/pagenotfound/

java.io.FileNotFoundException: http://www.fr.com/pagenotfound/

java.io.FileNotFoundException: http://www.fr.com/pagenotfound/

java.io.FileNotFoundException: http://www.fr.com/pagenotfound/

java.io.FileNotFoundException: http://www.fr.com/pagenotfound/

java.io.FileNotFoundException: http://www.fr.com/pagenotfound/

java.io.FileNotFoundException: http://www.fr.com/pagenotfound/

java.io.FileNotFoundException: http://www.fr.com/pagenotfound/

java.io.FileNotFoundException: http://www.fr.com/pagenotfound/

java.io.FileNotFoundException: http://www.fr.com/pagenotfound/

java.io.FileNotFoundException: http://www.fr.com/pagenotfound/

java.io.FileNotFoundException: http://www.fr.com/pagenotfound/

java.io.FileNotFoundException: http://www.fr.com/pagenotfound/

java.io.FileNotFoundException: http://www.fr.com/pagenotfound/

java.io.FileNotFoundException: http://www.fr.com/pagenotfound/

java.io.FileNotFoundException: http://www.fr.com/pagenotfound/

java.io.FileNotFoundException: http://www.fr.com/pagenotfound/

java.io.FileNotFoundException: http://www.fr.com/pagenotfound/

java.io.FileNotFoundException: http://www.fr.com/pagenotfound/

java.io.FileNotFoundException: http://www.fr.com/pagenotfound/

java.io.FileNotFoundException: http://www.fr.com/pagenotfound/

java.io.FileNotFoundException: http://www.fr.com/pagenotfound/

java.io.FileNotFoundException: http://www.fr.com/pagenotfound/

java.io.FileNotFoundException: http://www.fr.com/pagenotfound/

java.io.FileNotFoundException: http://www.fr.com/pagenotfound/

java.io.FileNotFoundException: http://www.fr.com/pagenotfound/

java.io.FileNotFoundException: http://www.fr.com/pagenotfound/

java.io.FileNotFoundException: http://www.fr.com/pagenotfound/

java.io.FileNotFoundException: http://www.fr.com/pagenotfound/

java.net.MalformedURLException: unknown protocol: javascript

java.io.FileNotFoundException: http://www.fr.com/pagenotfound/

java.io.FileNotFoundException: http://www.fr.com/pagenotfound/

java.io.FileNotFoundException: http://www.hr.com/en/communities/ihr_compensation/incentives_measurement__reporting_and_analysis//en/communities/hr_outsourcing/evaluation_of_hro_vendors/

java.io.FileNotFoundException: http://www.hr.com/en/communities/ihr_compensation/incentives_measurement__reporting_and_analysis//en/communities/hr_outsourcing/cost_justification_techniques/

java.io.FileNotFoundException: http://www.hr.com/en/communities/ihr_compensation/incentives_measurement__reporting_and_analysis//en/communities/hr_outsourcing/contract_negotiations/service_level_agreements/

java.io.FileNotFoundException: http://www.hr.com/en/communities/ihr_compensation/incentives_measurement__reporting_and_analysis//en/communities/hr_outsourcing/evaluation_of_hro_vendors/evaluation_methodologies/

java.io.FileNotFoundException: http://www.hr.com/en/communities/ihr_compensation/incentives_measurement__reporting_and_analysis//en/communities/hr_outsourcing/evaluation_of_hro_vendors/rfi_rfp_content_and_structure/

java.io.FileNotFoundException: http://www.hr.com/en/communities/ihr_compensation/incentives_measurement__reporting_and_analysis//en/communities/hr_outsourcing/full_service_outsourcing/

java.io.FileNotFoundException: http://www.fr.com/pagenotfound/

java.io.FileNotFoundException: http://www.fr.com/pagenotfound/

java.io.FileNotFoundException: http://www.fr.com/pagenotfound/

java.io.FileNotFoundException: http://www.fr.com/pagenotfound/

java.io.FileNotFoundException: http://www.fr.com/pagenotfound/

java.io.FileNotFoundException: http://www.fr.com/pagenotfound/

java.io.FileNotFoundException: http://www.fr.com/pagenotfound/

java.io.FileNotFoundException: http://www.fr.com/pagenotfound/

java.io.FileNotFoundException: http://www.fr.com/pagenotfound/

java.io.FileNotFoundException: http://www.fr.com/pagenotfound/

java.io.FileNotFoundException: http://www.fr.com/pagenotfound/

java.io.FileNotFoundException: http://www.fr.com/pagenotfound/

java.io.FileNotFoundException: http://www.fr.com/pagenotfound/

java.io.FileNotFoundException: http://www.fr.com/pagenotfound/

java.io.FileNotFoundException: http://www.fr.com/pagenotfound/

java.io.FileNotFoundException: http://www.fr.com/pagenotfound/

java.io.FileNotFoundException: http://www.fr.com/pagenotfound/

java.io.FileNotFoundException: http://www.fr.com/pagenotfound/

java.io.FileNotFoundException: http://www.fr.com/pagenotfound/

java.io.FileNotFoundException: http://www.fr.com/pagenotfound/

java.io.FileNotFoundException: http://www.fr.com/pagenotfound/

java.io.FileNotFoundException: http://www.fr.com/pagenotfound/

java.io.FileNotFoundException: http://www.fr.com/pagenotfound/

java.io.FileNotFoundException: http://www.fr.com/pagenotfound/

java.io.FileNotFoundException: http://www.fr.com/pagenotfound/

java.io.FileNotFoundException: http://www.fr.com/pagenotfound/

java.io.FileNotFoundException: http://www.fr.com/pagenotfound/

java.io.FileNotFoundException: http://www.fr.com/pagenotfound/

java.io.FileNotFoundException: http://www.fr.com/pagenotfound/

java.io.FileNotFoundException: http://www.fr.com/pagenotfound/

java.io.FileNotFoundException: http://www.fr.com/pagenotfound/

java.io.FileNotFoundException: http://www.fr.com/pagenotfound/

java.io.FileNotFoundException: http://www.fr.com/pagenotfound/

java.io.FileNotFoundException: http://www.fr.com/pagenotfound/

java.io.FileNotFoundException: http://www.fr.com/pagenotfound/

java.io.FileNotFoundException: http://www.fr.com/pagenotfound/

java.io.FileNotFoundException: http://www.fr.com/pagenotfound/

java.io.FileNotFoundException: http://www.fr.com/pagenotfound/

java.io.FileNotFoundException: http://www.fr.com/pagenotfound/

java.io.FileNotFoundException: http://www.fr.com/pagenotfound/

java.io.FileNotFoundException: http://www.fr.com/pagenotfound/

java.io.FileNotFoundException: http://www.hr.com/en/communities/ihr_hr_in_california//en/communities/human_resources_management/hr_audit/

java.io.FileNotFoundException: http://www.fr.com/pagenotfound/

java.io.FileNotFoundException: http://www.fr.com/pagenotfound/

java.io.FileNotFoundException: http://www.fr.com/pagenotfound/

java.io.FileNotFoundException: http://www.fr.com/pagenotfound/

java.net.MalformedURLException: unknown protocol: javascript

java.io.FileNotFoundException: http://www.fr.com/pagenotfound/

java.io.FileNotFoundException: http://www.fr.com/pagenotfound/

java.io.FileNotFoundException: http://www.fr.com/pagenotfound/

java.io.FileNotFoundException: http://www.fr.com/pagenotfound/

java.io.FileNotFoundException: http://www.fr.com/pagenotfound/

java.io.FileNotFoundException: http://www.fr.com/pagenotfound/

java.io.FileNotFoundException: http://www.fr.com/pagenotfound/

java.io.FileNotFoundException: http://www.fr.com/pagenotfound/

java.io.FileNotFoundException: http://www.fr.com/pagenotfound/

java.io.FileNotFoundException: http://www.fr.com/pagenotfound/

java.io.FileNotFoundException: http://www.fr.com/pagenotfound/

java.io.FileNotFoundException: http://www.fr.com/pagenotfound/

java.io.FileNotFoundException: http://www.fr.com/pagenotfound/

java.io.FileNotFoundException: http://www.fr.com/pagenotfound/

java.io.FileNotFoundException: http://www.fr.com/pagenotfound/

java.io.FileNotFoundException: http://www.fr.com/pagenotfound/

java.io.FileNotFoundException: http://www.fr.com/pagenotfound/

java.io.FileNotFoundException: http://www.fr.com/pagenotfound/

java.io.FileNotFoundException: http://www.fr.com/pagenotfound/

java.io.FileNotFoundException: http://www.fr.com/pagenotfound/

java.io.FileNotFoundException: http://www.fr.com/pagenotfound/

java.io.FileNotFoundException: http://www.fr.com/pagenotfound/

java.io.FileNotFoundException: http://www.fr.com/pagenotfound/

java.io.FileNotFoundException: http://www.fr.com/pagenotfound/

java.io.FileNotFoundException: http://www.fr.com/pagenotfound/

java.io.FileNotFoundException: http://www.fr.com/pagenotfound/

java.io.FileNotFoundException: http://www.fr.com/pagenotfound/

java.io.FileNotFoundException: http://www.fr.com/pagenotfound/

java.io.FileNotFoundException: http://www.fr.com/pagenotfound/

java.io.FileNotFoundException: http://www.fr.com/pagenotfound/

java.io.FileNotFoundException: http://www.fr.com/pagenotfound/

java.io.FileNotFoundException: http://www.fr.com/pagenotfound/

java.io.FileNotFoundException: http://www.fr.com/pagenotfound/

java.io.FileNotFoundException: http://www.fr.com/pagenotfound/

java.io.FileNotFoundException: http://www.fr.com/pagenotfound/

java.io.FileNotFoundException: http://www.fr.com/pagenotfound/

java.io.FileNotFoundException: http://www.fr.com/pagenotfound/

java.io.FileNotFoundException: http://www.fr.com/pagenotfound/

java.io.FileNotFoundException: http://www.fr.com/pagenotfound/

java.io.FileNotFoundException: http://www.fr.com/pagenotfound/

java.io.FileNotFoundException: http://www.fr.com/pagenotfound/

java.io.FileNotFoundException: http://www.fr.com/pagenotfound/

java.io.FileNotFoundException: http://www.hr.com/en/communities/ihr_compensation/incentives__rewards_and_recognition/recognition_programs//en/communities/staffing_and_recruitment/online_staffing__and_sourcing/corporate_website/candidate_experience/

java.io.FileNotFoundException: http://www.hr.com/en/communities/ihr_compensation/incentives__rewards_and_recognition/recognition_programs//en/communities/staffing_and_recruitment/online_staffing__and_sourcing/workforce_planning/

java.io.FileNotFoundException: http://www.hr.com/en/communities/ihr_compensation/incentives__rewards_and_recognition/recognition_programs//en/communities/staffing_and_recruitment/online_staffing__and_sourcing/corporate_website/

java.io.FileNotFoundException: http://www.hr.com/en/communities/ihr_compensation/incentives__rewards_and_recognition/recognition_programs//en/communities/staffing_and_recruitment/online_staffing__and_sourcing/corporate_website/best_practices/

java.io.FileNotFoundException: http://www.fr.com/pagenotfound/

java.io.FileNotFoundException: http://www.fr.com/pagenotfound/

java.io.FileNotFoundException: http://www.fr.com/pagenotfound/

java.io.FileNotFoundException: http://www.fr.com/pagenotfound/

java.net.MalformedURLException: unknown protocol: javascript

java.io.FileNotFoundException: http://www.fr.com/pagenotfound/

java.io.FileNotFoundException: http://www.fr.com/pagenotfound/

java.io.FileNotFoundException: http://www.fr.com/pagenotfound/

java.io.FileNotFoundException: http://www.fr.com/pagenotfound/

java.io.FileNotFoundException: http://www.fr.com/pagenotfound/

java.io.FileNotFoundException: http://www.fr.com/pagenotfound/

java.io.FileNotFoundException: http://www.fr.com/pagenotfound/

java.io.FileNotFoundException: http://www.fr.com/pagenotfound/

java.io.FileNotFoundException: http://www.fr.com/pagenotfound/

java.io.FileNotFoundException: http://www.fr.com/pagenotfound/

java.io.FileNotFoundException: http://www.fr.com/pagenotfound/

java.io.FileNotFoundException: http://www.fr.com/pagenotfound/

java.io.FileNotFoundException: http://www.fr.com/pagenotfound/

java.io.FileNotFoundException: http://www.fr.com/pagenotfound/

java.io.FileNotFoundException: http://www.fr.com/pagenotfound/

java.io.FileNotFoundException: http://www.fr.com/pagenotfound/

java.io.FileNotFoundException: http://www.fr.com/pagenotfound/

java.io.FileNotFoundException: http://www.fr.com/pagenotfound/

java.io.FileNotFoundException: http://www.fr.com/pagenotfound/

java.io.FileNotFoundException: http://www.fr.com/pagenotfound/

java.io.FileNotFoundException: http://www.fr.com/pagenotfound/

java.io.FileNotFoundException: http://www.fr.com/pagenotfound/

java.io.FileNotFoundException: http://www.fr.com/pagenotfound/

java.io.FileNotFoundException: http://www.fr.com/pagenotfound/

java.io.FileNotFoundException: http://www.fr.com/pagenotfound/

java.io.FileNotFoundException: http://www.fr.com/pagenotfound/

java.io.FileNotFoundException: http://www.fr.com/pagenotfound/

java.io.FileNotFoundException: http://www.fr.com/pagenotfound/

java.io.FileNotFoundException: http://www.fr.com/pagenotfound/

java.io.FileNotFoundException: http://www.fr.com/pagenotfound/

java.io.FileNotFoundException: http://www.fr.com/pagenotfound/

java.io.FileNotFoundException: http://www.fr.com/pagenotfound/

java.io.FileNotFoundException: http://www.fr.com/pagenotfound/

java.io.FileNotFoundException: http://www.fr.com/pagenotfound/

java.io.FileNotFoundException: http://www.fr.com/pagenotfound/

java.io.FileNotFoundException: http://www.fr.com/pagenotfound/

java.io.FileNotFoundException: http://www.fr.com/pagenotfound/

java.io.FileNotFoundException: http://www.fr.com/pagenotfound/

java.io.FileNotFoundException: http://www.fr.com/pagenotfound/

java.io.FileNotFoundException: http://www.hr.com/en/communities/ihr_compensation/incentives_measurement__reporting_and_analysis//en/communities/hr_outsourcing/hro_and_change_management_culture_issues/

java.io.FileNotFoundException: http://www.hr.com/en/communities/ihr_compensation/incentives_measurement__reporting_and_analysis//en/communities/hr_outsourcing/hr_functions_available/

java.io.FileNotFoundException: http://www.fr.com/pagenotfound/

java.io.FileNotFoundException: http://www.fr.com/pagenotfound/

java.io.FileNotFoundException: http://www.fr.com/pagenotfound/

java.io.FileNotFoundException: http://www.fr.com/pagenotfound/

java.io.FileNotFoundException: http://www.hr.com/en/communities/ihr_compensation/incentives_measurement__reporting_and_analysis//en/communities/hr_outsourcing/hro_in_a_global_organization/

java.io.FileNotFoundException: http://www.hr.com/en/communities/ihr_compensation/incentives_measurement__reporting_and_analysis//en/communities/hr_outsourcing/hro_in_a_global_organization/issues_related_to_off_shore_resource_use/

java.io.FileNotFoundException: http://www.hr.com/en/communities/ihr_compensation/incentives_measurement__reporting_and_analysis//en/communities/hr_outsourcing/overall_trends/

java.io.FileNotFoundException: http://www.hr.com/en/communities/ihr_compensation/incentives_measurement__reporting_and_analysis//en/communities/hr_outsourcing/proven_cost_savings/

java.io.FileNotFoundException: http://www.hr.com/en/communities/ihr_compensation/incentives_measurement__reporting_and_analysis//en/communities/hr_outsourcing/hro_in_a_global_organization/use_of_off_shore_resources/

java.io.FileNotFoundException: http://www.fr.com/pagenotfound/

java.io.FileNotFoundException: http://www.hr.com/en/communities/ihr_compensation/incentives_measurement__reporting_and_analysis//en/communities/hr_outsourcing/payroll_outsourcing/

java.io.FileNotFoundException: http://www.hr.com/en/communities/ihr_compensation/incentives_measurement__reporting_and_analysis//en/communities/hr_outsourcing/software_hosting__only_/

java.io.FileNotFoundException: http://www.fr.com/pagenotfound/

java.io.FileNotFoundException: http://www.hr.com/en/communities/ihr_compensation/incentives_measurement__reporting_and_analysis//en/communities/hr_outsourcing/shared_services/

java.io.FileNotFoundException: http://www.hr.com/en/communities/ihr_hr_in_california//en/communities/human_resources_management/international_and_global_hr/

java.io.FileNotFoundException: http://www.fr.com/pagenotfound/

java.net.MalformedURLException: unknown protocol: javascript

java.io.FileNotFoundException: http://www.fr.com/pagenotfound/

java.io.FileNotFoundException: http://www.fr.com/pagenotfound/

java.io.FileNotFoundException: http://www.fr.com/pagenotfound/

java.io.FileNotFoundException: http://www.fr.com/pagenotfound/

java.io.FileNotFoundException: http://www.fr.com/pagenotfound/

java.io.FileNotFoundException: http://www.fr.com/pagenotfound/

java.io.FileNotFoundException: http://www.fr.com/pagenotfound/

java.io.FileNotFoundException: http://www.fr.com/pagenotfound/

java.io.FileNotFoundException: http://www.fr.com/pagenotfound/

java.io.FileNotFoundException: http://www.fr.com/pagenotfound/

java.io.FileNotFoundException: http://www.fr.com/pagenotfound/

java.io.FileNotFoundException: http://www.fr.com/pagenotfound/

java.io.FileNotFoundException: http://www.fr.com/pagenotfound/

java.io.FileNotFoundException: http://www.fr.com/pagenotfound/

java.io.FileNotFoundException: http://www.fr.com/pagenotfound/

java.io.FileNotFoundException: http://www.fr.com/pagenotfound/

java.io.FileNotFoundException: http://www.fr.com/pagenotfound/

java.io.FileNotFoundException: http://www.fr.com/pagenotfound/

java.io.FileNotFoundException: http://www.fr.com/pagenotfound/

java.io.FileNotFoundException: http://www.fr.com/pagenotfound/

java.io.FileNotFoundException: http://www.fr.com/pagenotfound/

java.io.FileNotFoundException: http://www.fr.com/pagenotfound/

java.io.FileNotFoundException: http://www.fr.com/pagenotfound/

java.io.FileNotFoundException: http://www.fr.com/pagenotfound/

java.io.FileNotFoundException: http://www.fr.com/pagenotfound/

java.io.FileNotFoundException: http://www.fr.com/pagenotfound/

java.io.FileNotFoundException: http://www.fr.com/pagenotfound/

java.io.FileNotFoundException: http://www.fr.com/pagenotfound/

java.io.FileNotFoundException: http://www.fr.com/pagenotfound/

java.io.FileNotFoundException: http://www.fr.com/pagenotfound/

java.io.FileNotFoundException: http://www.fr.com/pagenotfound/

java.io.FileNotFoundException: http://www.fr.com/pagenotfound/

java.io.FileNotFoundException: http://www.fr.com/pagenotfound/

java.io.FileNotFoundException: http://www.fr.com/pagenotfound/

java.io.FileNotFoundException: http://www.fr.com/pagenotfound/

java.io.FileNotFoundException: http://www.fr.com/pagenotfound/

java.io.FileNotFoundException: http://www.fr.com/pagenotfound/

java.io.FileNotFoundException: http://www.fr.com/pagenotfound/

java.io.FileNotFoundException: http://www.fr.com/pagenotfound/

java.io.FileNotFoundException: http://www.fr.com/pagenotfound/

java.io.FileNotFoundException: http://www.fr.com/pagenotfound/

java.io.FileNotFoundException: http://www.fr.com/pagenotfound/

java.io.FileNotFoundException: http://www.fr.com/pagenotfound/

java.io.FileNotFoundException: http://www.fr.com/pagenotfound/

java.io.FileNotFoundException: http://www.fr.com/pagenotfound/

java.io.FileNotFoundException: http://www.fr.com/pagenotfound/

java.io.FileNotFoundException: http://www.fr.com/pagenotfound/

java.net.MalformedURLException: no protocol: List.aspx?LastName=A

java.net.MalformedURLException: no protocol: List.aspx?LastName=B

java.net.MalformedURLException: no protocol: List.aspx?LastName=C

java.net.MalformedURLException: no protocol: List.aspx?LastName=D

java.net.MalformedURLException: no protocol: List.aspx?LastName=E

java.io.FileNotFoundException: http://www.fr.com/pagenotfound/

java.net.MalformedURLException: no protocol: List.aspx?LastName=F

java.io.FileNotFoundException: http://www.fr.com/pagenotfound/

java.net.MalformedURLException: no protocol: List.aspx?LastName=G

java.net.MalformedURLException: no protocol: List.aspx?LastName=H

java.net.MalformedURLException: no protocol: List.aspx?LastName=I

java.net.MalformedURLException: no protocol: List.aspx?LastName=J

java.net.MalformedURLException: no protocol: List.aspx?LastName=K

java.net.MalformedURLException: no protocol: List.aspx?LastName=L

java.net.MalformedURLException: no protocol: List.aspx?LastName=M

java.net.MalformedURLException: no protocol: List.aspx?LastName=N

java.net.MalformedURLException: no protocol: List.aspx?LastName=O

java.net.MalformedURLException: no protocol: List.aspx?LastName=P

java.net.MalformedURLException: no protocol: List.aspx?LastName=Q

java.net.MalformedURLException: no protocol: List.aspx?LastName=R

java.net.MalformedURLException: no protocol: List.aspx?LastName=S

java.net.MalformedURLException: no protocol: List.aspx?LastName=T

java.net.MalformedURLException: no protocol: List.aspx?LastName=U

java.net.MalformedURLException: no protocol: List.aspx?LastName=V

java.net.MalformedURLException: no protocol: List.aspx?LastName=W

java.net.MalformedURLException: no protocol: List.aspx?LastName=X

java.net.MalformedURLException: no protocol: List.aspx?LastName=Y

java.net.MalformedURLException: no protocol: List.aspx?LastName=Z

java.io.FileNotFoundException: http://www.fr.com/pagenotfound/

java.io.FileNotFoundException: http://www.fr.com/pagenotfound/

java.io.FileNotFoundException: http://www.fr.com/pagenotfound/

java.io.FileNotFoundException: http://www.fr.com/pagenotfound/

java.io.FileNotFoundException: http://www.hr.com/en/communities/ihr_compensation/incentives__rewards_and_recognition/recognition_programs//en/communities/staffing_and_recruitment/online_staffing__and_sourcing/workforce_planning/labor_market_stats/

java.io.FileNotFoundException: http://www.fr.com/pagenotfound/

java.io.FileNotFoundException: http://www.fr.com/pagenotfound/

java.io.FileNotFoundException: http://www.fr.com/pagenotfound/

java.io.FileNotFoundException: http://www.hr.com/en/communities/ihr_compensation/incentives__rewards_and_recognition/recognition_programs//en/communities/staffing_and_recruitment/online_staffing__and_sourcing/workforce_planning/talent_gaps/

java.io.FileNotFoundException: http://www.fr.com/pagenotfound/

java.io.FileNotFoundException: http://www.hr.com/en/communities/ihr_compensation/incentives__rewards_and_recognition/recognition_programs//en/communities/staffing_and_recruitment/online_staffing__and_sourcing/workforce_planning/competitive_intelligence/

java.io.FileNotFoundException: http://www.hr.com/en/communities/ihr_compensation/incentives__rewards_and_recognition/recognition_programs//en/communities/staffing_and_recruitment/online_staffing__and_sourcing/sourcing/

java.io.FileNotFoundException: http://www.fr.com/pagenotfound/

java.io.FileNotFoundException: http://www.hr.com/en/communities/ihr_compensation/incentives__rewards_and_recognition/recognition_programs//en/communities/staffing_and_recruitment/online_staffing__and_sourcing/sourcing/job_boards/

java.io.FileNotFoundException: http://www.hr.com/en/communities/ihr_compensation/incentives__rewards_and_recognition/recognition_programs//en/communities/staffing_and_recruitment/online_staffing__and_sourcing/sourcing/campus/

java.io.FileNotFoundException: http://www.hr.com/en/communities/ihr_compensation/incentives__rewards_and_recognition/recognition_programs//en/communities/staffing_and_recruitment/online_staffing__and_sourcing/sourcing/social_media/

java.io.FileNotFoundException: http://www.hr.com/en/communities/ihr_compensation/incentives__rewards_and_recognition/recognition_programs//en/communities/staffing_and_recruitment/online_staffing__and_sourcing/sourcing/job_fairs_open_houses/

java.io.FileNotFoundException: http://www.fr.com/pagenotfound/

java.io.FileNotFoundException: http://www.hr.com/en/communities/ihr_compensation/incentives__rewards_and_recognition/recognition_programs//en/communities/staffing_and_recruitment/online_staffing__and_sourcing/sourcing/onsite_advertising_pay_per_lead/

java.io.FileNotFoundException: http://www.hr.com/en/communities/ihr_compensation/incentives__rewards_and_recognition/recognition_programs//en/communities/staffing_and_recruitment/online_staffing__and_sourcing/sourcing/employee_referrals/

java.io.FileNotFoundException: http://www.hr.com/en/communities/ihr_compensation/incentives__rewards_and_recognition/recognition_programs//en/communities/staffing_and_recruitment/online_staffing__and_sourcing/candidate_marketing/job_distribution/

java.io.FileNotFoundException: http://www.hr.com/en/communities/ihr_compensation/incentives__rewards_and_recognition/recognition_programs//en/communities/staffing_and_recruitment/online_staffing__and_sourcing/candidate_marketing/crm/

java.io.FileNotFoundException: http://www.hr.com/en/communities/ihr_compensation/incentives__rewards_and_recognition/recognition_programs//en/communities/staffing_and_recruitment/online_staffing__and_sourcing/candidate_marketing/data_clean_up_appends/

java.io.FileNotFoundException: http://www.hr.com/en/communities/ihr_compensation/incentives__rewards_and_recognition/recognition_programs//en/communities/staffing_and_recruitment/online_staffing__and_sourcing/candidate_marketing/

java.io.FileNotFoundException: http://www.hr.com/en/communities/ihr_compensation/incentives__rewards_and_recognition/recognition_programs//en/communities/staffing_and_recruitment/online_staffing__and_sourcing/candidate_marketing/seo/

java.io.FileNotFoundException: http://www.hr.com/en/communities/ihr_compensation/incentives__rewards_and_recognition/recognition_programs//en/communities/staffing_and_recruitment/online_staffing__and_sourcing/candidate_marketing/campaign_management/

java.io.FileNotFoundException: http://www.hr.com/en/communities/ihr_compensation/incentives_measurement__reporting_and_analysis//en/communities/hr_outsourcing/time_and_attendance/

java.io.FileNotFoundException: http://www.fr.com/pagenotfound/

java.io.FileNotFoundException: http://www.hr.com/en/communities/ihr_compensation/incentives_measurement__reporting_and_analysis//en/communities/hr_outsourcing/vendor_marketplace/

java.io.FileNotFoundException: http://www.hr.com/en/communities/ihr_compensation/incentives_measurement__reporting_and_analysis//en/communities/hr_outsourcing/workforce_scheduling/

java.io.FileNotFoundException: http://www.hr.com/en/communities/ihr_compensation/incentives_measurement__reporting_and_analysis//en/communities/human_resources_management/

java.io.FileNotFoundException: http://www.hr.com/en/communities/ihr_compensation/incentives_measurement__reporting_and_analysis//en/communities/human_resources_management/entrepreneurship/

java.io.FileNotFoundException: http://www.hr.com/en/communities/ihr_compensation/incentives_measurement__reporting_and_analysis//en/communities/human_resources_management/ethics/

java.io.FileNotFoundException: http://www.hr.com/en/communities/ihr_compensation/incentives_measurement__reporting_and_analysis//en/communities/human_resources_management/foundations_of_hr/

java.io.FileNotFoundException: http://www.fr.com/pagenotfound/

java.io.FileNotFoundException: http://www.fr.com/pagenotfound/

java.io.FileNotFoundException: http://www.hr.com/en/communities/ihr_compensation/incentives_measurement__reporting_and_analysis//en/communities/human_resources_management/foundations_of_hr/future_of_work/

java.io.FileNotFoundException: http://www.hr.com/en/communities/ihr_compensation/incentives_measurement__reporting_and_analysis//en/communities/human_resources_management/foundations_of_hr/history_of_hr/

java.io.FileNotFoundException: http://www.hr.com/en/communities/ihr_compensation/incentives_measurement__reporting_and_analysis//en/communities/human_resources_management/foundations_of_hr/present_trends/

java.io.FileNotFoundException: http://www.hr.com/en/communities/ihr_compensation/incentives_measurement__reporting_and_analysis//en/communities/human_resources_management/hr_as_consultant/

java.io.FileNotFoundException: http://www.fr.com/pagenotfound/

java.io.FileNotFoundException: http://www.fr.com/pagenotfound/

java.io.FileNotFoundException: http://www.hr.com/en/communities/ihr_compensation/incentives_measurement__reporting_and_analysis//en/communities/human_resources_management/hr_administration/

java.io.FileNotFoundException: http://www.hr.com/en/communities/ihr_compensation/incentives_measurement__reporting_and_analysis//en/communities/human_resources_management/hr_audit/

java.io.FileNotFoundException: http://www.fr.com/pagenotfound/

java.io.FileNotFoundException: http://www.hr.com/en/communities/ihr_compensation/incentives_measurement__reporting_and_analysis//en/communities/human_resources_management/international_and_global_hr/

java.io.FileNotFoundException: http://www.hr.com/en/communities/ihr_compensation/incentives_measurement__reporting_and_analysis//en/communities/human_resources_management/outsourcing/

java.io.FileNotFoundException: http://www.fr.com/pagenotfound/

java.io.FileNotFoundException: http://www.hr.com/en/communities/ihr_compensation/incentives_measurement__reporting_and_analysis//en/communities/human_resources_management/public_sector_and_non_profit/

java.io.FileNotFoundException: http://www.fr.com/pagenotfound/

java.io.FileNotFoundException: http://www.hr.com/en/communities/ihr_compensation/incentives_measurement__reporting_and_analysis//en/communities/human_resources_management/small_business/

java.io.FileNotFoundException: http://www.hr.com/en/communities/ihr_compensation/incentives_measurement__reporting_and_analysis//en/communities/human_resources_management/structure_and_organization/

java.io.FileNotFoundException: http://www.hr.com/en/communities/ihr_compensation/incentives_measurement__reporting_and_analysis//en/communities/human_resources_management/the_hr_practitioner/

java.io.FileNotFoundException: http://www.fr.com/pagenotfound/

java.io.FileNotFoundException: http://www.hr.com/en/communities/ihr_compensation/incentives_measurement__reporting_and_analysis//en/communities/human_resources_management/the_hr_practitioner/professional_associations/

java.io.FileNotFoundException: http://www.hr.com/en/communities/ihr_compensation/incentives_measurement__reporting_and_analysis//en/communities/human_resources_management/the_hr_practitioner/certification/

java.io.FileNotFoundException: http://www.hr.com/en/communities/ihr_compensation/incentives_measurement__reporting_and_analysis//en/communities/human_resources_management/the_hr_practitioner/skills_and_competencies/

java.io.FileNotFoundException: http://www.hr.com/en/communities/ihr_compensation/incentives_measurement__reporting_and_analysis//en/communities/integrated_talent_management_001/

java.io.FileNotFoundException: http://www.fr.com/pagenotfound/

java.io.FileNotFoundException: http://www.fr.com/pagenotfound/

java.io.FileNotFoundException: http://www.fr.com/pagenotfound/

java.io.FileNotFoundException: http://www.fr.com/pagenotfound/

java.io.FileNotFoundException: http://www.fr.com/pagenotfound/

java.io.FileNotFoundException: http://www.fr.com/pagenotfound/

java.io.FileNotFoundException: http://www.fr.com/pagenotfound/

java.io.FileNotFoundException: http://www.fr.com/pagenotfound/

java.io.FileNotFoundException: http://www.fr.com/pagenotfound/

java.io.FileNotFoundException: http://www.fr.com/pagenotfound/

java.io.FileNotFoundException: http://www.fr.com/pagenotfound/

java.io.FileNotFoundException: http://www.fr.com/pagenotfound/

java.io.FileNotFoundException: http://www.fr.com/pagenotfound/

java.io.FileNotFoundException: http://www.fr.com/pagenotfound/

java.io.FileNotFoundException: http://www.fr.com/pagenotfound/

java.io.FileNotFoundException: http://www.fr.com/pagenotfound/

java.io.FileNotFoundException: http://www.fr.com/pagenotfound/

java.io.FileNotFoundException: http://www.fr.com/pagenotfound/

java.io.FileNotFoundException: http://www.fr.com/pagenotfound/

java.io.FileNotFoundException: http://www.fr.com/pagenotfound/

java.io.FileNotFoundException: http://www.fr.com/pagenotfound/

java.io.FileNotFoundException: http://www.fr.com/pagenotfound/

java.io.FileNotFoundException: http://www.fr.com/pagenotfound/

java.io.FileNotFoundException: http://www.fr.com/pagenotfound/

java.io.FileNotFoundException: http://www.fr.com/pagenotfound/

java.io.FileNotFoundException: http://www.fr.com/pagenotfound/

java.io.FileNotFoundException: http://www.fr.com/pagenotfound/

java.io.FileNotFoundException: http://www.fr.com/pagenotfound/

java.io.FileNotFoundException: http://www.hr.com/en/communities/ihr_compensation/incentives__rewards_and_recognition/recognition_programs//en/communities/staffing_and_recruitment/online_staffing__and_sourcing/candidate_marketing/resume_mining/

java.io.FileNotFoundException: http://www.fr.com/pagenotfound/

java.io.FileNotFoundException: http://www.fr.com/pagenotfound/

java.io.FileNotFoundException: http://www.hr.com/en/communities/ihr_compensation/incentives__rewards_and_recognition/recognition_programs//en/communities/staffing_and_recruitment/online_staffing__and_sourcing/candidate_marketing/talent_management_acquisition_systems/

java.io.FileNotFoundException: http://www.fr.com/pagenotfound/

java.io.FileNotFoundException: http://www.hr.com/en/communities/ihr_compensation/incentives__rewards_and_recognition/recognition_programs//en/communities/staffing_and_recruitment/online_staffing__and_sourcing/advanced_tools/

java.io.FileNotFoundException: http://www.hr.com/en/communities/ihr_compensation/incentives__rewards_and_recognition/recognition_programs//en/communities/staffing_and_recruitment/online_staffing__and_sourcing/advanced_tools/search_001/

java.io.FileNotFoundException: http://www.hr.com/en/communities/ihr_compensation/incentives__rewards_and_recognition/recognition_programs//en/communities/staffing_and_recruitment/online_staffing__and_sourcing/advanced_tools/other/

java.io.FileNotFoundException: http://www.hr.com/en/communities/ihr_compensation/incentives__rewards_and_recognition/recognition_programs//en/communities/staffing_and_recruitment/online_staffing__and_sourcing/talent_pools/

java.io.FileNotFoundException: http://www.hr.com/en/communities/ihr_compensation/incentives__rewards_and_recognition/recognition_programs//en/communities/staffing_and_recruitment/online_staffing__and_sourcing/talent_pools/hard_to_fill/

java.io.FileNotFoundException: http://www.hr.com/en/communities/ihr_compensation/incentives__rewards_and_recognition/recognition_programs//en/communities/staffing_and_recruitment/online_staffing__and_sourcing/talent_pools/vertical/

java.io.FileNotFoundException: http://www.fr.com/pagenotfound/

java.io.FileNotFoundException: http://www.fr.com/pagenotfound/

java.io.FileNotFoundException: http://www.hr.com/en/communities/ihr_compensation/incentives__rewards_and_recognition/recognition_programs//en/communities/staffing_and_recruitment/online_staffing__and_sourcing/talent_pools/alumni/

java.io.FileNotFoundException: http://www.hr.com/en/communities/ihr_compensation/incentives__rewards_and_recognition/recognition_programs//en/communities/staffing_and_recruitment/online_staffing__and_sourcing/screening/

java.io.FileNotFoundException: http://www.hr.com/en/communities/ihr_compensation/incentives__rewards_and_recognition/recognition_programs//en/communities/staffing_and_recruitment/online_staffing__and_sourcing/screening/assessment/

java.io.FileNotFoundException: http://www.hr.com/en/communities/ihr_compensation/incentives__rewards_and_recognition/recognition_programs//en/communities/staffing_and_recruitment/online_staffing__and_sourcing/advanced_tools/mobile/

java.io.FileNotFoundException: http://www.fr.com/pagenotfound/

java.io.FileNotFoundException: http://www.hr.com/en/communities/ihr_compensation/incentives__rewards_and_recognition/recognition_programs//en/communities/staffing_and_recruitment/online_staffing__and_sourcing/screening/reference/

java.io.FileNotFoundException: http://www.hr.com/en/communities/ihr_compensation/incentives__rewards_and_recognition/recognition_programs//en/communities/staffing_and_recruitment/online_staffing__and_sourcing/screening/interviewing/

java.io.FileNotFoundException: http://www.fr.com/pagenotfound/

java.io.FileNotFoundException: http://www.hr.com/en/communities/ihr_compensation/incentives__rewards_and_recognition/recognition_programs//en/communities/staffing_and_recruitment/online_staffing__and_sourcing/screening/criminal_background_checking/

java.io.FileNotFoundException: http://www.hr.com/en/communities/ihr_compensation/incentives__rewards_and_recognition/recognition_programs//en/communities/staffing_and_recruitment/online_staffing__and_sourcing/compliance/i9/

java.io.FileNotFoundException: http://www.hr.com/en/communities/ihr_compensation/incentives__rewards_and_recognition/recognition_programs//en/communities/staffing_and_recruitment/online_staffing__and_sourcing/compliance/

java.net.MalformedURLException: no protocol: category.php?id=33&brand=924

java.io.FileNotFoundException: http://www.fr.com/pagenotfound/

java.io.FileNotFoundException: http://www.hr.com/en/communities/ihr_compensation/incentives__rewards_and_recognition/recognition_programs//en/communities/staffing_and_recruitment/online_staffing__and_sourcing/compliance/eeo/

java.io.FileNotFoundException: http://www.hr.com/en/communities/ihr_compensation/incentives__rewards_and_recognition/recognition_programs//en/communities/staffing_and_recruitment/online_staffing__and_sourcing/compliance/privacy/

java.io.FileNotFoundException: http://www.fr.com/pagenotfound/

java.io.FileNotFoundException: http://www.fr.com/pagenotfound/

java.io.FileNotFoundException: http://www.fr.com/pagenotfound/

java.io.FileNotFoundException: http://www.fr.com/pagenotfound/

java.io.FileNotFoundException: http://www.fr.com/pagenotfound/

java.io.FileNotFoundException: http://www.fr.com/pagenotfound/

java.io.FileNotFoundException: http://www.fr.com/pagenotfound/

java.io.FileNotFoundException: http://www.fr.com/pagenotfound/

java.io.FileNotFoundException: http://www.fr.com/pagenotfound/

java.io.FileNotFoundException: http://www.fr.com/pagenotfound/

java.io.FileNotFoundException: http://www.fr.com/pagenotfound/

java.io.FileNotFoundException: http://www.fr.com/pagenotfound/

java.io.FileNotFoundException: http://www.fr.com/pagenotfound/

java.io.FileNotFoundException: http://www.fr.com/pagenotfound/

java.io.FileNotFoundException: http://www.fr.com/pagenotfound/

java.io.FileNotFoundException: http://www.fr.com/pagenotfound/

java.io.FileNotFoundException: http://www.fr.com/pagenotfound/

java.io.FileNotFoundException: http://www.fr.com/pagenotfound/

java.io.FileNotFoundException: http://www.fr.com/pagenotfound/

java.io.FileNotFoundException: http://www.fr.com/pagenotfound/

java.io.FileNotFoundException: http://www.fr.com/pagenotfound/

java.io.FileNotFoundException: http://www.fr.com/pagenotfound/

java.io.FileNotFoundException: http://www.fr.com/pagenotfound/

java.io.FileNotFoundException: http://www.fr.com/pagenotfound/

java.io.FileNotFoundException: http://www.fr.com/pagenotfound/

java.io.FileNotFoundException: http://www.fr.com/pagenotfound/

java.io.FileNotFoundException: http://www.fr.com/pagenotfound/

java.io.FileNotFoundException: http://www.fr.com/pagenotfound/

java.io.FileNotFoundException: http://www.fr.com/pagenotfound/

java.io.FileNotFoundException: http://www.hr.com/en/communities/ihr_compensation/incentives_measurement__reporting_and_analysis//en/communities/labor_relations/

java.io.FileNotFoundException: http://www.hr.com/en/communities/ihr_compensation/incentives_measurement__reporting_and_analysis//en/communities/labor_relations/absenteeism/

java.io.FileNotFoundException: http://www.fr.com/pagenotfound/

java.io.FileNotFoundException: http://www.fr.com/pagenotfound/

java.io.FileNotFoundException: http://www.fr.com/pagenotfound/

java.io.FileNotFoundException: http://www.hr.com/en/communities/ihr_compensation/incentives_measurement__reporting_and_analysis//en/communities/labor_relations/conflict_and_dispute_resolution/

java.io.FileNotFoundException: http://www.hr.com/en/communities/ihr_compensation/incentives_measurement__reporting_and_analysis//en/communities/labor_relations/discipline/

java.io.FileNotFoundException: http://www.fr.com/pagenotfound/

java.io.FileNotFoundException: http://www.hr.com/en/communities/ihr_compensation/incentives_measurement__reporting_and_analysis//en/communities/labor_relations/discrimination/

java.io.FileNotFoundException: http://www.hr.com/en/communities/ihr_compensation/incentives_measurement__reporting_and_analysis//en/communities/labor_relations/interpersonal_communications/

java.io.FileNotFoundException: http://www.hr.com/en/communities/ihr_compensation/incentives_measurement__reporting_and_analysis//en/communities/labor_relations/internal_corporate_communications/

java.io.FileNotFoundException: http://www.hr.com/en/communities/ihr_compensation/incentives_measurement__reporting_and_analysis//en/communities/labor_relations/lr_trends/

java.io.FileNotFoundException: http://www.fr.com/pagenotfound/

java.io.FileNotFoundException: http://www.fr.com/pagenotfound/

java.io.FileNotFoundException: http://www.hr.com/en/communities/ihr_compensation/incentives_measurement__reporting_and_analysis//en/communities/labor_relations/law_and_legislation/

java.io.FileNotFoundException: http://www.fr.com/pagenotfound/

java.io.FileNotFoundException: http://www.hr.com/en/communities/ihr_compensation/incentives_measurement__reporting_and_analysis//en/communities/labor_relations/recreation/

java.io.FileNotFoundException: http://www.hr.com/en/communities/ihr_compensation/incentives_measurement__reporting_and_analysis//en/communities/labor_relations/outplacement/

java.io.FileNotFoundException: http://www.hr.com/en/communities/ihr_compensation/incentives_measurement__reporting_and_analysis//en/communities/labor_relations/safety/

java.io.FileNotFoundException: http://www.hr.com/en/communities/ihr_compensation/incentives_measurement__reporting_and_analysis//en/communities/leadership/

java.io.FileNotFoundException: http://www.fr.com/pagenotfound/

java.io.FileNotFoundException: http://www.hr.com/en/communities/ihr_compensation/incentives_measurement__reporting_and_analysis//en/communities/labor_relations/harassment/

java.io.FileNotFoundException: http://www.fr.com/pagenotfound/

java.io.FileNotFoundException: http://www.hr.com/en/communities/ihr_compensation/incentives_measurement__reporting_and_analysis//en/communities/leadership/corporate_governance/

java.io.FileNotFoundException: http://www.fr.com/pagenotfound/

java.io.FileNotFoundException: http://www.hr.com/en/communities/ihr_compensation/incentives_measurement__reporting_and_analysis//en/communities/leadership/developing_organizational_leadership_capabilities/

java.io.FileNotFoundException: http://www.hr.com/en/communities/ihr_compensation/incentives_measurement__reporting_and_analysis//en/communities/leadership/global_leadership/

java.io.FileNotFoundException: http://www.fr.com/pagenotfound/

java.io.FileNotFoundException: http://www.fr.com/pagenotfound/

java.io.FileNotFoundException: http://www.hr.com/en/communities/ihr_compensation/incentives_measurement__reporting_and_analysis//en/communities/leadership/board_of_directors/

java.io.FileNotFoundException: http://www.hr.com/en/communities/ihr_compensation/incentives_measurement__reporting_and_analysis//en/communities/leadership/hr_leadership/

java.io.FileNotFoundException: http://www.hr.com/en/communities/ihr_compensation/incentives_measurement__reporting_and_analysis//en/communities/leadership/hr_leadership/diversity_leadership/

java.io.FileNotFoundException: http://www.hr.com/en/communities/ihr_compensation/incentives_measurement__reporting_and_analysis//en/communities/leadership/career_management/

java.io.FileNotFoundException: http://www.hr.com/en/communities/ihr_compensation/incentives_measurement__reporting_and_analysis//en/communities/leadership/corporate_culture/

java.io.FileNotFoundException: http://www.fr.com/pagenotfound/

java.io.FileNotFoundException: http://www.hr.com/en/communities/ihr_compensation/incentives_measurement__reporting_and_analysis//en/communities/leadership/hr_leadership/women_in_leadership/

java.io.FileNotFoundException: http://www.hr.com/en/communities/ihr_compensation/incentives_measurement__reporting_and_analysis//en/communities/leadership/hr_leadership/managers_as_leaders/

java.io.FileNotFoundException: http://www.fr.com/pagenotfound/

java.io.FileNotFoundException: http://www.fr.com/pagenotfound/

java.io.FileNotFoundException: http://www.fr.com/pagenotfound/

java.io.FileNotFoundException: http://www.fr.com/pagenotfound/

java.io.FileNotFoundException: http://www.fr.com/pagenotfound/

java.io.FileNotFoundException: http://www.fr.com/pagenotfound/

java.io.FileNotFoundException: http://www.fr.com/pagenotfound/

java.io.FileNotFoundException: http://www.fr.com/pagenotfound/

java.io.FileNotFoundException: http://www.fr.com/pagenotfound/

java.io.FileNotFoundException: http://www.fr.com/pagenotfound/

java.io.FileNotFoundException: http://www.fr.com/pagenotfound/

java.io.FileNotFoundException: http://www.fr.com/pagenotfound/

java.io.FileNotFoundException: http://www.fr.com/pagenotfound/

java.io.FileNotFoundException: http://www.fr.com/pagenotfound/

java.io.FileNotFoundException: http://www.fr.com/pagenotfound/

java.io.FileNotFoundException: http://www.fr.com/pagenotfound/

java.io.FileNotFoundException: http://www.fr.com/pagenotfound/

java.io.FileNotFoundException: http://www.fr.com/pagenotfound/

java.io.FileNotFoundException: http://www.fr.com/pagenotfound/

java.io.FileNotFoundException: http://www.fr.com/pagenotfound/

java.io.FileNotFoundException: http://www.fr.com/pagenotfound/

java.io.FileNotFoundException: http://www.fr.com/pagenotfound/

java.io.FileNotFoundException: http://www.fr.com/pagenotfound/

java.io.FileNotFoundException: http://www.fr.com/pagenotfound/

java.io.FileNotFoundException: http://www.fr.com/pagenotfound/

java.io.FileNotFoundException: http://www.fr.com/pagenotfound/

java.io.FileNotFoundException: http://www.hr.com/en/communities/ihr_compensation/incentives__rewards_and_recognition/recognition_programs//en/communities/staffing_and_recruitment/online_staffing__and_sourcing/online_staffing_sourcing_metrics/

java.io.FileNotFoundException: http://www.hr.com/en/communities/ihr_compensation/incentives__rewards_and_recognition/recognition_programs//en/communities/staffing_and_recruitment/privacy_and_security/

java.io.FileNotFoundException: http://www.fr.com/pagenotfound/

java.io.FileNotFoundException: http://www.fr.com/pagenotfound/

java.io.FileNotFoundException: http://www.hr.com/en/communities/ihr_compensation/incentives__rewards_and_recognition/recognition_programs//en/communities/staffing_and_recruitment/recruitment_process_outsourcing/

java.io.FileNotFoundException: http://www.fr.com/pagenotfound/

java.io.FileNotFoundException: http://www.hr.com/en/communities/ihr_compensation/incentives__rewards_and_recognition/recognition_programs//en/communities/staffing_and_recruitment/relocation/

java.io.FileNotFoundException: http://www.fr.com/pagenotfound/

java.io.FileNotFoundException: http://www.hr.com/en/communities/ihr_compensation/incentives__rewards_and_recognition/recognition_programs//en/communities/staffing_and_recruitment/retention/

java.io.FileNotFoundException: http://www.fr.com/pagenotfound/

java.io.FileNotFoundException: http://www.hr.com/en/communities/ihr_compensation/incentives__rewards_and_recognition/recognition_programs//en/communities/staffing_and_recruitment/roi_on_investment_in_staffing_technology/

java.io.FileNotFoundException: http://www.hr.com/en/communities/ihr_compensation/incentives__rewards_and_recognition/recognition_programs//en/communities/staffing_and_recruitment/staffing_technology/

java.io.FileNotFoundException: http://www.hr.com/en/communities/ihr_compensation/incentives__rewards_and_recognition/recognition_programs//en/communities/staffing_and_recruitment/online_staffing__and_sourcing/compliance/social_media/

java.io.FileNotFoundException: http://www.hr.com/en/communities/ihr_compensation/incentives__rewards_and_recognition/recognition_programs//en/communities/staffing_and_recruitment/staffing_technology/applications_resume_profile_ivr/

java.io.FileNotFoundException: http://www.hr.com/en/communities/ihr_compensation/incentives__rewards_and_recognition/recognition_programs//en/communities/staffing_and_recruitment/staffing_technology/applications_resume_profile_ivr/employee_referral_systems_/

java.io.FileNotFoundException: http://www.hr.com/en/communities/ihr_compensation/incentives__rewards_and_recognition/recognition_programs//en/communities/staffing_and_recruitment/staffing_technology/global_talent_management_and_development_f2000/

java.io.FileNotFoundException: http://www.hr.com/en/communities/ihr_compensation/incentives__rewards_and_recognition/recognition_programs//en/communities/staffing_and_recruitment/staffing_technology/tms/

java.io.FileNotFoundException: http://www.hr.com/en/communities/ihr_compensation/incentives__rewards_and_recognition/recognition_programs//en/communities/staffing_and_recruitment/staffing_technology/vendor_management_systems/

java.io.FileNotFoundException: http://www.fr.com/pagenotfound/

java.io.FileNotFoundException: http://www.hr.com/en/communities/ihr_compensation/incentives__rewards_and_recognition/recognition_programs//en/communities/staffing_and_recruitment/staffing_metrics/

java.io.FileNotFoundException: http://www.fr.com/pagenotfound/

java.io.FileNotFoundException: http://www.hr.com/en/communities/ihr_compensation/incentives__rewards_and_recognition/recognition_programs//en/communities/staffing_and_recruitment/simulations_and_work_samples/

java.io.FileNotFoundException: http://www.hr.com/en/communities/ihr_compensation/incentives__rewards_and_recognition/recognition_programs//en/communities/staffing_and_recruitment/workforce_planning/executive_search/

java.io.FileNotFoundException: http://www.hr.com/en/communities/ihr_compensation/incentives__rewards_and_recognition/recognition_programs//en/communities/staffing_and_recruitment/workforce_planning/

java.io.FileNotFoundException: http://www.hr.com/en/communities/ihr_compensation/incentives__rewards_and_recognition/recognition_programs//en/communities/staffing_and_recruitment/staffing_technology/talent_management_and_development__sme_/

java.io.FileNotFoundException: http://www.fr.com/pagenotfound/

java.io.FileNotFoundException: http://www.fr.com/pagenotfound/

java.io.FileNotFoundException: http://www.hr.com/en/communities/ihr_compensation/incentives__rewards_and_recognition/recognition_programs//en/communities/staffing_and_recruitment/workforce_planning/internet_recruiting/

java.io.FileNotFoundException: http://www.youtube.com/ts/playlist?list=PLA46AD337F35A5943

java.io.FileNotFoundException: http://www.fr.com/pagenotfound/

java.io.FileNotFoundException: http://www.hr.com/en/communities/ihr_compensation/incentives__rewards_and_recognition/recognition_programs//en/communities/learning_management_systems_and_elearning/

java.io.FileNotFoundException: http://www.fr.com/pagenotfound/

java.io.FileNotFoundException: http://www.fr.com/pagenotfound/

java.io.FileNotFoundException: http://www.fr.com/pagenotfound/

java.io.FileNotFoundException: http://www.fr.com/pagenotfound/

java.io.FileNotFoundException: http://www.fr.com/pagenotfound/

java.io.FileNotFoundException: http://www.fr.com/pagenotfound/

java.io.FileNotFoundException: http://www.fr.com/pagenotfound/

java.io.FileNotFoundException: http://www.fr.com/pagenotfound/

java.io.FileNotFoundException: http://www.fr.com/pagenotfound/

java.io.FileNotFoundException: http://www.fr.com/pagenotfound/

java.io.FileNotFoundException: http://www.fr.com/pagenotfound/

java.io.FileNotFoundException: http://www.fr.com/pagenotfound/

java.io.FileNotFoundException: http://www.fr.com/pagenotfound/

java.io.FileNotFoundException: http://www.fr.com/pagenotfound/

java.io.FileNotFoundException: http://www.fr.com/pagenotfound/

java.io.FileNotFoundException: http://www.fr.com/pagenotfound/

java.io.FileNotFoundException: http://www.fr.com/pagenotfound/

java.io.FileNotFoundException: http://www.fr.com/pagenotfound/

java.io.FileNotFoundException: http://www.fr.com/pagenotfound/

java.io.FileNotFoundException: http://www.fr.com/pagenotfound/

java.io.FileNotFoundException: http://www.fr.com/pagenotfound/

java.io.FileNotFoundException: http://www.fr.com/pagenotfound/

java.io.FileNotFoundException: http://www.fr.com/pagenotfound/

java.io.FileNotFoundException: http://www.fr.com/pagenotfound/

java.io.FileNotFoundException: http://www.fr.com/pagenotfound/

java.io.FileNotFoundException: http://www.fr.com/pagenotfound/

java.io.FileNotFoundException: http://www.hr.com/en/communities/ihr_compensation/incentives_measurement__reporting_and_analysis//en/communities/leadership/leadership_assessments/

java.io.FileNotFoundException: http://www.fr.com/pagenotfound/

java.io.FileNotFoundException: http://www.fr.com/pagenotfound/

java.io.FileNotFoundException: http://www.fr.com/pagenotfound/

java.io.FileNotFoundException: http://www.fr.com/pagenotfound/

java.io.FileNotFoundException: http://www.fr.com/pagenotfound/

java.io.FileNotFoundException: http://www.hr.com/en/communities/ihr_compensation/incentives_measurement__reporting_and_analysis//en/communities/leadership/leadership_competencies/collaboration/

java.io.FileNotFoundException: http://www.hr.com/en/communities/ihr_compensation/incentives_measurement__reporting_and_analysis//en/communities/leadership/leadership_competencies/

java.io.FileNotFoundException: http://www.hr.com/en/communities/ihr_compensation/incentives_measurement__reporting_and_analysis//en/communities/leadership/leadership_competencies/communication/

java.io.FileNotFoundException: http://www.hr.com/en/communities/ihr_compensation/incentives_measurement__reporting_and_analysis//en/communities/leadership/leadership_competencies/delegation/

java.io.FileNotFoundException: http://www.hr.com/en/communities/ihr_compensation/incentives_measurement__reporting_and_analysis//en/communities/leadership/leadership_competencies/motivating/

java.io.FileNotFoundException: http://www.hr.com/en/communities/ihr_compensation/incentives_measurement__reporting_and_analysis//en/communities/leadership/leadership_competencies/developing_and_coaching_others/

java.io.FileNotFoundException: http://www.fr.com/pagenotfound/

java.io.FileNotFoundException: http://www.fr.com/pagenotfound/

java.io.FileNotFoundException: http://www.fr.com/pagenotfound/

java.io.FileNotFoundException: http://www.hr.com/en/communities/ihr_compensation/incentives_measurement__reporting_and_analysis//en/communities/leadership/leadership_models/

java.io.FileNotFoundException: http://www.hr.com/en/communities/ihr_compensation/incentives_measurement__reporting_and_analysis//en/communities/leadership/leadership_competencies/negotiation/

java.io.FileNotFoundException: http://www.hr.com/en/communities/ihr_compensation/incentives_measurement__reporting_and_analysis//en/communities/leadership/leadership_philosophies/

java.io.FileNotFoundException: http://www.fr.com/pagenotfound/

java.io.FileNotFoundException: http://www.hr.com/en/communities/ihr_compensation/incentives_measurement__reporting_and_analysis//en/communities/leadership/leadership_retention/

java.io.FileNotFoundException: http://www.hr.com/en/communities/ihr_compensation/incentives_measurement__reporting_and_analysis//en/communities/leadership/leadership_training_and_development/

java.io.FileNotFoundException: http://www.hr.com/en/communities/ihr_compensation/incentives_measurement__reporting_and_analysis//en/communities/leadership/leadership_training_and_development/action_learning/

java.io.FileNotFoundException: http://www.fr.com/pagenotfound/

java.io.FileNotFoundException: http://www.hr.com/en/communities/ihr_compensation/incentives_measurement__reporting_and_analysis//en/communities/leadership/leadership_training_and_development/executive_coaching/

java.io.FileNotFoundException: http://www.hr.com/en/communities/ihr_compensation/incentives_measurement__reporting_and_analysis//en/communities/leadership/leadership_training_and_development/executive_education_programs__university_/

java.io.FileNotFoundException: http://www.fr.com/pagenotfound/

java.io.FileNotFoundException: http://www.fr.com/pagenotfound/

java.io.FileNotFoundException: http://www.hr.com/en/communities/ihr_compensation/incentives_measurement__reporting_and_analysis//en/communities/leadership/leadership_training_and_development/mentoring/

java.io.FileNotFoundException: http://www.fr.com/pagenotfound/

java.io.FileNotFoundException: http://www.hr.com/en/communities/ihr_compensation/incentives_measurement__reporting_and_analysis//en/communities/leadership/leadership_training_and_development/train_your_leaders/

java.io.FileNotFoundException: http://www.fr.com/pagenotfound/

java.io.FileNotFoundException: http://www.hr.com/en/communities/ihr_compensation/incentives_measurement__reporting_and_analysis//en/communities/leadership/leading_change/

java.io.FileNotFoundException: http://www.hr.com/en/communities/ihr_compensation/incentives_measurement__reporting_and_analysis//en/communities/leadership/leading_change/empowerment/

java.net.MalformedURLException: no protocol: category.php?id=33&brand=925

java.io.FileNotFoundException: http://www.hr.com/en/communities/ihr_compensation/incentives_measurement__reporting_and_analysis//en/communities/leadership/leading_others/

java.io.FileNotFoundException: http://www.hr.com/en/communities/ihr_compensation/incentives_measurement__reporting_and_analysis//en/communities/leadership/leading_self/

java.io.FileNotFoundException: http://www.hr.com/en/communities/ihr_compensation/incentives_measurement__reporting_and_analysis//en/communities/leadership/leading_self/flexibility_adaptability/

java.io.FileNotFoundException: http://www.hr.com/en/communities/ihr_compensation/incentives_measurement__reporting_and_analysis//en/communities/leadership/leading_self/stress/

java.io.FileNotFoundException: http://www.fr.com/pagenotfound/

java.io.FileNotFoundException: http://www.fr.com/pagenotfound/

java.io.FileNotFoundException: http://www.fr.com/pagenotfound/

java.io.FileNotFoundException: http://www.fr.com/pagenotfound/

java.io.FileNotFoundException: http://www.fr.com/pagenotfound/

java.io.FileNotFoundException: http://www.fr.com/pagenotfound/

java.io.FileNotFoundException: http://www.fr.com/pagenotfound/

java.io.FileNotFoundException: http://www.fr.com/pagenotfound/

java.io.FileNotFoundException: http://www.fr.com/pagenotfound/

java.io.FileNotFoundException: http://www.fr.com/pagenotfound/

java.io.FileNotFoundException: http://www.fr.com/pagenotfound/

java.io.FileNotFoundException: http://www.fr.com/pagenotfound/

java.io.FileNotFoundException: http://www.fr.com/pagenotfound/

java.io.FileNotFoundException: http://www.fr.com/pagenotfound/

java.io.FileNotFoundException: http://www.fr.com/pagenotfound/

java.io.FileNotFoundException: http://www.fr.com/pagenotfound/

java.io.FileNotFoundException: http://www.fr.com/pagenotfound/

java.io.FileNotFoundException: http://www.fr.com/pagenotfound/

java.io.FileNotFoundException: http://www.fr.com/pagenotfound/

java.io.FileNotFoundException: http://www.fr.com/pagenotfound/

java.io.FileNotFoundException: http://www.fr.com/pagenotfound/

java.io.FileNotFoundException: http://www.fr.com/pagenotfound/

java.io.FileNotFoundException: http://www.fr.com/pagenotfound/

java.io.FileNotFoundException: http://www.fr.com/pagenotfound/

java.io.FileNotFoundException: http://www.fr.com/pagenotfound/

java.io.FileNotFoundException: http://www.hr.com/en/communities/ihr_compensation/incentives__rewards_and_recognition/recognition_programs//en/communities/ihr_quality_of_hire/

java.io.FileNotFoundException: http://www.fr.com/pagenotfound/

java.io.FileNotFoundException: http://www.hr.com/en/communities/ihr_compensation/incentives__rewards_and_recognition/recognition_programs//en/communities/training_and_development/

java.io.FileNotFoundException: http://www.fr.com/pagenotfound/

java.io.FileNotFoundException: http://www.fr.com/pagenotfound/

java.io.FileNotFoundException: http://www.fr.com/pagenotfound/

java.io.FileNotFoundException: http://www.hr.com/en/communities/ihr_compensation/incentives__rewards_and_recognition/recognition_programs//en/communities/training_and_development/classroom/

java.io.FileNotFoundException: http://www.fr.com/pagenotfound/

java.io.FileNotFoundException: http://www.fr.com/pagenotfound/

java.io.FileNotFoundException: http://www.hr.com/en/communities/ihr_compensation/incentives__rewards_and_recognition/recognition_programs//en/communities/training_and_development/corporate_learning/

java.io.FileNotFoundException: http://www.hr.com/en/communities/ihr_compensation/incentives__rewards_and_recognition/recognition_programs//en/communities/training_and_development/corporate_learning/analytics_and_measurement/

java.io.FileNotFoundException: http://www.fr.com/pagenotfound/

java.io.FileNotFoundException: http://www.fr.com/pagenotfound/

java.io.FileNotFoundException: http://www.hr.com/en/communities/ihr_compensation/incentives__rewards_and_recognition/recognition_programs//en/communities/training_and_development/corporate_learning/authoring_tools/

java.io.FileNotFoundException: http://www.hr.com/en/communities/ihr_compensation/incentives__rewards_and_recognition/recognition_programs//en/communities/training_and_development/approaches_and_systems__not_software_/

java.io.FileNotFoundException: http://www.hr.com/en/communities/ihr_compensation/incentives__rewards_and_recognition/recognition_programs//en/communities/training_and_development/corporate_learning/blended_learning/

java.io.FileNotFoundException: http://www.hr.com/en/communities/ihr_compensation/incentives__rewards_and_recognition/recognition_programs//en/communities/training_and_development/corporate_learning/content_development/

java.io.FileNotFoundException: http://www.hr.com/en/communities/ihr_compensation/incentives__rewards_and_recognition/recognition_programs//en/communities/training_and_development/corporate_learning/implementation/

java.io.FileNotFoundException: http://www.hr.com/en/communities/ihr_compensation/incentives__rewards_and_recognition/recognition_programs//en/communities/training_and_development/corporate_learning/learning_content_management_systems/

java.io.FileNotFoundException: http://www.fr.com/pagenotfound/

java.io.FileNotFoundException: http://www.fr.com/pagenotfound/

java.io.FileNotFoundException: http://www.hr.com/en/communities/ihr_compensation/incentives__rewards_and_recognition/recognition_programs//en/communities/training_and_development/corporate_learning/learning_management_systems/

java.io.FileNotFoundException: http://www.hr.com/en/communities/ihr_compensation/incentives__rewards_and_recognition/recognition_programs//en/communities/training_and_development/corporate_learning/outsourcing_training/

java.io.FileNotFoundException: http://www.fr.com/pagenotfound/

java.io.FileNotFoundException: http://www.fr.com/pagenotfound/

java.io.FileNotFoundException: http://www.hr.com/en/communities/ihr_compensation/incentives__rewards_and_recognition/recognition_programs//en/communities/training_and_development/corporate_learning/planning_and_strategy/

java.io.FileNotFoundException: http://www.hr.com/en/communities/ihr_compensation/incentives__rewards_and_recognition/recognition_programs//en/communities/training_and_development/corporate_learning/simulations/

java.io.FileNotFoundException: http://www.hr.com/en/communities/ihr_compensation/incentives__rewards_and_recognition/recognition_programs//en/communities/training_and_development/evaluations/

java.io.FileNotFoundException: http://www.hr.com/en/communities/ihr_compensation/incentives__rewards_and_recognition/recognition_programs//en/communities/training_and_development/games/

java.io.FileNotFoundException: http://www.fr.com/pagenotfound/

java.io.FileNotFoundException: http://www.hr.com/en/communities/ihr_compensation/incentives__rewards_and_recognition/recognition_programs//en/communities/training_and_development/online_collaboration_tools/

java.io.FileNotFoundException: http://www.hr.com/en/communities/ihr_compensation/incentives__rewards_and_recognition/recognition_programs//en/communities/training_and_development/online_collaboration_tools/video_conferencing/

java.io.FileNotFoundException: http://www.fr.com/pagenotfound/

java.io.FileNotFoundException: http://www.hr.com/en/communities/ihr_compensation/incentives__rewards_and_recognition/recognition_programs//en/communities/training_and_development/elearning/

java.io.FileNotFoundException: http://www.hr.com/en/communities/ihr_compensation/incentives__rewards_and_recognition/recognition_programs//en/communities/training_and_development/online_collaboration_tools/web_based/

java.io.FileNotFoundException: http://www.fr.com/pagenotfound/

java.io.FileNotFoundException: http://www.fr.com/pagenotfound/

java.io.FileNotFoundException: http://www.fr.com/pagenotfound/

java.io.FileNotFoundException: http://www.fr.com/pagenotfound/

java.io.FileNotFoundException: http://www.fr.com/pagenotfound/

java.io.FileNotFoundException: http://www.fr.com/pagenotfound/

java.io.FileNotFoundException: http://www.fr.com/pagenotfound/

java.io.FileNotFoundException: http://www.fr.com/pagenotfound/

java.io.FileNotFoundException: http://www.fr.com/pagenotfound/

java.io.FileNotFoundException: http://www.fr.com/pagenotfound/

java.io.FileNotFoundException: http://www.fr.com/pagenotfound/

java.io.FileNotFoundException: http://www.fr.com/pagenotfound/

java.io.FileNotFoundException: http://www.fr.com/pagenotfound/

java.io.FileNotFoundException: http://www.fr.com/pagenotfound/

java.io.FileNotFoundException: http://www.fr.com/pagenotfound/

java.io.FileNotFoundException: http://www.fr.com/pagenotfound/

java.io.FileNotFoundException: http://www.fr.com/pagenotfound/

java.io.FileNotFoundException: http://www.fr.com/pagenotfound/

java.io.FileNotFoundException: http://www.fr.com/pagenotfound/

java.io.FileNotFoundException: http://www.fr.com/pagenotfound/

java.io.FileNotFoundException: http://www.fr.com/pagenotfound/

java.io.FileNotFoundException: http://www.fr.com/pagenotfound/

java.io.FileNotFoundException: http://www.fr.com/pagenotfound/

java.io.FileNotFoundException: http://www.fr.com/pagenotfound/

java.io.FileNotFoundException: http://www.fr.com/pagenotfound/

java.io.FileNotFoundException: http://www.fr.com/pagenotfound/

java.io.FileNotFoundException: http://www.fr.com/pagenotfound/

java.io.FileNotFoundException: http://www.fr.com/pagenotfound/

java.io.FileNotFoundException: http://www.hr.com/en/communities/ihr_compensation/incentives__rewards_and_recognition/recognition_programs//en/communities/training_and_development/orientation/

java.io.FileNotFoundException: http://www.fr.com/pagenotfound/

java.io.FileNotFoundException: http://www.fr.com/pagenotfound/

java.io.FileNotFoundException: http://www.fr.com/pagenotfound/

java.io.FileNotFoundException: http://www.fr.com/pagenotfound/

java.io.FileNotFoundException: http://www.fr.com/pagenotfound/

java.io.FileNotFoundException: http://www.hr.com/en/communities/ihr_compensation/incentives__rewards_and_recognition/recognition_programs//en/communities/workforce_management_001/

java.io.FileNotFoundException: http://www.hr.com/en/communities/ihr_compensation/incentives__rewards_and_recognition/recognition_programs//en/communities/workforce_planning_and_analytics/

java.io.FileNotFoundException: http://www.hr.com/en/communities/ihr_compensation/incentives__rewards_and_recognition/recognition_programs//en/communities/workforce_planning_and_analytics/hr_metrics_implementation/

java.net.MalformedURLException: no protocol: category.php?id=33&brand=927

java.io.FileNotFoundException: http://www.fr.com/pagenotfound/

java.io.FileNotFoundException: http://www.fr.com/pagenotfound/

java.io.FileNotFoundException: http://www.hr.com/en/communities/ihr_compensation/incentives__rewards_and_recognition/recognition_programs//en/communities/training_and_development/presentation_tips/

java.io.FileNotFoundException: http://www.fr.com/pagenotfound/

java.io.FileNotFoundException: http://www.fr.com/pagenotfound/

java.io.FileNotFoundException: http://www.hr.com/en/communities/ihr_compensation/incentives__rewards_and_recognition/recognition_programs//en/communities/workforce_planning_and_analytics/hr_scorecards/

java.io.FileNotFoundException: http://www.fr.com/pagenotfound/

java.io.FileNotFoundException: http://www.fr.com/pagenotfound/

java.io.FileNotFoundException: http://www.fr.com/pagenotfound/

java.io.FileNotFoundException: http://www.fr.com/pagenotfound/

java.io.FileNotFoundException: http://www.fr.com/pagenotfound/

java.io.FileNotFoundException: http://www.fr.com/pagenotfound/

java.io.FileNotFoundException: http://www.fr.com/pagenotfound/

java.io.FileNotFoundException: http://www.fr.com/pagenotfound/

java.io.FileNotFoundException: http://www.fr.com/pagenotfound/

java.io.FileNotFoundException: http://www.fr.com/pagenotfound/

java.io.FileNotFoundException: http://www.fr.com/pagenotfound/

java.io.FileNotFoundException: http://www.fr.com/pagenotfound/

java.io.FileNotFoundException: http://www.fr.com/pagenotfound/

java.io.FileNotFoundException: http://www.fr.com/pagenotfound/

java.io.FileNotFoundException: http://www.fr.com/pagenotfound/

java.io.FileNotFoundException: http://www.fr.com/pagenotfound/

java.io.FileNotFoundException: http://www.fr.com/pagenotfound/

java.io.FileNotFoundException: http://www.fr.com/pagenotfound/

java.io.FileNotFoundException: http://www.fr.com/pagenotfound/

java.io.FileNotFoundException: http://www.fr.com/pagenotfound/

java.io.FileNotFoundException: http://www.fr.com/pagenotfound/

java.io.FileNotFoundException: http://www.fr.com/pagenotfound/

java.io.FileNotFoundException: http://www.fr.com/pagenotfound/

java.io.FileNotFoundException: http://www.fr.com/pagenotfound/

java.io.FileNotFoundException: http://www.fr.com/pagenotfound/

java.io.FileNotFoundException: http://www.fr.com/pagenotfound/

java.io.FileNotFoundException: http://www.fr.com/pagenotfound/

java.io.FileNotFoundException: http://www.fr.com/pagenotfound/

java.io.FileNotFoundException: http://www.fr.com/pagenotfound/

java.io.FileNotFoundException: http://www.fr.com/pagenotfound/

java.io.FileNotFoundException: http://www.fr.com/pagenotfound/

java.io.FileNotFoundException: http://www.fr.com/pagenotfound/

java.io.FileNotFoundException: http://www.fr.com/pagenotfound/

java.io.FileNotFoundException: http://www.fr.com/pagenotfound/

java.io.FileNotFoundException: http://www.fr.com/pagenotfound/

java.io.FileNotFoundException: http://www.fr.com/pagenotfound/

java.io.FileNotFoundException: http://www.fr.com/pagenotfound/

java.io.FileNotFoundException: http://www.fr.com/pagenotfound/

java.io.FileNotFoundException: http://www.fr.com/pagenotfound/

java.io.FileNotFoundException: http://www.fr.com/pagenotfound/

java.io.FileNotFoundException: http://www.fr.com/pagenotfound/

java.io.FileNotFoundException: http://www.fr.com/pagenotfound/

java.io.FileNotFoundException: http://www.fr.com/pagenotfound/

java.io.FileNotFoundException: http://www.fr.com/pagenotfound/

java.io.FileNotFoundException: http://www.fr.com/pagenotfound/

java.io.FileNotFoundException: http://www.fr.com/pagenotfound/

java.io.FileNotFoundException: http://www.fr.com/pagenotfound/

java.io.FileNotFoundException: http://www.fr.com/pagenotfound/

java.io.FileNotFoundException: http://www.fr.com/pagenotfound/

java.io.FileNotFoundException: http://www.fr.com/pagenotfound/

java.io.FileNotFoundException: http://www.fr.com/pagenotfound/

java.io.FileNotFoundException: http://www.fr.com/pagenotfound/

java.io.FileNotFoundException: http://www.fr.com/pagenotfound/

java.io.FileNotFoundException: http://www.fr.com/pagenotfound/

java.io.FileNotFoundException: http://www.fr.com/pagenotfound/

java.io.FileNotFoundException: http://www.fr.com/pagenotfound/

java.io.FileNotFoundException: http://www.fr.com/pagenotfound/

java.io.FileNotFoundException: http://www.fr.com/pagenotfound/

java.io.FileNotFoundException: http://www.fr.com/pagenotfound/

java.io.FileNotFoundException: http://www.fr.com/pagenotfound/

java.io.FileNotFoundException: http://www.fr.com/pagenotfound/

java.io.FileNotFoundException: http://www.fr.com/pagenotfound/

java.io.FileNotFoundException: http://www.fr.com/pagenotfound/

java.io.FileNotFoundException: http://www.fr.com/pagenotfound/

java.io.FileNotFoundException: http://www.fr.com/pagenotfound/

java.io.FileNotFoundException: http://www.fr.com/pagenotfound/

java.io.FileNotFoundException: http://www.fr.com/pagenotfound/

java.io.FileNotFoundException: http://www.fr.com/pagenotfound/

java.io.FileNotFoundException: http://www.fr.com/pagenotfound/

java.io.FileNotFoundException: http://www.fr.com/pagenotfound/

java.io.FileNotFoundException: http://www.fr.com/pagenotfound/

java.io.FileNotFoundException: http://www.fr.com/pagenotfound/

java.io.FileNotFoundException: http://www.fr.com/pagenotfound/

java.io.FileNotFoundException: http://www.fr.com/pagenotfound/

java.io.FileNotFoundException: http://www.fr.com/pagenotfound/

java.io.FileNotFoundException: http://www.fr.com/pagenotfound/

java.io.FileNotFoundException: http://www.fr.com/pagenotfound/

java.io.FileNotFoundException: http://www.fr.com/pagenotfound/

java.io.FileNotFoundException: http://www.fr.com/pagenotfound/

java.io.FileNotFoundException: http://www.fr.com/pagenotfound/

java.io.FileNotFoundException: http://www.fr.com/pagenotfound/

java.io.FileNotFoundException: http://www.fr.com/pagenotfound/

java.io.FileNotFoundException: http://www.fr.com/pagenotfound/

java.io.FileNotFoundException: http://www.fr.com/pagenotfound/

java.io.FileNotFoundException: http://www.fr.com/pagenotfound/

java.io.FileNotFoundException: http://www.fr.com/pagenotfound/

java.io.FileNotFoundException: http://www.fr.com/pagenotfound/

java.io.FileNotFoundException: http://www.fr.com/pagenotfound/

java.io.FileNotFoundException: http://www.fr.com/pagenotfound/

java.io.FileNotFoundException: http://www.fr.com/pagenotfound/

java.io.FileNotFoundException: http://www.fr.com/pagenotfound/

java.io.FileNotFoundException: http://www.fr.com/pagenotfound/

java.io.FileNotFoundException: http://www.fr.com/pagenotfound/

java.io.FileNotFoundException: http://www.fr.com/pagenotfound/

java.io.FileNotFoundException: http://www.fr.com/pagenotfound/

java.io.FileNotFoundException: http://www.fr.com/pagenotfound/

java.io.FileNotFoundException: http://www.fr.com/pagenotfound/

java.io.FileNotFoundException: http://www.fr.com/pagenotfound/

java.io.FileNotFoundException: http://www.fr.com/pagenotfound/

java.io.FileNotFoundException: http://www.fr.com/pagenotfound/

java.io.FileNotFoundException: http://www.fr.com/pagenotfound/

java.io.FileNotFoundException: http://www.fr.com/pagenotfound/

java.io.FileNotFoundException: http://www.fr.com/pagenotfound/

java.io.FileNotFoundException: http://www.fr.com/pagenotfound/

java.io.FileNotFoundException: http://www.fr.com/pagenotfound/

java.io.FileNotFoundException: http://www.fr.com/pagenotfound/

java.io.FileNotFoundException: http://www.fr.com/pagenotfound/

java.io.FileNotFoundException: http://www.fr.com/pagenotfound/

java.io.FileNotFoundException: http://www.fr.com/pagenotfound/

java.io.FileNotFoundException: http://www.fr.com/pagenotfound/

java.io.FileNotFoundException: http://www.fr.com/pagenotfound/

java.io.FileNotFoundException: http://www.fr.com/pagenotfound/

java.io.FileNotFoundException: http://www.fr.com/pagenotfound/

java.io.FileNotFoundException: http://www.fr.com/pagenotfound/

java.io.FileNotFoundException: http://www.fr.com/pagenotfound/

java.io.FileNotFoundException: http://www.fr.com/pagenotfound/

java.io.FileNotFoundException: http://www.fr.com/pagenotfound/

java.io.FileNotFoundException: http://www.fr.com/pagenotfound/

java.io.FileNotFoundException: http://www.fr.com/pagenotfound/

java.io.FileNotFoundException: http://www.fr.com/pagenotfound/

java.io.FileNotFoundException: http://www.fr.com/pagenotfound/

java.io.FileNotFoundException: http://www.fr.com/pagenotfound/

java.io.FileNotFoundException: http://www.fr.com/pagenotfound/

java.io.FileNotFoundException: http://www.fr.com/pagenotfound/

java.io.FileNotFoundException: http://www.fr.com/pagenotfound/

java.io.FileNotFoundException: http://www.fr.com/pagenotfound/

java.io.FileNotFoundException: http://www.fr.com/pagenotfound/

java.io.FileNotFoundException: http://www.fr.com/pagenotfound/

java.io.FileNotFoundException: http://www.fr.com/pagenotfound/

java.io.FileNotFoundException: http://www.fr.com/pagenotfound/

java.io.FileNotFoundException: http://www.fr.com/pagenotfound/

java.io.FileNotFoundException: http://www.fr.com/pagenotfound/

java.io.FileNotFoundException: http://www.fr.com/pagenotfound/

java.io.FileNotFoundException: http://www.fr.com/pagenotfound/

java.io.FileNotFoundException: http://www.fr.com/pagenotfound/

java.io.FileNotFoundException: http://www.fr.com/pagenotfound/

java.io.FileNotFoundException: http://www.fr.com/pagenotfound/

java.io.FileNotFoundException: http://www.fr.com/pagenotfound/

java.io.FileNotFoundException: http://www.fr.com/pagenotfound/

java.io.FileNotFoundException: http://www.fr.com/pagenotfound/

java.io.FileNotFoundException: http://www.fr.com/pagenotfound/

java.io.FileNotFoundException: http://www.fr.com/pagenotfound/

java.io.FileNotFoundException: http://www.fr.com/pagenotfound/

java.io.FileNotFoundException: http://www.fr.com/pagenotfound/

java.io.FileNotFoundException: http://www.fr.com/pagenotfound/

java.io.FileNotFoundException: http://www.fr.com/pagenotfound/

java.io.FileNotFoundException: http://www.hr.com/en/communities/ihr_compensation/incentives_measurement__reporting_and_analysis//en/communities/leadership/leading_self/worklife_balance/

java.io.FileNotFoundException: http://www.fr.com/pagenotfound/

java.io.FileNotFoundException: http://www.hr.com/en/communities/ihr_compensation/incentives_measurement__reporting_and_analysis//en/communities/leadership/selection/

java.io.FileNotFoundException: http://www.fr.com/pagenotfound/

java.io.FileNotFoundException: http://www.fr.com/pagenotfound/

java.io.FileNotFoundException: http://www.hr.com/en/communities/ihr_compensation/incentives_measurement__reporting_and_analysis//en/communities/leadership/succession_planning/

java.io.FileNotFoundException: http://www.fr.com/pagenotfound/

java.io.FileNotFoundException: http://www.fr.com/pagenotfound/

java.io.FileNotFoundException: http://www.hr.com/en/communities/ihr_compensation/incentives_measurement__reporting_and_analysis//en/communities/leadership/strategic_decision_making/

java.io.FileNotFoundException: http://www.hr.com/en/communities/ihr_compensation/incentives_measurement__reporting_and_analysis//en/communities/leadership/trends/

java.io.FileNotFoundException: http://www.hr.com/en/communities/ihr_compensation/incentives_measurement__reporting_and_analysis//en/communities/leadership/measurement_and_metrics/

java.net.MalformedURLException: unknown protocol: javascript

java.io.FileNotFoundException: http://www.fr.com/pagenotfound/

java.io.FileNotFoundException: http://www.fr.com/pagenotfound/

java.io.FileNotFoundException: http://www.hr.com/en/communities/ihr_compensation/incentives_measurement__reporting_and_analysis//en/communities/legal/

java.io.FileNotFoundException: http://www.hr.com/en/communities/ihr_compensation/incentives_measurement__reporting_and_analysis//en/communities/leadership/vision__values_and_mission/

java.io.FileNotFoundException: http://www.fr.com/pagenotfound/

java.io.FileNotFoundException: http://www.fr.com/pagenotfound/

java.io.FileNotFoundException: http://www.fr.com/pagenotfound/

java.io.FileNotFoundException: http://www.fr.com/pagenotfound/

java.io.FileNotFoundException: http://www.fr.com/pagenotfound/

java.io.FileNotFoundException: http://www.fr.com/pagenotfound/

java.io.FileNotFoundException: http://www.fr.com/pagenotfound/

java.io.FileNotFoundException: http://www.fr.com/pagenotfound/

java.io.FileNotFoundException: http://www.fr.com/pagenotfound/

java.io.FileNotFoundException: http://www.fr.com/pagenotfound/

java.io.FileNotFoundException: http://www.fr.com/pagenotfound/

java.io.FileNotFoundException: http://www.fr.com/pagenotfound/

java.io.FileNotFoundException: http://www.fr.com/pagenotfound/

java.io.FileNotFoundException: http://www.fr.com/pagenotfound/

java.io.FileNotFoundException: http://www.fr.com/pagenotfound/

java.io.FileNotFoundException: http://www.fr.com/pagenotfound/

java.io.FileNotFoundException: http://www.fr.com/pagenotfound/

java.io.FileNotFoundException: http://www.fr.com/pagenotfound/

java.io.FileNotFoundException: http://www.fr.com/pagenotfound/

java.io.FileNotFoundException: http://www.fr.com/pagenotfound/

java.io.FileNotFoundException: http://www.fr.com/pagenotfound/

java.io.FileNotFoundException: http://www.fr.com/pagenotfound/

java.io.FileNotFoundException: http://www.fr.com/pagenotfound/

java.io.FileNotFoundException: http://www.fr.com/pagenotfound/

java.io.FileNotFoundException: http://www.fr.com/pagenotfound/

java.io.FileNotFoundException: http://www.fr.com/pagenotfound/

java.io.FileNotFoundException: http://www.fr.com/pagenotfound/

java.io.FileNotFoundException: http://www.fr.com/pagenotfound/

java.io.FileNotFoundException: http://www.fr.com/pagenotfound/

java.io.FileNotFoundException: http://www.fr.com/pagenotfound/

java.io.FileNotFoundException: http://www.fr.com/pagenotfound/

java.io.FileNotFoundException: http://www.fr.com/pagenotfound/

java.io.FileNotFoundException: http://www.fr.com/pagenotfound/

java.io.FileNotFoundException: http://www.fr.com/pagenotfound/

java.io.FileNotFoundException: http://www.fr.com/pagenotfound/

java.io.FileNotFoundException: http://www.fr.com/pagenotfound/

java.io.FileNotFoundException: http://www.fr.com/pagenotfound/

java.io.FileNotFoundException: http://www.fr.com/pagenotfound/

java.io.FileNotFoundException: http://www.fr.com/pagenotfound/

java.io.FileNotFoundException: http://www.fr.com/pagenotfound/

java.io.FileNotFoundException: http://www.fr.com/pagenotfound/

java.io.FileNotFoundException: http://www.fr.com/pagenotfound/

java.io.FileNotFoundException: http://www.fr.com/pagenotfound/

java.io.FileNotFoundException: http://www.fr.com/pagenotfound/

java.io.FileNotFoundException: http://www.fr.com/pagenotfound/

java.io.FileNotFoundException: http://www.hr.com/en/communities/ihr_compensation/incentives__rewards_and_recognition/recognition_programs//en/communities/workforce_planning_and_analytics/predictive_models/

java.io.FileNotFoundException: http://www.fr.com/pagenotfound/

java.io.FileNotFoundException: http://www.hr.com/en/communities/ihr_compensation/incentives__rewards_and_recognition/recognition_programs//en/communities/workforce_planning_and_analytics/labor_supply_demographics/

java.io.FileNotFoundException: http://www.hr.com/en/communities/ihr_compensation/incentives__rewards_and_recognition/recognition_programs//en/communities/workforce_planning_and_analytics/external_factors/

java.io.FileNotFoundException: http://www.hr.com/en/communities/ihr_compensation/incentives__rewards_and_recognition/recognition_programs//en/communities/workforce_planning_and_analytics/consulting/

java.io.FileNotFoundException: http://www.fr.com/pagenotfound/

java.io.FileNotFoundException: http://www.hr.com/en/communities/ihr_compensation/incentives__rewards_and_recognition/recognition_programs//en/communities/workforce_planning_and_analytics/data_cleansing/

java.io.FileNotFoundException: http://www.hr.com/en/communities/ihr_compensation/incentives__rewards_and_recognition/recognition_programs//en/communities/workforce_planning_and_analytics/workforce_planning_analytics_change_management/

java.io.FileNotFoundException: http://www.hr.com/en/communities/ihr_compensation/incentives__rewards_and_recognition/recognition_programs//en/communities/workforce_planning_and_analytics/internal_mobility/

java.io.FileNotFoundException: http://www.fr.com/pagenotfound/

java.io.FileNotFoundException: http://www.hr.com/en/communities/ihr_compensation/incentives__rewards_and_recognition/recognition_programs//en/communities/workforce_planning_and_analytics/downsizing/

java.io.FileNotFoundException: http://www.hr.com/en/communities/ihr_compensation/incentives__rewards_and_recognition/recognition_programs//en/communities/workforce_planning_and_analytics/mergers_acquisitions/

java.io.FileNotFoundException: http://www.hr.com/en/communities/ihr_compensation/incentives__rewards_and_recognition/recognition_programs//en/communities/workforce_planning_and_analytics/surveys_organization/

java.io.FileNotFoundException: http://www.fr.com/pagenotfound/

java.io.FileNotFoundException: http://www.hr.com/en/communities/ihr_compensation/incentives__rewards_and_recognition/recognition_programs//en/communities/workforce_planning_and_analytics/surveys_organization/polls/

java.io.FileNotFoundException: http://www.hr.com/en/communities/ihr_compensation/incentives__rewards_and_recognition/recognition_programs//en/communities/workforce_planning_and_analytics/surveys_organization/enterprise_surveys/

java.io.FileNotFoundException: http://www.hr.com/en/communities/ihr_compensation/incentives__rewards_and_recognition/recognition_programs//en/communities/workforce_planning_and_analytics/surveys_organization/market_research/

java.io.FileNotFoundException: http://www.hr.com/en/communities/ihr_compensation/incentives__rewards_and_recognition/recognition_programs//en/communities/workforce_planning_and_analytics/modelling/

java.io.FileNotFoundException: http://www.hr.com/en/communities/ihr_compensation/incentives__rewards_and_recognition/recognition_programs//en/communities/workforce_planning_and_analytics/modelling/location_modelling/

java.io.FileNotFoundException: http://www.fr.com/pagenotfound/

java.io.FileNotFoundException: http://www.fr.com/pagenotfound/

java.io.FileNotFoundException: http://www.hr.com/en/communities/ihr_compensation/incentives__rewards_and_recognition/recognition_programs//en/communities/workforce_planning_and_analytics/modelling/business_modelling/

java.io.FileNotFoundException: http://www.hr.com/en/communities/ihr_compensation/incentives__rewards_and_recognition/recognition_programs//en/communities/workforce_planning_and_analytics/modelling/org_charting/

java.io.FileNotFoundException: http://www.hr.com/en/communities/ihr_compensation/incentives__rewards_and_recognition/recognition_programs//en/communities/workforce_planning_and_analytics/benchmarking/

java.io.FileNotFoundException: http://www.fr.com/pagenotfound/

java.io.FileNotFoundException: http://www.hr.com/en/communities/ihr_compensation/incentives__rewards_and_recognition/recognition_programs//en/communities/workforce_planning_and_analytics/benchmarking/internal/

java.io.FileNotFoundException: http://www.hr.com/en/communities/ihr_compensation/incentives__rewards_and_recognition/recognition_programs//en/communities/workforce_planning_and_analytics/benchmarking/external/

java.io.FileNotFoundException: http://www.hr.com/en/communities/ihr_hr_in_california//en/communities/human_resources_management/outsourcing/

java.io.FileNotFoundException: http://www.fr.com/pagenotfound/

java.io.FileNotFoundException: http://www.fr.com/pagenotfound/

java.io.FileNotFoundException: http://www.fr.com/pagenotfound/

java.io.FileNotFoundException: http://www.fr.com/pagenotfound/

java.io.FileNotFoundException: http://www.fr.com/pagenotfound/

java.io.FileNotFoundException: http://www.fr.com/pagenotfound/

java.io.FileNotFoundException: http://www.fr.com/pagenotfound/

java.io.FileNotFoundException: http://www.fr.com/pagenotfound/

java.io.FileNotFoundException: http://www.fr.com/pagenotfound/

java.io.FileNotFoundException: http://www.fr.com/pagenotfound/

java.io.FileNotFoundException: http://www.fr.com/pagenotfound/

java.io.FileNotFoundException: http://www.fr.com/pagenotfound/

java.io.FileNotFoundException: http://www.fr.com/pagenotfound/

java.io.FileNotFoundException: http://www.fr.com/pagenotfound/

java.io.FileNotFoundException: http://www.fr.com/pagenotfound/

java.io.FileNotFoundException: http://www.fr.com/pagenotfound/

java.io.FileNotFoundException: http://www.fr.com/pagenotfound/

java.io.FileNotFoundException: http://www.fr.com/pagenotfound/

java.io.FileNotFoundException: http://www.fr.com/pagenotfound/

java.io.FileNotFoundException: http://www.fr.com/pagenotfound/

java.io.FileNotFoundException: http://www.fr.com/pagenotfound/

java.io.FileNotFoundException: http://www.fr.com/pagenotfound/

java.io.FileNotFoundException: http://www.fr.com/pagenotfound/

java.io.FileNotFoundException: http://www.fr.com/pagenotfound/

java.io.FileNotFoundException: http://www.fr.com/pagenotfound/

java.io.FileNotFoundException: http://www.fr.com/pagenotfound/

java.io.FileNotFoundException: http://www.fr.com/pagenotfound/

java.io.FileNotFoundException: http://www.fr.com/pagenotfound/

java.io.FileNotFoundException: http://www.fr.com/pagenotfound/

java.io.FileNotFoundException: http://www.fr.com/pagenotfound/

java.io.FileNotFoundException: http://www.hr.com/en/communities/ihr_compensation/incentives_measurement__reporting_and_analysis//en/communities/legal/benefits_and_compensation_law/

java.io.FileNotFoundException: http://www.fr.com/pagenotfound/

java.io.FileNotFoundException: http://www.hr.com/en/communities/ihr_compensation/incentives_measurement__reporting_and_analysis//en/communities/legal/contract_disputes/

java.io.FileNotFoundException: http://www.hr.com/en/communities/ihr_compensation/incentives_measurement__reporting_and_analysis//en/communities/legal/court_cases/

java.io.FileNotFoundException: http://www.fr.com/pagenotfound/

java.io.FileNotFoundException: http://www.hr.com/en/communities/ihr_compensation/incentives_measurement__reporting_and_analysis//en/communities/legal/employment_contracts_and_non_competes/

java.io.FileNotFoundException: http://www.hr.com/en/communities/ihr_compensation/incentives_measurement__reporting_and_analysis//en/communities/legal/employment_discrimination/

java.io.FileNotFoundException: http://www.fr.com/pagenotfound/

java.io.FileNotFoundException: http://www.hr.com/en/communities/ihr_compensation/incentives_measurement__reporting_and_analysis//en/communities/legal/environmental/

java.io.FileNotFoundException: http://www.hr.com/en/communities/ihr_compensation/incentives_measurement__reporting_and_analysis//en/communities/legal/internet_related/

java.io.FileNotFoundException: http://www.hr.com/en/communities/ihr_compensation/incentives_measurement__reporting_and_analysis//en/communities/legal/legal_trends/

java.io.FileNotFoundException: http://www.fr.com/pagenotfound/

java.io.FileNotFoundException: http://www.fr.com/pagenotfound/

java.io.FileNotFoundException: http://www.hr.com/en/communities/ihr_compensation/incentives_measurement__reporting_and_analysis//en/communities/legal/business_and_finance/

java.io.FileNotFoundException: http://www.hr.com/en/communities/ihr_compensation/incentives_measurement__reporting_and_analysis//en/communities/legal/legislation/canadian_legal_issues/

java.io.FileNotFoundException: http://www.hr.com/en/communities/ihr_compensation/incentives_measurement__reporting_and_analysis//en/communities/legal/legislation/international_legal_issues/

java.io.FileNotFoundException: http://www.hr.com/en/communities/ihr_compensation/incentives_measurement__reporting_and_analysis//en/communities/legal/legislation/

java.io.FileNotFoundException: http://www.hr.com/en/communities/ihr_compensation/incentives_measurement__reporting_and_analysis//en/communities/legal/legislation/u_s__based_legal_issues/

java.io.FileNotFoundException: http://www.fr.com/pagenotfound/

java.io.FileNotFoundException: http://www.hr.com/en/communities/ihr_compensation/incentives_measurement__reporting_and_analysis//en/communities/legal/legislation/u_s__based_legal_issues/americans_with_disabilities_act/

java.io.FileNotFoundException: http://www.hr.com/en/communities/ihr_compensation/incentives_measurement__reporting_and_analysis//en/communities/legal/legislation/u_s__based_legal_issues/fmla/

java.io.FileNotFoundException: http://www.fr.com/pagenotfound/

java.io.FileNotFoundException: http://www.fr.com/pagenotfound/

java.io.FileNotFoundException: http://www.hr.com/en/communities/ihr_compensation/incentives_measurement__reporting_and_analysis//en/communities/legal/privacy/

java.io.FileNotFoundException: http://www.hr.com/en/communities/ihr_compensation/incentives_measurement__reporting_and_analysis//en/communities/legal/training_on_compliance/

java.io.FileNotFoundException: http://www.hr.com/en/communities/ihr_compensation/incentives_measurement__reporting_and_analysis//en/communities/legal/legislation/u_s__based_legal_issues/wage_and_hour/

java.io.FileNotFoundException: http://www.hr.com/en/communities/ihr_compensation/incentives_measurement__reporting_and_analysis//en/communities/legal/termination/

java.io.FileNotFoundException: http://www.hr.com/en/communities/ihr_compensation/incentives_measurement__reporting_and_analysis//en/communities/legal/workplace_regulations/

java.io.FileNotFoundException: http://www.fr.com/pagenotfound/

java.io.FileNotFoundException: http://www.hr.com/en/communities/ihr_compensation/incentives_measurement__reporting_and_analysis//en/communities/legal/legal_compliance_in_india/

java.net.MalformedURLException: no protocol: category.php?id=33&brand=928

java.io.FileNotFoundException: http://www.hr.com/en/communities/ihr_compensation/incentives_measurement__reporting_and_analysis//en/communities/organizational_development/

java.io.FileNotFoundException: http://www.hr.com/en/communities/ihr_compensation/incentives_measurement__reporting_and_analysis//en/communities/organizational_development/career_and_succession_planning/

java.io.FileNotFoundException: http://www.fr.com/pagenotfound/

java.io.FileNotFoundException: http://www.hr.com/en/communities/ihr_compensation/incentives_measurement__reporting_and_analysis//en/communities/onboarding_001/

java.io.FileNotFoundException: http://www.fr.com/pagenotfound/

java.io.FileNotFoundException: http://www.fr.com/pagenotfound/

java.io.FileNotFoundException: http://www.fr.com/pagenotfound/

java.io.FileNotFoundException: http://www.fr.com/pagenotfound/

java.io.FileNotFoundException: http://www.fr.com/pagenotfound/

java.io.FileNotFoundException: http://www.fr.com/pagenotfound/

java.io.FileNotFoundException: http://www.fr.com/pagenotfound/

java.io.FileNotFoundException: http://www.fr.com/pagenotfound/

java.io.FileNotFoundException: http://www.fr.com/pagenotfound/

java.io.FileNotFoundException: http://www.fr.com/pagenotfound/

java.io.FileNotFoundException: http://www.fr.com/pagenotfound/

java.io.FileNotFoundException: http://www.fr.com/pagenotfound/

java.io.FileNotFoundException: http://www.fr.com/pagenotfound/

java.io.FileNotFoundException: http://www.fr.com/pagenotfound/

java.io.FileNotFoundException: http://www.fr.com/pagenotfound/

java.io.FileNotFoundException: http://www.fr.com/pagenotfound/

java.io.FileNotFoundException: http://www.fr.com/pagenotfound/

java.io.FileNotFoundException: http://www.fr.com/pagenotfound/

java.io.FileNotFoundException: http://www.fr.com/pagenotfound/

java.io.FileNotFoundException: http://www.fr.com/pagenotfound/

java.io.FileNotFoundException: http://www.fr.com/pagenotfound/

java.io.FileNotFoundException: http://www.fr.com/pagenotfound/

java.io.FileNotFoundException: http://www.fr.com/pagenotfound/

java.io.FileNotFoundException: http://www.fr.com/pagenotfound/

java.io.FileNotFoundException: http://www.hr.com/en/communities/ihr_compensation/incentives__rewards_and_recognition/recognition_programs//en/communities/workforce_planning_and_analytics/workforce_planning_analytics_technology/

java.io.FileNotFoundException: http://www.fr.com/pagenotfound/

java.io.FileNotFoundException: http://www.fr.com/pagenotfound/

java.io.FileNotFoundException: http://www.hr.com/en/communities/ihr_compensation/incentives__rewards_and_recognition/recognition_programs//en/webcasts_events/

java.io.FileNotFoundException: http://www.fr.com/pagenotfound/

java.io.FileNotFoundException: http://www.fr.com/pagenotfound/

java.io.FileNotFoundException: http://www.hr.com/en/communities/ihr_compensation/incentives__rewards_and_recognition/recognition_programs//en/webcasts_events/webcasts/

java.io.FileNotFoundException: http://www.fr.com/pagenotfound/

java.io.FileNotFoundException: http://www.hr.com/en/communities/ihr_compensation/incentives__rewards_and_recognition/recognition_programs//en/webcasts_events/webcasts/upcoming_webcasts/

java.io.FileNotFoundException: http://www.hr.com/en/communities/ihr_compensation/incentives__rewards_and_recognition/recognition_programs//en/webcasts_events/webcasts/archived_webcasts_and_podcasts/

java.io.FileNotFoundException: http://www.fr.com/pagenotfound/

java.io.FileNotFoundException: http://www.hr.com/en/communities/ihr_compensation/incentives__rewards_and_recognition/recognition_programs//en/webcasts_events/webcasts/sponsor_a_webcast/

java.io.FileNotFoundException: http://www.hr.com/en/communities/ihr_compensation/incentives__rewards_and_recognition/recognition_programs//en/webcasts_events/webcasts/archived_vlogs/

java.io.FileNotFoundException: http://www.hr.com/en/communities/ihr_compensation/incentives__rewards_and_recognition/recognition_programs//en/webcasts_events/webcasts/call_for_speakers/

java.io.FileNotFoundException: http://www.hr.com/en/communities/ihr_compensation/incentives__rewards_and_recognition/recognition_programs//en/webcasts_events/webcasts/call_for_speakers_demo_days/

java.io.FileNotFoundException: http://www.hr.com/en/communities/ihr_compensation/incentives__rewards_and_recognition/recognition_programs//en/webcasts_events/webcasts/call_for_speakers_third_party/

java.io.FileNotFoundException: http://www.fr.com/pagenotfound/

java.io.FileNotFoundException: http://www.fr.com/pagenotfound/

java.io.FileNotFoundException: http://www.fr.com/pagenotfound/

java.io.FileNotFoundException: http://www.hr.com/en/communities/ihr_compensation/incentives__rewards_and_recognition/recognition_programs//en/webcasts_events/webcasts/webcast_testimonials/

java.io.FileNotFoundException: http://www.hr.com/en/communities/ihr_compensation/incentives__rewards_and_recognition/recognition_programs//en/webcasts_events/virtual_events/

java.io.FileNotFoundException: http://www.hr.com/en/communities/ihr_compensation/incentives__rewards_and_recognition/recognition_programs//en/webcasts_events/virtual_events/archived_virtual_events/

java.io.FileNotFoundException: http://www.fr.com/pagenotfound/

java.io.FileNotFoundException: http://www.hr.com/en/communities/ihr_compensation/incentives__rewards_and_recognition/recognition_programs//en/webcasts_events/virtual_events/host_your_own_virtual_event/

java.io.FileNotFoundException: http://www.fr.com/pagenotfound/

java.io.FileNotFoundException: http://www.hr.com/en/communities/ihr_compensation/incentives__rewards_and_recognition/recognition_programs//en/webcasts_events/virtual_events/upcoming_virtual_events/

java.io.FileNotFoundException: http://www.fr.com/pagenotfound/

java.io.FileNotFoundException: http://www.hr.com/en/communities/ihr_compensation/incentives__rewards_and_recognition/recognition_programs//en/webcasts_events/virtual_events/sponsor_a_virtual_event/

java.io.FileNotFoundException: http://www.fr.com/pagenotfound/

java.io.FileNotFoundException: http://www.hr.com/en/communities/ihr_compensation/incentives__rewards_and_recognition/recognition_programs//en/webcasts_events/virtual_events/booth_training/

java.io.FileNotFoundException: http://www.fr.com/pagenotfound/

java.io.FileNotFoundException: http://www.hr.com/en/communities/ihr_compensation/incentives__rewards_and_recognition/recognition_programs//en/webcasts_events/live_upcoming_events/hcm_investors_forum_2014/

java.io.FileNotFoundException: http://www.hr.com/en/communities/ihr_compensation/incentives__rewards_and_recognition/recognition_programs//en/webcasts_events/live_upcoming_events/

java.io.FileNotFoundException: http://www.fr.com/pagenotfound/

java.io.FileNotFoundException: http://www.hr.com/en/communities/ihr_compensation/incentives__rewards_and_recognition/recognition_programs//en/webcasts_events/live_upcoming_events/strategic_hcm_analyst_forum_2014/

java.io.FileNotFoundException: http://www.hr.com/en/communities/ihr_compensation/incentives__rewards_and_recognition/recognition_programs//en/webcasts_events/live_upcoming_events/strategic_hcm_partnerships_2014/

java.io.FileNotFoundException: http://www.hr.com/en/communities/ihr_compensation/incentives__rewards_and_recognition/recognition_programs//en/webcasts_events/live_upcoming_events/talent_acquisition_excellence_forum_2014/

java.io.FileNotFoundException: http://www.fr.com/pagenotfound/

java.io.FileNotFoundException: http://www.fr.com/pagenotfound/

java.io.FileNotFoundException: http://www.fr.com/pagenotfound/

java.io.FileNotFoundException: http://www.fr.com/pagenotfound/

java.io.FileNotFoundException: http://www.fr.com/pagenotfound/

java.io.FileNotFoundException: http://www.fr.com/pagenotfound/

java.io.FileNotFoundException: http://www.fr.com/pagenotfound/

java.io.FileNotFoundException: http://www.fr.com/pagenotfound/

java.io.FileNotFoundException: http://www.fr.com/pagenotfound/

java.io.FileNotFoundException: http://www.fr.com/pagenotfound/

java.io.FileNotFoundException: http://www.fr.com/pagenotfound/

java.io.FileNotFoundException: http://www.fr.com/pagenotfound/

java.io.FileNotFoundException: http://www.fr.com/pagenotfound/

java.io.FileNotFoundException: http://www.fr.com/pagenotfound/

java.io.FileNotFoundException: http://www.fr.com/pagenotfound/

java.io.FileNotFoundException: http://www.fr.com/pagenotfound/

java.io.FileNotFoundException: http://www.fr.com/pagenotfound/

java.io.FileNotFoundException: http://www.fr.com/pagenotfound/

java.io.FileNotFoundException: http://www.fr.com/pagenotfound/

java.io.FileNotFoundException: http://www.fr.com/pagenotfound/

java.io.FileNotFoundException: http://www.fr.com/pagenotfound/

java.io.FileNotFoundException: http://www.fr.com/pagenotfound/

java.io.FileNotFoundException: http://www.fr.com/pagenotfound/

java.io.FileNotFoundException: http://www.hr.com/en/communities/ihr_compensation/incentives_measurement__reporting_and_analysis//en/communities/organizational_development/change_management/

java.io.FileNotFoundException: http://www.fr.com/pagenotfound/

java.io.FileNotFoundException: http://www.hr.com/en/communities/ihr_compensation/incentives_measurement__reporting_and_analysis//en/communities/organizational_development/creativity_and_innovation/

java.io.FileNotFoundException: http://www.hr.com/en/communities/ihr_compensation/incentives_measurement__reporting_and_analysis//en/communities/organizational_development/communication_programs/

java.io.FileNotFoundException: http://www.fr.com/pagenotfound/

java.io.FileNotFoundException: http://www.fr.com/pagenotfound/

java.io.FileNotFoundException: http://www.fr.com/pagenotfound/

java.io.FileNotFoundException: http://www.hr.com/en/communities/ihr_compensation/incentives_measurement__reporting_and_analysis//en/communities/organizational_development/decision_making/

java.io.FileNotFoundException: http://www.hr.com/en/communities/ihr_compensation/incentives_measurement__reporting_and_analysis//en/communities/organizational_development/diversity/

java.io.FileNotFoundException: http://www.hr.com/en/communities/ihr_compensation/incentives_measurement__reporting_and_analysis//en/communities/organizational_development/employee_satisfaction_engagement/

java.io.FileNotFoundException: http://www.hr.com/en/communities/ihr_compensation/incentives_measurement__reporting_and_analysis//en/communities/organizational_development/job_design_telework/

java.io.FileNotFoundException: http://www.fr.com/pagenotfound/

java.io.FileNotFoundException: http://www.fr.com/pagenotfound/

java.io.FileNotFoundException: http://www.fr.com/pagenotfound/

java.io.FileNotFoundException: http://www.hr.com/en/communities/ihr_compensation/incentives_measurement__reporting_and_analysis//en/communities/organizational_development/high_performing_teams/

java.io.FileNotFoundException: http://www.fr.com/pagenotfound/

java.io.FileNotFoundException: http://www.hr.com/en/communities/ihr_compensation/incentives_measurement__reporting_and_analysis//en/communities/organizational_development/knowledge_management/

java.io.FileNotFoundException: http://www.hr.com/en/communities/ihr_compensation/incentives_measurement__reporting_and_analysis//en/communities/organizational_development/measurement_of_culture_and_climate/

java.io.FileNotFoundException: http://www.hr.com/en/communities/ihr_compensation/incentives_measurement__reporting_and_analysis//en/communities/organizational_development/mergers_and_acquisitions/

java.io.FileNotFoundException: http://www.hr.com/en/communities/ihr_compensation/incentives_measurement__reporting_and_analysis//en/communities/organizational_development/organizational_diagnosis/

java.io.FileNotFoundException: http://www.hr.com/en/communities/ihr_compensation/incentives_measurement__reporting_and_analysis//en/communities/organizational_development/re_engineering/

java.io.FileNotFoundException: http://www.hr.com/en/communities/ihr_compensation/incentives_measurement__reporting_and_analysis//en/communities/organizational_development/strategic_hr/

java.io.FileNotFoundException: http://www.fr.com/pagenotfound/

java.io.FileNotFoundException: http://www.hr.com/en/communities/ihr_compensation/incentives_measurement__reporting_and_analysis//en/communities/organizational_development/skills_competencies/

java.io.FileNotFoundException: http://www.fr.com/pagenotfound/

java.io.FileNotFoundException: http://www.fr.com/pagenotfound/

java.io.FileNotFoundException: http://www.fr.com/pagenotfound/

java.io.FileNotFoundException: http://www.hr.com/en/communities/ihr_compensation/incentives_measurement__reporting_and_analysis//en/communities/payroll_hris_hris_payroll__audits__compliance_and_risk_management_001/

java.io.FileNotFoundException: http://www.hr.com/en/communities/ihr_compensation/incentives_measurement__reporting_and_analysis//en/communities/performance_management/cascading_goals/

java.io.FileNotFoundException: http://www.hr.com/en/communities/ihr_compensation/incentives_measurement__reporting_and_analysis//en/communities/performance_management/competencies/

java.io.FileNotFoundException: http://www.hr.com/en/communities/ihr_compensation/incentives_measurement__reporting_and_analysis//en/communities/performance_management/

java.io.FileNotFoundException: http://www.hr.com/en/communities/ihr_compensation/incentives_measurement__reporting_and_analysis//en/communities/performance_management/culture/

java.io.FileNotFoundException: http://www.hr.com/en/communities/ihr_compensation/incentives_measurement__reporting_and_analysis//en/communities/performance_management/feedback_processes/

java.io.FileNotFoundException: http://www.hr.com/en/communities/ihr_hr_in_california//en/communities/human_resources_management/public_sector_and_non_profit/

java.io.FileNotFoundException: http://www.hr.com/en/communities/ihr_compensation/incentives_measurement__reporting_and_analysis//en/communities/performance_management/job_description/

java.io.FileNotFoundException: http://www.fr.com/pagenotfound/

java.io.FileNotFoundException: http://www.fr.com/pagenotfound/

java.io.FileNotFoundException: http://www.fr.com/pagenotfound/

java.io.FileNotFoundException: http://www.fr.com/pagenotfound/

java.io.FileNotFoundException: http://www.fr.com/pagenotfound/

java.io.FileNotFoundException: http://www.fr.com/pagenotfound/

java.io.FileNotFoundException: http://www.fr.com/pagenotfound/

java.io.FileNotFoundException: http://www.fr.com/pagenotfound/

java.io.FileNotFoundException: http://www.fr.com/pagenotfound/

java.io.FileNotFoundException: http://www.fr.com/pagenotfound/

java.io.FileNotFoundException: http://www.fr.com/pagenotfound/

java.io.FileNotFoundException: http://www.fr.com/pagenotfound/

java.io.FileNotFoundException: http://www.fr.com/pagenotfound/

java.io.FileNotFoundException: http://www.fr.com/pagenotfound/

java.io.FileNotFoundException: http://www.fr.com/pagenotfound/

java.io.FileNotFoundException: http://www.fr.com/pagenotfound/

java.io.FileNotFoundException: http://www.fr.com/pagenotfound/

java.io.FileNotFoundException: http://www.fr.com/pagenotfound/

java.io.FileNotFoundException: http://www.fr.com/pagenotfound/

java.io.FileNotFoundException: http://www.fr.com/pagenotfound/

java.io.FileNotFoundException: http://www.fr.com/pagenotfound/

java.io.FileNotFoundException: http://www.fr.com/pagenotfound/

java.io.FileNotFoundException: http://www.fr.com/pagenotfound/

java.io.FileNotFoundException: http://www.fr.com/pagenotfound/

java.io.FileNotFoundException: http://www.fr.com/pagenotfound/

java.io.FileNotFoundException: http://www.fr.com/pagenotfound/

java.io.FileNotFoundException: http://www.fr.com/pagenotfound/

java.io.FileNotFoundException: http://www.hr.com/en/communities/ihr_compensation/incentives__rewards_and_recognition/recognition_programs//en/webcasts_events/speaker_training/

java.io.FileNotFoundException: http://www.fr.com/pagenotfound/

java.io.FileNotFoundException: http://www.hr.com/en/communities/ihr_compensation/incentives__rewards_and_recognition/recognition_programs//en/resources/

java.io.FileNotFoundException: http://www.fr.com/pagenotfound/

java.io.FileNotFoundException: http://www.fr.com/pagenotfound/

java.io.FileNotFoundException: http://www.hr.com/en/communities/ihr_compensation/incentives__rewards_and_recognition/recognition_programs//en/resources/surveys/

java.io.FileNotFoundException: http://www.fr.com/pagenotfound/

java.io.FileNotFoundException: http://www.fr.com/pagenotfound/

java.io.FileNotFoundException: http://www.hr.com/en/communities/ihr_compensation/incentives__rewards_and_recognition/recognition_programs//en/resources/surveys/about_hr_market_intelligence/

java.io.FileNotFoundException: http://www.hr.com/en/communities/ihr_compensation/incentives__rewards_and_recognition/recognition_programs//en/resources/surveys/past_surveys/

java.io.FileNotFoundException: http://www.hr.com/en/communities/ihr_compensation/incentives__rewards_and_recognition/recognition_programs//en/resources/free_forms/

java.io.FileNotFoundException: http://www.hr.com/en/communities/ihr_compensation/incentives__rewards_and_recognition/recognition_programs//en/resources/free_forms/compliance_posters/

java.io.FileNotFoundException: http://www.fr.com/pagenotfound/

java.io.FileNotFoundException: http://www.hr.com/en/communities/ihr_compensation/incentives__rewards_and_recognition/recognition_programs//en/hr_careers/

java.io.FileNotFoundException: http://www.hr.com/en/communities/ihr_compensation/incentives__rewards_and_recognition/recognition_programs//en/resources/wikis/

java.io.FileNotFoundException: http://www.fr.com/pagenotfound/

java.io.FileNotFoundException: http://www.fr.com/pagenotfound/

java.io.FileNotFoundException: http://www.hr.com/en/communities/ihr_compensation/incentives__rewards_and_recognition/recognition_programs//en/certifications/

java.io.FileNotFoundException: http://www.fr.com/pagenotfound/

java.io.FileNotFoundException: http://www.hr.com/en/communities/ihr_compensation/incentives__rewards_and_recognition/recognition_programs//en/certifications/ihr_certification/

java.io.FileNotFoundException: http://www.hr.com/en/communities/ihr_compensation/incentives__rewards_and_recognition/recognition_programs//en/certifications/ihr_certification/training_testing/

java.io.FileNotFoundException: http://www.hr.com/en/communities/ihr_compensation/incentives__rewards_and_recognition/recognition_programs//en/certifications/ihr_certification/faq/

java.io.FileNotFoundException: http://www.hr.com/en/communities/ihr_compensation/incentives__rewards_and_recognition/recognition_programs//en/certifications/programs_offered/

java.io.FileNotFoundException: http://www.hr.com/en/communities/ihr_compensation/incentives__rewards_and_recognition/recognition_programs//en/certifications/worldatwork/

java.io.FileNotFoundException: http://www.fr.com/pagenotfound/

java.io.FileNotFoundException: http://www.hr.com/en/communities/ihr_compensation/incentives__rewards_and_recognition/recognition_programs//en/certifications/hrci/

java.io.FileNotFoundException: http://www.fr.com/pagenotfound/

java.io.FileNotFoundException: http://www.hr.com/en/communities/ihr_compensation/incentives__rewards_and_recognition/recognition_programs//en/certifications/call_for_speakers/

java.io.FileNotFoundException: http://www.hr.com/en/communities/ihr_compensation/incentives__rewards_and_recognition/recognition_programs//en/certifications/why_certify_demo/

java.io.FileNotFoundException: http://www.hr.com/en/communities/ihr_compensation/incentives__rewards_and_recognition/recognition_programs//en/certifications/sponsorships/

java.io.FileNotFoundException: http://www.fr.com/pagenotfound/

java.io.FileNotFoundException: http://www.fr.com/pagenotfound/

java.io.FileNotFoundException: http://www.hr.com/en/communities/ihr_compensation/incentives__rewards_and_recognition/recognition_programs//en/certifications/phr_sphr_certification_prep_course/

java.io.FileNotFoundException: http://www.hr.com/en/communities/ihr_compensation/incentives__rewards_and_recognition/recognition_programs//en/hr_com_store/

java.io.FileNotFoundException: http://www.hr.com/en/communities/ihr_compensation/incentives__rewards_and_recognition/recognition_programs//en/topleaders/

java.io.FileNotFoundException: http://www.hr.com/en/communities/ihr_compensation/incentives__rewards_and_recognition/recognition_programs//en/topleaders/top_leaders_in_leadership/

java.io.FileNotFoundException: http://www.hr.com/en/communities/ihr_compensation/incentives__rewards_and_recognition/recognition_programs//en/topleaders/top_leaders_in_leadership/leadership_excellence_essentials/

java.io.FileNotFoundException: http://www.hr.com/en/communities/ihr_compensation/incentives__rewards_and_recognition/recognition_programs//en/topleaders/top_leaders_in_leadership/sales_service_excellence_essentials/

java.io.FileNotFoundException: http://www.hr.com/en/communities/ihr_compensation/incentives__rewards_and_recognition/recognition_programs//en/topleaders/top_leaders_in_leadership/personal_excellence_essentials/

java.io.FileNotFoundException: http://www.hr.com/en/communities/ihr_hr_in_california//en/communities/human_resources_management/small_business/

java.io.FileNotFoundException: http://www.fr.com/pagenotfound/

java.io.FileNotFoundException: http://fishpostgrant.com/testimonials/case-study-perceptive-pixel/

java.io.FileNotFoundException: http://www.fr.com/pagenotfound/

java.io.FileNotFoundException: http://www.fr.com/pagenotfound/

java.io.FileNotFoundException: http://fishpostgrant.com/testimonials/case-study-lantiq/

java.io.FileNotFoundException: http://fishpostgrant.com/testimonials/case-study-incomm/

java.io.FileNotFoundException: http://www.fr.com/pagenotfound/

java.io.FileNotFoundException: http://www.fr.com/pagenotfound/

java.io.FileNotFoundException: http://www.fr.com/pagenotfound/

java.io.FileNotFoundException: http://www.fr.com/pagenotfound/

java.io.FileNotFoundException: http://www.fr.com/pagenotfound/

java.io.FileNotFoundException: http://www.fr.com/pagenotfound/

java.io.FileNotFoundException: http://www.fr.com/pagenotfound/

java.io.FileNotFoundException: http://www.fr.com/pagenotfound/

java.io.FileNotFoundException: http://www.fr.com/pagenotfound/

java.io.FileNotFoundException: http://www.fr.com/pagenotfound/

java.io.FileNotFoundException: http://www.fr.com/pagenotfound/

java.io.FileNotFoundException: http://www.fr.com/pagenotfound/

java.io.FileNotFoundException: http://www.fr.com/pagenotfound/

java.io.FileNotFoundException: http://www.fr.com/pagenotfound/

java.io.FileNotFoundException: http://www.fr.com/pagenotfound/

java.io.FileNotFoundException: http://www.fr.com/pagenotfound/

java.io.FileNotFoundException: http://www.fr.com/pagenotfound/

java.io.FileNotFoundException: http://www.hr.com/en/communities/ihr_compensation/incentives_measurement__reporting_and_analysis//en/communities/performance_management/legal_compliance/

java.io.FileNotFoundException: http://www.hr.com/en/communities/ihr_compensation/incentives_measurement__reporting_and_analysis//en/communities/performance_management/motivation/

java.io.FileNotFoundException: http://www.hr.com/en/communities/ihr_compensation/incentives_measurement__reporting_and_analysis//en/communities/performance_management/pay_for_performance/

java.io.FileNotFoundException: http://www.fr.com/pagenotfound/

java.io.FileNotFoundException: http://www.fr.com/pagenotfound/

java.io.FileNotFoundException: http://www.hr.com/en/communities/ihr_compensation/incentives_measurement__reporting_and_analysis//en/communities/performance_management/pm_assessment/

java.io.FileNotFoundException: http://www.fr.com/pagenotfound/

java.io.FileNotFoundException: http://www.hr.com/en/communities/ihr_compensation/incentives_measurement__reporting_and_analysis//en/communities/performance_management/pm_metrics/

java.io.FileNotFoundException: http://www.hr.com/en/communities/ihr_compensation/incentives_measurement__reporting_and_analysis//en/communities/performance_management/pm_retention/

java.io.FileNotFoundException: http://www.hr.com/en/communities/ihr_compensation/incentives_measurement__reporting_and_analysis//en/communities/performance_management/pm_succession_planning/

java.io.FileNotFoundException: http://www.fr.com/pagenotfound/

java.io.FileNotFoundException: http://www.hr.com/en/communities/ihr_compensation/incentives_measurement__reporting_and_analysis//en/communities/performance_management/technology/

java.io.FileNotFoundException: http://www.hr.com/en/communities/ihr_compensation/incentives_measurement__reporting_and_analysis//en/communities/performance_management/performance_reviews/

java.io.FileNotFoundException: http://www.fr.com/pagenotfound/

java.io.FileNotFoundException: http://www.hr.com/en/communities/ihr_compensation/incentives_measurement__reporting_and_analysis//en/communities/recruitment_process_outsourcing_001/

java.io.FileNotFoundException: http://www.hr.com/en/communities/ihr_compensation/incentives_measurement__reporting_and_analysis//en/communities/rewards_and_recognition_001/

java.io.FileNotFoundException: http://www.hr.com/en/communities/ihr_compensation/incentives_measurement__reporting_and_analysis//en/communities/social_media_and_employee_communications_001/

java.io.FileNotFoundException: http://www.hr.com/en/communities/ihr_compensation/incentives_measurement__reporting_and_analysis//en/communities/social_media_and_employee_communications_001/change_management/

java.io.FileNotFoundException: http://www.fr.com/pagenotfound/

java.io.FileNotFoundException: http://www.hr.com/en/communities/ihr_compensation/incentives_measurement__reporting_and_analysis//en/communities/social_media_and_employee_communications_001/training_learning_development/

java.io.FileNotFoundException: http://www.fr.com/pagenotfound/

java.io.FileNotFoundException: http://www.fr.com/pagenotfound/

java.io.FileNotFoundException: http://www.fr.com/pagenotfound/

java.io.FileNotFoundException: http://www.fr.com/pagenotfound/

java.io.FileNotFoundException: http://www.fr.com/pagenotfound/

java.io.FileNotFoundException: http://www.fr.com/pagenotfound/

java.io.FileNotFoundException: http://www.fr.com/pagenotfound/

java.io.FileNotFoundException: http://www.fr.com/pagenotfound/

java.io.FileNotFoundException: http://www.fr.com/pagenotfound/

java.io.FileNotFoundException: http://www.fr.com/pagenotfound/

java.io.FileNotFoundException: http://www.fr.com/pagenotfound/

java.io.FileNotFoundException: http://www.fr.com/pagenotfound/

java.io.FileNotFoundException: http://www.fr.com/pagenotfound/

java.io.FileNotFoundException: http://www.fr.com/pagenotfound/

java.io.FileNotFoundException: http://www.fr.com/pagenotfound/

java.io.FileNotFoundException: http://www.fr.com/pagenotfound/

java.io.FileNotFoundException: http://www.fr.com/pagenotfound/

java.io.FileNotFoundException: http://www.fr.com/pagenotfound/

java.io.FileNotFoundException: http://www.fr.com/pagenotfound/

java.io.FileNotFoundException: http://www.fr.com/pagenotfound/

java.io.FileNotFoundException: http://www.fr.com/pagenotfound/

java.io.FileNotFoundException: http://www.fr.com/pagenotfound/

java.io.FileNotFoundException: http://www.fr.com/pagenotfound/

java.io.FileNotFoundException: http://www.fr.com/pagenotfound/

java.io.FileNotFoundException: http://www.fr.com/pagenotfound/

java.io.FileNotFoundException: http://www.fr.com/pagenotfound/

java.io.FileNotFoundException: http://www.fr.com/pagenotfound/

java.io.FileNotFoundException: http://www.fr.com/pagenotfound/

java.io.FileNotFoundException: http://www.fr.com/pagenotfound/

java.io.FileNotFoundException: http://www.fr.com/pagenotfound/

java.io.FileNotFoundException: http://www.fr.com/pagenotfound/

java.io.FileNotFoundException: http://www.fr.com/pagenotfound/

java.io.FileNotFoundException: http://www.fr.com/pagenotfound/

java.io.FileNotFoundException: http://www.fr.com/pagenotfound/

java.io.FileNotFoundException: http://www.fr.com/pagenotfound/

java.io.FileNotFoundException: http://www.fr.com/pagenotfound/

java.io.FileNotFoundException: http://www.fr.com/pagenotfound/

java.io.FileNotFoundException: http://www.fr.com/pagenotfound/

java.io.FileNotFoundException: http://www.fr.com/pagenotfound/

java.io.FileNotFoundException: http://www.fr.com/pagenotfound/

java.io.FileNotFoundException: http://www.fr.com/pagenotfound/

java.io.FileNotFoundException: http://www.fr.com/pagenotfound/

java.io.FileNotFoundException: http://www.fr.com/pagenotfound/

java.io.FileNotFoundException: http://www.fr.com/pagenotfound/

java.io.FileNotFoundException: http://www.fr.com/pagenotfound/

java.io.FileNotFoundException: http://www.fr.com/pagenotfound/

java.io.FileNotFoundException: http://www.fr.com/pagenotfound/

java.io.FileNotFoundException: http://www.fr.com/pagenotfound/

java.io.FileNotFoundException: http://www.fr.com/pagenotfound/

java.io.FileNotFoundException: http://www.fr.com/pagenotfound/

java.io.FileNotFoundException: http://www.fr.com/pagenotfound/

java.io.FileNotFoundException: http://www.fr.com/pagenotfound/

java.io.FileNotFoundException: http://www.fr.com/pagenotfound/

java.io.FileNotFoundException: http://www.fr.com/pagenotfound/

java.io.FileNotFoundException: http://www.fr.com/pagenotfound/

java.io.FileNotFoundException: http://www.fr.com/pagenotfound/

java.io.FileNotFoundException: http://www.fr.com/pagenotfound/

java.io.FileNotFoundException: http://www.fr.com/pagenotfound/

java.io.FileNotFoundException: http://www.fr.com/pagenotfound/

java.io.FileNotFoundException: http://www.fr.com/pagenotfound/

java.io.FileNotFoundException: http://www.fr.com/pagenotfound/

java.io.FileNotFoundException: http://www.fr.com/pagenotfound/

java.io.FileNotFoundException: http://www.fr.com/pagenotfound/

java.io.FileNotFoundException: http://www.fr.com/pagenotfound/

java.io.FileNotFoundException: http://www.fr.com/pagenotfound/

java.io.FileNotFoundException: http://www.fr.com/pagenotfound/

java.io.FileNotFoundException: http://www.fr.com/pagenotfound/

java.io.FileNotFoundException: http://www.fr.com/pagenotfound/

java.io.FileNotFoundException: http://www.fr.com/pagenotfound/

java.io.FileNotFoundException: http://www.fr.com/pagenotfound/

java.io.FileNotFoundException: http://www.fr.com/pagenotfound/

java.io.FileNotFoundException: http://www.fr.com/pagenotfound/

java.io.FileNotFoundException: http://www.fr.com/pagenotfound/

java.io.FileNotFoundException: http://www.fr.com/pagenotfound/

java.io.FileNotFoundException: http://www.fr.com/pagenotfound/

java.io.FileNotFoundException: http://www.fr.com/pagenotfound/

java.io.FileNotFoundException: http://www.fr.com/pagenotfound/

java.io.FileNotFoundException: http://www.fr.com/pagenotfound/

java.io.FileNotFoundException: http://www.fr.com/pagenotfound/

java.io.FileNotFoundException: http://www.fr.com/pagenotfound/

java.io.FileNotFoundException: http://www.fr.com/pagenotfound/

java.io.FileNotFoundException: http://www.fr.com/pagenotfound/

java.io.FileNotFoundException: http://www.hr.com/en/communities/ihr_compensation/incentives_measurement__reporting_and_analysis//en/communities/social_media_and_employee_communications_001/strategic_tactical_leadership/

java.io.FileNotFoundException: http://www.fr.com/pagenotfound/

java.io.FileNotFoundException: http://www.fr.com/pagenotfound/

java.io.FileNotFoundException: http://www.fr.com/pagenotfound/

java.io.FileNotFoundException: http://www.hr.com/en/communities/ihr_hr_in_california//en/communities/human_resources_management/structure_and_organization/

java.io.FileNotFoundException: http://www.fr.com/pagenotfound/

java.io.FileNotFoundException: http://www.fr.com/pagenotfound/

java.io.FileNotFoundException: http://www.fr.com/pagenotfound/

java.io.FileNotFoundException: http://www.fr.com/pagenotfound/

java.io.FileNotFoundException: http://www.fr.com/pagenotfound/

java.io.FileNotFoundException: http://www.fr.com/pagenotfound/

java.io.FileNotFoundException: http://www.fr.com/pagenotfound/

java.io.FileNotFoundException: http://www.fr.com/pagenotfound/

java.io.FileNotFoundException: http://www.fr.com/pagenotfound/

java.io.FileNotFoundException: http://www.fr.com/pagenotfound/

java.io.FileNotFoundException: http://www.fr.com/pagenotfound/

java.io.FileNotFoundException: http://www.fr.com/pagenotfound/

java.io.FileNotFoundException: http://www.fr.com/pagenotfound/

java.io.FileNotFoundException: http://www.fr.com/pagenotfound/

java.io.FileNotFoundException: http://www.fr.com/pagenotfound/

java.io.FileNotFoundException: http://www.fr.com/pagenotfound/

java.io.FileNotFoundException: http://www.fr.com/pagenotfound/

java.io.FileNotFoundException: http://www.fr.com/pagenotfound/

java.io.FileNotFoundException: http://www.fr.com/pagenotfound/

java.io.FileNotFoundException: http://www.fr.com/pagenotfound/

java.io.FileNotFoundException: http://www.fr.com/pagenotfound/

java.io.FileNotFoundException: http://www.fr.com/pagenotfound/

java.io.FileNotFoundException: http://www.fr.com/pagenotfound/

java.io.FileNotFoundException: http://www.fr.com/pagenotfound/

java.io.FileNotFoundException: http://www.fr.com/pagenotfound/

java.io.FileNotFoundException: http://www.fr.com/pagenotfound/

java.io.FileNotFoundException: http://www.fr.com/pagenotfound/

java.io.FileNotFoundException: http://www.fr.com/pagenotfound/

java.io.FileNotFoundException: http://www.fr.com/pagenotfound/

java.io.FileNotFoundException: http://www.fr.com/pagenotfound/

java.io.FileNotFoundException: http://www.fr.com/pagenotfound/

java.io.FileNotFoundException: http://www.fr.com/pagenotfound/

java.io.FileNotFoundException: http://www.fr.com/pagenotfound/

java.io.FileNotFoundException: http://www.fr.com/pagenotfound/

java.io.FileNotFoundException: http://www.fr.com/pagenotfound/

java.io.FileNotFoundException: http://www.fr.com/pagenotfound/

java.io.FileNotFoundException: http://www.fr.com/pagenotfound/

java.io.FileNotFoundException: http://www.fr.com/pagenotfound/

java.io.FileNotFoundException: http://www.fr.com/pagenotfound/

java.io.FileNotFoundException: http://www.fr.com/pagenotfound/

java.io.FileNotFoundException: http://www.fr.com/pagenotfound/

java.io.FileNotFoundException: http://www.fr.com/pagenotfound/

java.io.FileNotFoundException: http://www.fr.com/pagenotfound/

java.io.FileNotFoundException: http://www.fr.com/pagenotfound/

java.io.FileNotFoundException: http://www.fr.com/pagenotfound/

java.io.FileNotFoundException: http://www.fr.com/pagenotfound/

java.io.FileNotFoundException: http://www.fr.com/pagenotfound/

java.io.FileNotFoundException: http://www.fr.com/pagenotfound/

java.io.FileNotFoundException: http://www.fr.com/pagenotfound/

java.io.FileNotFoundException: http://www.fr.com/pagenotfound/

java.io.FileNotFoundException: http://www.fr.com/pagenotfound/

java.io.FileNotFoundException: http://www.fr.com/pagenotfound/

java.io.FileNotFoundException: http://www.fr.com/pagenotfound/

java.io.FileNotFoundException: http://www.fr.com/pagenotfound/

java.io.FileNotFoundException: http://www.fr.com/pagenotfound/

java.io.FileNotFoundException: http://www.fr.com/pagenotfound/

java.io.FileNotFoundException: http://www.fr.com/pagenotfound/

java.io.FileNotFoundException: http://www.fr.com/pagenotfound/

java.io.FileNotFoundException: http://www.fr.com/pagenotfound/

java.io.FileNotFoundException: http://www.fr.com/pagenotfound/

java.io.FileNotFoundException: http://www.fr.com/pagenotfound/

java.io.FileNotFoundException: http://www.fr.com/pagenotfound/

java.io.FileNotFoundException: http://www.fr.com/pagenotfound/

java.io.FileNotFoundException: http://www.fr.com/pagenotfound/

java.io.FileNotFoundException: http://www.fr.com/pagenotfound/

java.io.FileNotFoundException: http://www.fr.com/pagenotfound/

java.io.FileNotFoundException: http://www.fr.com/pagenotfound/

java.io.FileNotFoundException: http://www.fr.com/pagenotfound/

java.io.FileNotFoundException: http://www.fr.com/pagenotfound/

java.io.FileNotFoundException: http://www.fr.com/pagenotfound/

java.io.FileNotFoundException: http://www.fr.com/pagenotfound/

java.io.FileNotFoundException: http://www.fr.com/pagenotfound/

java.io.FileNotFoundException: http://www.fr.com/pagenotfound/

java.io.FileNotFoundException: http://www.fr.com/pagenotfound/

java.io.FileNotFoundException: http://www.fr.com/pagenotfound/

java.io.FileNotFoundException: http://www.fr.com/pagenotfound/

java.io.FileNotFoundException: http://www.fr.com/pagenotfound/

java.io.FileNotFoundException: http://www.fr.com/pagenotfound/

java.io.FileNotFoundException: http://www.fr.com/pagenotfound/

java.io.FileNotFoundException: http://www.fr.com/pagenotfound/

java.io.FileNotFoundException: http://www.fr.com/pagenotfound/

java.io.FileNotFoundException: http://www.fr.com/pagenotfound/

java.io.FileNotFoundException: http://www.fr.com/pagenotfound/

java.io.FileNotFoundException: http://www.fr.com/pagenotfound/

java.io.FileNotFoundException: http://www.fr.com/pagenotfound/

java.io.FileNotFoundException: http://www.hr.com/en/communities/ihr_compensation/incentives_measurement__reporting_and_analysis//en/communities/social_media_and_employee_communications_001/employee_communication/

java.io.FileNotFoundException: http://www.fr.com/pagenotfound/

java.io.FileNotFoundException: http://www.fr.com/pagenotfound/

java.io.FileNotFoundException: http://www.hr.com/en/communities/ihr_compensation/incentives_measurement__reporting_and_analysis//en/communities/social_media_and_employee_communications_001/employment_brand/

java.io.FileNotFoundException: http://www.hr.com/en/communities/ihr_compensation/incentives_measurement__reporting_and_analysis//en/communities/social_media_and_employee_communications_001/recruitment_retention/

java.io.FileNotFoundException: http://www.hr.com/en/communities/ihr_compensation/incentives_measurement__reporting_and_analysis//en/communities/social_media_and_employee_communications_001/culture/

java.io.FileNotFoundException: http://www.hr.com/en/communities/ihr_compensation/incentives_measurement__reporting_and_analysis//en/communities/social_media_and_employee_communications_001/external_social_networks/

java.io.FileNotFoundException: http://www.hr.com/en/communities/ihr_compensation/incentives_measurement__reporting_and_analysis//en/communities/social_media_and_employee_communications_001/internal_social_networks/

java.io.FileNotFoundException: http://www.fr.com/pagenotfound/

java.io.FileNotFoundException: http://www.fr.com/pagenotfound/

java.io.FileNotFoundException: http://www.fr.com/pagenotfound/

java.io.FileNotFoundException: http://www.hr.com/en/communities/ihr_compensation/incentives_measurement__reporting_and_analysis//en/communities/social_media_and_employee_communications_001/social_media_employee_communications_policies_procedures/

java.io.FileNotFoundException: http://www.fr.com/pagenotfound/

java.io.FileNotFoundException: http://www.fr.com/pagenotfound/

java.io.FileNotFoundException: http://www.hr.com/en/communities/ihr_compensation/incentives_measurement__reporting_and_analysis//en/communities/social_media_and_employee_communications_001/social_media_employee_communications_legal_compliance/

java.io.FileNotFoundException: http://www.fr.com/pagenotfound/

java.io.FileNotFoundException: http://www.hr.com/en/communities/ihr_hr_in_california//en/communities/human_resources_management/the_hr_practitioner/

java.io.FileNotFoundException: http://www.fr.com/pagenotfound/

java.io.FileNotFoundException: http://www.hr.com/en/communities/ihr_compensation/incentives_measurement__reporting_and_analysis//en/communities/social_media_and_employee_communications_001/social_media_employee_communications_metrics/

java.io.FileNotFoundException: http://www.fr.com/pagenotfound/

java.io.FileNotFoundException: http://www.fr.com/pagenotfound/

java.io.FileNotFoundException: http://www.fr.com/pagenotfound/

java.io.FileNotFoundException: http://www.fr.com/pagenotfound/

java.io.FileNotFoundException: http://www.fr.com/pagenotfound/

java.io.FileNotFoundException: http://www.fr.com/pagenotfound/

java.io.FileNotFoundException: http://www.fr.com/pagenotfound/

java.io.FileNotFoundException: http://www.fr.com/pagenotfound/

java.io.FileNotFoundException: http://www.fr.com/pagenotfound/

java.io.FileNotFoundException: http://www.fr.com/pagenotfound/

java.io.FileNotFoundException: http://www.fr.com/pagenotfound/

java.io.FileNotFoundException: http://www.fr.com/pagenotfound/

java.io.FileNotFoundException: http://www.fr.com/pagenotfound/

java.io.FileNotFoundException: http://www.fr.com/pagenotfound/

java.io.FileNotFoundException: http://www.fr.com/pagenotfound/

java.io.FileNotFoundException: http://www.fr.com/pagenotfound/

java.io.FileNotFoundException: http://www.fr.com/pagenotfound/

java.io.FileNotFoundException: http://www.fr.com/pagenotfound/

java.io.FileNotFoundException: http://www.fr.com/pagenotfound/

java.io.FileNotFoundException: http://www.fr.com/pagenotfound/

java.io.FileNotFoundException: http://www.fr.com/pagenotfound/

java.io.FileNotFoundException: http://www.hr.com/en/communities/ihr_compensation/incentives__rewards_and_recognition/recognition_programs//en/topleaders/top_leaders_in_leadership/contact_us/

java.io.FileNotFoundException: http://www.hr.com/en/communities/ihr_compensation/incentives__rewards_and_recognition/recognition_programs//en/topleaders/top_leaders_in_leadership/awards/

java.io.FileNotFoundException: http://www.hr.com/en/communities/ihr_compensation/incentives__rewards_and_recognition/recognition_programs//en/topleaders/top_leaders_in_leadership/about_us/

java.io.FileNotFoundException: http://www.hr.com/en/communities/ihr_compensation/incentives__rewards_and_recognition/recognition_programs//en/topleaders/essentials/

java.io.FileNotFoundException: http://www.fr.com/pagenotfound/

java.io.FileNotFoundException: http://www.hr.com/en/communities/ihr_compensation/incentives__rewards_and_recognition/recognition_programs//en/topleaders/interactive_content/

java.io.FileNotFoundException: http://www.hr.com/en/communities/ihr_compensation/incentives__rewards_and_recognition/recognition_programs//en/topleaders/all_articles/

java.io.IOException: Server returned HTTP response code: 403 for URL: http://www.hr.com/en/communities/ihr_compensation/incentives__rewards_and_recognition/recognition_programs//en?t=/network/search/index&s=AujVT6CkDmAiuLFYwe&online=1&special=1

java.io.FileNotFoundException: http://www.fr.com/pagenotfound/

java.io.FileNotFoundException: http://www.hr.com/en/communities/ihr_compensation/incentives__rewards_and_recognition/recognition_programs//en/topleaders/top_leaders_in_leadership/forum/

java.io.FileNotFoundException: http://www.fr.com/pagenotfound/

java.io.FileNotFoundException: http://www.fr.com/pagenotfound/

java.net.MalformedURLException: unknown protocol: javascript

java.io.FileNotFoundException: http://www.fr.com/pagenotfound/

java.io.FileNotFoundException: http://www.fr.com/pagenotfound/

java.io.FileNotFoundException: http://www.fr.com/pagenotfound/

java.io.FileNotFoundException: http://www.fr.com/pagenotfound/

java.io.FileNotFoundException: http://www.fr.com/pagenotfound/

java.io.FileNotFoundException: http://www.fr.com/pagenotfound/

java.io.FileNotFoundException: http://www.fr.com/pagenotfound/

java.io.FileNotFoundException: http://www.fr.com/pagenotfound/

java.io.FileNotFoundException: http://www.fr.com/pagenotfound/

java.io.FileNotFoundException: http://www.fr.com/pagenotfound/

java.io.FileNotFoundException: http://www.fr.com/pagenotfound/

java.io.FileNotFoundException: http://www.fr.com/pagenotfound/

java.io.FileNotFoundException: http://www.fr.com/pagenotfound/

java.io.FileNotFoundException: http://www.fr.com/pagenotfound/

java.io.FileNotFoundException: http://www.fr.com/pagenotfound/

java.io.FileNotFoundException: http://www.fr.com/pagenotfound/

java.io.FileNotFoundException: http://www.fr.com/pagenotfound/

java.io.FileNotFoundException: http://www.fr.com/pagenotfound/

java.io.FileNotFoundException: http://www.fr.com/pagenotfound/

java.io.FileNotFoundException: http://www.fr.com/pagenotfound/

java.io.FileNotFoundException: http://www.fr.com/pagenotfound/

java.io.FileNotFoundException: http://www.fr.com/pagenotfound/

java.io.FileNotFoundException: http://www.fr.com/pagenotfound/

java.io.FileNotFoundException: http://www.fr.com/pagenotfound/

java.io.FileNotFoundException: http://www.fr.com/pagenotfound/

java.io.FileNotFoundException: http://www.fr.com/pagenotfound/

java.io.FileNotFoundException: http://www.fr.com/pagenotfound/

java.io.FileNotFoundException: http://www.fr.com/pagenotfound/

java.io.FileNotFoundException: http://www.fr.com/pagenotfound/

java.io.FileNotFoundException: http://www.fr.com/pagenotfound/

java.io.FileNotFoundException: http://www.fr.com/pagenotfound/

java.io.FileNotFoundException: http://www.fr.com/pagenotfound/

java.io.FileNotFoundException: http://www.fr.com/pagenotfound/

java.io.FileNotFoundException: http://www.fr.com/pagenotfound/

java.io.FileNotFoundException: http://www.fr.com/pagenotfound/

java.io.FileNotFoundException: http://www.fr.com/pagenotfound/

java.net.MalformedURLException: unknown protocol: javascript

java.io.FileNotFoundException: http://www.fr.com/pagenotfound/

java.io.FileNotFoundException: http://www.fr.com/pagenotfound/

java.io.FileNotFoundException: http://www.fr.com/pagenotfound/

java.io.FileNotFoundException: http://www.fr.com/pagenotfound/

java.io.FileNotFoundException: http://www.fr.com/pagenotfound/

java.io.FileNotFoundException: http://www.fr.com/pagenotfound/

java.io.FileNotFoundException: http://www.fr.com/pagenotfound/

java.io.FileNotFoundException: http://www.fr.com/pagenotfound/

java.io.FileNotFoundException: http://www.fr.com/pagenotfound/

java.io.FileNotFoundException: http://www.fr.com/pagenotfound/

java.io.FileNotFoundException: http://www.fr.com/pagenotfound/

java.io.FileNotFoundException: http://www.fr.com/pagenotfound/

java.io.FileNotFoundException: http://www.fr.com/pagenotfound/

java.io.FileNotFoundException: http://www.fr.com/pagenotfound/

java.io.FileNotFoundException: http://www.fr.com/pagenotfound/

java.io.FileNotFoundException: http://www.fr.com/pagenotfound/

java.io.FileNotFoundException: http://www.fr.com/pagenotfound/

java.io.FileNotFoundException: http://www.fr.com/pagenotfound/

java.io.FileNotFoundException: http://www.fr.com/pagenotfound/

java.io.FileNotFoundException: http://www.fr.com/pagenotfound/

java.io.FileNotFoundException: http://www.fr.com/pagenotfound/

java.io.FileNotFoundException: http://www.fr.com/pagenotfound/

java.io.FileNotFoundException: http://www.fr.com/pagenotfound/

java.io.FileNotFoundException: http://www.fr.com/pagenotfound/

java.io.FileNotFoundException: http://www.fr.com/pagenotfound/

java.io.FileNotFoundException: http://www.fr.com/pagenotfound/

java.io.FileNotFoundException: http://www.fr.com/pagenotfound/

java.io.FileNotFoundException: http://www.fr.com/pagenotfound/

java.io.FileNotFoundException: http://www.fr.com/pagenotfound/

java.io.FileNotFoundException: http://www.fr.com/pagenotfound/

java.io.FileNotFoundException: http://www.fr.com/pagenotfound/

java.io.FileNotFoundException: http://www.fr.com/pagenotfound/

java.io.FileNotFoundException: http://www.fr.com/pagenotfound/

java.io.FileNotFoundException: http://www.fr.com/pagenotfound/

java.io.FileNotFoundException: http://www.fr.com/pagenotfound/

java.io.FileNotFoundException: http://www.fr.com/pagenotfound/

java.io.FileNotFoundException: http://www.fr.com/pagenotfound/

java.io.FileNotFoundException: http://www.fr.com/pagenotfound/

java.io.FileNotFoundException: http://www.fr.com/pagenotfound/

java.io.FileNotFoundException: http://www.fr.com/pagenotfound/

java.io.FileNotFoundException: http://www.fr.com/pagenotfound/

java.io.FileNotFoundException: http://www.fr.com/pagenotfound/

java.io.FileNotFoundException: http://www.fr.com/pagenotfound/

java.io.FileNotFoundException: http://www.hr.com/en/communities/ihr_compensation/incentives_measurement__reporting_and_analysis//en/communities/social_media_and_employee_communications_001/social_media_employee_communications_tools_technology/

java.io.FileNotFoundException: http://www.fr.com/pagenotfound/

java.io.FileNotFoundException: http://www.fr.com/pagenotfound/

java.io.FileNotFoundException: http://www.hr.com/en/communities/ihr_compensation/incentives_measurement__reporting_and_analysis//en/communities/staffing_and_recruitment/affirmative_action_eeo_diversity/

java.io.FileNotFoundException: http://www.hr.com/en/communities/ihr_compensation/incentives_measurement__reporting_and_analysis//en/communities/staffing_and_recruitment/

java.io.FileNotFoundException: http://www.hr.com/en/communities/ihr_compensation/incentives_measurement__reporting_and_analysis//en/communities/staffing_and_recruitment/career_transitions_and_outplacement/

java.io.FileNotFoundException: http://www.hr.com/en/communities/ihr_compensation/incentives_measurement__reporting_and_analysis//en/communities/staffing_and_recruitment/competency_modeling/

java.io.FileNotFoundException: http://www.fr.com/pagenotfound/

java.io.FileNotFoundException: http://www.fr.com/pagenotfound/

java.io.FileNotFoundException: http://www.fr.com/pagenotfound/

java.io.FileNotFoundException: http://www.fr.com/pagenotfound/

java.io.FileNotFoundException: http://www.fr.com/pagenotfound/

java.io.FileNotFoundException: http://www.fr.com/pagenotfound/

java.io.FileNotFoundException: http://www.fr.com/pagenotfound/

java.io.FileNotFoundException: http://www.fr.com/pagenotfound/

java.io.FileNotFoundException: http://www.fr.com/pagenotfound/

java.io.FileNotFoundException: http://www.fr.com/pagenotfound/

java.io.FileNotFoundException: http://www.fr.com/pagenotfound/

java.io.FileNotFoundException: http://www.fr.com/pagenotfound/

java.io.FileNotFoundException: http://www.fr.com/pagenotfound/

java.io.FileNotFoundException: http://www.fr.com/pagenotfound/

java.io.FileNotFoundException: http://www.fr.com/pagenotfound/

java.io.FileNotFoundException: http://www.fr.com/pagenotfound/

java.io.FileNotFoundException: http://www.fr.com/pagenotfound/

java.io.FileNotFoundException: http://www.fr.com/pagenotfound/

java.io.FileNotFoundException: http://www.fr.com/pagenotfound/

java.io.FileNotFoundException: http://www.fr.com/pagenotfound/

java.io.FileNotFoundException: http://www.fr.com/pagenotfound/

java.io.FileNotFoundException: http://www.fr.com/pagenotfound/

java.io.FileNotFoundException: http://www.fr.com/pagenotfound/

java.io.FileNotFoundException: http://www.fr.com/pagenotfound/

java.io.FileNotFoundException: http://www.fr.com/pagenotfound/

java.io.FileNotFoundException: http://www.fr.com/pagenotfound/

java.io.FileNotFoundException: http://www.fr.com/pagenotfound/

java.io.FileNotFoundException: http://www.fr.com/pagenotfound/

java.io.FileNotFoundException: http://www.fr.com/pagenotfound/

java.io.FileNotFoundException: http://www.fr.com/pagenotfound/

java.io.FileNotFoundException: http://www.industryweek.com/procurement/midyear-service-centers-shipments-declining/technology/nasas-voyager-breaks-through-other-side

java.io.FileNotFoundException: http://www.fr.com/pagenotfound/

java.io.FileNotFoundException: http://www.industryweek.com/procurement/midyear-service-centers-shipments-declining/news

java.io.FileNotFoundException: http://www.fr.com/pagenotfound/

java.io.FileNotFoundException: http://www.hr.com/en/communities/ihr_hr_in_california//en/communities/human_resources_management/the_hr_practitioner/certification/

java.io.FileNotFoundException: http://www.hr.com/en/communities/ihr_hr_in_california//en/communities/human_resources_management/the_hr_practitioner/professional_associations/

java.io.FileNotFoundException: http://www.fr.com/pagenotfound/

java.io.FileNotFoundException: http://www.hr.com/en/communities/ihr_hr_in_california//en/communities/integrated_talent_management_001/

java.io.FileNotFoundException: http://www.hr.com/en/communities/ihr_hr_in_california//en/communities/human_resources_management/the_hr_practitioner/skills_and_competencies/

java.io.FileNotFoundException: http://www.fr.com/pagenotfound/

java.io.FileNotFoundException: http://www.hr.com/en/communities/ihr_hr_in_california//en/communities/labor_relations/

java.io.FileNotFoundException: http://www.hr.com/en/communities/ihr_hr_in_california//en/communities/labor_relations/absenteeism/

java.io.FileNotFoundException: http://www.fr.com/pagenotfound/

java.io.FileNotFoundException: http://www.hr.com/en/communities/ihr_hr_in_california//en/communities/labor_relations/conflict_and_dispute_resolution/

java.io.FileNotFoundException: http://www.fr.com/pagenotfound/

java.io.FileNotFoundException: http://www.hr.com/en/communities/ihr_hr_in_california//en/communities/labor_relations/discipline/

java.io.FileNotFoundException: http://www.hr.com/en/communities/ihr_hr_in_california//en/communities/labor_relations/discrimination/

java.io.FileNotFoundException: http://www.hr.com/en/communities/ihr_hr_in_california//en/communities/labor_relations/harassment/

java.io.FileNotFoundException: http://www.hr.com/en/communities/ihr_hr_in_california//en/communities/labor_relations/interpersonal_communications/

java.io.FileNotFoundException: http://www.hr.com/en/communities/ihr_hr_in_california//en/communities/labor_relations/internal_corporate_communications/

java.io.FileNotFoundException: http://www.hr.com/en/communities/ihr_hr_in_california//en/communities/labor_relations/law_and_legislation/

java.io.FileNotFoundException: http://www.fr.com/pagenotfound/

java.io.FileNotFoundException: http://www.fr.com/pagenotfound/

java.io.FileNotFoundException: http://www.hr.com/en/communities/ihr_hr_in_california//en/communities/labor_relations/lr_trends/

java.io.FileNotFoundException: http://www.hr.com/en/communities/ihr_hr_in_california//en/communities/labor_relations/outplacement/

java.io.FileNotFoundException: http://www.hr.com/en/communities/ihr_hr_in_california//en/communities/labor_relations/recreation/

java.io.FileNotFoundException: http://www.hr.com/en/communities/ihr_hr_in_california//en/communities/leadership/

java.io.FileNotFoundException: http://www.hr.com/en/communities/ihr_hr_in_california//en/communities/labor_relations/safety/

java.io.FileNotFoundException: http://www.fr.com/pagenotfound/

java.io.FileNotFoundException: http://www.hr.com/en/communities/ihr_hr_in_california//en/communities/leadership/board_of_directors/

java.io.FileNotFoundException: http://www.hr.com/en/communities/ihr_hr_in_california//en/communities/leadership/career_management/

java.io.FileNotFoundException: http://www.fr.com/pagenotfound/

java.io.FileNotFoundException: http://www.hr.com/en/communities/ihr_hr_in_california//en/communities/leadership/corporate_culture/

java.io.FileNotFoundException: http://www.hr.com/en/communities/ihr_hr_in_california//en/communities/leadership/corporate_governance/

java.io.FileNotFoundException: http://www.hr.com/en/communities/ihr_hr_in_california//en/communities/leadership/developing_organizational_leadership_capabilities/

java.io.FileNotFoundException: http://www.hr.com/en/communities/ihr_hr_in_california//en/communities/leadership/hr_leadership/

java.io.FileNotFoundException: http://www.hr.com/en/communities/ihr_hr_in_california//en/communities/leadership/hr_leadership/diversity_leadership/

java.io.FileNotFoundException: http://www.hr.com/en/communities/ihr_hr_in_california//en/communities/leadership/global_leadership/

java.io.FileNotFoundException: http://www.fr.com/pagenotfound/

java.io.FileNotFoundException: http://www.hr.com/en/communities/ihr_hr_in_california//en/communities/leadership/hr_leadership/managers_as_leaders/

java.io.FileNotFoundException: http://www.fr.com/pagenotfound/

java.io.FileNotFoundException: http://www.fr.com/pagenotfound/

java.io.FileNotFoundException: http://www.fr.com/pagenotfound/

java.io.FileNotFoundException: http://www.fr.com/pagenotfound/

java.io.FileNotFoundException: http://www.fr.com/pagenotfound/

java.io.FileNotFoundException: http://www.fr.com/pagenotfound/

java.io.FileNotFoundException: http://www.fr.com/pagenotfound/

java.io.FileNotFoundException: http://www.fr.com/pagenotfound/

java.io.FileNotFoundException: http://www.fr.com/pagenotfound/

java.io.FileNotFoundException: http://www.fr.com/pagenotfound/

java.io.FileNotFoundException: http://www.fr.com/pagenotfound/

java.io.FileNotFoundException: http://www.fr.com/pagenotfound/

java.io.FileNotFoundException: http://www.fr.com/pagenotfound/

java.io.FileNotFoundException: http://www.fr.com/pagenotfound/

java.io.FileNotFoundException: http://www.fr.com/pagenotfound/

java.io.FileNotFoundException: http://www.fr.com/pagenotfound/

java.io.FileNotFoundException: http://www.fr.com/pagenotfound/

java.io.FileNotFoundException: http://www.fr.com/pagenotfound/

java.io.FileNotFoundException: http://www.fr.com/pagenotfound/

java.io.FileNotFoundException: http://www.fr.com/pagenotfound/

java.io.FileNotFoundException: http://www.fr.com/pagenotfound/

java.io.FileNotFoundException: http://www.fr.com/pagenotfound/

java.io.FileNotFoundException: http://www.fr.com/pagenotfound/

java.io.FileNotFoundException: http://www.fr.com/pagenotfound/

java.io.FileNotFoundException: http://www.fr.com/pagenotfound/

java.io.FileNotFoundException: http://www.fr.com/pagenotfound/

java.io.FileNotFoundException: http://www.fr.com/pagenotfound/

java.io.FileNotFoundException: http://www.fr.com/pagenotfound/

java.io.FileNotFoundException: http://www.fr.com/pagenotfound/

java.io.FileNotFoundException: http://www.fr.com/pagenotfound/

java.io.FileNotFoundException: http://www.fr.com/pagenotfound/

java.io.FileNotFoundException: http://www.fr.com/pagenotfound/

java.io.FileNotFoundException: http://www.fr.com/pagenotfound/

java.io.FileNotFoundException: http://www.fr.com/pagenotfound/

java.io.FileNotFoundException: http://www.fr.com/pagenotfound/

java.io.FileNotFoundException: http://www.fr.com/pagenotfound/

java.io.FileNotFoundException: http://www.fr.com/pagenotfound/

java.io.FileNotFoundException: http://www.fr.com/pagenotfound/

java.io.FileNotFoundException: http://www.fr.com/pagenotfound/

java.io.FileNotFoundException: http://www.fr.com/pagenotfound/

java.io.FileNotFoundException: http://www.fr.com/pagenotfound/

java.io.FileNotFoundException: http://www.fr.com/pagenotfound/

java.io.FileNotFoundException: http://www.fr.com/pagenotfound/

java.io.FileNotFoundException: http://www.fr.com/pagenotfound/

java.io.FileNotFoundException: https://twitter.com/FRTelecom

java.io.FileNotFoundException: http://www.hr.com/en/communities/ihr_compensation/incentives_measurement__reporting_and_analysis//en/communities/staffing_and_recruitment/corporate_career_portal/corporate_branding_employer_branding/

java.io.FileNotFoundException: http://www.hr.com/en/communities/ihr_compensation/incentives_measurement__reporting_and_analysis//en/communities/staffing_and_recruitment/corporate_career_portal/

java.io.FileNotFoundException: http://www.fr.com/pagenotfound/

java.io.FileNotFoundException: http://www.fr.com/pagenotfound/

java.io.FileNotFoundException: http://www.hr.com/en/communities/ihr_compensation/incentives_measurement__reporting_and_analysis//en/communities/staffing_and_recruitment/corporate_career_portal/internet_and_job_tools_courses/

java.io.FileNotFoundException: http://www.hr.com/en/communities/ihr_compensation/incentives_measurement__reporting_and_analysis//en/communities/staffing_and_recruitment/corporate_career_portal/online_media_job_boards/

java.io.FileNotFoundException: http://www.hr.com/en/communities/ihr_compensation/incentives_measurement__reporting_and_analysis//en/communities/staffing_and_recruitment/employment_applications/

java.io.FileNotFoundException: http://www.hr.com/en/communities/ihr_compensation/incentives_measurement__reporting_and_analysis//en/communities/staffing_and_recruitment/employment_applications/reference_checking/

java.io.FileNotFoundException: http://www.hr.com/en/communities/ihr_compensation/incentives_measurement__reporting_and_analysis//en/communities/staffing_and_recruitment/employment_applications/screening__assessment_and_testing/

java.io.FileNotFoundException: http://www.fr.com/pagenotfound/

java.io.FileNotFoundException: http://www.hr.com/en/communities/ihr_compensation/incentives_measurement__reporting_and_analysis//en/communities/staffing_and_recruitment/employment_applications/screening__assessment_and_testing/assessment/

java.io.FileNotFoundException: http://www.hr.com/en/communities/ihr_compensation/incentives_measurement__reporting_and_analysis//en/communities/staffing_and_recruitment/employment_applications/screening__assessment_and_testing/assessment/technology_based_assessment_systems/

java.io.FileNotFoundException: http://www.fr.com/pagenotfound/

java.io.FileNotFoundException: http://www.fr.com/pagenotfound/

java.io.FileNotFoundException: http://www.fr.com/pagenotfound/

java.io.FileNotFoundException: http://www.hr.com/en/communities/ihr_compensation/incentives_measurement__reporting_and_analysis//en/communities/staffing_and_recruitment/employment_applications/screening__assessment_and_testing/screening/

java.io.FileNotFoundException: http://www.hr.com/en/communities/ihr_compensation/incentives_measurement__reporting_and_analysis//en/communities/staffing_and_recruitment/employment_applications/screening__assessment_and_testing/assessment/assessment_centers/

java.io.FileNotFoundException: http://www.hr.com/en/communities/ihr_compensation/incentives_measurement__reporting_and_analysis//en/communities/staffing_and_recruitment/employment_applications/screening__assessment_and_testing/screening/structured_interviews/

java.io.FileNotFoundException: http://www.hr.com/en/communities/ihr_compensation/incentives_measurement__reporting_and_analysis//en/communities/staffing_and_recruitment/employment_applications/screening__assessment_and_testing/screening/person_job_fit/

java.io.FileNotFoundException: http://www.hr.com/en/communities/hr_in_canada/canadian_masters_in_hr_strategy_execution//en/communities/human_resources_management/foundations_of_hr/future_of_work/

java.io.FileNotFoundException: http://www.fr.com/pagenotfound/

java.net.MalformedURLException: no protocol: category.php?id=33&brand=929

java.io.FileNotFoundException: http://www.hr.com/en/communities/hr_in_canada/canadian_masters_in_hr_strategy_execution//en/communities/human_resources_management/foundations_of_hr/present_trends/

java.io.FileNotFoundException: http://www.hr.com/en/communities/hr_in_canada/canadian_masters_in_hr_strategy_execution//en/communities/human_resources_management/foundations_of_hr/history_of_hr/

java.io.FileNotFoundException: http://www.fr.com/pagenotfound/

java.io.FileNotFoundException: http://www.hr.com/en/communities/hr_in_canada/canadian_masters_in_hr_strategy_execution//en/communities/human_resources_management/hr_as_consultant/

java.io.FileNotFoundException: http://www.hr.com/en/communities/hr_in_canada/canadian_masters_in_hr_strategy_execution//en/communities/human_resources_management/hr_administration/

java.io.FileNotFoundException: http://www.fr.com/pagenotfound/

java.io.FileNotFoundException: http://www.fr.com/pagenotfound/

java.io.FileNotFoundException: http://www.hr.com/en/communities/hr_in_canada/canadian_masters_in_hr_strategy_execution//en/communities/human_resources_management/hr_audit/

java.io.FileNotFoundException: http://www.fr.com/pagenotfound/

java.io.FileNotFoundException: http://www.hr.com/en/communities/hr_in_canada/canadian_masters_in_hr_strategy_execution//en/communities/human_resources_management/international_and_global_hr/

java.io.FileNotFoundException: http://www.hr.com/en/communities/hr_in_canada/canadian_masters_in_hr_strategy_execution//en/communities/human_resources_management/outsourcing/

java.io.FileNotFoundException: http://www.hr.com/en/communities/hr_in_canada/canadian_masters_in_hr_strategy_execution//en/communities/human_resources_management/public_sector_and_non_profit/

java.io.FileNotFoundException: http://www.fr.com/pagenotfound/

java.io.FileNotFoundException: http://www.hr.com/en/communities/hr_in_canada/canadian_masters_in_hr_strategy_execution//en/communities/human_resources_management/small_business/

java.io.FileNotFoundException: http://www.fr.com/pagenotfound/

java.io.FileNotFoundException: http://www.hr.com/en/communities/hr_in_canada/canadian_masters_in_hr_strategy_execution//en/communities/human_resources_management/structure_and_organization/

java.io.FileNotFoundException: http://www.fr.com/pagenotfound/

java.io.FileNotFoundException: http://www.fr.com/pagenotfound/

java.io.FileNotFoundException: http://www.fr.com/pagenotfound/

java.io.FileNotFoundException: http://www.fr.com/pagenotfound/

java.io.FileNotFoundException: http://www.fr.com/pagenotfound/

java.io.FileNotFoundException: http://www.fr.com/pagenotfound/

java.io.FileNotFoundException: http://www.fr.com/pagenotfound/

java.io.FileNotFoundException: http://www.fr.com/pagenotfound/

java.io.FileNotFoundException: http://www.fr.com/pagenotfound/

java.io.FileNotFoundException: http://www.fr.com/pagenotfound/

java.io.FileNotFoundException: http://www.fr.com/pagenotfound/

java.io.FileNotFoundException: http://www.fr.com/pagenotfound/

java.io.FileNotFoundException: http://www.fr.com/pagenotfound/

java.io.FileNotFoundException: http://www.fr.com/pagenotfound/

java.io.FileNotFoundException: http://www.fr.com/pagenotfound/

java.io.FileNotFoundException: http://www.fr.com/pagenotfound/

java.io.FileNotFoundException: http://www.fr.com/pagenotfound/

java.io.FileNotFoundException: http://www.fr.com/pagenotfound/

java.io.FileNotFoundException: http://www.fr.com/pagenotfound/

java.io.FileNotFoundException: http://www.fr.com/pagenotfound/

java.io.FileNotFoundException: http://www.fr.com/pagenotfound/

java.net.MalformedURLException: unknown protocol: javascript

java.net.MalformedURLException: unknown protocol: javascript

java.io.FileNotFoundException: http://www.fr.com/pagenotfound/

java.io.FileNotFoundException: http://www.fr.com/pagenotfound/

java.io.FileNotFoundException: http://www.fr.com/pagenotfound/

java.io.FileNotFoundException: http://www.fr.com/pagenotfound/

java.io.FileNotFoundException: http://www.fr.com/pagenotfound/

java.io.FileNotFoundException: http://www.fr.com/pagenotfound/

java.io.FileNotFoundException: http://www.fr.com/pagenotfound/

java.io.FileNotFoundException: http://www.fr.com/pagenotfound/

java.io.FileNotFoundException: http://www.fr.com/pagenotfound/

java.io.FileNotFoundException: http://www.fr.com/pagenotfound/

java.io.FileNotFoundException: http://www.fr.com/pagenotfound/

java.io.FileNotFoundException: http://www.fr.com/pagenotfound/

java.io.FileNotFoundException: http://www.fr.com/pagenotfound/

java.io.FileNotFoundException: http://www.fr.com/pagenotfound/

java.io.FileNotFoundException: http://www.fr.com/pagenotfound/

java.io.FileNotFoundException: http://www.fr.com/pagenotfound/

java.io.FileNotFoundException: http://www.fr.com/pagenotfound/

java.io.FileNotFoundException: http://www.fr.com/pagenotfound/

java.io.FileNotFoundException: http://www.fr.com/pagenotfound/

java.io.FileNotFoundException: http://www.fr.com/pagenotfound/

java.io.FileNotFoundException: http://www.fr.com/pagenotfound/

java.io.FileNotFoundException: http://www.fr.com/pagenotfound/

java.io.FileNotFoundException: http://www.fr.com/pagenotfound/

java.io.FileNotFoundException: http://www.fr.com/pagenotfound/

java.io.FileNotFoundException: http://www.fr.com/pagenotfound/

java.io.FileNotFoundException: http://www.fr.com/pagenotfound/

java.io.FileNotFoundException: http://www.fr.com/pagenotfound/

java.io.FileNotFoundException: http://www.fr.com/pagenotfound/

java.io.FileNotFoundException: http://www.fr.com/pagenotfound/

java.io.FileNotFoundException: http://www.fr.com/pagenotfound/

java.io.FileNotFoundException: http://www.fr.com/pagenotfound/

java.io.FileNotFoundException: http://www.fr.com/pagenotfound/

java.io.FileNotFoundException: http://www.fr.com/pagenotfound/

java.io.FileNotFoundException: http://www.fr.com/pagenotfound/

java.io.FileNotFoundException: http://www.fr.com/pagenotfound/

java.io.FileNotFoundException: http://www.fr.com/pagenotfound/

java.io.FileNotFoundException: http://www.fr.com/pagenotfound/

java.io.FileNotFoundException: http://www.fr.com/pagenotfound/

java.io.FileNotFoundException: http://www.fr.com/pagenotfound/

java.io.FileNotFoundException: http://www.fr.com/pagenotfound/

java.io.FileNotFoundException: http://www.fr.com/pagenotfound/

java.io.FileNotFoundException: http://www.fr.com/pagenotfound/

java.io.FileNotFoundException: http://www.fr.com/pagenotfound/

java.io.FileNotFoundException: http://www.fr.com/pagenotfound/

java.io.FileNotFoundException: http://www.hr.com/en/communities/ihr_compensation/incentives_measurement__reporting_and_analysis//en/communities/staffing_and_recruitment/employment_applications/screening__assessment_and_testing/screening/person_job_fit//

java.io.FileNotFoundException: http://www.fr.com/pagenotfound/

java.io.FileNotFoundException: http://www.fr.com/pagenotfound/

java.io.FileNotFoundException: http://www.fr.com/pagenotfound/

java.io.FileNotFoundException: http://www.hr.com/en/communities/ihr_compensation/incentives_measurement__reporting_and_analysis//en/communities/staffing_and_recruitment/employment_applications/screening__assessment_and_testing/screening/situational_judgement/

java.io.FileNotFoundException: http://www.hr.com/en/communities/ihr_compensation/incentives_measurement__reporting_and_analysis//en/communities/staffing_and_recruitment/employment_applications/screening__assessment_and_testing/screening/biodata/

java.io.FileNotFoundException: http://www.fr.com/pagenotfound/

java.io.FileNotFoundException: http://www.fr.com/pagenotfound/

java.io.FileNotFoundException: http://www.fr.com/pagenotfound/

java.io.FileNotFoundException: http://www.hr.com/en/communities/ihr_compensation/incentives_measurement__reporting_and_analysis//en/communities/staffing_and_recruitment/employment_applications/screening__assessment_and_testing/screening/automated_qualifications_screening/

java.io.FileNotFoundException: http://www.hr.com/en/communities/ihr_compensation/incentives_measurement__reporting_and_analysis//en/communities/staffing_and_recruitment/employment_applications/screening__assessment_and_testing/testing/

java.io.FileNotFoundException: http://www.hr.com/en/communities/ihr_compensation/incentives_measurement__reporting_and_analysis//en/communities/staffing_and_recruitment/employment_applications/screening__assessment_and_testing/testing/innovations_in_testing/

java.io.FileNotFoundException: http://www.hr.com/en/communities/ihr_compensation/incentives_measurement__reporting_and_analysis//en/communities/staffing_and_recruitment/employment_applications/screening__assessment_and_testing/testing/test_validation/

java.io.FileNotFoundException: http://www.hr.com/en/communities/ihr_compensation/incentives_measurement__reporting_and_analysis//en/communities/staffing_and_recruitment/employment_applications/screening__assessment_and_testing/testing/knowledge_skills_testing/

java.io.FileNotFoundException: http://www.fr.com/pagenotfound/

java.io.FileNotFoundException: http://www.hr.com/en/communities/ihr_compensation/incentives_measurement__reporting_and_analysis//en/communities/staffing_and_recruitment/employment_applications/screening__assessment_and_testing/testing/behavioral_based_testing/

java.io.FileNotFoundException: http://www.fr.com/pagenotfound/

java.io.FileNotFoundException: http://www.hr.com/en/communities/ihr_compensation/incentives_measurement__reporting_and_analysis//en/communities/staffing_and_recruitment/employment_applications/screening__assessment_and_testing/testing/personality_testing/

java.io.FileNotFoundException: http://www.hr.com/en/communities/ihr_compensation/incentives_measurement__reporting_and_analysis//en/communities/staffing_and_recruitment/employment_applications/screening__assessment_and_testing/testing/cognitive_ability_testing/

java.io.FileNotFoundException: http://www.fr.com/pagenotfound/

java.io.FileNotFoundException: http://www.hr.com/en/communities/ihr_compensation/incentives_measurement__reporting_and_analysis//en/communities/staffing_and_recruitment/employment_applications/screening__assessment_and_testing/testing/test_development/

java.io.FileNotFoundException: http://www.fr.com/pagenotfound/

java.io.FileNotFoundException: http://www.fr.com/pagenotfound/

java.io.FileNotFoundException: http://www.fr.com/pagenotfound/

java.io.FileNotFoundException: http://www.fr.com/pagenotfound/

java.io.FileNotFoundException: http://www.fr.com/pagenotfound/

java.io.FileNotFoundException: http://www.fr.com/pagenotfound/

java.io.FileNotFoundException: http://www.fr.com/pagenotfound/

java.io.FileNotFoundException: http://www.fr.com/pagenotfound/

java.io.FileNotFoundException: http://www.fr.com/pagenotfound/

java.io.FileNotFoundException: http://www.fr.com/pagenotfound/

java.io.FileNotFoundException: http://www.fr.com/pagenotfound/

java.io.FileNotFoundException: http://www.fr.com/pagenotfound/

java.io.FileNotFoundException: http://www.fr.com/pagenotfound/

java.io.FileNotFoundException: http://www.fr.com/pagenotfound/

java.io.FileNotFoundException: http://www.fr.com/pagenotfound/

java.io.FileNotFoundException: http://www.fr.com/pagenotfound/

java.io.FileNotFoundException: http://www.fr.com/pagenotfound/

java.io.FileNotFoundException: http://www.fr.com/pagenotfound/

java.io.FileNotFoundException: http://www.fr.com/pagenotfound/

java.io.FileNotFoundException: http://www.fr.com/pagenotfound/

java.io.FileNotFoundException: http://www.fr.com/pagenotfound/

java.io.FileNotFoundException: http://www.fr.com/pagenotfound/

java.io.FileNotFoundException: http://www.fr.com/pagenotfound/

java.io.FileNotFoundException: http://www.fr.com/pagenotfound/

java.io.FileNotFoundException: http://www.fr.com/pagenotfound/

java.io.FileNotFoundException: http://www.fr.com/pagenotfound/

java.io.FileNotFoundException: http://www.fr.com/pagenotfound/

java.io.FileNotFoundException: http://www.fr.com/pagenotfound/

java.io.FileNotFoundException: http://www.fr.com/pagenotfound/

java.io.FileNotFoundException: http://www.fr.com/pagenotfound/

java.io.FileNotFoundException: http://www.fr.com/pagenotfound/

java.io.FileNotFoundException: http://www.fr.com/pagenotfound/

java.io.FileNotFoundException: http://www.fr.com/pagenotfound/

java.io.FileNotFoundException: http://www.fr.com/pagenotfound/

java.io.FileNotFoundException: http://www.fr.com/pagenotfound/

java.io.FileNotFoundException: http://www.fr.com/pagenotfound/

java.io.FileNotFoundException: http://www.fr.com/pagenotfound/

java.io.FileNotFoundException: http://www.fr.com/pagenotfound/

java.io.FileNotFoundException: http://www.fr.com/pagenotfound/

java.io.FileNotFoundException: http://www.fr.com/pagenotfound/

java.io.FileNotFoundException: http://www.fr.com/pagenotfound/

java.io.FileNotFoundException: http://www.fr.com/pagenotfound/

java.io.FileNotFoundException: http://www.fr.com/pagenotfound/

java.io.FileNotFoundException: http://www.fr.com/pagenotfound/

java.io.FileNotFoundException: http://www.fr.com/pagenotfound/

java.io.FileNotFoundException: http://www.fr.com/pagenotfound/

java.io.FileNotFoundException: http://www.fr.com/pagenotfound/

java.io.FileNotFoundException: http://www.fr.com/pagenotfound/

java.io.FileNotFoundException: http://www.fr.com/pagenotfound/

java.io.FileNotFoundException: http://www.fr.com/pagenotfound/

java.io.FileNotFoundException: http://www.fr.com/pagenotfound/

java.io.FileNotFoundException: http://www.fr.com/pagenotfound/

java.io.FileNotFoundException: http://www.hr.com/en/communities/ihr_compensation/incentives_measurement__reporting_and_analysis//en/communities/staffing_and_recruitment/expatriate_selection/

java.io.FileNotFoundException: http://www.hr.com/en/communities/ihr_compensation/incentives_measurement__reporting_and_analysis//en/communities/staffing_and_recruitment/employment_contracts/

java.io.FileNotFoundException: http://www.hr.com/en/communities/ihr_compensation/incentives_measurement__reporting_and_analysis//en/communities/staffing_and_recruitment/job_analysis__evaluation_and_grading/

java.io.FileNotFoundException: http://www.fr.com/pagenotfound/

java.io.FileNotFoundException: http://www.fr.com/pagenotfound/

java.io.FileNotFoundException: http://www.fr.com/pagenotfound/

java.io.FileNotFoundException: http://www.fr.com/pagenotfound/

java.io.FileNotFoundException: http://www.hr.com/en/communities/ihr_compensation/incentives_measurement__reporting_and_analysis//en/communities/staffing_and_recruitment/job_analysis__evaluation_and_grading/job_descriptions/

java.io.FileNotFoundException: http://www.fr.com/pagenotfound/

java.io.FileNotFoundException: http://www.hr.com/en/communities/ihr_compensation/incentives_measurement__reporting_and_analysis//en/communities/staffing_and_recruitment/job_analysis__evaluation_and_grading/job_requisitions/

java.io.FileNotFoundException: http://www.hr.com/en/communities/ihr_compensation/incentives_measurement__reporting_and_analysis//en/communities/staffing_and_recruitment/labor_trends/

java.io.FileNotFoundException: http://www.hr.com/en/communities/ihr_compensation/incentives_measurement__reporting_and_analysis//en/communities/staffing_and_recruitment/job_analysis__evaluation_and_grading/salary_surveys/

java.io.FileNotFoundException: http://www.fr.com/pagenotfound/

java.io.FileNotFoundException: http://www.hr.com/en/communities/ihr_compensation/incentives_measurement__reporting_and_analysis//en/communities/staffing_and_recruitment/online_staffing__and_sourcing/

java.io.FileNotFoundException: http://www.hr.com/en/communities/ihr_compensation/incentives_measurement__reporting_and_analysis//en/communities/staffing_and_recruitment/online_staffing__and_sourcing/corporate_website/

java.net.MalformedURLException: no protocol: category.php?id=33&brand=930

java.io.FileNotFoundException: http://www.hr.com/en/communities/ihr_compensation/incentives_measurement__reporting_and_analysis//en/communities/staffing_and_recruitment/online_staffing__and_sourcing/corporate_website/best_practices/

java.io.FileNotFoundException: http://www.fr.com/pagenotfound/

java.io.FileNotFoundException: http://edu.qq.com/abroad//a/20130317/000085.htm

java.io.FileNotFoundException: http://www.fr.com/pagenotfound/

java.io.FileNotFoundException: http://www.fr.com/pagenotfound/

java.io.FileNotFoundException: http://www.fr.com/pagenotfound/

java.io.FileNotFoundException: http://www.fr.com/pagenotfound/

java.io.FileNotFoundException: http://www.fr.com/pagenotfound/

java.io.FileNotFoundException: http://www.fr.com/pagenotfound/

java.io.FileNotFoundException: http://www.fr.com/pagenotfound/

java.io.FileNotFoundException: http://www.fr.com/pagenotfound/

java.io.FileNotFoundException: http://www.fr.com/pagenotfound/

java.io.FileNotFoundException: http://www.fr.com/pagenotfound/

java.io.FileNotFoundException: http://www.fr.com/pagenotfound/

java.io.FileNotFoundException: http://www.fr.com/pagenotfound/

java.io.FileNotFoundException: http://www.fr.com/pagenotfound/

java.io.FileNotFoundException: http://www.fr.com/pagenotfound/

java.io.FileNotFoundException: http://www.fr.com/pagenotfound/

java.io.FileNotFoundException: http://www.hr.com/en/communities/ihr_compensation/incentives_measurement__reporting_and_analysis//en/communities/staffing_and_recruitment/online_staffing__and_sourcing/corporate_website/candidate_experience/

java.io.FileNotFoundException: http://www.hr.com/en/communities/ihr_compensation/incentives_measurement__reporting_and_analysis//en/communities/staffing_and_recruitment/online_staffing__and_sourcing/workforce_planning/

java.io.FileNotFoundException: http://www.hr.com/en/communities/ihr_compensation/incentives_measurement__reporting_and_analysis//en/communities/staffing_and_recruitment/online_staffing__and_sourcing/workforce_planning/talent_gaps/

java.io.FileNotFoundException: http://www.fr.com/pagenotfound/

java.io.FileNotFoundException: http://www.hr.com/en/communities/ihr_compensation/incentives_measurement__reporting_and_analysis//en/communities/staffing_and_recruitment/online_staffing__and_sourcing/workforce_planning/competitive_intelligence/

java.io.FileNotFoundException: http://www.hr.com/en/communities/ihr_compensation/incentives_measurement__reporting_and_analysis//en/communities/staffing_and_recruitment/online_staffing__and_sourcing/workforce_planning/labor_market_stats/

java.io.FileNotFoundException: http://www.fr.com/pagenotfound/

java.io.FileNotFoundException: http://www.hr.com/en/communities/ihr_compensation/incentives_measurement__reporting_and_analysis//en/communities/staffing_and_recruitment/online_staffing__and_sourcing/sourcing/

java.io.FileNotFoundException: http://www.hr.com/en/communities/ihr_compensation/incentives_measurement__reporting_and_analysis//en/communities/staffing_and_recruitment/online_staffing__and_sourcing/sourcing/job_boards/

java.io.FileNotFoundException: http://www.hr.com/en/communities/hr_in_canada/canadian_masters_in_hr_strategy_execution//en/communities/human_resources_management/the_hr_practitioner/

java.io.FileNotFoundException: http://www.fr.com/pagenotfound/

java.io.FileNotFoundException: http://www.fr.com/pagenotfound/

java.io.FileNotFoundException: http://www.fr.com/pagenotfound/

java.io.FileNotFoundException: http://www.fr.com/pagenotfound/

java.io.FileNotFoundException: http://www.fr.com/pagenotfound/

java.io.FileNotFoundException: http://www.fr.com/pagenotfound/

java.io.FileNotFoundException: http://www.fr.com/pagenotfound/

java.io.FileNotFoundException: http://www.fr.com/pagenotfound/

java.io.FileNotFoundException: http://www.fr.com/pagenotfound/

java.io.FileNotFoundException: http://www.fr.com/pagenotfound/

java.io.FileNotFoundException: http://www.fr.com/pagenotfound/

java.io.FileNotFoundException: http://www.fr.com/pagenotfound/

java.io.FileNotFoundException: http://www.fr.com/pagenotfound/

java.io.FileNotFoundException: http://www.fr.com/pagenotfound/

java.io.FileNotFoundException: http://www.fr.com/pagenotfound/

java.io.FileNotFoundException: http://www.fr.com/pagenotfound/

java.io.FileNotFoundException: http://www.fr.com/pagenotfound/

java.io.FileNotFoundException: http://www.fr.com/pagenotfound/

java.io.FileNotFoundException: http://www.fr.com/pagenotfound/

java.io.FileNotFoundException: http://www.fr.com/pagenotfound/

java.io.FileNotFoundException: http://www.fr.com/pagenotfound/

java.io.FileNotFoundException: http://www.fr.com/pagenotfound/

java.io.FileNotFoundException: http://www.fr.com/pagenotfound/

java.io.FileNotFoundException: http://www.fr.com/pagenotfound/

java.io.FileNotFoundException: http://www.fr.com/pagenotfound/

java.io.FileNotFoundException: http://www.fr.com/pagenotfound/

java.io.FileNotFoundException: http://www.fr.com/pagenotfound/

java.io.FileNotFoundException: http://www.fr.com/pagenotfound/

java.io.FileNotFoundException: http://www.fr.com/pagenotfound/

java.io.FileNotFoundException: http://www.fr.com/pagenotfound/

java.io.FileNotFoundException: http://www.fr.com/pagenotfound/

java.io.FileNotFoundException: http://www.fr.com/pagenotfound/

java.io.FileNotFoundException: http://www.fr.com/pagenotfound/

java.io.FileNotFoundException: http://www.fr.com/pagenotfound/

java.io.FileNotFoundException: http://www.fr.com/pagenotfound/

java.io.FileNotFoundException: http://www.fr.com/pagenotfound/

java.io.FileNotFoundException: http://www.fr.com/pagenotfound/

java.io.FileNotFoundException: http://www.fr.com/pagenotfound/

java.io.FileNotFoundException: http://www.fr.com/pagenotfound/

java.io.FileNotFoundException: http://www.fr.com/pagenotfound/

java.io.FileNotFoundException: http://www.fr.com/pagenotfound/

java.io.FileNotFoundException: http://www.fr.com/pagenotfound/

java.io.FileNotFoundException: http://www.fr.com/pagenotfound/

java.io.FileNotFoundException: http://www.fr.com/pagenotfound/

java.io.FileNotFoundException: http://www.fr.com/pagenotfound/

java.io.FileNotFoundException: http://www.fr.com/pagenotfound/

java.io.FileNotFoundException: http://www.fr.com/pagenotfound/

java.io.FileNotFoundException: http://www.fr.com/pagenotfound/

java.io.FileNotFoundException: http://www.fr.com/pagenotfound/

java.io.FileNotFoundException: http://www.fr.com/pagenotfound/

java.io.FileNotFoundException: http://www.fr.com/pagenotfound/

java.io.FileNotFoundException: http://www.fr.com/pagenotfound/

java.io.FileNotFoundException: http://www.fr.com/pagenotfound/

java.io.FileNotFoundException: http://www.fr.com/pagenotfound/

java.io.FileNotFoundException: http://www.fr.com/pagenotfound/

java.io.FileNotFoundException: http://www.fr.com/pagenotfound/

java.io.FileNotFoundException: http://www.fr.com/pagenotfound/

java.io.FileNotFoundException: http://www.fr.com/pagenotfound/

java.io.FileNotFoundException: http://www.fr.com/pagenotfound/

java.io.FileNotFoundException: http://www.fr.com/pagenotfound/

java.io.FileNotFoundException: http://www.fr.com/pagenotfound/

java.io.FileNotFoundException: http://www.fr.com/pagenotfound/

java.io.FileNotFoundException: http://www.hr.com/en/communities/ihr_compensation/incentives_measurement__reporting_and_analysis//en/communities/staffing_and_recruitment/online_staffing__and_sourcing/sourcing/campus/

java.io.FileNotFoundException: http://www.fr.com/pagenotfound/

java.io.FileNotFoundException: http://www.fr.com/pagenotfound/

java.io.FileNotFoundException: http://www.fr.com/pagenotfound/

java.io.FileNotFoundException: http://www.fr.com/pagenotfound/

java.io.FileNotFoundException: http://www.fr.com/pagenotfound/

java.io.FileNotFoundException: http://www.fr.com/pagenotfound/

java.io.FileNotFoundException: http://www.fr.com/pagenotfound/

java.io.FileNotFoundException: http://www.fr.com/pagenotfound/

java.io.FileNotFoundException: http://www.fr.com/pagenotfound/

java.io.FileNotFoundException: http://www.fr.com/pagenotfound/

java.io.FileNotFoundException: http://www.hr.com/en/communities/ihr_compensation/incentives_measurement__reporting_and_analysis//en/communities/staffing_and_recruitment/online_staffing__and_sourcing/sourcing/social_media/

java.io.FileNotFoundException: http://www.fr.com/pagenotfound/

java.io.FileNotFoundException: http://www.fr.com/pagenotfound/

java.io.FileNotFoundException: http://www.hr.com/en/communities/ihr_compensation/incentives_measurement__reporting_and_analysis//en/communities/staffing_and_recruitment/online_staffing__and_sourcing/sourcing/job_fairs_open_houses/

java.io.FileNotFoundException: http://www.fr.com/pagenotfound/

java.io.FileNotFoundException: http://www.fr.com/pagenotfound/

java.io.FileNotFoundException: http://www.fr.com/pagenotfound/

java.io.FileNotFoundException: http://www.fr.com/pagenotfound/

java.io.FileNotFoundException: http://www.fr.com/pagenotfound/

java.io.FileNotFoundException: http://www.fr.com/pagenotfound/

java.io.FileNotFoundException: http://www.hr.com/en/communities/ihr_compensation/incentives_measurement__reporting_and_analysis//en/communities/staffing_and_recruitment/online_staffing__and_sourcing/sourcing/onsite_advertising_pay_per_lead/

java.io.FileNotFoundException: http://www.hr.com/en/communities/ihr_compensation/incentives_measurement__reporting_and_analysis//en/communities/staffing_and_recruitment/online_staffing__and_sourcing/sourcing/employee_referrals/

java.io.FileNotFoundException: http://www.hr.com/en/communities/ihr_compensation/incentives_measurement__reporting_and_analysis//en/communities/staffing_and_recruitment/online_staffing__and_sourcing/candidate_marketing/job_distribution/

java.io.FileNotFoundException: http://www.hr.com/en/communities/ihr_compensation/incentives_measurement__reporting_and_analysis//en/communities/staffing_and_recruitment/online_staffing__and_sourcing/candidate_marketing/data_clean_up_appends/

java.io.FileNotFoundException: http://www.fr.com/pagenotfound/

java.io.FileNotFoundException: http://www.fr.com/pagenotfound/

java.io.FileNotFoundException: http://www.fr.com/pagenotfound/

java.io.FileNotFoundException: http://www.hr.com/en/communities/ihr_compensation/incentives_measurement__reporting_and_analysis//en/communities/staffing_and_recruitment/online_staffing__and_sourcing/candidate_marketing/seo/

java.io.FileNotFoundException: http://www.hr.com/en/communities/ihr_compensation/incentives_measurement__reporting_and_analysis//en/communities/staffing_and_recruitment/online_staffing__and_sourcing/candidate_marketing/crm/

java.io.FileNotFoundException: http://www.hr.com/en/communities/ihr_compensation/incentives_measurement__reporting_and_analysis//en/communities/staffing_and_recruitment/online_staffing__and_sourcing/candidate_marketing/campaign_management/

java.io.FileNotFoundException: http://www.hr.com/en/communities/ihr_compensation/incentives_measurement__reporting_and_analysis//en/communities/staffing_and_recruitment/online_staffing__and_sourcing/candidate_marketing/resume_mining/

java.io.FileNotFoundException: http://www.hr.com/en/communities/ihr_compensation/incentives_measurement__reporting_and_analysis//en/communities/staffing_and_recruitment/online_staffing__and_sourcing/candidate_marketing/

java.io.FileNotFoundException: http://www.hr.com/en/communities/ihr_compensation/incentives_measurement__reporting_and_analysis//en/communities/staffing_and_recruitment/online_staffing__and_sourcing/advanced_tools/

java.io.FileNotFoundException: http://www.hr.com/en/communities/ihr_compensation/incentives_measurement__reporting_and_analysis//en/communities/staffing_and_recruitment/online_staffing__and_sourcing/candidate_marketing/talent_management_acquisition_systems/

java.io.FileNotFoundException: http://www.hr.com/en/communities/ihr_compensation/incentives_measurement__reporting_and_analysis//en/communities/staffing_and_recruitment/online_staffing__and_sourcing/advanced_tools/mobile/

java.io.FileNotFoundException: http://www.hr.com/en/communities/ihr_compensation/incentives_measurement__reporting_and_analysis//en/communities/staffing_and_recruitment/online_staffing__and_sourcing/advanced_tools/search_001/

java.io.FileNotFoundException: http://www.hr.com/en/communities/ihr_compensation/incentives_measurement__reporting_and_analysis//en/communities/staffing_and_recruitment/online_staffing__and_sourcing/advanced_tools/other/

java.io.FileNotFoundException: http://www.hr.com/en/communities/ihr_compensation/incentives_measurement__reporting_and_analysis//en/communities/staffing_and_recruitment/online_staffing__and_sourcing/talent_pools/

java.io.FileNotFoundException: http://www.hr.com/en/communities/ihr_compensation/incentives_measurement__reporting_and_analysis//en/communities/staffing_and_recruitment/online_staffing__and_sourcing/talent_pools/vertical/

java.io.FileNotFoundException: http://www.hr.com/en/communities/ihr_compensation/incentives_measurement__reporting_and_analysis//en/communities/staffing_and_recruitment/online_staffing__and_sourcing/talent_pools/hard_to_fill/

java.io.FileNotFoundException: http://www.hr.com/en/communities/ihr_compensation/incentives_measurement__reporting_and_analysis//en/communities/staffing_and_recruitment/online_staffing__and_sourcing/talent_pools/alumni/

java.io.FileNotFoundException: http://www.hr.com/en/communities/ihr_compensation/incentives_measurement__reporting_and_analysis//en/communities/staffing_and_recruitment/online_staffing__and_sourcing/screening/

java.io.FileNotFoundException: http://www.hr.com/en/communities/ihr_compensation/incentives_measurement__reporting_and_analysis//en/communities/staffing_and_recruitment/online_staffing__and_sourcing/screening/assessment/

java.io.FileNotFoundException: http://www.hr.com/en/communities/ihr_compensation/incentives_measurement__reporting_and_analysis//en/communities/staffing_and_recruitment/online_staffing__and_sourcing/screening/interviewing/

java.io.FileNotFoundException: http://www.hr.com/en/communities/ihr_compensation/incentives_measurement__reporting_and_analysis//en/communities/staffing_and_recruitment/online_staffing__and_sourcing/screening/criminal_background_checking/

java.io.FileNotFoundException: http://www.hr.com/en/communities/ihr_compensation/incentives_measurement__reporting_and_analysis//en/communities/staffing_and_recruitment/online_staffing__and_sourcing/screening/reference/

java.net.MalformedURLException: unknown protocol: javascript

java.io.FileNotFoundException: http://www.fr.com/pagenotfound/

java.io.FileNotFoundException: http://www.fr.com/pagenotfound/

java.io.FileNotFoundException: http://www.fr.com/pagenotfound/

java.io.FileNotFoundException: http://www.fr.com/pagenotfound/

java.io.FileNotFoundException: http://www.fr.com/pagenotfound/

java.io.FileNotFoundException: http://www.fr.com/pagenotfound/

java.io.FileNotFoundException: http://www.fr.com/pagenotfound/

java.io.FileNotFoundException: http://www.fr.com/pagenotfound/

java.io.FileNotFoundException: http://www.fr.com/pagenotfound/

java.io.FileNotFoundException: http://www.fr.com/pagenotfound/

java.io.FileNotFoundException: http://www.fr.com/pagenotfound/

java.io.FileNotFoundException: http://www.fr.com/pagenotfound/

java.io.FileNotFoundException: http://www.fr.com/pagenotfound/

java.io.FileNotFoundException: http://www.fr.com/pagenotfound/

java.io.FileNotFoundException: http://www.fr.com/pagenotfound/

java.io.FileNotFoundException: http://www.fr.com/pagenotfound/

java.io.FileNotFoundException: http://www.fr.com/pagenotfound/

java.io.FileNotFoundException: http://www.fr.com/pagenotfound/

java.io.FileNotFoundException: http://www.fr.com/pagenotfound/

java.io.FileNotFoundException: http://www.fr.com/pagenotfound/

java.io.FileNotFoundException: http://www.fr.com/pagenotfound/

java.io.FileNotFoundException: http://www.fr.com/pagenotfound/

java.net.MalformedURLException: unknown protocol: javascript

java.io.FileNotFoundException: http://www.fr.com/pagenotfound/

java.io.FileNotFoundException: http://www.fr.com/pagenotfound/

java.io.FileNotFoundException: http://www.fr.com/pagenotfound/

java.io.FileNotFoundException: http://www.fr.com/pagenotfound/

java.io.FileNotFoundException: http://www.fr.com/pagenotfound/

java.io.FileNotFoundException: http://www.fr.com/pagenotfound/

java.io.FileNotFoundException: http://www.fr.com/pagenotfound/

java.io.FileNotFoundException: http://www.fr.com/pagenotfound/

java.io.FileNotFoundException: http://www.fr.com/pagenotfound/

java.io.FileNotFoundException: http://www.fr.com/pagenotfound/

java.io.FileNotFoundException: http://www.fr.com/pagenotfound/

java.io.FileNotFoundException: http://www.fr.com/pagenotfound/

java.io.FileNotFoundException: http://www.fr.com/pagenotfound/

java.io.FileNotFoundException: http://www.fr.com/pagenotfound/

java.io.FileNotFoundException: http://www.fr.com/pagenotfound/

java.io.FileNotFoundException: http://www.fr.com/pagenotfound/

java.io.FileNotFoundException: http://www.fr.com/pagenotfound/

java.io.FileNotFoundException: http://www.fr.com/pagenotfound/

java.io.FileNotFoundException: http://www.fr.com/pagenotfound/

java.io.FileNotFoundException: http://www.fr.com/pagenotfound/

java.io.FileNotFoundException: http://www.fr.com/pagenotfound/

java.io.FileNotFoundException: http://www.fr.com/pagenotfound/

java.io.FileNotFoundException: http://www.fr.com/pagenotfound/

java.io.FileNotFoundException: http://www.fr.com/pagenotfound/

java.io.FileNotFoundException: http://www.fr.com/pagenotfound/

java.io.FileNotFoundException: http://www.fr.com/pagenotfound/

java.io.FileNotFoundException: http://www.fr.com/pagenotfound/

java.io.FileNotFoundException: http://www.fr.com/pagenotfound/

java.io.FileNotFoundException: http://www.fr.com/pagenotfound/

java.io.FileNotFoundException: http://www.fr.com/pagenotfound/

java.io.FileNotFoundException: http://www.fr.com/pagenotfound/

java.io.FileNotFoundException: http://www.fr.com/pagenotfound/

java.io.FileNotFoundException: http://www.fr.com/pagenotfound/

java.io.FileNotFoundException: http://www.fr.com/pagenotfound/

java.io.FileNotFoundException: http://www.fr.com/pagenotfound/

java.io.FileNotFoundException: http://www.fr.com/pagenotfound/

java.io.FileNotFoundException: http://www.fr.com/pagenotfound/

java.io.FileNotFoundException: http://www.fr.com/pagenotfound/

java.io.FileNotFoundException: http://www.fr.com/pagenotfound/

java.io.FileNotFoundException: http://www.fr.com/pagenotfound/

java.io.FileNotFoundException: http://www.fr.com/pagenotfound/

java.io.FileNotFoundException: http://www.fr.com/pagenotfound/

java.io.FileNotFoundException: http://www.fr.com/pagenotfound/

java.io.FileNotFoundException: http://www.fr.com/pagenotfound/

java.io.FileNotFoundException: http://www.fr.com/pagenotfound/

java.io.FileNotFoundException: http://www.fr.com/pagenotfound/

java.io.FileNotFoundException: http://www.fr.com/pagenotfound/

java.io.FileNotFoundException: http://www.fr.com/pagenotfound/

java.io.FileNotFoundException: http://www.fr.com/pagenotfound/

java.io.FileNotFoundException: http://www.fr.com/pagenotfound/

java.io.FileNotFoundException: http://www.fr.com/pagenotfound/

java.io.FileNotFoundException: http://www.fr.com/pagenotfound/

java.io.FileNotFoundException: http://www.fr.com/pagenotfound/

java.io.FileNotFoundException: http://www.fr.com/pagenotfound/

java.io.FileNotFoundException: http://www.fr.com/pagenotfound/

java.io.FileNotFoundException: http://www.fr.com/pagenotfound/

java.io.FileNotFoundException: http://www.fr.com/pagenotfound/

java.io.FileNotFoundException: http://www.fr.com/pagenotfound/

java.io.FileNotFoundException: http://www.fr.com/pagenotfound/

java.io.FileNotFoundException: http://www.fr.com/pagenotfound/

java.io.FileNotFoundException: http://www.fr.com/pagenotfound/

java.io.FileNotFoundException: http://www.fr.com/pagenotfound/

java.io.FileNotFoundException: http://www.fr.com/pagenotfound/

java.io.FileNotFoundException: http://www.fr.com/pagenotfound/

java.io.FileNotFoundException: http://www.fr.com/pagenotfound/

java.io.FileNotFoundException: http://www.fr.com/pagenotfound/

java.io.FileNotFoundException: http://www.fr.com/pagenotfound/

java.io.FileNotFoundException: http://www.fr.com/pagenotfound/

java.io.FileNotFoundException: http://www.fr.com/pagenotfound/

java.io.FileNotFoundException: http://www.fr.com/pagenotfound/

java.io.FileNotFoundException: http://www.fr.com/pagenotfound/

java.io.FileNotFoundException: http://www.fr.com/pagenotfound/

java.io.FileNotFoundException: http://www.fr.com/pagenotfound/

java.io.FileNotFoundException: http://www.hr.com/en/communities/ihr_compensation/incentives_measurement__reporting_and_analysis//en/communities/staffing_and_recruitment/online_staffing__and_sourcing/compliance/

java.io.FileNotFoundException: http://www.hr.com/en/communities/ihr_compensation/incentives_measurement__reporting_and_analysis//en/communities/staffing_and_recruitment/online_staffing__and_sourcing/compliance/i9/

java.io.FileNotFoundException: http://www.hr.com/en/communities/ihr_compensation/incentives_measurement__reporting_and_analysis//en/communities/staffing_and_recruitment/online_staffing__and_sourcing/compliance/eeo/

java.io.FileNotFoundException: http://www.fr.com/pagenotfound/

java.io.FileNotFoundException: http://www.fr.com/pagenotfound/

java.io.FileNotFoundException: http://www.hr.com/en/communities/ihr_compensation/incentives_measurement__reporting_and_analysis//en/communities/staffing_and_recruitment/online_staffing__and_sourcing/compliance/privacy/

java.io.FileNotFoundException: http://www.hr.com/en/communities/ihr_compensation/incentives_measurement__reporting_and_analysis//en/communities/staffing_and_recruitment/online_staffing__and_sourcing/compliance/social_media/

java.io.FileNotFoundException: http://www.fr.com/pagenotfound/

java.io.FileNotFoundException: http://www.fr.com/pagenotfound/

java.io.FileNotFoundException: http://www.fr.com/pagenotfound/

java.io.FileNotFoundException: http://www.hr.com/en/communities/ihr_compensation/incentives_measurement__reporting_and_analysis//en/communities/staffing_and_recruitment/online_staffing__and_sourcing/online_staffing_sourcing_metrics/

java.io.FileNotFoundException: http://www.fr.com/pagenotfound/

java.io.FileNotFoundException: http://www.hr.com/en/communities/ihr_compensation/incentives_measurement__reporting_and_analysis//en/communities/staffing_and_recruitment/privacy_and_security/

java.io.FileNotFoundException: http://www.hr.com/en/communities/ihr_compensation/incentives_measurement__reporting_and_analysis//en/communities/staffing_and_recruitment/recruitment_process_outsourcing/

java.io.FileNotFoundException: http://www.fr.com/pagenotfound/

java.io.FileNotFoundException: http://www.fr.com/pagenotfound/

java.io.FileNotFoundException: http://www.hr.com/en/communities/ihr_compensation/incentives_measurement__reporting_and_analysis//en/communities/staffing_and_recruitment/relocation/

java.io.FileNotFoundException: http://www.hr.com/en/communities/ihr_compensation/incentives_measurement__reporting_and_analysis//en/communities/staffing_and_recruitment/retention/

java.io.FileNotFoundException: http://www.fr.com/pagenotfound/

java.io.FileNotFoundException: http://www.hr.com/en/communities/ihr_compensation/incentives_measurement__reporting_and_analysis//en/communities/staffing_and_recruitment/roi_on_investment_in_staffing_technology/

java.io.FileNotFoundException: http://www.hr.com/en/communities/ihr_compensation/incentives_measurement__reporting_and_analysis//en/communities/staffing_and_recruitment/staffing_technology/applications_resume_profile_ivr/employee_referral_systems_/

java.io.FileNotFoundException: http://www.hr.com/en/communities/ihr_compensation/incentives_measurement__reporting_and_analysis//en/communities/staffing_and_recruitment/staffing_technology/

java.io.FileNotFoundException: http://www.hr.com/en/communities/ihr_compensation/incentives_measurement__reporting_and_analysis//en/communities/staffing_and_recruitment/staffing_technology/applications_resume_profile_ivr/

java.io.FileNotFoundException: http://www.hr.com/en/communities/ihr_compensation/incentives_measurement__reporting_and_analysis//en/communities/staffing_and_recruitment/staffing_technology/global_talent_management_and_development_f2000/

java.io.FileNotFoundException: http://www.hr.com/en/communities/ihr_compensation/incentives_measurement__reporting_and_analysis//en/communities/staffing_and_recruitment/staffing_technology/talent_management_and_development__sme_/

java.io.FileNotFoundException: http://www.hr.com/en/communities/ihr_compensation/incentives_measurement__reporting_and_analysis//en/communities/staffing_and_recruitment/staffing_technology/tms/

java.io.FileNotFoundException: http://www.hr.com/en/communities/ihr_compensation/incentives_measurement__reporting_and_analysis//en/communities/staffing_and_recruitment/staffing_metrics/

java.io.FileNotFoundException: http://www.hr.com/en/communities/ihr_compensation/incentives_measurement__reporting_and_analysis//en/communities/staffing_and_recruitment/simulations_and_work_samples/

java.io.FileNotFoundException: http://www.hr.com/en/communities/ihr_compensation/incentives_measurement__reporting_and_analysis//en/communities/staffing_and_recruitment/workforce_planning/

java.io.FileNotFoundException: http://www.fr.com/pagenotfound/

java.io.FileNotFoundException: http://www.hr.com/en/communities/ihr_compensation/incentives_measurement__reporting_and_analysis//en/communities/staffing_and_recruitment/staffing_technology/vendor_management_systems/

java.io.FileNotFoundException: http://www.fr.com/pagenotfound/

java.io.FileNotFoundException: http://www.hr.com/en/communities/ihr_compensation/incentives_measurement__reporting_and_analysis//en/communities/staffing_and_recruitment/workforce_planning/executive_search/

java.io.FileNotFoundException: http://www.fr.com/pagenotfound/

java.io.FileNotFoundException: http://www.hr.com/en/communities/ihr_compensation/incentives_measurement__reporting_and_analysis//en/communities/staffing_and_recruitment/workforce_planning/internet_recruiting/

java.io.FileNotFoundException: http://www.fr.com/pagenotfound/

java.io.FileNotFoundException: http://www.fr.com/pagenotfound/

java.io.FileNotFoundException: http://www.hr.com/en/communities/ihr_compensation/incentives_measurement__reporting_and_analysis//en/communities/learning_management_systems_and_elearning/

java.io.FileNotFoundException: http://www.hr.com/en/communities/ihr_compensation/incentives_measurement__reporting_and_analysis//en/communities/ihr_quality_of_hire/

java.io.FileNotFoundException: http://www.fr.com/pagenotfound/

java.io.FileNotFoundException: http://www.hr.com/en/communities/ihr_compensation/incentives_measurement__reporting_and_analysis//en/communities/training_and_development/

java.io.FileNotFoundException: http://www.fr.com/pagenotfound/

java.io.FileNotFoundException: http://www.hr.com/en/communities/ihr_compensation/incentives_measurement__reporting_and_analysis//en/communities/training_and_development/classroom/

java.io.FileNotFoundException: http://www.hr.com/en/communities/ihr_compensation/incentives_measurement__reporting_and_analysis//en/communities/training_and_development/approaches_and_systems__not_software_/

java.io.FileNotFoundException: http://www.fr.com/pagenotfound/

java.io.FileNotFoundException: http://www.fr.com/pagenotfound/

java.io.FileNotFoundException: http://www.fr.com/pagenotfound/

java.io.FileNotFoundException: http://www.fr.com/pagenotfound/

java.io.FileNotFoundException: http://www.fr.com/pagenotfound/

java.io.FileNotFoundException: http://www.fr.com/pagenotfound/

java.io.FileNotFoundException: http://www.fr.com/pagenotfound/

java.io.FileNotFoundException: http://www.fr.com/pagenotfound/

java.io.FileNotFoundException: http://www.fr.com/pagenotfound/

java.io.FileNotFoundException: http://www.fr.com/pagenotfound/

java.io.FileNotFoundException: http://www.fr.com/pagenotfound/

java.io.FileNotFoundException: http://www.fr.com/pagenotfound/

java.io.FileNotFoundException: http://www.fr.com/pagenotfound/

java.io.FileNotFoundException: http://www.fr.com/pagenotfound/

java.io.FileNotFoundException: http://www.fr.com/pagenotfound/

java.io.FileNotFoundException: http://www.fr.com/pagenotfound/

java.io.FileNotFoundException: http://www.fr.com/pagenotfound/

java.io.FileNotFoundException: http://www.fr.com/pagenotfound/

java.io.FileNotFoundException: http://www.fr.com/pagenotfound/

java.io.FileNotFoundException: http://www.fr.com/pagenotfound/

java.io.FileNotFoundException: http://www.fr.com/pagenotfound/

java.io.FileNotFoundException: http://www.fr.com/pagenotfound/

java.io.FileNotFoundException: http://www.fr.com/pagenotfound/

java.io.FileNotFoundException: http://www.fr.com/pagenotfound/

java.io.FileNotFoundException: http://www.fr.com/pagenotfound/

java.io.FileNotFoundException: http://www.fr.com/pagenotfound/

java.io.FileNotFoundException: http://www.fr.com/pagenotfound/

java.io.FileNotFoundException: http://www.fr.com/pagenotfound/

java.io.FileNotFoundException: http://www.fr.com/pagenotfound/

java.io.FileNotFoundException: http://www.fr.com/pagenotfound/

java.io.FileNotFoundException: http://www.fr.com/pagenotfound/

java.io.FileNotFoundException: http://www.fr.com/pagenotfound/

java.io.FileNotFoundException: http://www.fr.com/pagenotfound/

java.io.FileNotFoundException: http://www.fr.com/pagenotfound/

java.io.FileNotFoundException: http://www.fr.com/pagenotfound/

java.io.FileNotFoundException: http://www.fr.com/pagenotfound/

java.io.FileNotFoundException: http://www.fr.com/pagenotfound/

java.io.FileNotFoundException: http://www.fr.com/pagenotfound/

java.io.FileNotFoundException: http://www.fr.com/pagenotfound/

java.io.FileNotFoundException: http://www.fr.com/pagenotfound/

java.io.FileNotFoundException: http://www.fr.com/pagenotfound/

java.io.FileNotFoundException: http://www.fr.com/pagenotfound/

java.io.FileNotFoundException: http://www.fr.com/pagenotfound/

java.io.FileNotFoundException: http://www.fr.com/pagenotfound/

java.io.FileNotFoundException: http://www.fr.com/pagenotfound/

java.io.FileNotFoundException: http://www.fr.com/pagenotfound/

java.io.FileNotFoundException: http://www.fr.com/pagenotfound/

java.io.FileNotFoundException: http://www.fr.com/pagenotfound/

java.net.MalformedURLException: unknown protocol: javascript

java.io.FileNotFoundException: http://www.fr.com/pagenotfound/

java.io.FileNotFoundException: http://www.fr.com/pagenotfound/

java.io.FileNotFoundException: http://www.fr.com/pagenotfound/

java.io.FileNotFoundException: http://www.fr.com/pagenotfound/

java.io.FileNotFoundException: http://www.fr.com/pagenotfound/

java.io.FileNotFoundException: http://www.fr.com/pagenotfound/

java.io.FileNotFoundException: http://www.fr.com/pagenotfound/

java.io.FileNotFoundException: http://www.fr.com/pagenotfound/

java.io.FileNotFoundException: http://www.fr.com/pagenotfound/

java.io.FileNotFoundException: http://www.fr.com/pagenotfound/

java.io.FileNotFoundException: http://www.fr.com/pagenotfound/

java.io.FileNotFoundException: http://www.fr.com/pagenotfound/

java.io.FileNotFoundException: http://www.fr.com/pagenotfound/

java.io.FileNotFoundException: http://www.fr.com/pagenotfound/

java.io.FileNotFoundException: http://www.fr.com/pagenotfound/

java.io.FileNotFoundException: http://www.fr.com/pagenotfound/

java.io.FileNotFoundException: http://www.fr.com/pagenotfound/

java.io.FileNotFoundException: http://www.fr.com/pagenotfound/

java.io.FileNotFoundException: http://www.fr.com/pagenotfound/

java.io.FileNotFoundException: http://www.fr.com/pagenotfound/

java.io.FileNotFoundException: http://www.fr.com/pagenotfound/

java.io.FileNotFoundException: http://www.fr.com/pagenotfound/

java.io.FileNotFoundException: http://www.fr.com/pagenotfound/

java.io.FileNotFoundException: http://www.fr.com/pagenotfound/

java.io.FileNotFoundException: http://www.fr.com/pagenotfound/

java.io.FileNotFoundException: http://www.fr.com/pagenotfound/

java.io.FileNotFoundException: http://www.fr.com/pagenotfound/

java.io.FileNotFoundException: http://www.fr.com/pagenotfound/

java.io.FileNotFoundException: http://www.fr.com/pagenotfound/

java.io.FileNotFoundException: http://www.fr.com/pagenotfound/

java.io.FileNotFoundException: http://www.fr.com/pagenotfound/

java.io.FileNotFoundException: http://www.fr.com/pagenotfound/

java.io.FileNotFoundException: http://www.fr.com/pagenotfound/

java.io.FileNotFoundException: http://www.fr.com/pagenotfound/

java.io.FileNotFoundException: http://www.fr.com/pagenotfound/

java.io.FileNotFoundException: http://www.fr.com/pagenotfound/

java.io.FileNotFoundException: http://www.fr.com/pagenotfound/

java.io.FileNotFoundException: http://www.fr.com/pagenotfound/

java.io.FileNotFoundException: http://www.fr.com/pagenotfound/

java.io.FileNotFoundException: http://www.fr.com/pagenotfound/

java.io.FileNotFoundException: http://www.fr.com/pagenotfound/

java.io.FileNotFoundException: http://www.fr.com/pagenotfound/

java.io.FileNotFoundException: http://www.hr.com/en/communities/ihr_compensation/incentives_measurement__reporting_and_analysis//en/communities/training_and_development/corporate_learning/

java.io.FileNotFoundException: http://www.fr.com/pagenotfound/

java.io.FileNotFoundException: http://www.fr.com/pagenotfound/

java.io.FileNotFoundException: http://www.hr.com/en/communities/ihr_compensation/incentives_measurement__reporting_and_analysis//en/communities/training_and_development/corporate_learning/analytics_and_measurement/

java.io.FileNotFoundException: http://www.fr.com/pagenotfound/

java.io.FileNotFoundException: http://www.fr.com/pagenotfound/

java.io.FileNotFoundException: http://www.hr.com/en/communities/ihr_compensation/incentives_measurement__reporting_and_analysis//en/communities/training_and_development/corporate_learning/authoring_tools/

java.io.FileNotFoundException: http://www.fr.com/pagenotfound/

java.io.FileNotFoundException: http://www.fr.com/pagenotfound/

java.io.FileNotFoundException: http://www.fr.com/pagenotfound/

java.net.MalformedURLException: unknown protocol: javascript

java.io.FileNotFoundException: http://www.fr.com/pagenotfound/

java.io.FileNotFoundException: http://www.hr.com/en/communities/ihr_compensation/incentives_measurement__reporting_and_analysis//en/communities/training_and_development/corporate_learning/blended_learning/

java.io.FileNotFoundException: http://www.fr.com/pagenotfound/

java.io.FileNotFoundException: http://www.fr.com/pagenotfound/

java.io.FileNotFoundException: http://www.fr.com/pagenotfound/

java.io.FileNotFoundException: http://www.fr.com/pagenotfound/

java.io.FileNotFoundException: http://www.fr.com/pagenotfound/

java.io.FileNotFoundException: http://www.fr.com/pagenotfound/

java.io.FileNotFoundException: http://www.fr.com/pagenotfound/

java.io.FileNotFoundException: http://www.fr.com/pagenotfound/

java.io.FileNotFoundException: http://www.fr.com/pagenotfound/

java.io.FileNotFoundException: http://www.fr.com/pagenotfound/

java.io.FileNotFoundException: http://www.fr.com/pagenotfound/

java.io.FileNotFoundException: http://www.fr.com/pagenotfound/

java.io.FileNotFoundException: http://www.fr.com/pagenotfound/

java.io.FileNotFoundException: http://www.fr.com/pagenotfound/

java.io.FileNotFoundException: http://www.fr.com/pagenotfound/

java.io.FileNotFoundException: http://www.fr.com/pagenotfound/

java.io.FileNotFoundException: http://www.fr.com/pagenotfound/

java.io.FileNotFoundException: http://www.fr.com/pagenotfound/

java.io.FileNotFoundException: http://www.fr.com/pagenotfound/

java.io.FileNotFoundException: http://www.fr.com/pagenotfound/

java.io.FileNotFoundException: http://www.fr.com/pagenotfound/

java.io.FileNotFoundException: http://www.fr.com/pagenotfound/

java.io.FileNotFoundException: http://www.fr.com/pagenotfound/

java.io.FileNotFoundException: http://www.fr.com/pagenotfound/

java.io.FileNotFoundException: http://www.fr.com/pagenotfound/

java.io.FileNotFoundException: http://www.fr.com/pagenotfound/

java.io.FileNotFoundException: http://www.fr.com/pagenotfound/

java.io.FileNotFoundException: http://www.fr.com/pagenotfound/

java.io.FileNotFoundException: http://www.fr.com/pagenotfound/

java.io.FileNotFoundException: http://www.fr.com/pagenotfound/

java.io.FileNotFoundException: http://www.fr.com/pagenotfound/

java.io.FileNotFoundException: http://www.fr.com/pagenotfound/

java.io.FileNotFoundException: http://www.fr.com/pagenotfound/

java.io.FileNotFoundException: http://www.fr.com/pagenotfound/

java.io.FileNotFoundException: http://www.fr.com/pagenotfound/

java.io.FileNotFoundException: http://www.fr.com/pagenotfound/

java.io.FileNotFoundException: http://www.fr.com/pagenotfound/

java.io.FileNotFoundException: http://www.fr.com/pagenotfound/

java.io.FileNotFoundException: http://www.fr.com/pagenotfound/

java.io.FileNotFoundException: http://www.fr.com/pagenotfound/

java.io.FileNotFoundException: http://www.fr.com/pagenotfound/

java.io.FileNotFoundException: http://www.fr.com/pagenotfound/

java.io.FileNotFoundException: http://www.fr.com/pagenotfound/

java.io.FileNotFoundException: http://www.fr.com/pagenotfound/

java.io.FileNotFoundException: http://www.hr.com/en/communities/ihr_compensation/incentives_measurement__reporting_and_analysis//en/communities/training_and_development/corporate_learning/content_development/

java.io.FileNotFoundException: http://www.fr.com/pagenotfound/

java.io.FileNotFoundException: http://www.fr.com/pagenotfound/

java.io.FileNotFoundException: http://www.fr.com/pagenotfound/

java.io.FileNotFoundException: http://www.hr.com/en/communities/ihr_compensation/incentives_measurement__reporting_and_analysis//en/communities/training_and_development/corporate_learning/implementation/

java.io.FileNotFoundException: http://www.fr.com/pagenotfound/

java.io.FileNotFoundException: http://www.hr.com/en/communities/ihr_compensation/incentives_measurement__reporting_and_analysis//en/communities/training_and_development/corporate_learning/learning_content_management_systems/

java.io.FileNotFoundException: http://www.hr.com/en/communities/ihr_compensation/incentives_measurement__reporting_and_analysis//en/communities/training_and_development/corporate_learning/learning_management_systems/

java.net.MalformedURLException: unknown protocol: javascript

java.io.FileNotFoundException: http://www.hr.com/en/communities/ihr_compensation/incentives_measurement__reporting_and_analysis//en/communities/training_and_development/corporate_learning/outsourcing_training/

java.io.FileNotFoundException: http://www.fr.com/pagenotfound/

java.io.FileNotFoundException: http://www.fr.com/pagenotfound/

java.io.FileNotFoundException: http://www.fr.com/pagenotfound/

java.io.FileNotFoundException: http://www.fr.com/pagenotfound/

java.io.FileNotFoundException: http://www.fr.com/pagenotfound/

java.io.FileNotFoundException: http://www.fr.com/pagenotfound/

java.io.FileNotFoundException: http://www.fr.com/pagenotfound/

java.io.FileNotFoundException: http://www.fr.com/pagenotfound/

java.io.FileNotFoundException: http://www.fr.com/pagenotfound/

java.io.FileNotFoundException: http://www.fr.com/pagenotfound/

java.io.FileNotFoundException: http://www.fr.com/pagenotfound/

java.io.FileNotFoundException: http://www.fr.com/pagenotfound/

java.io.FileNotFoundException: http://www.fr.com/pagenotfound/

java.io.FileNotFoundException: http://www.fr.com/pagenotfound/

java.io.FileNotFoundException: http://www.fr.com/pagenotfound/

java.io.FileNotFoundException: http://www.fr.com/pagenotfound/

java.io.FileNotFoundException: http://www.fr.com/pagenotfound/

java.io.FileNotFoundException: http://www.fr.com/pagenotfound/

java.io.FileNotFoundException: http://www.fr.com/pagenotfound/

java.io.FileNotFoundException: http://www.fr.com/pagenotfound/

java.io.FileNotFoundException: http://www.fr.com/pagenotfound/

java.io.FileNotFoundException: http://www.fr.com/pagenotfound/

java.io.FileNotFoundException: http://www.fr.com/pagenotfound/

java.io.FileNotFoundException: http://www.fr.com/pagenotfound/

java.io.FileNotFoundException: http://www.fr.com/pagenotfound/

java.io.FileNotFoundException: http://www.fr.com/pagenotfound/

java.io.FileNotFoundException: http://www.fr.com/pagenotfound/

java.io.FileNotFoundException: http://www.fr.com/pagenotfound/

java.io.FileNotFoundException: http://www.fr.com/pagenotfound/

java.io.FileNotFoundException: http://www.fr.com/pagenotfound/

java.io.FileNotFoundException: http://www.fr.com/pagenotfound/

java.io.FileNotFoundException: http://www.fr.com/pagenotfound/

java.io.FileNotFoundException: http://www.fr.com/pagenotfound/

java.io.FileNotFoundException: http://www.fr.com/pagenotfound/

java.io.FileNotFoundException: http://www.fr.com/pagenotfound/

java.io.FileNotFoundException: http://www.fr.com/pagenotfound/

java.io.FileNotFoundException: http://www.fr.com/pagenotfound/

java.net.UnknownServiceException: protocol doesn't support input

java.io.FileNotFoundException: http://www.fr.com/pagenotfound/

java.io.FileNotFoundException: http://www.fr.com/pagenotfound/

java.io.FileNotFoundException: http://www.fr.com/pagenotfound/

java.io.FileNotFoundException: http://www.fr.com/pagenotfound/

java.net.UnknownServiceException: protocol doesn't support input

java.io.FileNotFoundException: http://www.fr.com/pagenotfound/

java.io.FileNotFoundException: http://www.fr.com/pagenotfound/

java.io.FileNotFoundException: http://www.fr.com/pagenotfound/

java.io.FileNotFoundException: http://www.fr.com/pagenotfound/

java.io.FileNotFoundException: http://www.fr.com/pagenotfound/

java.io.FileNotFoundException: http://www.fr.com/pagenotfound/

java.io.FileNotFoundException: http://www.fr.com/pagenotfound/

java.io.FileNotFoundException: http://www.fr.com/pagenotfound/

java.io.FileNotFoundException: http://www.fr.com/pagenotfound/

java.io.FileNotFoundException: http://www.fr.com/pagenotfound/

java.io.FileNotFoundException: http://www.fr.com/pagenotfound/

java.io.FileNotFoundException: http://www.fr.com/pagenotfound/

java.io.FileNotFoundException: http://www.fr.com/pagenotfound/

java.io.FileNotFoundException: http://www.fr.com/pagenotfound/

java.io.FileNotFoundException: http://www.hr.com/en/communities/ihr_compensation/incentives_measurement__reporting_and_analysis//en/communities/training_and_development/corporate_learning/planning_and_strategy/

java.io.FileNotFoundException: http://www.fr.com/pagenotfound/

java.io.FileNotFoundException: http://www.fr.com/pagenotfound/

java.io.FileNotFoundException: http://www.fr.com/pagenotfound/

java.io.FileNotFoundException: http://www.hr.com/en/communities/ihr_compensation/incentives_measurement__reporting_and_analysis//en/communities/training_and_development/corporate_learning/simulations/

java.io.FileNotFoundException: http://www.fr.com/pagenotfound/

java.io.FileNotFoundException: http://www.fr.com/pagenotfound/

java.io.FileNotFoundException: http://www.hr.com/en/communities/ihr_compensation/incentives_measurement__reporting_and_analysis//en/communities/training_and_development/elearning/

java.io.FileNotFoundException: http://www.fr.com/pagenotfound/

java.io.FileNotFoundException: http://www.hr.com/en/communities/ihr_compensation/incentives_measurement__reporting_and_analysis//en/communities/training_and_development/evaluations/

java.io.FileNotFoundException: http://www.fr.com/pagenotfound/

java.net.MalformedURLException: unknown protocol: javascript

java.io.FileNotFoundException: http://www.hr.com/en/communities/ihr_compensation/incentives_measurement__reporting_and_analysis//en/communities/training_and_development/games/

java.io.FileNotFoundException: http://www.hr.com/en/communities/ihr_compensation/incentives_measurement__reporting_and_analysis//en/communities/training_and_development/online_collaboration_tools/

java.io.FileNotFoundException: http://www.fr.com/pagenotfound/

java.io.FileNotFoundException: http://www.fr.com/pagenotfound/

java.io.FileNotFoundException: http://www.fr.com/pagenotfound/

java.io.FileNotFoundException: http://www.fr.com/pagenotfound/

java.io.FileNotFoundException: http://www.fr.com/pagenotfound/

java.io.FileNotFoundException: http://www.fr.com/pagenotfound/

java.io.FileNotFoundException: http://www.fr.com/pagenotfound/

java.io.FileNotFoundException: http://www.fr.com/pagenotfound/

java.io.FileNotFoundException: http://www.fr.com/pagenotfound/

java.io.FileNotFoundException: http://www.fr.com/pagenotfound/

java.io.FileNotFoundException: http://www.fr.com/pagenotfound/

java.io.FileNotFoundException: http://www.fr.com/pagenotfound/

java.io.FileNotFoundException: http://www.fr.com/pagenotfound/

java.io.FileNotFoundException: http://www.fr.com/pagenotfound/

java.io.FileNotFoundException: http://www.fr.com/pagenotfound/

java.io.FileNotFoundException: http://www.fr.com/pagenotfound/

java.io.FileNotFoundException: http://www.fr.com/pagenotfound/

java.io.FileNotFoundException: http://www.fr.com/pagenotfound/

java.io.FileNotFoundException: http://www.fr.com/pagenotfound/

java.io.FileNotFoundException: http://www.fr.com/pagenotfound/

java.io.FileNotFoundException: http://www.fr.com/pagenotfound/

java.io.FileNotFoundException: http://www.fr.com/pagenotfound/

java.io.FileNotFoundException: http://www.fr.com/pagenotfound/

java.io.FileNotFoundException: http://www.fr.com/pagenotfound/

java.io.FileNotFoundException: http://www.fr.com/pagenotfound/

java.io.FileNotFoundException: http://www.fr.com/pagenotfound/

java.io.FileNotFoundException: http://www.fr.com/pagenotfound/

java.io.FileNotFoundException: http://www.fr.com/pagenotfound/

java.io.FileNotFoundException: http://www.fr.com/pagenotfound/

java.io.FileNotFoundException: http://www.fr.com/pagenotfound/

java.io.FileNotFoundException: http://www.fr.com/pagenotfound/

java.io.FileNotFoundException: http://www.fr.com/pagenotfound/

java.io.FileNotFoundException: http://www.fr.com/pagenotfound/

java.io.FileNotFoundException: http://www.fr.com/pagenotfound/

java.io.FileNotFoundException: http://www.fr.com/pagenotfound/

java.io.FileNotFoundException: http://www.fr.com/pagenotfound/

java.io.FileNotFoundException: http://www.fr.com/pagenotfound/

java.io.FileNotFoundException: http://www.fr.com/pagenotfound/

java.io.FileNotFoundException: http://www.fr.com/pagenotfound/

java.io.FileNotFoundException: http://www.fr.com/pagenotfound/

java.io.FileNotFoundException: http://www.fr.com/pagenotfound/

java.io.FileNotFoundException: http://www.fr.com/pagenotfound/

java.io.FileNotFoundException: http://www.fr.com/pagenotfound/

java.io.FileNotFoundException: http://www.fr.com/pagenotfound/

java.net.MalformedURLException: unknown protocol: javascript

java.io.FileNotFoundException: http://www.fr.com/pagenotfound/

java.io.FileNotFoundException: http://www.fr.com/pagenotfound/

java.io.FileNotFoundException: http://www.fr.com/pagenotfound/

java.io.FileNotFoundException: http://www.fr.com/pagenotfound/

java.io.FileNotFoundException: http://www.fr.com/pagenotfound/

java.io.FileNotFoundException: http://www.hr.com/en/communities/ihr_compensation/incentives_measurement__reporting_and_analysis//en/communities/training_and_development/online_collaboration_tools/video_conferencing/

java.io.FileNotFoundException: http://www.hr.com/en/communities/ihr_compensation/incentives_measurement__reporting_and_analysis//en/communities/training_and_development/online_collaboration_tools/web_based/

java.io.FileNotFoundException: http://www.fr.com/pagenotfound/

java.io.FileNotFoundException: http://www.hr.com/en/communities/ihr_compensation/incentives_measurement__reporting_and_analysis//en/communities/training_and_development/orientation/

java.io.FileNotFoundException: http://www.hr.com/en/communities/ihr_compensation/incentives_measurement__reporting_and_analysis//en/communities/training_and_development/presentation_tips/

java.net.MalformedURLException: unknown protocol: javascript

java.io.FileNotFoundException: http://www.fr.com/pagenotfound/

java.io.FileNotFoundException: http://www.fr.com/pagenotfound/

java.io.FileNotFoundException: http://www.fr.com/pagenotfound/

java.io.FileNotFoundException: http://www.fr.com/pagenotfound/

java.io.FileNotFoundException: http://www.fr.com/pagenotfound/

java.io.FileNotFoundException: http://www.fr.com/pagenotfound/

java.io.FileNotFoundException: http://www.fr.com/pagenotfound/

java.io.FileNotFoundException: http://www.fr.com/pagenotfound/

java.io.FileNotFoundException: http://www.fr.com/pagenotfound/

java.io.FileNotFoundException: http://www.fr.com/pagenotfound/

java.io.FileNotFoundException: http://www.fr.com/pagenotfound/

java.io.FileNotFoundException: http://www.fr.com/pagenotfound/

java.io.FileNotFoundException: http://www.fr.com/pagenotfound/

java.io.FileNotFoundException: http://www.fr.com/pagenotfound/

java.io.FileNotFoundException: http://www.fr.com/pagenotfound/

java.io.FileNotFoundException: http://www.fr.com/pagenotfound/

java.io.FileNotFoundException: http://www.fr.com/pagenotfound/

java.io.FileNotFoundException: http://www.fr.com/pagenotfound/

java.io.FileNotFoundException: http://www.fr.com/pagenotfound/

java.io.FileNotFoundException: http://www.fr.com/pagenotfound/

java.io.FileNotFoundException: http://www.fr.com/pagenotfound/

java.io.FileNotFoundException: http://www.fr.com/pagenotfound/

java.io.FileNotFoundException: http://www.fr.com/pagenotfound/

java.io.FileNotFoundException: http://www.fr.com/pagenotfound/

java.io.FileNotFoundException: http://www.fr.com/pagenotfound/

java.io.FileNotFoundException: http://www.fr.com/pagenotfound/

java.io.FileNotFoundException: http://www.fr.com/pagenotfound/

java.io.FileNotFoundException: http://www.fr.com/pagenotfound/

java.io.FileNotFoundException: http://www.fr.com/pagenotfound/

java.io.FileNotFoundException: http://www.fr.com/pagenotfound/

java.io.FileNotFoundException: http://www.fr.com/pagenotfound/

java.io.FileNotFoundException: http://www.fr.com/pagenotfound/

java.io.FileNotFoundException: http://www.fr.com/pagenotfound/

java.io.FileNotFoundException: http://www.fr.com/pagenotfound/

java.io.FileNotFoundException: http://www.fr.com/pagenotfound/

java.io.FileNotFoundException: http://www.fr.com/pagenotfound/

java.io.FileNotFoundException: http://www.fr.com/pagenotfound/

java.io.FileNotFoundException: http://www.fr.com/pagenotfound/

java.io.FileNotFoundException: http://www.fr.com/pagenotfound/

java.io.FileNotFoundException: http://www.fr.com/pagenotfound/

java.io.FileNotFoundException: http://www.fr.com/pagenotfound/

java.io.FileNotFoundException: http://www.hr.com/en/communities/ihr_compensation/incentives_measurement__reporting_and_analysis//en/communities/workforce_management_001/

java.io.FileNotFoundException: http://www.hr.com/en/communities/ihr_compensation/incentives_measurement__reporting_and_analysis//en/communities/workforce_planning_and_analytics/

java.io.FileNotFoundException: http://www.hr.com/en/communities/ihr_compensation/incentives_measurement__reporting_and_analysis//en/communities/workforce_planning_and_analytics/hr_metrics_implementation/

java.io.FileNotFoundException: http://www.fr.com/pagenotfound/

java.io.FileNotFoundException: http://www.fr.com/pagenotfound/

java.io.FileNotFoundException: http://www.fr.com/pagenotfound/

java.io.FileNotFoundException: http://www.hr.com/en/communities/ihr_compensation/incentives_measurement__reporting_and_analysis//en/communities/workforce_planning_and_analytics/hr_scorecards/

java.net.MalformedURLException: unknown protocol: javascript

java.io.FileNotFoundException: http://www.fr.com/pagenotfound/

java.io.FileNotFoundException: http://www.hr.com/en/communities/ihr_compensation/incentives_measurement__reporting_and_analysis//en/communities/workforce_planning_and_analytics/predictive_models/

java.io.FileNotFoundException: http://www.fr.com/pagenotfound/

java.io.FileNotFoundException: http://www.fr.com/pagenotfound/

java.io.FileNotFoundException: http://www.fr.com/pagenotfound/

java.io.FileNotFoundException: http://www.fr.com/pagenotfound/

java.io.FileNotFoundException: http://www.fr.com/pagenotfound/

java.io.FileNotFoundException: http://www.fr.com/pagenotfound/

java.io.FileNotFoundException: http://www.fr.com/pagenotfound/

java.io.FileNotFoundException: http://www.fr.com/pagenotfound/

java.io.FileNotFoundException: http://www.fr.com/pagenotfound/

java.io.FileNotFoundException: http://www.fr.com/pagenotfound/

java.io.FileNotFoundException: http://www.fr.com/pagenotfound/

java.io.FileNotFoundException: http://www.fr.com/pagenotfound/

java.io.FileNotFoundException: http://www.fr.com/pagenotfound/

java.io.FileNotFoundException: http://www.fr.com/pagenotfound/

java.io.FileNotFoundException: http://www.fr.com/pagenotfound/

java.io.FileNotFoundException: http://www.fr.com/pagenotfound/

java.io.FileNotFoundException: http://www.fr.com/pagenotfound/

java.net.MalformedURLException: unknown protocol: javascript

java.io.FileNotFoundException: http://www.fr.com/pagenotfound/

java.io.FileNotFoundException: http://www.fr.com/pagenotfound/

java.io.FileNotFoundException: http://www.fr.com/pagenotfound/

java.io.FileNotFoundException: http://www.fr.com/pagenotfound/

java.io.FileNotFoundException: http://www.fr.com/pagenotfound/

java.io.FileNotFoundException: http://www.fr.com/pagenotfound/

java.io.FileNotFoundException: http://www.fr.com/pagenotfound/

java.io.FileNotFoundException: http://www.fr.com/pagenotfound/

java.io.FileNotFoundException: http://www.fr.com/pagenotfound/

java.io.FileNotFoundException: http://www.fr.com/pagenotfound/

java.io.FileNotFoundException: http://www.fr.com/pagenotfound/

java.io.FileNotFoundException: http://www.fr.com/pagenotfound/

java.io.FileNotFoundException: http://www.fr.com/pagenotfound/

java.io.FileNotFoundException: http://www.fr.com/pagenotfound/

java.io.FileNotFoundException: http://www.fr.com/pagenotfound/

java.io.FileNotFoundException: http://www.fr.com/pagenotfound/

java.io.FileNotFoundException: http://www.fr.com/pagenotfound/

java.io.FileNotFoundException: http://www.fr.com/pagenotfound/

java.io.FileNotFoundException: http://www.fr.com/pagenotfound/

java.io.FileNotFoundException: http://www.fr.com/pagenotfound/

java.io.FileNotFoundException: http://www.fr.com/pagenotfound/

java.io.FileNotFoundException: http://www.fr.com/pagenotfound/

java.io.FileNotFoundException: http://www.fr.com/pagenotfound/

java.io.FileNotFoundException: http://www.fr.com/pagenotfound/

java.io.FileNotFoundException: http://www.fr.com/pagenotfound/

java.io.FileNotFoundException: http://www.fr.com/pagenotfound/

java.io.FileNotFoundException: http://www.fr.com/pagenotfound/

java.io.FileNotFoundException: http://www.fr.com/pagenotfound/

java.io.FileNotFoundException: http://www.fr.com/pagenotfound/

java.io.FileNotFoundException: http://www.fr.com/pagenotfound/

java.io.FileNotFoundException: http://www.fr.com/pagenotfound/

java.io.FileNotFoundException: http://www.fr.com/pagenotfound/

java.io.FileNotFoundException: http://www.fr.com/pagenotfound/

java.io.FileNotFoundException: http://www.fr.com/pagenotfound/

java.io.FileNotFoundException: http://www.fr.com/pagenotfound/

java.io.FileNotFoundException: http://www.fr.com/pagenotfound/

java.io.FileNotFoundException: http://www.fr.com/pagenotfound/

java.io.FileNotFoundException: http://www.hr.com/en/communities/ihr_compensation/incentives_measurement__reporting_and_analysis//en/communities/workforce_planning_and_analytics/labor_supply_demographics/

java.io.FileNotFoundException: http://www.hr.com/en/communities/ihr_compensation/incentives_measurement__reporting_and_analysis//en/communities/workforce_planning_and_analytics/external_factors/

java.io.FileNotFoundException: http://www.fr.com/pagenotfound/

java.io.FileNotFoundException: http://www.hr.com/en/communities/ihr_compensation/incentives_measurement__reporting_and_analysis//en/communities/workforce_planning_and_analytics/data_cleansing/

java.io.FileNotFoundException: http://www.fr.com/pagenotfound/

java.io.FileNotFoundException: http://www.fr.com/pagenotfound/

java.io.FileNotFoundException: http://www.hr.com/en/communities/ihr_compensation/incentives_measurement__reporting_and_analysis//en/communities/workforce_planning_and_analytics/consulting/

java.io.FileNotFoundException: http://www.fr.com/pagenotfound/

java.io.FileNotFoundException: http://www.hr.com/en/communities/ihr_compensation/incentives_measurement__reporting_and_analysis//en/communities/workforce_planning_and_analytics/internal_mobility/

java.io.FileNotFoundException: http://www.hr.com/en/communities/ihr_compensation/incentives_measurement__reporting_and_analysis//en/communities/workforce_planning_and_analytics/mergers_acquisitions/

java.io.FileNotFoundException: http://www.hr.com/en/communities/ihr_compensation/incentives_measurement__reporting_and_analysis//en/communities/workforce_planning_and_analytics/surveys_organization/

java.io.FileNotFoundException: http://www.hr.com/en/communities/ihr_compensation/incentives_measurement__reporting_and_analysis//en/communities/workforce_planning_and_analytics/surveys_organization/polls/

java.io.FileNotFoundException: http://www.hr.com/en/communities/ihr_compensation/incentives_measurement__reporting_and_analysis//en/communities/workforce_planning_and_analytics/workforce_planning_analytics_change_management/

java.io.FileNotFoundException: http://www.hr.com/en/communities/ihr_compensation/incentives_measurement__reporting_and_analysis//en/communities/workforce_planning_and_analytics/surveys_organization/market_research/

java.io.FileNotFoundException: http://www.hr.com/en/communities/ihr_compensation/incentives_measurement__reporting_and_analysis//en/communities/workforce_planning_and_analytics/surveys_organization/enterprise_surveys/

java.net.MalformedURLException: unknown protocol: javascript

java.io.FileNotFoundException: http://www.hr.com/en/communities/ihr_compensation/incentives_measurement__reporting_and_analysis//en/communities/workforce_planning_and_analytics/modelling/

java.io.FileNotFoundException: http://www.hr.com/en/communities/ihr_compensation/incentives_measurement__reporting_and_analysis//en/communities/workforce_planning_and_analytics/downsizing/

java.io.FileNotFoundException: http://www.hr.com/en/communities/ihr_compensation/incentives_measurement__reporting_and_analysis//en/communities/workforce_planning_and_analytics/modelling/location_modelling/

java.io.FileNotFoundException: http://www.hr.com/en/communities/ihr_compensation/incentives_measurement__reporting_and_analysis//en/communities/workforce_planning_and_analytics/modelling/business_modelling/

java.io.FileNotFoundException: http://www.fr.com/pagenotfound/

java.io.FileNotFoundException: http://www.hr.com/en/communities/ihr_compensation/incentives_measurement__reporting_and_analysis//en/communities/workforce_planning_and_analytics/modelling/org_charting/

java.io.FileNotFoundException: http://www.fr.com/pagenotfound/

java.io.FileNotFoundException: http://www.fr.com/pagenotfound/

java.io.FileNotFoundException: http://www.fr.com/pagenotfound/

java.io.FileNotFoundException: http://www.fr.com/pagenotfound/

java.io.FileNotFoundException: http://www.fr.com/pagenotfound/

java.io.FileNotFoundException: http://www.hr.com/en/communities/ihr_compensation/incentives_measurement__reporting_and_analysis//en/communities/workforce_planning_and_analytics/benchmarking/

java.io.FileNotFoundException: http://www.hr.com/en/communities/ihr_compensation/incentives_measurement__reporting_and_analysis//en/communities/workforce_planning_and_analytics/benchmarking/internal/

java.io.FileNotFoundException: http://www.hr.com/en/communities/ihr_compensation/incentives_measurement__reporting_and_analysis//en/communities/workforce_planning_and_analytics/benchmarking/external/

java.io.FileNotFoundException: http://www.hr.com/en/communities/ihr_compensation/incentives_measurement__reporting_and_analysis//en/communities/workforce_planning_and_analytics/workforce_planning_analytics_technology/

java.io.FileNotFoundException: http://www.hr.com/en/communities/ihr_compensation/incentives_measurement__reporting_and_analysis//en/webcasts_events/

java.io.FileNotFoundException: http://www.fr.com/pagenotfound/

java.io.FileNotFoundException: http://www.fr.com/pagenotfound/

java.net.MalformedURLException: no protocol: category.php?id=33&brand=931

java.io.FileNotFoundException: http://www.hr.com/en/communities/ihr_compensation/incentives_measurement__reporting_and_analysis//en/webcasts_events/webcasts/

java.io.FileNotFoundException: http://www.hr.com/en/communities/ihr_compensation/incentives_measurement__reporting_and_analysis//en/webcasts_events/webcasts/upcoming_webcasts/

java.io.FileNotFoundException: http://www.fr.com/pagenotfound/

java.io.FileNotFoundException: http://www.hr.com/en/communities/ihr_compensation/incentives_measurement__reporting_and_analysis//en/webcasts_events/webcasts/archived_vlogs/

java.io.FileNotFoundException: http://www.hr.com/en/communities/ihr_compensation/incentives_measurement__reporting_and_analysis//en/webcasts_events/webcasts/sponsor_a_webcast/

java.io.FileNotFoundException: http://www.hr.com/en/communities/ihr_compensation/incentives_measurement__reporting_and_analysis//en/webcasts_events/webcasts/archived_webcasts_and_podcasts/

java.io.FileNotFoundException: http://www.fr.com/pagenotfound/

java.io.FileNotFoundException: http://www.fr.com/pagenotfound/

java.io.FileNotFoundException: http://www.fr.com/pagenotfound/

java.io.FileNotFoundException: http://www.fr.com/pagenotfound/

java.io.FileNotFoundException: http://www.fr.com/pagenotfound/

java.io.FileNotFoundException: http://www.fr.com/pagenotfound/

java.io.FileNotFoundException: http://www.fr.com/pagenotfound/

java.io.FileNotFoundException: http://www.fr.com/pagenotfound/

java.io.FileNotFoundException: http://www.fr.com/pagenotfound/

java.io.FileNotFoundException: http://www.fr.com/pagenotfound/

java.io.FileNotFoundException: http://www.fr.com/pagenotfound/

java.io.FileNotFoundException: http://www.fr.com/pagenotfound/

java.io.FileNotFoundException: http://www.fr.com/pagenotfound/

java.io.FileNotFoundException: http://www.fr.com/pagenotfound/

java.io.FileNotFoundException: http://www.fr.com/pagenotfound/

java.io.FileNotFoundException: http://www.fr.com/pagenotfound/

java.io.FileNotFoundException: http://www.fr.com/pagenotfound/

java.io.FileNotFoundException: http://www.fr.com/pagenotfound/

java.io.FileNotFoundException: http://www.fr.com/pagenotfound/

java.io.FileNotFoundException: http://www.fr.com/pagenotfound/

java.io.FileNotFoundException: http://www.fr.com/pagenotfound/

java.io.FileNotFoundException: http://www.fr.com/pagenotfound/

java.io.FileNotFoundException: http://www.fr.com/pagenotfound/

java.io.FileNotFoundException: http://www.fr.com/pagenotfound/

java.io.FileNotFoundException: http://www.fr.com/pagenotfound/

java.io.FileNotFoundException: http://www.fr.com/pagenotfound/

java.io.FileNotFoundException: http://www.hr.com/en/communities/ihr_compensation/incentives_measurement__reporting_and_analysis//en/webcasts_events/webcasts/webcast_testimonials/

java.io.FileNotFoundException: http://www.hr.com/en/communities/ihr_compensation/incentives_measurement__reporting_and_analysis//en/webcasts_events/webcasts/call_for_speakers/

java.io.FileNotFoundException: http://www.hr.com/en/communities/ihr_compensation/incentives_measurement__reporting_and_analysis//en/webcasts_events/webcasts/call_for_speakers_third_party/

java.io.FileNotFoundException: http://www.hr.com/en/communities/ihr_compensation/incentives_measurement__reporting_and_analysis//en/webcasts_events/webcasts/call_for_speakers_demo_days/

java.io.FileNotFoundException: http://www.hr.com/en/communities/ihr_compensation/incentives_measurement__reporting_and_analysis//en/webcasts_events/virtual_events/

java.io.FileNotFoundException: http://www.hr.com/en/communities/ihr_compensation/incentives_measurement__reporting_and_analysis//en/webcasts_events/virtual_events/upcoming_virtual_events/

java.io.FileNotFoundException: http://www.hr.com/en/communities/ihr_compensation/incentives_measurement__reporting_and_analysis//en/webcasts_events/virtual_events/archived_virtual_events/

java.net.MalformedURLException: no protocol: category.php?id=33&brand=933

java.io.FileNotFoundException: http://www.hr.com/en/communities/ihr_compensation/incentives_measurement__reporting_and_analysis//en/webcasts_events/virtual_events/sponsor_a_virtual_event/

java.io.FileNotFoundException: http://www.hr.com/en/communities/ihr_compensation/incentives_measurement__reporting_and_analysis//en/webcasts_events/virtual_events/host_your_own_virtual_event/

java.io.FileNotFoundException: http://www.hr.com/en/communities/ihr_compensation/incentives_measurement__reporting_and_analysis//en/webcasts_events/virtual_events/booth_training/

java.io.FileNotFoundException: http://www.fr.com/pagenotfound/

java.io.FileNotFoundException: http://www.fr.com/pagenotfound/

java.io.FileNotFoundException: http://www.fr.com/pagenotfound/

java.io.FileNotFoundException: http://www.fr.com/pagenotfound/

java.io.FileNotFoundException: http://www.fr.com/pagenotfound/

java.io.FileNotFoundException: http://www.fr.com/pagenotfound/

java.net.MalformedURLException: unknown protocol: javascript

java.io.FileNotFoundException: http://www.fr.com/pagenotfound/

java.io.FileNotFoundException: http://www.fr.com/pagenotfound/

java.io.FileNotFoundException: http://www.fr.com/pagenotfound/

java.io.FileNotFoundException: http://www.fr.com/pagenotfound/

java.io.FileNotFoundException: http://www.fr.com/pagenotfound/

java.io.FileNotFoundException: http://www.fr.com/pagenotfound/

java.io.FileNotFoundException: http://www.fr.com/pagenotfound/

java.io.FileNotFoundException: http://www.fr.com/pagenotfound/

java.io.FileNotFoundException: http://www.fr.com/pagenotfound/

java.io.FileNotFoundException: http://www.fr.com/pagenotfound/

java.io.FileNotFoundException: http://www.fr.com/pagenotfound/

java.io.FileNotFoundException: http://www.fr.com/pagenotfound/

java.io.FileNotFoundException: http://www.fr.com/pagenotfound/

java.io.FileNotFoundException: http://www.fr.com/pagenotfound/

java.io.FileNotFoundException: http://www.fr.com/pagenotfound/

java.io.FileNotFoundException: http://www.fr.com/pagenotfound/

java.io.FileNotFoundException: http://www.fr.com/pagenotfound/

java.io.FileNotFoundException: http://www.fr.com/pagenotfound/

java.io.FileNotFoundException: http://www.fr.com/pagenotfound/

java.io.FileNotFoundException: http://www.fr.com/pagenotfound/

java.io.FileNotFoundException: http://www.fr.com/pagenotfound/

java.io.FileNotFoundException: http://www.fr.com/pagenotfound/

java.io.FileNotFoundException: http://www.fr.com/pagenotfound/

java.io.FileNotFoundException: http://www.fr.com/pagenotfound/

java.net.MalformedURLException: unknown protocol: javascript

java.io.FileNotFoundException: http://www.fr.com/pagenotfound/

java.io.FileNotFoundException: http://www.fr.com/pagenotfound/

java.io.FileNotFoundException: http://www.fr.com/pagenotfound/

java.io.FileNotFoundException: http://www.fr.com/pagenotfound/

java.io.FileNotFoundException: http://www.hr.com/en/communities/ihr_compensation/incentives_measurement__reporting_and_analysis//en/webcasts_events/live_upcoming_events/hcm_investors_forum_2014/

java.io.FileNotFoundException: http://www.hr.com/en/communities/ihr_compensation/incentives_measurement__reporting_and_analysis//en/webcasts_events/live_upcoming_events/

java.io.FileNotFoundException: http://www.fr.com/pagenotfound/

java.io.FileNotFoundException: http://www.fr.com/pagenotfound/

java.io.FileNotFoundException: http://www.fr.com/pagenotfound/

java.io.FileNotFoundException: http://www.fr.com/pagenotfound/

java.io.FileNotFoundException: http://www.fr.com/pagenotfound/

java.io.FileNotFoundException: http://www.fr.com/pagenotfound/

java.io.FileNotFoundException: http://www.fr.com/pagenotfound/

java.io.FileNotFoundException: http://www.fr.com/pagenotfound/

java.io.FileNotFoundException: http://www.fr.com/pagenotfound/

java.io.FileNotFoundException: http://www.fr.com/pagenotfound/

java.io.FileNotFoundException: http://www.fr.com/pagenotfound/

java.io.FileNotFoundException: http://www.fr.com/pagenotfound/

java.io.FileNotFoundException: http://www.fr.com/pagenotfound/

java.io.FileNotFoundException: http://www.fr.com/pagenotfound/

java.io.FileNotFoundException: http://www.fr.com/pagenotfound/

java.io.FileNotFoundException: http://www.fr.com/pagenotfound/

java.io.FileNotFoundException: http://www.fr.com/pagenotfound/

java.io.FileNotFoundException: http://www.fr.com/pagenotfound/

java.io.FileNotFoundException: http://www.fr.com/pagenotfound/

java.io.FileNotFoundException: http://www.fr.com/pagenotfound/

java.io.FileNotFoundException: http://www.fr.com/pagenotfound/

java.io.FileNotFoundException: http://www.fr.com/pagenotfound/

java.io.FileNotFoundException: http://www.fr.com/pagenotfound/

java.io.FileNotFoundException: http://www.fr.com/pagenotfound/

java.io.FileNotFoundException: http://www.fr.com/pagenotfound/

java.io.FileNotFoundException: http://www.fr.com/pagenotfound/

java.io.FileNotFoundException: http://www.fr.com/pagenotfound/

java.io.FileNotFoundException: http://www.fr.com/pagenotfound/

java.io.FileNotFoundException: http://www.fr.com/pagenotfound/

java.io.FileNotFoundException: http://www.fr.com/pagenotfound/

java.io.FileNotFoundException: http://www.fr.com/pagenotfound/

java.io.FileNotFoundException: http://www.fr.com/pagenotfound/

java.io.FileNotFoundException: http://www.fr.com/pagenotfound/

java.io.FileNotFoundException: http://www.fr.com/pagenotfound/

java.io.FileNotFoundException: http://www.fr.com/pagenotfound/

java.io.FileNotFoundException: http://www.fr.com/pagenotfound/

java.io.FileNotFoundException: http://www.hr.com/en/communities/ihr_compensation/incentives_measurement__reporting_and_analysis//en/webcasts_events/live_upcoming_events/strategic_hcm_partnerships_2014/

java.io.FileNotFoundException: http://www.hr.com/en/communities/ihr_compensation/incentives_measurement__reporting_and_analysis//en/webcasts_events/live_upcoming_events/strategic_hcm_analyst_forum_2014/

java.io.FileNotFoundException: http://www.fr.com/pagenotfound/

java.io.FileNotFoundException: http://www.fr.com/pagenotfound/

java.io.FileNotFoundException: http://www.hr.com/en/communities/ihr_compensation/incentives_measurement__reporting_and_analysis//en/webcasts_events/live_upcoming_events/talent_acquisition_excellence_forum_2014/

java.io.FileNotFoundException: http://www.hr.com/en/communities/ihr_compensation/incentives_measurement__reporting_and_analysis//en/resources/

java.io.FileNotFoundException: http://www.fr.com/pagenotfound/

java.io.FileNotFoundException: http://www.fr.com/pagenotfound/

java.io.FileNotFoundException: http://www.hr.com/en/communities/ihr_compensation/incentives_measurement__reporting_and_analysis//en/resources/surveys/

java.io.FileNotFoundException: http://www.hr.com/en/communities/ihr_compensation/incentives_measurement__reporting_and_analysis//en/webcasts_events/speaker_training/

java.io.FileNotFoundException: http://www.hr.com/en/communities/ihr_compensation/incentives_measurement__reporting_and_analysis//en/resources/surveys/about_hr_market_intelligence/

java.io.FileNotFoundException: http://www.fr.com/pagenotfound/

java.io.FileNotFoundException: http://www.hr.com/en/communities/ihr_compensation/incentives_measurement__reporting_and_analysis//en/resources/free_forms/

java.io.FileNotFoundException: http://www.hr.com/en/communities/ihr_compensation/incentives_measurement__reporting_and_analysis//en/resources/surveys/past_surveys/

java.io.FileNotFoundException: http://www.hr.com/en/communities/ihr_compensation/incentives_measurement__reporting_and_analysis//en/resources/free_forms/compliance_posters/

java.io.FileNotFoundException: http://www.hr.com/en/communities/ihr_compensation/incentives_measurement__reporting_and_analysis//en/resources/wikis/

java.net.MalformedURLException: no protocol: category.php?id=33&brand=934

java.io.FileNotFoundException: http://www.hr.com/en/communities/ihr_compensation/incentives_measurement__reporting_and_analysis//en/hr_careers/

java.io.FileNotFoundException: http://www.hr.com/en/communities/ihr_compensation/incentives_measurement__reporting_and_analysis//en/certifications/

java.io.FileNotFoundException: http://www.hr.com/en/communities/ihr_compensation/incentives_measurement__reporting_and_analysis//en/certifications/ihr_certification/

java.io.FileNotFoundException: http://www.fr.com/pagenotfound/

java.io.FileNotFoundException: http://www.fr.com/pagenotfound/

java.io.FileNotFoundException: http://www.fr.com/pagenotfound/

java.io.FileNotFoundException: http://www.fr.com/pagenotfound/

java.io.FileNotFoundException: http://www.fr.com/pagenotfound/

java.io.FileNotFoundException: http://www.fr.com/pagenotfound/

java.io.FileNotFoundException: http://www.fr.com/pagenotfound/

java.io.FileNotFoundException: http://www.fr.com/pagenotfound/

java.io.FileNotFoundException: http://www.fr.com/pagenotfound/

java.io.FileNotFoundException: http://www.fr.com/pagenotfound/

java.io.FileNotFoundException: http://www.fr.com/pagenotfound/

java.io.FileNotFoundException: http://www.fr.com/pagenotfound/

java.io.FileNotFoundException: http://www.fr.com/pagenotfound/

java.io.FileNotFoundException: http://www.fr.com/pagenotfound/

java.io.FileNotFoundException: http://www.fr.com/pagenotfound/

java.io.FileNotFoundException: http://www.fr.com/pagenotfound/

java.io.FileNotFoundException: http://www.fr.com/pagenotfound/

java.io.FileNotFoundException: http://www.fr.com/pagenotfound/

java.io.FileNotFoundException: http://www.fr.com/pagenotfound/

java.io.FileNotFoundException: http://www.fr.com/pagenotfound/

java.io.FileNotFoundException: http://www.fr.com/pagenotfound/

java.io.FileNotFoundException: http://www.hr.com/en/communities/ihr_compensation/incentives_measurement__reporting_and_analysis//en/certifications/ihr_certification/training_testing/

java.io.FileNotFoundException: http://www.fr.com/pagenotfound/

java.io.FileNotFoundException: http://www.hr.com/en/communities/ihr_compensation/incentives_measurement__reporting_and_analysis//en/certifications/ihr_certification/faq/

java.io.FileNotFoundException: http://www.hr.com/en/communities/ihr_compensation/incentives_measurement__reporting_and_analysis//en/certifications/programs_offered/

java.io.FileNotFoundException: http://www.fr.com/pagenotfound/

java.io.FileNotFoundException: http://www.hr.com/en/communities/ihr_compensation/incentives_measurement__reporting_and_analysis//en/certifications/hrci/

java.io.FileNotFoundException: http://www.hr.com/en/communities/ihr_compensation/incentives_measurement__reporting_and_analysis//en/certifications/worldatwork/

java.io.FileNotFoundException: http://www.hr.com/en/communities/ihr_compensation/incentives_measurement__reporting_and_analysis//en/certifications/call_for_speakers/

java.io.FileNotFoundException: http://www.fr.com/pagenotfound/

java.io.FileNotFoundException: http://www.fr.com/pagenotfound/

java.io.FileNotFoundException: http://www.hr.com/en/communities/ihr_compensation/incentives_measurement__reporting_and_analysis//en/certifications/sponsorships/

java.io.FileNotFoundException: http://www.hr.com/en/communities/ihr_compensation/incentives_measurement__reporting_and_analysis//en/certifications/why_certify_demo/

java.io.FileNotFoundException: http://www.hr.com/en/communities/ihr_compensation/incentives_measurement__reporting_and_analysis//en/hr_com_store/

java.io.FileNotFoundException: http://www.hr.com/en/communities/ihr_compensation/incentives_measurement__reporting_and_analysis//en/topleaders/

java.io.FileNotFoundException: http://www.hr.com/en/communities/ihr_compensation/incentives_measurement__reporting_and_analysis//en/certifications/phr_sphr_certification_prep_course/

java.io.FileNotFoundException: http://www.hr.com/en/communities/ihr_compensation/incentives_measurement__reporting_and_analysis//en/topleaders/top_leaders_in_leadership/

java.io.FileNotFoundException: http://www.fr.com/pagenotfound/

java.io.FileNotFoundException: http://www.fr.com/pagenotfound/

java.io.FileNotFoundException: http://www.fr.com/pagenotfound/

java.io.FileNotFoundException: http://www.fr.com/pagenotfound/

java.io.FileNotFoundException: http://www.fr.com/pagenotfound/

java.io.FileNotFoundException: http://www.fr.com/pagenotfound/

java.io.FileNotFoundException: http://www.fr.com/pagenotfound/

java.io.FileNotFoundException: http://www.fr.com/pagenotfound/

java.io.FileNotFoundException: http://www.fr.com/pagenotfound/

java.io.FileNotFoundException: http://www.fr.com/pagenotfound/

java.io.FileNotFoundException: http://www.hr.com/en/communities/ihr_compensation/incentives_measurement__reporting_and_analysis//en/topleaders/top_leaders_in_leadership/leadership_excellence_essentials/

java.io.FileNotFoundException: http://www.hr.com/en/communities/ihr_compensation/incentives_measurement__reporting_and_analysis//en/topleaders/top_leaders_in_leadership/personal_excellence_essentials/

java.io.FileNotFoundException: http://www.hr.com/en/communities/ihr_compensation/incentives_measurement__reporting_and_analysis//en/topleaders/top_leaders_in_leadership/sales_service_excellence_essentials/

java.io.FileNotFoundException: http://www.hr.com/en/communities/ihr_compensation/incentives_measurement__reporting_and_analysis//en/topleaders/top_leaders_in_leadership/about_us/

java.io.FileNotFoundException: http://www.hr.com/en/communities/ihr_compensation/incentives_measurement__reporting_and_analysis//en/topleaders/top_leaders_in_leadership/forum/

java.io.FileNotFoundException: http://www.hr.com/en/communities/ihr_compensation/incentives_measurement__reporting_and_analysis//en/topleaders/top_leaders_in_leadership/awards/

java.io.FileNotFoundException: http://www.hr.com/en/communities/ihr_compensation/incentives_measurement__reporting_and_analysis//en/topleaders/top_leaders_in_leadership/contact_us/

java.io.FileNotFoundException: http://www.hr.com/en/communities/ihr_compensation/incentives_measurement__reporting_and_analysis//en/topleaders/all_articles/

java.io.FileNotFoundException: http://www.hr.com/en/communities/ihr_compensation/incentives_measurement__reporting_and_analysis//en/topleaders/essentials/

java.io.FileNotFoundException: http://www.hr.com/en/communities/ihr_compensation/incentives_measurement__reporting_and_analysis//en/topleaders/interactive_content/

java.io.IOException: Server returned HTTP response code: 403 for URL: http://www.hr.com/en/communities/ihr_compensation/incentives_measurement__reporting_and_analysis//en?t=/network/search/index&s=AujVT6CkDmAiuLFYwe&online=1&special=1

java.io.FileNotFoundException: http://www.hr.com/en/communities/hr_in_canada/canadian_masters_in_hr_strategy_execution//en/communities/human_resources_management/the_hr_practitioner/certification/

java.io.FileNotFoundException: http://www.hr.com/en/communities/hr_in_canada/canadian_masters_in_hr_strategy_execution//en/communities/human_resources_management/the_hr_practitioner/professional_associations/

java.io.FileNotFoundException: http://www.fr.com/pagenotfound/

java.io.FileNotFoundException: http://www.industryweek.com/procurement/midyear-service-centers-shipments-declining//ad.doubleclick.net/N3834/jump/iw.home/supply_chain/procurement%3bpos=300_1%3bptype=article%3bpage=/procurement/midyear-service-centers-shipments-declining%3bsz=300x600,300x250,300x100,160x600%3btile=9%3bord=123456789?

java.net.MalformedURLException: unknown protocol: javascript

java.io.FileNotFoundException: http://www.fr.com/pagenotfound/

java.io.FileNotFoundException: http://www.fr.com/pagenotfound/

java.io.FileNotFoundException: http://www.fr.com/pagenotfound/

java.io.FileNotFoundException: http://www.fr.com/pagenotfound/

java.io.FileNotFoundException: http://www.fr.com/pagenotfound/

java.io.FileNotFoundException: http://www.fr.com/pagenotfound/

java.io.FileNotFoundException: http://www.fr.com/pagenotfound/

java.io.FileNotFoundException: http://www.fr.com/pagenotfound/

java.io.FileNotFoundException: http://www.fr.com/pagenotfound/

java.io.FileNotFoundException: http://www.fr.com/pagenotfound/

java.io.FileNotFoundException: http://www.fr.com/pagenotfound/

java.io.FileNotFoundException: http://www.fr.com/pagenotfound/

java.io.FileNotFoundException: http://www.fr.com/pagenotfound/

java.io.FileNotFoundException: http://www.fr.com/pagenotfound/

java.io.FileNotFoundException: http://www.fr.com/pagenotfound/

java.io.FileNotFoundException: http://www.fr.com/pagenotfound/

java.io.FileNotFoundException: http://www.fr.com/pagenotfound/

java.io.FileNotFoundException: http://www.fr.com/pagenotfound/

java.io.FileNotFoundException: http://www.fr.com/pagenotfound/

java.io.FileNotFoundException: http://www.fr.com/pagenotfound/

java.io.FileNotFoundException: http://www.fr.com/pagenotfound/

java.io.FileNotFoundException: http://www.fr.com/pagenotfound/

java.io.FileNotFoundException: http://www.fr.com/pagenotfound/

java.io.FileNotFoundException: http://www.fr.com/pagenotfound/

java.io.FileNotFoundException: http://www.fr.com/pagenotfound/

java.io.FileNotFoundException: http://www.fr.com/pagenotfound/

java.io.FileNotFoundException: http://www.fr.com/pagenotfound/

java.io.FileNotFoundException: http://www.fr.com/pagenotfound/

java.io.FileNotFoundException: http://www.fr.com/pagenotfound/

java.io.FileNotFoundException: http://www.fr.com/pagenotfound/

java.io.FileNotFoundException: http://www.fr.com/pagenotfound/

java.io.FileNotFoundException: http://www.fr.com/pagenotfound/

java.io.FileNotFoundException: http://www.fr.com/pagenotfound/

java.io.FileNotFoundException: http://www.fr.com/pagenotfound/

java.io.FileNotFoundException: http://www.fr.com/pagenotfound/

java.io.FileNotFoundException: http://www.fr.com/pagenotfound/

java.io.FileNotFoundException: http://www.fr.com/pagenotfound/

java.io.FileNotFoundException: http://www.fr.com/pagenotfound/

java.io.FileNotFoundException: http://www.fr.com/pagenotfound/

java.io.FileNotFoundException: http://www.hr.com/en/communities/hr_in_canada/canadian_masters_in_hr_strategy_execution//en/communities/human_resources_management/the_hr_practitioner/skills_and_competencies/

java.io.FileNotFoundException: http://www.fr.com/pagenotfound/

java.io.FileNotFoundException: http://www.hr.com/en/communities/hr_in_canada/canadian_masters_in_hr_strategy_execution//en/communities/labor_relations/

java.io.FileNotFoundException: http://www.hr.com/en/communities/hr_in_canada/canadian_masters_in_hr_strategy_execution//en/communities/integrated_talent_management_001/

java.net.MalformedURLException: no protocol: category.php?id=33&brand=935

java.io.FileNotFoundException: http://www.hr.com/en/communities/hr_in_canada/canadian_masters_in_hr_strategy_execution//en/communities/labor_relations/absenteeism/

java.io.FileNotFoundException: http://www.hr.com/en/communities/hr_in_canada/canadian_masters_in_hr_strategy_execution//en/communities/labor_relations/conflict_and_dispute_resolution/

java.io.FileNotFoundException: http://www.hr.com/en/communities/hr_in_canada/canadian_masters_in_hr_strategy_execution//en/communities/labor_relations/discipline/

java.io.FileNotFoundException: http://www.hr.com/en/communities/hr_in_canada/canadian_masters_in_hr_strategy_execution//en/communities/labor_relations/discrimination/

java.io.FileNotFoundException: http://www.hr.com/en/communities/hr_in_canada/canadian_masters_in_hr_strategy_execution//en/communities/labor_relations/harassment/

java.io.FileNotFoundException: http://www.hr.com/en/communities/hr_in_canada/canadian_masters_in_hr_strategy_execution//en/communities/labor_relations/interpersonal_communications/

java.io.FileNotFoundException: http://www.fr.com/pagenotfound/

java.io.FileNotFoundException: http://www.fr.com/pagenotfound/

java.io.FileNotFoundException: http://www.fr.com/pagenotfound/

java.io.FileNotFoundException: http://www.fr.com/pagenotfound/

java.net.MalformedURLException: unknown protocol: javascript

java.io.FileNotFoundException: http://www.fr.com/pagenotfound/

java.io.FileNotFoundException: http://www.fr.com/pagenotfound/

java.io.FileNotFoundException: http://www.fr.com/pagenotfound/

java.io.FileNotFoundException: http://www.fr.com/pagenotfound/

java.io.FileNotFoundException: http://www.fr.com/pagenotfound/

java.io.FileNotFoundException: http://www.fr.com/pagenotfound/

java.io.FileNotFoundException: http://www.fr.com/pagenotfound/

java.io.FileNotFoundException: http://www.hr.com/en/communities/ihr_compensation/incentives_measurement__reporting_and_analysis/incentives_planning_and_management//en/communities/

java.io.FileNotFoundException: http://www.hr.com/en/communities/ihr_compensation/incentives_measurement__reporting_and_analysis/incentives_planning_and_management//en/communities/ihr_compensation/

java.io.FileNotFoundException: http://www.hr.com/en/communities/ihr_compensation/incentives_measurement__reporting_and_analysis/incentives_planning_and_management//en/communities/ihr_compensation/incentives_measurement__reporting_and_analysis/

java.io.FileNotFoundException: http://www.hr.com/en/communities/ihr_compensation/incentives_measurement__reporting_and_analysis/incentives_planning_and_management//en/communities/ihr_compensation/incentives_measurement__reporting_and_analysis/incentives_planning_and_management/

java.io.FileNotFoundException: http://www.hr.com/en/communities/ihr_compensation/incentives_measurement__reporting_and_analysis/incentives_planning_and_management//en/app/passwordLookup

java.net.MalformedURLException: unknown protocol: javascript

java.io.FileNotFoundException: http://www.hr.com/en/communities/ihr_compensation/incentives_measurement__reporting_and_analysis/incentives_planning_and_management//en/app/blog

java.io.FileNotFoundException: http://www.hr.com/en/communities/ihr_compensation/incentives_measurement__reporting_and_analysis/incentives_planning_and_management//en/app/file

java.io.FileNotFoundException: http://www.fr.com/pagenotfound/

java.io.FileNotFoundException: http://www.fr.com/pagenotfound/

java.io.FileNotFoundException: http://www.fr.com/pagenotfound/

java.io.FileNotFoundException: http://www.fr.com/pagenotfound/

java.io.FileNotFoundException: http://www.fr.com/pagenotfound/

java.io.FileNotFoundException: http://www.fr.com/pagenotfound/

java.io.FileNotFoundException: http://www.fr.com/pagenotfound/

java.io.FileNotFoundException: http://www.fr.com/pagenotfound/

java.io.FileNotFoundException: http://www.fr.com/pagenotfound/

java.io.FileNotFoundException: http://www.fr.com/pagenotfound/

java.io.FileNotFoundException: http://www.fr.com/pagenotfound/

java.io.FileNotFoundException: http://www.fr.com/pagenotfound/

java.io.FileNotFoundException: http://www.fr.com/pagenotfound/

java.io.FileNotFoundException: http://www.fr.com/pagenotfound/

java.io.FileNotFoundException: http://www.fr.com/pagenotfound/

java.io.FileNotFoundException: http://www.fr.com/pagenotfound/

java.io.FileNotFoundException: http://www.fr.com/pagenotfound/

java.io.FileNotFoundException: http://www.fr.com/pagenotfound/

java.io.FileNotFoundException: http://www.fr.com/pagenotfound/

java.io.FileNotFoundException: http://www.fr.com/pagenotfound/

java.io.FileNotFoundException: http://www.fr.com/pagenotfound/

java.io.FileNotFoundException: http://www.fr.com/pagenotfound/

java.io.FileNotFoundException: http://www.fr.com/pagenotfound/

java.io.FileNotFoundException: http://www.fr.com/pagenotfound/

java.io.FileNotFoundException: http://www.fr.com/pagenotfound/

java.io.FileNotFoundException: http://www.fr.com/pagenotfound/

java.io.FileNotFoundException: http://www.fr.com/pagenotfound/

java.io.FileNotFoundException: http://www.fr.com/pagenotfound/

java.io.FileNotFoundException: http://www.fr.com/pagenotfound/

java.io.FileNotFoundException: http://www.fr.com/pagenotfound/

java.io.FileNotFoundException: http://www.fr.com/pagenotfound/

java.io.FileNotFoundException: http://www.fr.com/pagenotfound/

java.io.FileNotFoundException: http://www.fr.com/pagenotfound/

java.io.FileNotFoundException: http://www.fr.com/pagenotfound/

java.io.FileNotFoundException: http://www.fr.com/pagenotfound/

java.io.FileNotFoundException: http://www.fr.com/pagenotfound/

java.io.FileNotFoundException: http://www.fr.com/pagenotfound/

java.io.FileNotFoundException: http://www.fr.com/pagenotfound/

java.io.FileNotFoundException: http://www.fr.com/pagenotfound/

java.io.FileNotFoundException: http://www.fr.com/pagenotfound/

java.io.IOException: Server returned HTTP response code: 400 for URL: http://www.fr.com/careers/faq/files/FileControl/71f9206a-1693-4359-99bb-075913ecb944/7483b893-e478-44a4-8fed-f49aa917d8cf/Presentation/File/2013 Why Work Card.pdf

java.io.IOException: Server returned HTTP response code: 400 for URL: http://www.fr.com/careers/faq/files/FileControl/b4f12a9b-ceff-4f7e-bbb6-1177067534c5/7483b893-e478-44a4-8fed-f49aa917d8cf/Presentation/File/Vault eprint 2012.pdf

java.io.FileNotFoundException: http://www.fr.com/pagenotfound/

java.io.FileNotFoundException: http://www.fr.com/pagenotfound/

java.io.FileNotFoundException: http://www.fr.com/pagenotfound/

java.io.FileNotFoundException: http://www.fr.com/pagenotfound/

java.io.FileNotFoundException: http://www.fr.com/pagenotfound/

java.net.MalformedURLException: unknown protocol: javascript

java.io.FileNotFoundException: http://www.fr.com/pagenotfound/

java.io.FileNotFoundException: http://www.fr.com/pagenotfound/

java.io.FileNotFoundException: http://www.hr.com/en/communities/ihr_compensation/incentives_measurement__reporting_and_analysis/incentives_planning_and_management//en/app/group

java.io.FileNotFoundException: http://www.fr.com/pagenotfound/

java.io.FileNotFoundException: http://www.fr.com/pagenotfound/

java.io.FileNotFoundException: http://www.fr.com/pagenotfound/

java.io.FileNotFoundException: http://www.fr.com/pagenotfound/

java.io.FileNotFoundException: http://www.fr.com/pagenotfound/

java.io.FileNotFoundException: http://www.fr.com/pagenotfound/

java.io.FileNotFoundException: http://www.fr.com/pagenotfound/

java.io.FileNotFoundException: http://www.fr.com/pagenotfound/

java.io.FileNotFoundException: http://www.fr.com/pagenotfound/

java.io.FileNotFoundException: http://www.fr.com/pagenotfound/

java.io.FileNotFoundException: http://www.fr.com/pagenotfound/

java.io.FileNotFoundException: http://www.fr.com/pagenotfound/

java.io.FileNotFoundException: http://www.fr.com/pagenotfound/

java.io.FileNotFoundException: http://www.fr.com/pagenotfound/

java.io.FileNotFoundException: http://www.fr.com/pagenotfound/

java.io.FileNotFoundException: http://www.fr.com/pagenotfound/

java.io.FileNotFoundException: http://www.fr.com/pagenotfound/

java.io.FileNotFoundException: http://www.fr.com/pagenotfound/

java.io.FileNotFoundException: http://www.fr.com/pagenotfound/

java.io.FileNotFoundException: http://www.fr.com/pagenotfound/

java.io.FileNotFoundException: http://www.fr.com/pagenotfound/

java.io.FileNotFoundException: http://www.fr.com/pagenotfound/

java.io.FileNotFoundException: http://www.fr.com/pagenotfound/

java.io.FileNotFoundException: http://www.fr.com/pagenotfound/

java.io.FileNotFoundException: http://www.fr.com/pagenotfound/

java.io.FileNotFoundException: http://www.fr.com/pagenotfound/

java.io.FileNotFoundException: http://www.fr.com/pagenotfound/

java.io.FileNotFoundException: http://www.fr.com/pagenotfound/

java.io.FileNotFoundException: http://www.fr.com/pagenotfound/

java.io.FileNotFoundException: http://www.fr.com/pagenotfound/

java.io.FileNotFoundException: http://www.fr.com/pagenotfound/

java.io.FileNotFoundException: http://www.fr.com/pagenotfound/

java.io.FileNotFoundException: http://www.fr.com/pagenotfound/

java.io.FileNotFoundException: http://www.fr.com/pagenotfound/

java.io.FileNotFoundException: http://www.fr.com/pagenotfound/

java.io.FileNotFoundException: http://www.fr.com/pagenotfound/

java.io.FileNotFoundException: http://www.fr.com/pagenotfound/

java.io.FileNotFoundException: http://www.fr.com/pagenotfound/

java.io.FileNotFoundException: http://www.fr.com/pagenotfound/

java.io.FileNotFoundException: http://www.hr.com/en/communities/ihr_compensation/incentives_measurement__reporting_and_analysis/incentives_planning_and_management//en/app/network/search/newest

java.io.FileNotFoundException: http://www.fr.com/pagenotfound/

java.io.FileNotFoundException: http://www.fr.com/pagenotfound/

java.io.FileNotFoundException: http://www.fr.com/pagenotfound/

java.io.FileNotFoundException: http://www.fr.com/pagenotfound/

java.io.FileNotFoundException: http://www.fr.com/pagenotfound/

java.io.FileNotFoundException: http://www.fr.com/pagenotfound/

java.io.FileNotFoundException: http://www.fr.com/pagenotfound/

java.io.FileNotFoundException: http://www.fr.com/pagenotfound/

java.io.FileNotFoundException: http://www.fr.com/pagenotfound/

java.io.FileNotFoundException: http://www.fr.com/pagenotfound/

java.io.FileNotFoundException: http://www.fr.com/pagenotfound/

java.io.FileNotFoundException: http://www.fr.com/pagenotfound/

java.io.FileNotFoundException: http://www.fr.com/pagenotfound/

java.io.FileNotFoundException: http://www.fr.com/pagenotfound/

java.net.MalformedURLException: unknown protocol: javascript

java.io.FileNotFoundException: http://www.fr.com/pagenotfound/

java.io.FileNotFoundException: http://www.fr.com/pagenotfound/

java.io.FileNotFoundException: http://www.fr.com/pagenotfound/

java.io.FileNotFoundException: http://www.fr.com/pagenotfound/

java.io.FileNotFoundException: http://www.fr.com/pagenotfound/

java.io.FileNotFoundException: http://www.fr.com/pagenotfound/

java.io.FileNotFoundException: http://www.fr.com/pagenotfound/

java.io.FileNotFoundException: http://www.fr.com/pagenotfound/

java.io.FileNotFoundException: http://www.fr.com/pagenotfound/

java.io.FileNotFoundException: http://www.fr.com/pagenotfound/

java.io.FileNotFoundException: http://www.fr.com/pagenotfound/

java.io.FileNotFoundException: http://www.fr.com/pagenotfound/

java.io.FileNotFoundException: http://www.fr.com/pagenotfound/

java.io.FileNotFoundException: http://www.fr.com/pagenotfound/

java.io.FileNotFoundException: http://www.fr.com/pagenotfound/

java.io.FileNotFoundException: http://www.fr.com/pagenotfound/

java.io.FileNotFoundException: http://www.fr.com/pagenotfound/

java.io.FileNotFoundException: http://www.fr.com/pagenotfound/

java.io.FileNotFoundException: http://www.fr.com/pagenotfound/

java.io.FileNotFoundException: http://www.fr.com/pagenotfound/

java.io.FileNotFoundException: http://www.fr.com/pagenotfound/

java.io.FileNotFoundException: http://www.fr.com/pagenotfound/

java.io.FileNotFoundException: http://www.fr.com/pagenotfound/

java.io.FileNotFoundException: http://www.fr.com/pagenotfound/

java.io.FileNotFoundException: http://www.fr.com/pagenotfound/

java.io.FileNotFoundException: http://www.fr.com/pagenotfound/

java.io.FileNotFoundException: http://www.fr.com/pagenotfound/

java.io.FileNotFoundException: http://www.fr.com/pagenotfound/

java.io.FileNotFoundException: http://www.fr.com/pagenotfound/

java.io.FileNotFoundException: http://www.fr.com/pagenotfound/

java.io.FileNotFoundException: http://www.fr.com/pagenotfound/

java.io.FileNotFoundException: http://www.fr.com/pagenotfound/

java.io.FileNotFoundException: http://www.fr.com/pagenotfound/

java.io.FileNotFoundException: http://www.fr.com/pagenotfound/

java.io.FileNotFoundException: http://www.fr.com/pagenotfound/

java.io.FileNotFoundException: http://www.fr.com/pagenotfound/

java.io.FileNotFoundException: http://www.fr.com/pagenotfound/

java.io.FileNotFoundException: http://www.fr.com/pagenotfound/

java.io.FileNotFoundException: http://www.fr.com/pagenotfound/

java.io.FileNotFoundException: http://www.fr.com/pagenotfound/

java.io.FileNotFoundException: http://www.fr.com/pagenotfound/

java.io.FileNotFoundException: http://www.fr.com/pagenotfound/

java.io.FileNotFoundException: http://www.fr.com/pagenotfound/

java.io.FileNotFoundException: http://www.fr.com/pagenotfound/

java.io.FileNotFoundException: http://www.fr.com/pagenotfound/

java.io.FileNotFoundException: http://www.fr.com/pagenotfound/

java.io.FileNotFoundException: http://www.fr.com/pagenotfound/

java.io.FileNotFoundException: http://www.fr.com/pagenotfound/

java.io.FileNotFoundException: http://www.fr.com/pagenotfound/

java.io.FileNotFoundException: http://www.fr.com/pagenotfound/

java.io.FileNotFoundException: http://www.fr.com/pagenotfound/

java.io.FileNotFoundException: http://edu.qq.com/abroad//a/20130314/000093.htm

java.io.FileNotFoundException: http://www.fr.com/pagenotfound/

java.io.FileNotFoundException: http://www.fr.com/pagenotfound/

java.net.MalformedURLException: unknown protocol: javascript

java.io.FileNotFoundException: http://www.fr.com/pagenotfound/

java.io.FileNotFoundException: http://www.fr.com/pagenotfound/

java.io.FileNotFoundException: http://www.fr.com/pagenotfound/

java.io.FileNotFoundException: http://www.fr.com/pagenotfound/

java.io.FileNotFoundException: http://www.fr.com/pagenotfound/

java.io.FileNotFoundException: http://www.fr.com/pagenotfound/

java.io.FileNotFoundException: http://www.fr.com/pagenotfound/

java.io.FileNotFoundException: http://www.fr.com/pagenotfound/

java.io.FileNotFoundException: http://www.fr.com/pagenotfound/

java.io.FileNotFoundException: http://www.fr.com/pagenotfound/

java.io.FileNotFoundException: http://www.fr.com/pagenotfound/

java.io.FileNotFoundException: http://www.fr.com/pagenotfound/

java.io.FileNotFoundException: http://www.fr.com/pagenotfound/

java.io.FileNotFoundException: http://www.fr.com/pagenotfound/

java.io.FileNotFoundException: http://www.fr.com/pagenotfound/

java.io.FileNotFoundException: http://www.fr.com/pagenotfound/

java.io.FileNotFoundException: http://www.fr.com/pagenotfound/

java.io.FileNotFoundException: http://www.fr.com/pagenotfound/

java.io.FileNotFoundException: http://www.fr.com/pagenotfound/

java.io.FileNotFoundException: http://www.fr.com/pagenotfound/

java.io.FileNotFoundException: http://www.fr.com/pagenotfound/

java.io.FileNotFoundException: http://www.fr.com/pagenotfound/

java.io.FileNotFoundException: http://www.fr.com/pagenotfound/

java.io.FileNotFoundException: http://www.fr.com/pagenotfound/

java.io.FileNotFoundException: http://www.fr.com/pagenotfound/

java.io.FileNotFoundException: http://www.fr.com/pagenotfound/

java.io.FileNotFoundException: http://www.fr.com/pagenotfound/

java.io.FileNotFoundException: http://www.fr.com/pagenotfound/

java.io.FileNotFoundException: http://www.fr.com/pagenotfound/

java.io.FileNotFoundException: http://www.fr.com/pagenotfound/

java.io.FileNotFoundException: http://www.fr.com/pagenotfound/

java.io.FileNotFoundException: http://www.fr.com/pagenotfound/

java.io.FileNotFoundException: http://www.fr.com/pagenotfound/

java.io.FileNotFoundException: http://www.fr.com/pagenotfound/

java.io.FileNotFoundException: http://www.fr.com/pagenotfound/

java.io.FileNotFoundException: http://www.fr.com/pagenotfound/

java.io.FileNotFoundException: http://www.fr.com/pagenotfound/

java.io.FileNotFoundException: http://www.fr.com/pagenotfound/

java.io.FileNotFoundException: http://www.fr.com/pagenotfound/

java.io.FileNotFoundException: http://www.fr.com/pagenotfound/

java.io.FileNotFoundException: http://www.fr.com/pagenotfound/

java.io.FileNotFoundException: http://www.fr.com/pagenotfound/

java.io.FileNotFoundException: http://www.fr.com/pagenotfound/

java.io.FileNotFoundException: http://www.fr.com/pagenotfound/

java.io.FileNotFoundException: http://www.hr.com/en/communities/ihr_compensation/incentives_measurement__reporting_and_analysis/incentives_planning_and_management//en/webcasts_events/webcasts/upcoming_webcasts/poorly-engaged-retail-employees-are-just-not-that-_hkfu0n5u.html

java.io.FileNotFoundException: http://www.fr.com/pagenotfound/

java.io.FileNotFoundException: http://www.fr.com/pagenotfound/

java.io.FileNotFoundException: http://www.hr.com/en/communities/ihr_compensation/incentives_measurement__reporting_and_analysis/incentives_planning_and_management//en/webcasts_events/webcasts/archived_webcasts_and_podcasts/the-new-world-of-deferred-compensation-from-unmana_hfoescdf.html

java.io.FileNotFoundException: http://www.hr.com/en/communities/ihr_compensation/incentives_measurement__reporting_and_analysis/incentives_planning_and_management//en/webcasts_events/webcasts/archived_webcasts_and_podcasts/goal-setting-tutorial--a-straightforward-approach-_hggktjhb.html

java.io.FileNotFoundException: http://www.hr.com/en/communities/ihr_compensation/incentives_measurement__reporting_and_analysis/incentives_planning_and_management//en/webcasts_events/webcasts/archived_webcasts_and_podcasts/how-non-monetary-social-recognition-delivers-more-_hdotyq4y.html

java.io.FileNotFoundException: http://www.fr.com/pagenotfound/

java.io.FileNotFoundException: http://www.youtube.com/ts/watch?v=4z6uRzvkYVc&list=PLA46AD337F35A5943

java.io.FileNotFoundException: http://www.fr.com/pagenotfound/

java.net.MalformedURLException: unknown protocol: javascript

java.io.FileNotFoundException: http://www.fr.com/pagenotfound/

java.io.FileNotFoundException: http://www.fr.com/pagenotfound/

java.io.FileNotFoundException: http://www.fr.com/pagenotfound/

java.io.FileNotFoundException: http://www.fr.com/pagenotfound/

java.io.FileNotFoundException: http://www.fr.com/pagenotfound/

java.io.FileNotFoundException: http://www.fr.com/pagenotfound/

java.io.FileNotFoundException: http://www.fr.com/pagenotfound/

java.io.FileNotFoundException: http://www.fr.com/pagenotfound/

java.io.FileNotFoundException: http://www.fr.com/pagenotfound/

java.io.FileNotFoundException: http://www.fr.com/pagenotfound/

java.io.FileNotFoundException: http://www.fr.com/pagenotfound/

java.io.FileNotFoundException: http://www.fr.com/pagenotfound/

java.io.FileNotFoundException: http://www.fr.com/pagenotfound/

java.io.FileNotFoundException: http://www.fr.com/pagenotfound/

java.io.FileNotFoundException: http://www.fr.com/pagenotfound/

java.net.MalformedURLException: unknown protocol: javascript

java.io.FileNotFoundException: http://www.fr.com/pagenotfound/

java.io.FileNotFoundException: http://www.fr.com/pagenotfound/

java.io.FileNotFoundException: http://www.fr.com/pagenotfound/

java.io.FileNotFoundException: http://www.fr.com/pagenotfound/

java.io.FileNotFoundException: http://www.fr.com/pagenotfound/

java.io.FileNotFoundException: http://www.fr.com/pagenotfound/

java.io.FileNotFoundException: http://www.fr.com/pagenotfound/

java.io.FileNotFoundException: http://www.fr.com/pagenotfound/

java.io.FileNotFoundException: http://www.fr.com/pagenotfound/

java.io.FileNotFoundException: http://www.fr.com/pagenotfound/

java.io.FileNotFoundException: http://www.fr.com/pagenotfound/

java.io.FileNotFoundException: http://www.fr.com/pagenotfound/

java.io.FileNotFoundException: http://www.fr.com/pagenotfound/

java.io.FileNotFoundException: http://www.fr.com/pagenotfound/

java.io.FileNotFoundException: http://www.fr.com/pagenotfound/

java.io.FileNotFoundException: http://www.fr.com/pagenotfound/

java.io.FileNotFoundException: http://www.fr.com/pagenotfound/

java.io.FileNotFoundException: http://www.fr.com/pagenotfound/

java.io.FileNotFoundException: http://www.fr.com/pagenotfound/

java.io.FileNotFoundException: http://www.fr.com/pagenotfound/

java.io.FileNotFoundException: http://www.fr.com/pagenotfound/

java.io.FileNotFoundException: http://www.fr.com/pagenotfound/

java.io.FileNotFoundException: http://www.fr.com/pagenotfound/

java.io.FileNotFoundException: http://www.fr.com/pagenotfound/

java.io.FileNotFoundException: http://www.fr.com/pagenotfound/

java.io.FileNotFoundException: http://www.fr.com/pagenotfound/

java.io.FileNotFoundException: http://www.fr.com/pagenotfound/

java.io.FileNotFoundException: http://www.fr.com/pagenotfound/

java.io.FileNotFoundException: http://www.fr.com/pagenotfound/

java.io.FileNotFoundException: http://www.fr.com/pagenotfound/

java.io.FileNotFoundException: http://www.fr.com/pagenotfound/

java.io.FileNotFoundException: http://www.fr.com/pagenotfound/

java.io.FileNotFoundException: http://www.fr.com/pagenotfound/

java.io.FileNotFoundException: http://www.fr.com/pagenotfound/

java.io.FileNotFoundException: http://www.fr.com/pagenotfound/

java.io.FileNotFoundException: http://www.fr.com/pagenotfound/

java.io.FileNotFoundException: http://www.fr.com/pagenotfound/

java.io.FileNotFoundException: http://www.fr.com/pagenotfound/

java.io.FileNotFoundException: http://www.fr.com/pagenotfound/

java.io.FileNotFoundException: http://www.fr.com/pagenotfound/

java.io.FileNotFoundException: http://www.fr.com/pagenotfound/

java.io.FileNotFoundException: http://www.fr.com/pagenotfound/

java.io.FileNotFoundException: http://www.fr.com/pagenotfound/

java.io.FileNotFoundException: http://www.fr.com/pagenotfound/

java.io.FileNotFoundException: http://www.fr.com/pagenotfound/

java.io.FileNotFoundException: http://www.fr.com/pagenotfound/

java.io.FileNotFoundException: http://www.fr.com/pagenotfound/

java.io.FileNotFoundException: http://www.fr.com/pagenotfound/

java.io.FileNotFoundException: http://www.fr.com/pagenotfound/

java.io.FileNotFoundException: http://www.fr.com/pagenotfound/

java.io.FileNotFoundException: http://www.fr.com/pagenotfound/

java.io.FileNotFoundException: http://www.fr.com/pagenotfound/

java.net.MalformedURLException: unknown protocol: javascript

java.io.FileNotFoundException: http://www.fr.com/pagenotfound/

java.io.FileNotFoundException: http://www.fr.com/pagenotfound/

java.io.FileNotFoundException: http://www.fr.com/pagenotfound/

java.io.FileNotFoundException: http://www.fr.com/pagenotfound/

java.io.FileNotFoundException: http://www.fr.com/pagenotfound/

java.io.FileNotFoundException: http://www.fr.com/pagenotfound/

java.io.FileNotFoundException: http://www.fr.com/pagenotfound/

java.io.FileNotFoundException: http://www.fr.com/pagenotfound/

java.io.FileNotFoundException: http://www.fr.com/pagenotfound/

java.io.FileNotFoundException: http://www.fr.com/pagenotfound/

java.io.FileNotFoundException: http://www.fr.com/pagenotfound/

java.io.FileNotFoundException: http://www.fr.com/pagenotfound/

java.io.FileNotFoundException: http://www.fr.com/pagenotfound/

java.io.FileNotFoundException: http://www.fr.com/pagenotfound/

java.io.FileNotFoundException: http://www.fr.com/pagenotfound/

java.io.FileNotFoundException: http://www.fr.com/pagenotfound/

java.io.FileNotFoundException: http://www.fr.com/pagenotfound/

java.io.FileNotFoundException: http://www.fr.com/pagenotfound/

java.io.FileNotFoundException: http://www.fr.com/pagenotfound/

java.io.FileNotFoundException: http://www.fr.com/pagenotfound/

java.io.FileNotFoundException: http://www.fr.com/pagenotfound/

java.io.FileNotFoundException: http://www.fr.com/pagenotfound/

java.io.FileNotFoundException: http://www.fr.com/pagenotfound/

java.io.FileNotFoundException: http://www.fr.com/pagenotfound/

java.io.FileNotFoundException: http://www.fr.com/pagenotfound/

java.io.FileNotFoundException: http://www.fr.com/pagenotfound/

java.io.FileNotFoundException: http://www.fr.com/pagenotfound/

java.io.FileNotFoundException: http://www.fr.com/pagenotfound/

java.io.FileNotFoundException: http://www.fr.com/pagenotfound/

java.io.FileNotFoundException: http://www.fr.com/pagenotfound/

java.io.FileNotFoundException: http://www.fr.com/pagenotfound/

java.io.FileNotFoundException: http://www.fr.com/pagenotfound/

java.io.FileNotFoundException: http://www.fr.com/pagenotfound/

java.io.FileNotFoundException: http://www.fr.com/pagenotfound/

java.io.FileNotFoundException: http://www.fr.com/pagenotfound/

java.io.FileNotFoundException: http://www.fr.com/pagenotfound/

java.io.FileNotFoundException: http://www.fr.com/pagenotfound/

java.io.FileNotFoundException: http://www.fr.com/pagenotfound/

java.io.FileNotFoundException: http://www.fr.com/pagenotfound/

java.io.FileNotFoundException: http://www.fr.com/pagenotfound/

java.io.FileNotFoundException: http://www.fr.com/pagenotfound/

java.io.FileNotFoundException: http://www.fr.com/pagenotfound/

java.io.FileNotFoundException: http://www.fr.com/pagenotfound/

java.io.FileNotFoundException: http://www.fr.com/pagenotfound/

java.io.FileNotFoundException: http://www.fr.com/pagenotfound/

java.io.FileNotFoundException: http://www.fr.com/pagenotfound/

java.io.FileNotFoundException: http://www.fr.com/pagenotfound/

java.io.FileNotFoundException: http://www.fr.com/pagenotfound/

java.io.FileNotFoundException: http://www.fr.com/pagenotfound/

java.io.FileNotFoundException: http://www.fr.com/pagenotfound/

java.io.FileNotFoundException: http://www.fr.com/pagenotfound/

java.io.FileNotFoundException: http://www.fr.com/pagenotfound/

java.io.FileNotFoundException: http://www.fr.com/pagenotfound/

java.io.FileNotFoundException: http://www.fr.com/pagenotfound/

java.io.FileNotFoundException: http://www.fr.com/pagenotfound/

java.io.FileNotFoundException: http://www.fr.com/pagenotfound/

java.io.FileNotFoundException: http://www.fr.com/pagenotfound/

java.io.FileNotFoundException: http://www.fr.com/pagenotfound/

java.net.MalformedURLException: unknown protocol: javascript

java.io.FileNotFoundException: http://www.fr.com/pagenotfound/

java.io.FileNotFoundException: http://www.fr.com/pagenotfound/

java.io.FileNotFoundException: http://www.fr.com/pagenotfound/

java.io.FileNotFoundException: http://www.fr.com/pagenotfound/

java.io.FileNotFoundException: http://www.fr.com/pagenotfound/

java.io.FileNotFoundException: http://www.fr.com/pagenotfound/

java.io.FileNotFoundException: http://www.fr.com/pagenotfound/

java.io.FileNotFoundException: http://www.fr.com/pagenotfound/

java.io.FileNotFoundException: http://www.fr.com/pagenotfound/

java.io.FileNotFoundException: http://www.fr.com/pagenotfound/

java.io.FileNotFoundException: http://www.fr.com/pagenotfound/

java.io.FileNotFoundException: http://www.fr.com/pagenotfound/

java.io.FileNotFoundException: http://www.fr.com/pagenotfound/

java.io.FileNotFoundException: http://www.fr.com/pagenotfound/

java.io.FileNotFoundException: http://www.fr.com/pagenotfound/

java.io.FileNotFoundException: http://www.fr.com/pagenotfound/

java.io.FileNotFoundException: http://www.fr.com/pagenotfound/

java.io.FileNotFoundException: http://www.fr.com/pagenotfound/

java.io.FileNotFoundException: http://www.fr.com/pagenotfound/

java.io.FileNotFoundException: http://www.fr.com/pagenotfound/

java.io.FileNotFoundException: http://www.fr.com/pagenotfound/

java.io.FileNotFoundException: http://www.fr.com/pagenotfound/

java.io.FileNotFoundException: http://www.fr.com/pagenotfound/

java.io.FileNotFoundException: http://www.fr.com/pagenotfound/

java.io.FileNotFoundException: http://www.fr.com/pagenotfound/

java.io.FileNotFoundException: http://www.fr.com/pagenotfound/

java.io.FileNotFoundException: http://www.fr.com/pagenotfound/

java.io.FileNotFoundException: http://www.fr.com/pagenotfound/

java.io.FileNotFoundException: http://www.fr.com/pagenotfound/

java.io.FileNotFoundException: http://www.fr.com/pagenotfound/

java.io.FileNotFoundException: http://www.fr.com/pagenotfound/

java.io.FileNotFoundException: http://www.fr.com/pagenotfound/

java.io.FileNotFoundException: http://www.fr.com/pagenotfound/

java.io.FileNotFoundException: http://www.fr.com/pagenotfound/

java.io.FileNotFoundException: http://www.fr.com/pagenotfound/

java.io.FileNotFoundException: http://www.fr.com/pagenotfound/

java.io.FileNotFoundException: http://www.fr.com/pagenotfound/

java.io.FileNotFoundException: http://www.fr.com/pagenotfound/

java.io.FileNotFoundException: http://www.fr.com/pagenotfound/

java.io.FileNotFoundException: http://www.fr.com/pagenotfound/

java.io.FileNotFoundException: http://www.fr.com/pagenotfound/

java.io.FileNotFoundException: http://www.fr.com/pagenotfound/

java.io.FileNotFoundException: http://www.fr.com/pagenotfound/

java.io.FileNotFoundException: http://www.fr.com/pagenotfound/

java.io.FileNotFoundException: http://www.fr.com/pagenotfound/

java.io.FileNotFoundException: http://www.fr.com/pagenotfound/

java.io.FileNotFoundException: http://www.fr.com/pagenotfound/

java.io.FileNotFoundException: http://www.fr.com/pagenotfound/

java.io.FileNotFoundException: http://www.fr.com/pagenotfound/

java.io.FileNotFoundException: http://www.fr.com/pagenotfound/

java.io.FileNotFoundException: http://www.abm.com/pages/greencare-green-cleaning-janitoial-services-program.aspx

java.io.FileNotFoundException: http://www.fr.com/pagenotfound/

java.net.MalformedURLException: unknown protocol: javascript

java.io.FileNotFoundException: http://www.fr.com/pagenotfound/

java.io.FileNotFoundException: http://www.fr.com/pagenotfound/

java.io.FileNotFoundException: http://www.fr.com/pagenotfound/

java.io.FileNotFoundException: http://www.fr.com/pagenotfound/

java.io.FileNotFoundException: http://www.fr.com/pagenotfound/

java.io.FileNotFoundException: http://www.fr.com/pagenotfound/

java.io.FileNotFoundException: http://www.fr.com/pagenotfound/

java.io.FileNotFoundException: http://www.fr.com/pagenotfound/

java.io.FileNotFoundException: http://www.fr.com/pagenotfound/

java.io.FileNotFoundException: http://www.fr.com/pagenotfound/

java.io.FileNotFoundException: http://www.fr.com/pagenotfound/

java.io.FileNotFoundException: http://www.fr.com/pagenotfound/

java.io.FileNotFoundException: http://www.fr.com/pagenotfound/

java.io.FileNotFoundException: http://www.fr.com/pagenotfound/

java.io.FileNotFoundException: http://www.fr.com/pagenotfound/

java.io.FileNotFoundException: http://www.fr.com/pagenotfound/

java.io.FileNotFoundException: http://www.fr.com/pagenotfound/

java.io.FileNotFoundException: http://www.fr.com/pagenotfound/

java.io.FileNotFoundException: http://www.fr.com/pagenotfound/

java.io.FileNotFoundException: http://www.fr.com/pagenotfound/

java.io.FileNotFoundException: http://www.fr.com/pagenotfound/

java.io.FileNotFoundException: http://www.fr.com/pagenotfound/

java.io.FileNotFoundException: http://www.fr.com/pagenotfound/

java.io.FileNotFoundException: http://www.fr.com/pagenotfound/

java.io.FileNotFoundException: http://www.fr.com/pagenotfound/

java.io.FileNotFoundException: http://www.fr.com/pagenotfound/

java.io.FileNotFoundException: http://www.fr.com/pagenotfound/

java.io.FileNotFoundException: http://www.fr.com/pagenotfound/

java.io.FileNotFoundException: http://www.fr.com/pagenotfound/

java.io.FileNotFoundException: http://www.fr.com/pagenotfound/

java.io.FileNotFoundException: http://www.fr.com/pagenotfound/

java.io.FileNotFoundException: http://www.fr.com/pagenotfound/

java.io.FileNotFoundException: http://www.fr.com/pagenotfound/

java.io.FileNotFoundException: http://www.fr.com/pagenotfound/

java.io.FileNotFoundException: http://www.fr.com/pagenotfound/

java.io.FileNotFoundException: http://www.fr.com/pagenotfound/

java.io.FileNotFoundException: http://www.fr.com/pagenotfound/

java.io.FileNotFoundException: http://www.fr.com/pagenotfound/

java.io.FileNotFoundException: http://www.fr.com/pagenotfound/

java.io.FileNotFoundException: http://www.fr.com/pagenotfound/

java.io.FileNotFoundException: http://www.fr.com/pagenotfound/

java.io.FileNotFoundException: http://www.fr.com/pagenotfound/

java.io.FileNotFoundException: http://www.fr.com/pagenotfound/

java.io.FileNotFoundException: http://www.fr.com/pagenotfound/

java.io.FileNotFoundException: http://www.fr.com/pagenotfound/

java.io.FileNotFoundException: http://www.fr.com/pagenotfound/

java.io.FileNotFoundException: http://www.fr.com/pagenotfound/

java.io.FileNotFoundException: http://www.fr.com/pagenotfound/

java.io.FileNotFoundException: http://www.fr.com/pagenotfound/

java.io.FileNotFoundException: http://www.fr.com/pagenotfound/

java.io.FileNotFoundException: http://www.fr.com/pagenotfound/

java.io.FileNotFoundException: http://www.fr.com/pagenotfound/

java.io.FileNotFoundException: http://www.fr.com/pagenotfound/

java.io.FileNotFoundException: http://www.fr.com/pagenotfound/

java.io.FileNotFoundException: http://www.fr.com/pagenotfound/

java.io.FileNotFoundException: http://www.fr.com/pagenotfound/

java.io.FileNotFoundException: http://www.fr.com/pagenotfound/

java.io.FileNotFoundException: http://www.fr.com/pagenotfound/

java.io.FileNotFoundException: http://www.fr.com/pagenotfound/

java.io.FileNotFoundException: http://www.fr.com/pagenotfound/

java.net.MalformedURLException: unknown protocol: javascript

java.io.FileNotFoundException: http://www.fr.com/pagenotfound/

java.io.FileNotFoundException: http://www.fr.com/pagenotfound/

java.io.FileNotFoundException: http://www.fr.com/pagenotfound/

java.io.FileNotFoundException: http://www.fr.com/pagenotfound/

java.io.FileNotFoundException: http://www.fr.com/pagenotfound/

java.io.FileNotFoundException: http://www.fr.com/pagenotfound/

java.io.FileNotFoundException: http://www.fr.com/pagenotfound/

java.io.FileNotFoundException: http://www.fr.com/pagenotfound/

java.io.FileNotFoundException: http://www.fr.com/pagenotfound/

java.io.FileNotFoundException: http://www.fr.com/pagenotfound/

java.io.FileNotFoundException: http://www.fr.com/pagenotfound/

java.io.FileNotFoundException: http://www.fr.com/pagenotfound/

java.io.FileNotFoundException: http://www.fr.com/pagenotfound/

java.io.FileNotFoundException: http://www.fr.com/pagenotfound/

java.io.FileNotFoundException: http://www.fr.com/pagenotfound/

java.io.FileNotFoundException: http://www.fr.com/pagenotfound/

java.io.FileNotFoundException: http://www.fr.com/pagenotfound/

java.io.FileNotFoundException: http://www.fr.com/pagenotfound/

java.io.FileNotFoundException: http://www.fr.com/pagenotfound/

java.io.FileNotFoundException: http://www.fr.com/pagenotfound/

java.io.FileNotFoundException: http://www.fr.com/pagenotfound/

java.io.FileNotFoundException: http://www.fr.com/pagenotfound/

java.io.FileNotFoundException: http://www.fr.com/pagenotfound/

java.io.FileNotFoundException: http://www.fr.com/pagenotfound/

java.io.FileNotFoundException: http://www.fr.com/pagenotfound/

java.io.FileNotFoundException: http://www.fr.com/pagenotfound/

java.io.FileNotFoundException: http://www.fr.com/pagenotfound/

java.io.FileNotFoundException: http://www.fr.com/pagenotfound/

java.io.FileNotFoundException: http://www.fr.com/pagenotfound/

java.io.FileNotFoundException: http://www.fr.com/pagenotfound/

java.io.FileNotFoundException: http://www.fr.com/pagenotfound/

java.io.FileNotFoundException: http://www.fr.com/pagenotfound/

java.io.FileNotFoundException: http://www.fr.com/pagenotfound/

java.io.FileNotFoundException: http://www.fr.com/pagenotfound/

java.io.FileNotFoundException: http://www.fr.com/pagenotfound/

java.io.FileNotFoundException: http://www.fr.com/pagenotfound/

java.io.FileNotFoundException: http://www.fr.com/pagenotfound/

java.io.FileNotFoundException: http://www.fr.com/pagenotfound/

java.io.FileNotFoundException: http://www.fr.com/pagenotfound/

java.io.FileNotFoundException: http://www.fr.com/pagenotfound/

java.io.FileNotFoundException: http://www.fr.com/pagenotfound/

java.io.FileNotFoundException: http://www.fr.com/pagenotfound/

java.io.FileNotFoundException: http://www.abm.com/pages/greencare-green-cleaning-janitoial-services-program.aspx

java.net.MalformedURLException: no protocol: category.php?id=33&brand=937

java.io.FileNotFoundException: http://www.fr.com/pagenotfound/

java.io.FileNotFoundException: http://www.fr.com/pagenotfound/

java.io.FileNotFoundException: http://www.fr.com/pagenotfound/

java.io.FileNotFoundException: http://www.fr.com/pagenotfound/

java.io.FileNotFoundException: http://www.fr.com/pagenotfound/

java.io.FileNotFoundException: http://www.fr.com/pagenotfound/

java.io.FileNotFoundException: http://www.fr.com/pagenotfound/

java.io.FileNotFoundException: http://www.fr.com/pagenotfound/

java.net.MalformedURLException: unknown protocol: javascript

java.io.FileNotFoundException: http://www.fr.com/pagenotfound/

java.io.FileNotFoundException: http://www.fr.com/pagenotfound/

java.io.FileNotFoundException: http://www.fr.com/pagenotfound/

java.io.FileNotFoundException: http://www.fr.com/pagenotfound/

java.io.FileNotFoundException: http://www.fr.com/pagenotfound/

java.io.FileNotFoundException: http://www.fr.com/pagenotfound/

java.io.FileNotFoundException: http://www.fr.com/pagenotfound/

java.io.FileNotFoundException: http://www.fr.com/pagenotfound/

java.io.FileNotFoundException: http://www.fr.com/pagenotfound/

java.io.FileNotFoundException: http://www.fr.com/pagenotfound/

java.io.FileNotFoundException: http://www.fr.com/pagenotfound/

java.io.FileNotFoundException: http://www.fr.com/pagenotfound/

java.io.FileNotFoundException: http://www.fr.com/pagenotfound/

java.io.FileNotFoundException: http://www.fr.com/pagenotfound/

java.io.FileNotFoundException: http://www.fr.com/pagenotfound/

java.io.FileNotFoundException: http://www.fr.com/pagenotfound/

java.io.FileNotFoundException: http://www.fr.com/pagenotfound/

java.io.FileNotFoundException: http://www.fr.com/pagenotfound/

java.io.FileNotFoundException: http://www.fr.com/pagenotfound/

java.io.FileNotFoundException: http://www.fr.com/pagenotfound/

java.io.FileNotFoundException: http://www.fr.com/pagenotfound/

java.io.FileNotFoundException: http://www.fr.com/pagenotfound/

java.io.FileNotFoundException: http://www.fr.com/pagenotfound/

java.io.FileNotFoundException: http://www.fr.com/pagenotfound/

java.io.FileNotFoundException: http://www.fr.com/pagenotfound/

java.io.FileNotFoundException: http://www.fr.com/pagenotfound/

java.io.FileNotFoundException: http://www.fr.com/pagenotfound/

java.io.FileNotFoundException: http://www.fr.com/pagenotfound/

java.io.FileNotFoundException: http://www.fr.com/pagenotfound/

java.io.FileNotFoundException: http://www.fr.com/pagenotfound/

java.io.FileNotFoundException: http://www.fr.com/pagenotfound/

java.io.FileNotFoundException: http://www.fr.com/pagenotfound/

java.io.FileNotFoundException: http://www.fr.com/pagenotfound/

java.io.FileNotFoundException: http://www.fr.com/pagenotfound/

java.io.FileNotFoundException: http://www.fr.com/pagenotfound/

java.io.FileNotFoundException: http://www.fr.com/pagenotfound/

java.io.FileNotFoundException: http://www.fr.com/pagenotfound/

java.io.FileNotFoundException: http://www.fr.com/pagenotfound/

java.io.FileNotFoundException: http://www.fr.com/pagenotfound/

java.io.FileNotFoundException: http://www.fr.com/pagenotfound/

java.io.FileNotFoundException: http://www.fr.com/pagenotfound/

java.io.FileNotFoundException: http://www.fr.com/pagenotfound/

java.io.FileNotFoundException: http://www.fr.com/pagenotfound/

java.io.FileNotFoundException: http://www.fr.com/pagenotfound/

java.io.FileNotFoundException: http://www.fr.com/pagenotfound/

java.io.FileNotFoundException: http://www.fr.com/pagenotfound/

java.io.FileNotFoundException: http://www.fr.com/pagenotfound/

java.io.FileNotFoundException: http://www.fr.com/pagenotfound/

java.io.FileNotFoundException: http://www.fr.com/pagenotfound/

java.io.FileNotFoundException: http://www.fr.com/pagenotfound/

java.io.FileNotFoundException: http://www.fr.com/pagenotfound/

java.io.FileNotFoundException: http://www.fr.com/pagenotfound/

java.io.FileNotFoundException: http://www.fr.com/pagenotfound/

java.io.FileNotFoundException: http://www.fr.com/pagenotfound/

java.io.FileNotFoundException: http://www.fr.com/pagenotfound/

java.net.MalformedURLException: unknown protocol: javascript

java.io.FileNotFoundException: http://www.fr.com/pagenotfound/

java.io.FileNotFoundException: http://www.fr.com/pagenotfound/

java.io.FileNotFoundException: http://www.fr.com/pagenotfound/

java.io.FileNotFoundException: http://www.fr.com/pagenotfound/

java.io.FileNotFoundException: http://www.fr.com/pagenotfound/

java.io.FileNotFoundException: http://www.fr.com/pagenotfound/

java.io.FileNotFoundException: http://www.fr.com/pagenotfound/

java.io.FileNotFoundException: http://www.fr.com/pagenotfound/

java.io.FileNotFoundException: http://www.fr.com/pagenotfound/

java.io.FileNotFoundException: http://www.fr.com/pagenotfound/

java.io.FileNotFoundException: http://www.fr.com/pagenotfound/

java.io.FileNotFoundException: http://www.fr.com/pagenotfound/

java.io.FileNotFoundException: http://www.fr.com/pagenotfound/

java.io.FileNotFoundException: http://www.fr.com/pagenotfound/

java.io.FileNotFoundException: http://www.fr.com/pagenotfound/

java.io.FileNotFoundException: http://www.fr.com/pagenotfound/

java.io.FileNotFoundException: http://www.fr.com/pagenotfound/

java.io.FileNotFoundException: http://www.fr.com/pagenotfound/

java.io.FileNotFoundException: http://www.fr.com/pagenotfound/

java.io.FileNotFoundException: http://www.fr.com/pagenotfound/

java.io.FileNotFoundException: http://www.fr.com/pagenotfound/

java.io.FileNotFoundException: http://www.fr.com/pagenotfound/

java.io.FileNotFoundException: http://www.fr.com/pagenotfound/

java.io.FileNotFoundException: http://www.fr.com/pagenotfound/

java.io.FileNotFoundException: http://www.fr.com/pagenotfound/

java.io.FileNotFoundException: http://www.fr.com/pagenotfound/

java.io.FileNotFoundException: http://www.fr.com/pagenotfound/

java.io.FileNotFoundException: http://www.fr.com/pagenotfound/

java.io.FileNotFoundException: http://www.fr.com/pagenotfound/

java.io.FileNotFoundException: http://www.fr.com/pagenotfound/

java.io.FileNotFoundException: http://www.fr.com/pagenotfound/

java.io.FileNotFoundException: http://www.fr.com/pagenotfound/

java.io.FileNotFoundException: http://www.fr.com/pagenotfound/

java.io.FileNotFoundException: http://www.fr.com/pagenotfound/

java.io.FileNotFoundException: http://www.fr.com/pagenotfound/

java.io.FileNotFoundException: http://www.fr.com/pagenotfound/

java.io.FileNotFoundException: http://www.fr.com/pagenotfound/

java.io.FileNotFoundException: http://www.fr.com/pagenotfound/

java.io.FileNotFoundException: http://www.fr.com/pagenotfound/

java.io.FileNotFoundException: http://www.fr.com/pagenotfound/

java.io.FileNotFoundException: http://www.fr.com/pagenotfound/

java.io.FileNotFoundException: http://www.fr.com/pagenotfound/

java.io.FileNotFoundException: http://www.fr.com/pagenotfound/

java.io.FileNotFoundException: http://www.fr.com/pagenotfound/

java.io.FileNotFoundException: http://www.fr.com/pagenotfound/

java.io.FileNotFoundException: http://www.fr.com/pagenotfound/

java.io.FileNotFoundException: http://www.fr.com/pagenotfound/

java.io.FileNotFoundException: http://www.fr.com/pagenotfound/

java.io.FileNotFoundException: http://www.fr.com/pagenotfound/

java.io.FileNotFoundException: http://www.fr.com/pagenotfound/

java.io.FileNotFoundException: http://www.fr.com/pagenotfound/

java.io.FileNotFoundException: http://www.fr.com/pagenotfound/

java.io.IOException: Invalid Http response

java.io.FileNotFoundException: http://www.hr.com/en/communities/ihr_compensation/incentives_measurement__reporting_and_analysis/incentives_planning_and_management//en/communities/intermountain-community-bank-as-winner-of-the-goba_hf2kfzm4.html

java.io.FileNotFoundException: http://www.fr.com/pagenotfound/

java.io.FileNotFoundException: http://www.fr.com/pagenotfound/

java.net.MalformedURLException: unknown protocol: javascript

java.io.FileNotFoundException: http://www.fr.com/pagenotfound/

java.io.FileNotFoundException: http://www.fr.com/pagenotfound/

java.io.FileNotFoundException: http://www.fr.com/pagenotfound/

java.io.FileNotFoundException: http://www.fr.com/pagenotfound/

java.io.FileNotFoundException: http://www.fr.com/pagenotfound/

java.io.FileNotFoundException: http://www.fr.com/pagenotfound/

java.io.FileNotFoundException: http://www.fr.com/pagenotfound/

java.io.FileNotFoundException: http://www.fr.com/pagenotfound/

java.io.FileNotFoundException: http://www.fr.com/pagenotfound/

java.io.FileNotFoundException: http://www.fr.com/pagenotfound/

java.io.FileNotFoundException: http://www.fr.com/pagenotfound/

java.io.FileNotFoundException: http://www.fr.com/pagenotfound/

java.io.FileNotFoundException: http://www.fr.com/pagenotfound/

java.io.FileNotFoundException: http://www.fr.com/pagenotfound/

java.io.FileNotFoundException: http://www.fr.com/pagenotfound/

java.io.FileNotFoundException: http://www.fr.com/pagenotfound/

java.io.FileNotFoundException: http://www.fr.com/pagenotfound/

java.io.FileNotFoundException: http://www.fr.com/pagenotfound/

java.io.FileNotFoundException: http://www.fr.com/pagenotfound/

java.io.FileNotFoundException: http://www.fr.com/pagenotfound/

java.io.FileNotFoundException: http://www.fr.com/pagenotfound/

java.io.FileNotFoundException: http://www.fr.com/pagenotfound/

java.io.FileNotFoundException: http://www.fr.com/pagenotfound/

java.io.FileNotFoundException: http://www.fr.com/pagenotfound/

java.io.FileNotFoundException: http://www.fr.com/pagenotfound/

java.io.FileNotFoundException: http://www.fr.com/pagenotfound/

java.io.FileNotFoundException: http://www.fr.com/pagenotfound/

java.io.FileNotFoundException: http://www.fr.com/pagenotfound/

java.io.FileNotFoundException: http://www.fr.com/pagenotfound/

java.io.FileNotFoundException: http://www.fr.com/pagenotfound/

java.io.FileNotFoundException: http://www.fr.com/pagenotfound/

java.io.FileNotFoundException: http://www.fr.com/pagenotfound/

java.io.FileNotFoundException: http://www.fr.com/pagenotfound/

java.io.FileNotFoundException: http://www.fr.com/pagenotfound/

java.io.FileNotFoundException: http://www.fr.com/pagenotfound/

java.io.FileNotFoundException: http://www.fr.com/pagenotfound/

java.io.FileNotFoundException: http://www.fr.com/pagenotfound/

java.io.FileNotFoundException: http://www.fr.com/pagenotfound/

java.io.FileNotFoundException: http://www.fr.com/pagenotfound/

java.io.FileNotFoundException: http://www.fr.com/pagenotfound/

java.io.FileNotFoundException: http://www.fr.com/pagenotfound/

java.io.FileNotFoundException: http://www.fr.com/pagenotfound/

java.io.FileNotFoundException: http://www.fr.com/pagenotfound/

java.io.FileNotFoundException: http://www.fr.com/pagenotfound/

java.io.FileNotFoundException: http://www.fr.com/pagenotfound/

java.io.FileNotFoundException: http://www.fr.com/pagenotfound/

java.io.FileNotFoundException: http://www.fr.com/pagenotfound/

java.io.FileNotFoundException: http://www.fr.com/pagenotfound/

java.io.FileNotFoundException: http://www.fr.com/pagenotfound/

java.io.FileNotFoundException: http://www.fr.com/pagenotfound/

java.io.FileNotFoundException: http://www.fr.com/pagenotfound/

java.io.FileNotFoundException: http://www.fr.com/pagenotfound/

java.io.FileNotFoundException: http://www.hr.com/en/communities/ihr_compensation/incentives_measurement__reporting_and_analysis/incentives_planning_and_management//en/communities/online-reviews-incentives-and-wi-fi-are-key-to-hot_ha9p3kk9.html

java.io.FileNotFoundException: http://www.hr.com/en/communities/ihr_compensation/incentives_measurement__reporting_and_analysis/incentives_planning_and_management//en/communities/buck-consultants-survey-3-percent-salary-increase-_h9rakcu9.html

java.io.FileNotFoundException: http://www.fr.com/pagenotfound/

java.io.FileNotFoundException: http://www.fr.com/pagenotfound/

java.io.FileNotFoundException: http://www.fr.com/pagenotfound/

java.io.FileNotFoundException: http://www.fr.com/pagenotfound/

java.io.FileNotFoundException: http://www.fr.com/pagenotfound/

java.net.MalformedURLException: unknown protocol: javascript

java.io.FileNotFoundException: http://www.hr.com/en/communities/ihr_hr_in_california//en/communities/leadership/hr_leadership/women_in_leadership/

java.io.FileNotFoundException: http://www.fr.com/pagenotfound/

java.io.FileNotFoundException: http://www.fr.com/pagenotfound/

java.io.FileNotFoundException: http://www.fr.com/pagenotfound/

java.io.FileNotFoundException: http://www.fr.com/pagenotfound/

java.io.FileNotFoundException: http://www.fr.com/pagenotfound/

java.io.FileNotFoundException: http://www.fr.com/pagenotfound/

java.io.FileNotFoundException: http://www.fr.com/pagenotfound/

java.io.FileNotFoundException: http://www.fr.com/pagenotfound/

java.io.FileNotFoundException: http://www.fr.com/pagenotfound/

java.io.FileNotFoundException: http://www.fr.com/pagenotfound/

java.io.FileNotFoundException: http://www.fr.com/pagenotfound/

java.io.FileNotFoundException: http://www.fr.com/pagenotfound/

java.io.FileNotFoundException: http://www.fr.com/pagenotfound/

java.io.FileNotFoundException: http://www.fr.com/pagenotfound/

java.io.FileNotFoundException: http://www.fr.com/pagenotfound/

java.io.FileNotFoundException: http://www.fr.com/pagenotfound/

java.io.FileNotFoundException: http://www.fr.com/pagenotfound/

java.io.FileNotFoundException: http://www.fr.com/pagenotfound/

java.io.FileNotFoundException: http://www.fr.com/pagenotfound/

java.io.FileNotFoundException: http://www.fr.com/pagenotfound/

java.io.FileNotFoundException: http://www.fr.com/pagenotfound/

java.io.FileNotFoundException: http://www.fr.com/pagenotfound/

java.io.FileNotFoundException: http://www.fr.com/pagenotfound/

java.io.FileNotFoundException: http://www.fr.com/pagenotfound/

java.io.FileNotFoundException: http://www.fr.com/pagenotfound/

java.io.FileNotFoundException: http://www.fr.com/pagenotfound/

java.io.FileNotFoundException: http://www.fr.com/pagenotfound/

java.io.FileNotFoundException: http://www.fr.com/pagenotfound/

java.io.FileNotFoundException: http://www.fr.com/pagenotfound/

java.io.FileNotFoundException: http://www.fr.com/pagenotfound/

java.io.FileNotFoundException: http://www.fr.com/pagenotfound/

java.io.FileNotFoundException: http://www.fr.com/pagenotfound/

java.io.FileNotFoundException: http://www.fr.com/pagenotfound/

java.io.FileNotFoundException: http://www.fr.com/pagenotfound/

java.io.FileNotFoundException: http://www.fr.com/pagenotfound/

java.io.FileNotFoundException: http://www.fr.com/pagenotfound/

java.io.FileNotFoundException: http://www.fr.com/pagenotfound/

java.io.FileNotFoundException: http://www.fr.com/pagenotfound/

java.io.FileNotFoundException: http://www.fr.com/pagenotfound/

java.io.FileNotFoundException: http://www.fr.com/pagenotfound/

java.io.FileNotFoundException: http://www.fr.com/pagenotfound/

java.io.FileNotFoundException: http://www.fr.com/pagenotfound/

java.io.FileNotFoundException: http://www.fr.com/pagenotfound/

java.io.FileNotFoundException: http://www.fr.com/pagenotfound/

java.io.FileNotFoundException: http://www.fr.com/pagenotfound/

java.io.FileNotFoundException: http://www.fr.com/pagenotfound/

java.io.FileNotFoundException: http://www.fr.com/pagenotfound/

java.io.FileNotFoundException: http://www.fr.com/pagenotfound/

java.io.FileNotFoundException: http://www.fr.com/pagenotfound/

java.io.FileNotFoundException: http://www.fr.com/pagenotfound/

java.io.FileNotFoundException: http://www.fr.com/pagenotfound/

java.io.FileNotFoundException: http://www.fr.com/pagenotfound/

java.io.FileNotFoundException: http://www.fr.com/pagenotfound/

java.io.FileNotFoundException: http://www.fr.com/pagenotfound/

java.io.FileNotFoundException: http://www.fr.com/pagenotfound/

java.io.FileNotFoundException: http://www.fr.com/pagenotfound/

java.net.MalformedURLException: unknown protocol: javascript

java.io.FileNotFoundException: http://www.fr.com/pagenotfound/

java.io.FileNotFoundException: http://www.fr.com/pagenotfound/

java.io.FileNotFoundException: http://www.fr.com/pagenotfound/

java.io.FileNotFoundException: http://www.hr.com/en/communities/ihr_compensation/incentives_measurement__reporting_and_analysis/incentives_planning_and_management//en/communities/dittman-incentive-marketing-wins-sixth-ima-circle-_h71y4m54.html

java.io.FileNotFoundException: http://www.fr.com/pagenotfound/

java.io.FileNotFoundException: http://www.hr.com/en/communities/ihr_compensation/incentives_measurement__reporting_and_analysis/incentives_planning_and_management//en/communities/new-irf-spring-2012-pulse-survey-shows--recovery-s_h4gj9b6v.html

java.io.FileNotFoundException: http://www.abm.com/pages/why-abm.aspx

java.io.FileNotFoundException: http://www.fr.com/pagenotfound/

java.io.FileNotFoundException: http://www.fr.com/pagenotfound/

java.io.FileNotFoundException: http://www.fr.com/pagenotfound/

java.io.FileNotFoundException: http://www.fr.com/pagenotfound/

java.io.FileNotFoundException: http://www.fr.com/pagenotfound/

java.io.FileNotFoundException: http://www.fr.com/pagenotfound/

java.io.FileNotFoundException: http://www.fr.com/pagenotfound/

java.io.FileNotFoundException: http://www.fr.com/pagenotfound/

java.io.FileNotFoundException: http://www.fr.com/pagenotfound/

java.io.FileNotFoundException: http://www.fr.com/pagenotfound/

java.io.FileNotFoundException: http://www.fr.com/pagenotfound/

java.io.FileNotFoundException: http://www.fr.com/pagenotfound/

java.io.FileNotFoundException: http://www.fr.com/pagenotfound/

java.io.FileNotFoundException: http://www.fr.com/pagenotfound/

java.io.FileNotFoundException: http://www.fr.com/pagenotfound/

java.io.FileNotFoundException: http://www.fr.com/pagenotfound/

java.io.FileNotFoundException: http://www.fr.com/pagenotfound/

java.io.FileNotFoundException: http://www.fr.com/pagenotfound/

java.io.FileNotFoundException: http://www.fr.com/pagenotfound/

java.io.FileNotFoundException: http://www.fr.com/pagenotfound/

java.io.FileNotFoundException: http://www.fr.com/pagenotfound/

java.io.FileNotFoundException: http://www.fr.com/pagenotfound/

java.io.FileNotFoundException: http://www.fr.com/pagenotfound/

java.io.FileNotFoundException: http://www.fr.com/pagenotfound/

java.io.FileNotFoundException: http://www.fr.com/pagenotfound/

java.io.FileNotFoundException: http://www.fr.com/pagenotfound/

java.io.FileNotFoundException: http://www.fr.com/pagenotfound/

java.io.FileNotFoundException: http://www.fr.com/pagenotfound/

java.io.FileNotFoundException: http://www.fr.com/pagenotfound/

java.io.FileNotFoundException: http://www.fr.com/pagenotfound/

java.io.FileNotFoundException: http://www.fr.com/pagenotfound/

java.io.FileNotFoundException: http://www.fr.com/pagenotfound/

java.io.FileNotFoundException: http://www.fr.com/pagenotfound/

java.io.FileNotFoundException: http://www.fr.com/pagenotfound/

java.io.FileNotFoundException: http://www.fr.com/pagenotfound/

java.io.FileNotFoundException: http://www.fr.com/pagenotfound/

java.io.FileNotFoundException: http://www.fr.com/pagenotfound/

java.io.FileNotFoundException: http://www.fr.com/pagenotfound/

java.io.FileNotFoundException: http://www.fr.com/pagenotfound/

java.io.FileNotFoundException: http://www.fr.com/pagenotfound/

java.io.FileNotFoundException: http://www.industryweek.com/procurement/midyear-service-centers-shipments-declining/blogs

java.io.FileNotFoundException: http://www.fr.com/pagenotfound/

java.io.FileNotFoundException: http://www.fr.com/pagenotfound/

java.io.FileNotFoundException: http://www.fr.com/pagenotfound/

java.io.FileNotFoundException: http://www.fr.com/pagenotfound/

java.io.FileNotFoundException: http://www.fr.com/pagenotfound/

java.io.FileNotFoundException: http://www.fr.com/pagenotfound/

java.io.FileNotFoundException: http://www.fr.com/pagenotfound/

java.io.FileNotFoundException: http://www.fr.com/pagenotfound/

java.io.FileNotFoundException: http://www.fr.com/pagenotfound/

java.io.FileNotFoundException: http://www.fr.com/pagenotfound/

java.net.MalformedURLException: unknown protocol: javascript

java.io.FileNotFoundException: http://www.fr.com/pagenotfound/

java.io.FileNotFoundException: http://www.fr.com/pagenotfound/

java.io.FileNotFoundException: http://www.fr.com/pagenotfound/

java.io.FileNotFoundException: http://www.fr.com/pagenotfound/

java.io.FileNotFoundException: http://www.fr.com/pagenotfound/

java.io.FileNotFoundException: http://www.fr.com/pagenotfound/

java.io.FileNotFoundException: http://www.fr.com/pagenotfound/

java.io.FileNotFoundException: http://www.fr.com/pagenotfound/

java.io.FileNotFoundException: http://www.fr.com/pagenotfound/

java.io.FileNotFoundException: http://www.fr.com/pagenotfound/

java.io.FileNotFoundException: http://www.fr.com/pagenotfound/

java.io.FileNotFoundException: http://www.fr.com/pagenotfound/

java.io.FileNotFoundException: http://www.fr.com/pagenotfound/

java.io.FileNotFoundException: http://www.fr.com/pagenotfound/

java.io.FileNotFoundException: http://www.fr.com/pagenotfound/

java.io.FileNotFoundException: http://www.fr.com/pagenotfound/

java.io.FileNotFoundException: http://www.fr.com/pagenotfound/

java.io.FileNotFoundException: http://www.fr.com/pagenotfound/

java.io.FileNotFoundException: http://www.fr.com/pagenotfound/

java.io.FileNotFoundException: http://www.fr.com/pagenotfound/

java.io.FileNotFoundException: http://www.fr.com/pagenotfound/

java.io.FileNotFoundException: http://www.fr.com/pagenotfound/

java.io.FileNotFoundException: http://www.fr.com/pagenotfound/

java.io.FileNotFoundException: http://www.fr.com/pagenotfound/

java.io.FileNotFoundException: http://www.fr.com/pagenotfound/

java.io.FileNotFoundException: http://www.fr.com/pagenotfound/

java.io.FileNotFoundException: http://www.fr.com/pagenotfound/

java.io.FileNotFoundException: http://www.fr.com/pagenotfound/

java.io.FileNotFoundException: http://www.fr.com/pagenotfound/

java.io.FileNotFoundException: http://www.fr.com/pagenotfound/

java.io.FileNotFoundException: http://www.fr.com/pagenotfound/

java.io.FileNotFoundException: http://www.fr.com/pagenotfound/

java.io.FileNotFoundException: http://www.fr.com/pagenotfound/

java.io.FileNotFoundException: http://www.fr.com/pagenotfound/

java.io.FileNotFoundException: http://www.fr.com/pagenotfound/

java.io.FileNotFoundException: http://www.fr.com/pagenotfound/

java.io.FileNotFoundException: http://www.fr.com/pagenotfound/

java.io.FileNotFoundException: http://www.fr.com/pagenotfound/

java.io.FileNotFoundException: http://www.fr.com/pagenotfound/

java.io.FileNotFoundException: http://www.fr.com/pagenotfound/

java.io.FileNotFoundException: http://www.fr.com/pagenotfound/

java.io.FileNotFoundException: http://www.fr.com/pagenotfound/

java.io.FileNotFoundException: http://www.fr.com/pagenotfound/

java.io.FileNotFoundException: http://www.fr.com/pagenotfound/

java.io.FileNotFoundException: http://www.fr.com/pagenotfound/

java.io.FileNotFoundException: http://www.hr.com/en/communities/ihr_compensation/incentives_measurement__reporting_and_analysis/incentives_planning_and_management//en/app/profile/ingalls.lindsay/

java.io.FileNotFoundException: http://www.hr.com/en/communities/ihr_compensation/incentives_measurement__reporting_and_analysis/incentives_planning_and_management//en/app/profile/natasha.vandesluis/

java.io.FileNotFoundException: http://www.hr.com/en/communities/ihr_compensation/incentives_measurement__reporting_and_analysis/incentives_planning_and_management//en/app/profile/patricia.muller/

java.io.FileNotFoundException: http://www.hr.com/en/communities/ihr_compensation/incentives_measurement__reporting_and_analysis/incentives_planning_and_management//en/app/profile/crystal.bringuier/

java.io.FileNotFoundException: http://www.fr.com/pagenotfound/

java.io.FileNotFoundException: http://www.fr.com/pagenotfound/

java.io.FileNotFoundException: http://www.fr.com/pagenotfound/

java.io.FileNotFoundException: http://www.fr.com/pagenotfound/

java.io.FileNotFoundException: http://www.fr.com/pagenotfound/

java.io.FileNotFoundException: http://www.fr.com/pagenotfound/

java.io.FileNotFoundException: http://www.fr.com/pagenotfound/

java.io.FileNotFoundException: http://www.fr.com/pagenotfound/

java.io.FileNotFoundException: http://www.fr.com/pagenotfound/

java.io.FileNotFoundException: http://www.fr.com/pagenotfound/

java.io.FileNotFoundException: http://www.fr.com/pagenotfound/

java.io.FileNotFoundException: http://www.fr.com/pagenotfound/

java.io.FileNotFoundException: http://www.fr.com/pagenotfound/

java.io.FileNotFoundException: http://www.fr.com/pagenotfound/

java.io.FileNotFoundException: http://www.fr.com/pagenotfound/

java.io.FileNotFoundException: http://www.fr.com/pagenotfound/

java.io.FileNotFoundException: http://www.fr.com/pagenotfound/

java.io.FileNotFoundException: http://www.fr.com/pagenotfound/

java.net.MalformedURLException: unknown protocol: javascript

java.io.FileNotFoundException: http://www.fr.com/pagenotfound/

java.io.FileNotFoundException: http://www.fr.com/pagenotfound/

java.io.FileNotFoundException: http://www.fr.com/pagenotfound/

java.io.FileNotFoundException: http://www.fr.com/pagenotfound/

java.io.FileNotFoundException: http://www.fr.com/pagenotfound/

java.io.FileNotFoundException: http://www.fr.com/pagenotfound/

java.io.FileNotFoundException: http://www.fr.com/pagenotfound/

java.io.FileNotFoundException: http://www.fr.com/pagenotfound/

java.io.FileNotFoundException: http://www.fr.com/pagenotfound/

java.io.FileNotFoundException: http://www.fr.com/pagenotfound/

java.io.FileNotFoundException: http://www.fr.com/pagenotfound/

java.io.FileNotFoundException: http://www.fr.com/pagenotfound/

java.io.FileNotFoundException: http://www.fr.com/pagenotfound/

java.io.FileNotFoundException: http://www.fr.com/pagenotfound/

java.io.FileNotFoundException: http://www.fr.com/pagenotfound/

java.io.FileNotFoundException: http://www.fr.com/pagenotfound/

java.io.FileNotFoundException: http://www.fr.com/pagenotfound/

java.io.FileNotFoundException: http://www.fr.com/pagenotfound/

java.io.FileNotFoundException: http://www.fr.com/pagenotfound/

java.io.FileNotFoundException: http://www.fr.com/pagenotfound/

java.io.FileNotFoundException: http://www.fr.com/pagenotfound/

java.io.FileNotFoundException: http://www.fr.com/pagenotfound/

java.io.FileNotFoundException: http://www.fr.com/pagenotfound/

java.io.FileNotFoundException: http://www.fr.com/pagenotfound/

java.io.FileNotFoundException: http://www.fr.com/pagenotfound/

java.io.FileNotFoundException: http://www.fr.com/pagenotfound/

java.io.FileNotFoundException: http://www.fr.com/pagenotfound/

java.io.FileNotFoundException: http://www.fr.com/pagenotfound/

java.io.FileNotFoundException: http://www.fr.com/pagenotfound/

java.io.FileNotFoundException: http://www.fr.com/pagenotfound/

java.io.FileNotFoundException: http://www.fr.com/pagenotfound/

java.io.FileNotFoundException: http://www.fr.com/pagenotfound/

java.io.FileNotFoundException: http://www.fr.com/pagenotfound/

java.io.FileNotFoundException: http://www.fr.com/pagenotfound/

java.io.FileNotFoundException: http://www.fr.com/pagenotfound/

java.io.FileNotFoundException: http://www.fr.com/pagenotfound/

java.io.FileNotFoundException: http://www.fr.com/pagenotfound/

java.io.FileNotFoundException: http://www.fr.com/pagenotfound/

java.io.FileNotFoundException: http://www.fr.com/pagenotfound/

java.io.FileNotFoundException: http://www.fr.com/pagenotfound/

java.io.FileNotFoundException: http://www.fr.com/pagenotfound/

java.io.FileNotFoundException: http://www.fr.com/pagenotfound/

java.io.FileNotFoundException: http://www.fr.com/pagenotfound/

java.net.MalformedURLException: unknown protocol: javascript

java.net.MalformedURLException: unknown protocol: javascript

java.net.MalformedURLException: no protocol: ?NewsTypes=30874ee8-a730-49ed-adb3-020e6fb66181&search=true

java.io.FileNotFoundException: http://www.fr.com/pagenotfound/

java.io.FileNotFoundException: http://www.fr.com/pagenotfound/

java.io.FileNotFoundException: http://www.fr.com/pagenotfound/

java.net.MalformedURLException: no protocol: ?NewsTypes=819f65b5-f789-485c-8101-02b608d99d0a&search=true

java.io.FileNotFoundException: http://www.hr.com/en/communities/ihr_compensation/incentives_measurement__reporting_and_analysis/incentives_planning_and_management//en/app/profile/brigitte.milian/

java.io.FileNotFoundException: http://www.fr.com/pagenotfound/

java.io.FileNotFoundException: http://www.fr.com/pagenotfound/

java.net.MalformedURLException: no protocol: ?NewsTypes=bc76021c-6b5e-4248-886c-02e2626505c2&search=true

java.io.FileNotFoundException: http://www.fr.com/pagenotfound/

java.io.FileNotFoundException: http://www.fr.com/pagenotfound/

java.io.FileNotFoundException: http://www.fr.com/pagenotfound/

java.io.FileNotFoundException: http://www.fr.com/pagenotfound/

java.net.MalformedURLException: no protocol: ?PublicationTypes=30c7a647-d40c-4f4e-a350-0a4a1ed52c5b&search=true

java.io.FileNotFoundException: http://www.fr.com/pagenotfound/

java.io.FileNotFoundException: http://www.fr.com/pagenotfound/

java.io.FileNotFoundException: http://www.fr.com/pagenotfound/

java.io.FileNotFoundException: http://www.fr.com/pagenotfound/

java.io.FileNotFoundException: http://www.fr.com/pagenotfound/

java.net.MalformedURLException: no protocol: category.php?id=33&brand=938

java.io.FileNotFoundException: http://www.fr.com/pagenotfound/

java.io.FileNotFoundException: http://www.fr.com/pagenotfound/

java.io.FileNotFoundException: http://www.fr.com/pagenotfound/

java.io.FileNotFoundException: http://www.fr.com/pagenotfound/

java.io.FileNotFoundException: http://www.fr.com/pagenotfound/

java.io.FileNotFoundException: http://www.fr.com/pagenotfound/

java.io.FileNotFoundException: http://www.hr.com/en/communities/ihr_compensation/incentives_measurement__reporting_and_analysis/incentives_planning_and_management//en/app/profile/didier.katz/

java.io.FileNotFoundException: http://www.fr.com/pagenotfound/

java.io.FileNotFoundException: http://www.fr.com/pagenotfound/

java.io.FileNotFoundException: http://www.hr.com/en/communities/ihr_compensation/incentives_measurement__reporting_and_analysis/incentives_planning_and_management//en/app/profile/adele.abrams/

java.io.FileNotFoundException: http://www.fr.com/pagenotfound/

java.io.FileNotFoundException: http://www.fr.com/pagenotfound/

java.io.FileNotFoundException: http://www.fr.com/pagenotfound/

java.net.MalformedURLException: unknown protocol: javascript

java.io.FileNotFoundException: http://www.fr.com/pagenotfound/

java.io.FileNotFoundException: http://www.fr.com/pagenotfound/

java.io.FileNotFoundException: http://www.fr.com/pagenotfound/

java.io.FileNotFoundException: http://www.fr.com/pagenotfound/

java.io.FileNotFoundException: http://www.fr.com/pagenotfound/

java.io.FileNotFoundException: http://www.fr.com/pagenotfound/

java.io.FileNotFoundException: http://www.fr.com/pagenotfound/

java.io.FileNotFoundException: http://www.fr.com/pagenotfound/

java.io.FileNotFoundException: http://www.fr.com/pagenotfound/

java.io.FileNotFoundException: http://www.fr.com/pagenotfound/

java.io.FileNotFoundException: http://www.fr.com/pagenotfound/

java.io.FileNotFoundException: http://www.fr.com/pagenotfound/

java.io.FileNotFoundException: http://www.fr.com/pagenotfound/

java.io.FileNotFoundException: http://www.fr.com/pagenotfound/

java.io.FileNotFoundException: http://www.fr.com/pagenotfound/

java.io.FileNotFoundException: http://www.fr.com/pagenotfound/

java.io.FileNotFoundException: http://www.fr.com/pagenotfound/

java.io.FileNotFoundException: http://www.fr.com/pagenotfound/

java.io.FileNotFoundException: http://www.fr.com/pagenotfound/

java.io.FileNotFoundException: http://www.fr.com/pagenotfound/

java.io.FileNotFoundException: http://www.fr.com/pagenotfound/

java.io.FileNotFoundException: http://www.fr.com/pagenotfound/

java.io.FileNotFoundException: http://www.fr.com/pagenotfound/

java.io.FileNotFoundException: http://www.fr.com/pagenotfound/

java.io.FileNotFoundException: http://www.fr.com/pagenotfound/

java.io.FileNotFoundException: http://www.fr.com/pagenotfound/

java.io.FileNotFoundException: http://www.fr.com/pagenotfound/

java.io.FileNotFoundException: http://www.fr.com/pagenotfound/

java.io.FileNotFoundException: http://www.fr.com/pagenotfound/

java.io.FileNotFoundException: http://www.fr.com/pagenotfound/

java.io.FileNotFoundException: http://www.fr.com/pagenotfound/

java.io.FileNotFoundException: http://www.fr.com/pagenotfound/

java.io.FileNotFoundException: http://www.fr.com/pagenotfound/

java.io.FileNotFoundException: http://www.fr.com/pagenotfound/

java.io.FileNotFoundException: http://www.fr.com/pagenotfound/

java.io.FileNotFoundException: http://www.fr.com/pagenotfound/

java.io.FileNotFoundException: http://www.fr.com/pagenotfound/

java.io.FileNotFoundException: http://www.fr.com/pagenotfound/

java.io.FileNotFoundException: http://www.fr.com/pagenotfound/

java.io.FileNotFoundException: http://www.fr.com/pagenotfound/

java.io.FileNotFoundException: http://www.fr.com/pagenotfound/

java.net.UnknownHostException: www.time.com

java.io.FileNotFoundException: http://www.fr.com/pagenotfound/

java.io.FileNotFoundException: http://www.fr.com/pagenotfound/

java.net.MalformedURLException: no protocol: category.php?id=33&brand=940

java.io.FileNotFoundException: http://www.fr.com/pagenotfound/

java.io.FileNotFoundException: http://www.fr.com/pagenotfound/

java.io.FileNotFoundException: http://www.fr.com/pagenotfound/

java.io.FileNotFoundException: http://www.fr.com/pagenotfound/

java.io.FileNotFoundException: http://www.fr.com/pagenotfound/

java.io.FileNotFoundException: http://www.fr.com/pagenotfound/

java.io.FileNotFoundException: http://www.fr.com/pagenotfound/

java.net.MalformedURLException: unknown protocol: javascript

java.io.FileNotFoundException: http://www.fr.com/pagenotfound/

java.io.FileNotFoundException: http://www.fr.com/pagenotfound/

java.io.FileNotFoundException: http://www.fr.com/pagenotfound/

java.io.FileNotFoundException: http://www.fr.com/pagenotfound/

java.io.FileNotFoundException: http://www.fr.com/pagenotfound/

java.io.FileNotFoundException: http://www.fr.com/pagenotfound/

java.io.FileNotFoundException: http://www.fr.com/pagenotfound/

java.io.FileNotFoundException: http://www.fr.com/pagenotfound/

java.io.FileNotFoundException: http://www.fr.com/pagenotfound/

java.io.FileNotFoundException: http://www.fr.com/pagenotfound/

java.io.FileNotFoundException: http://www.fr.com/pagenotfound/

java.io.FileNotFoundException: http://www.fr.com/pagenotfound/

java.io.FileNotFoundException: http://www.fr.com/pagenotfound/

java.io.FileNotFoundException: http://www.fr.com/pagenotfound/

java.io.FileNotFoundException: http://www.fr.com/pagenotfound/

java.io.FileNotFoundException: http://www.fr.com/pagenotfound/

java.io.FileNotFoundException: http://www.fr.com/pagenotfound/

java.io.FileNotFoundException: http://www.fr.com/pagenotfound/

java.io.FileNotFoundException: http://www.fr.com/pagenotfound/

java.io.FileNotFoundException: http://www.fr.com/pagenotfound/

java.io.FileNotFoundException: http://www.fr.com/pagenotfound/

java.io.FileNotFoundException: http://www.fr.com/pagenotfound/

java.io.FileNotFoundException: http://www.fr.com/pagenotfound/

java.io.FileNotFoundException: http://www.fr.com/pagenotfound/

java.io.FileNotFoundException: http://www.fr.com/pagenotfound/

java.io.FileNotFoundException: http://www.fr.com/pagenotfound/

java.io.FileNotFoundException: http://www.fr.com/pagenotfound/

java.io.FileNotFoundException: http://www.fr.com/pagenotfound/

java.io.FileNotFoundException: http://www.fr.com/pagenotfound/

java.io.FileNotFoundException: http://www.fr.com/pagenotfound/

java.io.FileNotFoundException: http://www.fr.com/pagenotfound/

java.io.FileNotFoundException: http://www.fr.com/pagenotfound/

java.io.FileNotFoundException: http://www.fr.com/pagenotfound/

java.io.FileNotFoundException: http://www.fr.com/pagenotfound/

java.io.FileNotFoundException: http://www.fr.com/pagenotfound/

java.io.FileNotFoundException: http://www.fr.com/pagenotfound/

java.io.FileNotFoundException: http://www.fr.com/pagenotfound/

java.io.FileNotFoundException: http://www.fr.com/pagenotfound/

java.io.FileNotFoundException: http://www.hr.com/en/communities/ihr_compensation/incentives_measurement__reporting_and_analysis/incentives_planning_and_management//en/app/profile/gary.cottrell/

java.io.FileNotFoundException: http://www.hr.com/en/communities/ihr_compensation/incentives_measurement__reporting_and_analysis/incentives_planning_and_management//en/app/profile/erik.charles/

java.io.FileNotFoundException: http://www.abm.com/pages/why-abm.aspx

java.io.FileNotFoundException: http://www.fr.com/pagenotfound/

java.io.FileNotFoundException: http://www.fr.com/pagenotfound/

java.io.FileNotFoundException: http://www.fr.com/pagenotfound/

java.io.FileNotFoundException: http://www.fr.com/pagenotfound/

java.io.FileNotFoundException: http://www.fr.com/pagenotfound/

java.io.FileNotFoundException: http://www.fr.com/pagenotfound/

java.io.FileNotFoundException: http://www.fr.com/pagenotfound/

java.net.MalformedURLException: no protocol: category.php?id=33&brand=941

java.io.FileNotFoundException: http://www.fr.com/pagenotfound/

java.io.FileNotFoundException: http://www.fr.com/pagenotfound/

java.net.MalformedURLException: unknown protocol: javascript

java.io.FileNotFoundException: http://www.fr.com/pagenotfound/

java.io.FileNotFoundException: http://www.fr.com/pagenotfound/

java.io.FileNotFoundException: http://www.fr.com/pagenotfound/

java.io.FileNotFoundException: http://www.fr.com/pagenotfound/

java.io.FileNotFoundException: http://www.fr.com/pagenotfound/

java.io.FileNotFoundException: http://www.fr.com/pagenotfound/

java.io.FileNotFoundException: http://www.fr.com/pagenotfound/

java.io.FileNotFoundException: http://www.fr.com/pagenotfound/

java.io.FileNotFoundException: http://www.fr.com/pagenotfound/

java.io.FileNotFoundException: http://www.fr.com/pagenotfound/

java.io.FileNotFoundException: http://www.fr.com/pagenotfound/

java.io.FileNotFoundException: http://www.fr.com/pagenotfound/

java.io.FileNotFoundException: http://www.fr.com/pagenotfound/

java.io.FileNotFoundException: http://www.fr.com/pagenotfound/

java.io.FileNotFoundException: http://www.fr.com/pagenotfound/

java.io.FileNotFoundException: http://www.fr.com/pagenotfound/

java.io.FileNotFoundException: http://www.fr.com/pagenotfound/

java.io.FileNotFoundException: http://www.fr.com/pagenotfound/

java.io.FileNotFoundException: http://www.fr.com/pagenotfound/

java.io.FileNotFoundException: http://www.fr.com/pagenotfound/

java.io.FileNotFoundException: http://www.fr.com/pagenotfound/

java.io.FileNotFoundException: http://www.fr.com/pagenotfound/

java.io.FileNotFoundException: http://www.fr.com/pagenotfound/

java.io.FileNotFoundException: http://www.fr.com/pagenotfound/

java.io.FileNotFoundException: http://www.fr.com/pagenotfound/

java.io.FileNotFoundException: http://www.fr.com/pagenotfound/

java.io.FileNotFoundException: http://www.fr.com/pagenotfound/

java.io.FileNotFoundException: http://www.fr.com/pagenotfound/

java.io.FileNotFoundException: http://www.fr.com/pagenotfound/

java.io.FileNotFoundException: http://www.fr.com/pagenotfound/

java.io.FileNotFoundException: http://www.fr.com/pagenotfound/

java.io.FileNotFoundException: http://www.fr.com/pagenotfound/

java.io.FileNotFoundException: http://www.fr.com/pagenotfound/

java.io.FileNotFoundException: http://www.fr.com/pagenotfound/

java.io.FileNotFoundException: http://www.fr.com/pagenotfound/

java.io.FileNotFoundException: http://www.fr.com/pagenotfound/

java.io.FileNotFoundException: http://www.fr.com/pagenotfound/

java.io.FileNotFoundException: http://www.fr.com/pagenotfound/

java.io.FileNotFoundException: http://www.fr.com/pagenotfound/

java.io.FileNotFoundException: http://www.fr.com/pagenotfound/

java.io.FileNotFoundException: http://www.hr.com/en/communities/ihr_compensation/incentives_measurement__reporting_and_analysis/incentives_planning_and_management//en/app/profile/michael.bamberger/

java.io.FileNotFoundException: http://www.hr.com/en/communities/ihr_compensation/incentives_measurement__reporting_and_analysis/incentives_planning_and_management//en/app/blog/2013/09/hr-data-and-analytics-what-does-your-organization-_hl7yaj60.html

java.io.FileNotFoundException: http://www.hr.com/en/communities/ihr_compensation/incentives_measurement__reporting_and_analysis/incentives_planning_and_management//en/app/blog/2013/08/how-can-schaefer-recognition-group-help-with-emplo_hky5ch5s.html

java.io.FileNotFoundException: http://www.fr.com/pagenotfound/

java.io.FileNotFoundException: http://www.hr.com/en/communities/ihr_compensation/incentives_measurement__reporting_and_analysis/incentives_planning_and_management//en/app/blog/2013/08/hr-bartender-sharlyn-lauby-strategic-hr-partnershi_hkmj7hoi.html

java.io.FileNotFoundException: http://www.fr.com/pagenotfound/

java.io.FileNotFoundException: http://www.hr.com/en/communities/ihr_compensation/incentives_measurement__reporting_and_analysis/incentives_planning_and_management//en/app/blog/2013/08/strategic-hr-partnerships-how-to-develop-and-maint_hju6rxwp.html

java.io.FileNotFoundException: http://www.youtube.com/ts/watch?v=sXazmex4FpE&list=PLA46AD337F35A5943

java.io.FileNotFoundException: http://www.youtube.com/ts/watch?v=Ct4LJoSjMhM&list=PLA46AD337F35A5943

java.io.FileNotFoundException: http://www.youtube.com/ts/watch?v=DM0ak_CYPzg&list=PLA46AD337F35A5943

java.io.FileNotFoundException: http://www.fr.com/pagenotfound/

java.io.FileNotFoundException: http://www.fr.com/pagenotfound/

java.io.IOException: Server returned HTTP response code: 400 for URL: http://www.fr.com/careers/files/FileControl/6fd6697e-e824-40dd-a514-712ba9d018c4/7483b893-e478-44a4-8fed-f49aa917d8cf/Presentation/File/2013 Why Work Card.pdf

java.io.IOException: Server returned HTTP response code: 400 for URL: http://www.fr.com/careers/files/FileControl/f563b746-2fb3-41ee-8d2a-b9fed061bfb8/7483b893-e478-44a4-8fed-f49aa917d8cf/Presentation/File/Vault eprint 2012.pdf

java.io.FileNotFoundException: http://www.fr.com/pagenotfound/

java.io.FileNotFoundException: http://www.fr.com/pagenotfound/

java.io.FileNotFoundException: http://www.fr.com/pagenotfound/

java.net.MalformedURLException: unknown protocol: javascript

java.io.FileNotFoundException: http://www.fr.com/pagenotfound/

java.io.FileNotFoundException: http://www.fr.com/pagenotfound/

java.io.FileNotFoundException: http://www.fr.com/pagenotfound/

java.io.FileNotFoundException: http://www.fr.com/pagenotfound/

java.io.FileNotFoundException: http://www.fr.com/pagenotfound/

java.io.FileNotFoundException: http://www.fr.com/pagenotfound/

java.io.FileNotFoundException: http://www.fr.com/pagenotfound/

java.io.FileNotFoundException: http://www.fr.com/pagenotfound/

java.io.FileNotFoundException: http://www.fr.com/pagenotfound/

java.io.FileNotFoundException: http://www.fr.com/pagenotfound/

java.io.FileNotFoundException: http://www.fr.com/pagenotfound/

java.io.FileNotFoundException: http://www.fr.com/pagenotfound/

java.io.FileNotFoundException: http://www.fr.com/pagenotfound/

java.io.FileNotFoundException: http://www.fr.com/pagenotfound/

java.io.FileNotFoundException: http://www.fr.com/pagenotfound/

java.io.FileNotFoundException: http://www.fr.com/pagenotfound/

java.io.FileNotFoundException: http://www.fr.com/pagenotfound/

java.io.FileNotFoundException: http://www.fr.com/pagenotfound/

java.io.FileNotFoundException: http://www.fr.com/pagenotfound/

java.io.FileNotFoundException: http://www.fr.com/pagenotfound/

java.io.FileNotFoundException: http://www.fr.com/pagenotfound/

java.io.FileNotFoundException: http://www.fr.com/pagenotfound/

java.io.FileNotFoundException: http://www.fr.com/pagenotfound/

java.io.FileNotFoundException: http://www.fr.com/pagenotfound/

java.io.FileNotFoundException: http://www.fr.com/pagenotfound/

java.io.FileNotFoundException: http://www.fr.com/pagenotfound/

java.io.FileNotFoundException: http://www.fr.com/pagenotfound/

java.io.FileNotFoundException: http://www.fr.com/pagenotfound/

java.io.FileNotFoundException: http://www.fr.com/pagenotfound/

java.io.FileNotFoundException: http://www.fr.com/pagenotfound/

java.io.FileNotFoundException: http://www.fr.com/pagenotfound/

java.io.FileNotFoundException: http://www.fr.com/pagenotfound/

java.io.FileNotFoundException: http://www.fr.com/pagenotfound/

java.io.FileNotFoundException: http://www.fr.com/pagenotfound/

java.io.FileNotFoundException: http://www.fr.com/pagenotfound/

java.io.FileNotFoundException: http://www.fr.com/pagenotfound/

java.io.FileNotFoundException: http://www.fr.com/pagenotfound/

java.io.FileNotFoundException: http://www.fr.com/pagenotfound/

java.io.FileNotFoundException: http://www.fr.com/pagenotfound/

java.net.UnknownServiceException: protocol doesn't support input

java.io.FileNotFoundException: http://www.fr.com/pagenotfound/

java.io.FileNotFoundException: http://www.fr.com/pagenotfound/

java.io.FileNotFoundException: http://www.fr.com/pagenotfound/

java.io.FileNotFoundException: http://www.fr.com/pagenotfound/

java.io.FileNotFoundException: http://www.fr.com/pagenotfound/

java.io.FileNotFoundException: http://www.fr.com/pagenotfound/

java.io.FileNotFoundException: http://www.hr.com/en/communities/ihr_compensation/incentives_measurement__reporting_and_analysis/incentives_planning_and_management//en/app/blog/2013/07/what-university-trends-are-taking-place-game-devel_hjjmuq7r.html

java.io.FileNotFoundException: http://www.hr.com/en/communities/ihr_hr_in_california//en/communities/leadership/leadership_assessments/

java.io.FileNotFoundException: http://www.fr.com/pagenotfound/

java.io.FileNotFoundException: http://www.fr.com/pagenotfound/

java.io.FileNotFoundException: http://www.fr.com/pagenotfound/

java.io.FileNotFoundException: http://www.fr.com/pagenotfound/

java.io.FileNotFoundException: http://www.fr.com/pagenotfound/

java.net.MalformedURLException: unknown protocol: javascript

java.io.FileNotFoundException: http://www.fr.com/pagenotfound/

java.io.FileNotFoundException: http://www.fr.com/pagenotfound/

java.io.FileNotFoundException: http://www.fr.com/pagenotfound/

java.io.FileNotFoundException: http://www.fr.com/pagenotfound/

java.io.FileNotFoundException: http://www.fr.com/pagenotfound/

java.io.FileNotFoundException: http://www.fr.com/pagenotfound/

java.io.FileNotFoundException: http://www.fr.com/pagenotfound/

java.io.FileNotFoundException: http://www.fr.com/pagenotfound/

java.io.FileNotFoundException: http://www.fr.com/pagenotfound/

java.io.FileNotFoundException: http://www.fr.com/pagenotfound/

java.io.FileNotFoundException: http://www.fr.com/pagenotfound/

java.io.FileNotFoundException: http://www.fr.com/pagenotfound/

java.io.FileNotFoundException: http://www.fr.com/pagenotfound/

java.io.FileNotFoundException: http://www.fr.com/pagenotfound/

java.io.FileNotFoundException: http://www.fr.com/pagenotfound/

java.io.FileNotFoundException: http://www.fr.com/pagenotfound/

java.io.FileNotFoundException: http://www.fr.com/pagenotfound/

java.io.FileNotFoundException: http://www.fr.com/pagenotfound/

java.io.FileNotFoundException: http://www.fr.com/pagenotfound/

java.io.FileNotFoundException: http://www.fr.com/pagenotfound/

java.io.FileNotFoundException: http://www.fr.com/pagenotfound/

java.io.FileNotFoundException: http://www.fr.com/pagenotfound/

java.io.FileNotFoundException: http://www.fr.com/pagenotfound/

java.io.FileNotFoundException: http://www.fr.com/pagenotfound/

java.io.FileNotFoundException: http://www.fr.com/pagenotfound/

java.io.FileNotFoundException: http://www.fr.com/pagenotfound/

java.io.FileNotFoundException: http://www.fr.com/pagenotfound/

java.io.FileNotFoundException: http://www.fr.com/pagenotfound/

java.io.FileNotFoundException: http://www.fr.com/pagenotfound/

java.io.FileNotFoundException: http://www.fr.com/pagenotfound/

java.io.FileNotFoundException: http://www.fr.com/pagenotfound/

java.io.FileNotFoundException: http://www.fr.com/pagenotfound/

java.io.FileNotFoundException: http://www.fr.com/pagenotfound/

java.io.FileNotFoundException: http://www.fr.com/pagenotfound/

java.io.FileNotFoundException: http://www.fr.com/pagenotfound/

java.io.FileNotFoundException: http://www.fr.com/pagenotfound/

java.io.FileNotFoundException: http://www.fr.com/pagenotfound/

java.io.FileNotFoundException: http://www.fr.com/pagenotfound/

java.io.FileNotFoundException: http://www.fr.com/pagenotfound/

java.io.FileNotFoundException: http://www.fr.com/pagenotfound/

java.io.FileNotFoundException: http://www.fr.com/pagenotfound/

java.io.FileNotFoundException: http://www.fr.com/pagenotfound/

java.io.FileNotFoundException: http://www.fr.com/pagenotfound/

java.io.FileNotFoundException: http://www.fr.com/pagenotfound/

java.io.FileNotFoundException: http://www.fr.com/pagenotfound/

java.io.FileNotFoundException: http://www.fr.com/pagenotfound/

java.io.FileNotFoundException: http://www.hr.com/en/communities/ihr_compensation/incentives_measurement__reporting_and_analysis/incentives_planning_and_management//buyersguide/company/view/calliduscloud

java.io.FileNotFoundException: http://www.fr.com/pagenotfound/

java.io.FileNotFoundException: http://www.fr.com/pagenotfound/

java.io.FileNotFoundException: http://www.fr.com/pagenotfound/

java.io.FileNotFoundException: http://www.fr.com/pagenotfound/

java.net.MalformedURLException: unknown protocol: javascript

java.io.FileNotFoundException: http://www.fr.com/pagenotfound/

java.io.FileNotFoundException: http://www.fr.com/pagenotfound/

java.io.FileNotFoundException: http://www.hr.com/en/communities/ihr_hr_in_california//en/communities/leadership/leadership_competencies/

java.io.FileNotFoundException: http://www.fr.com/pagenotfound/

java.io.FileNotFoundException: http://www.fr.com/pagenotfound/

java.io.FileNotFoundException: http://www.fr.com/pagenotfound/

java.io.FileNotFoundException: http://www.fr.com/pagenotfound/

java.io.FileNotFoundException: http://www.fr.com/pagenotfound/

java.io.FileNotFoundException: http://www.fr.com/pagenotfound/

java.io.FileNotFoundException: http://www.fr.com/pagenotfound/

java.io.FileNotFoundException: http://www.fr.com/pagenotfound/

java.io.FileNotFoundException: http://www.fr.com/pagenotfound/

java.io.FileNotFoundException: http://www.fr.com/pagenotfound/

java.io.FileNotFoundException: http://www.fr.com/pagenotfound/

java.io.FileNotFoundException: http://www.fr.com/pagenotfound/

java.io.FileNotFoundException: http://www.fr.com/pagenotfound/

java.io.FileNotFoundException: http://www.fr.com/pagenotfound/

java.io.FileNotFoundException: http://www.fr.com/pagenotfound/

java.io.FileNotFoundException: http://www.fr.com/pagenotfound/

java.io.FileNotFoundException: http://www.fr.com/pagenotfound/

java.io.FileNotFoundException: http://www.fr.com/pagenotfound/

java.io.FileNotFoundException: http://www.fr.com/pagenotfound/

java.io.FileNotFoundException: http://www.fr.com/pagenotfound/

java.io.FileNotFoundException: http://www.fr.com/pagenotfound/

java.io.FileNotFoundException: http://www.fr.com/pagenotfound/

java.io.FileNotFoundException: http://www.fr.com/pagenotfound/

java.io.FileNotFoundException: http://www.fr.com/pagenotfound/

java.io.FileNotFoundException: http://www.fr.com/pagenotfound/

java.io.FileNotFoundException: http://www.fr.com/pagenotfound/

java.io.FileNotFoundException: http://www.fr.com/pagenotfound/

java.io.FileNotFoundException: http://www.fr.com/pagenotfound/

java.io.FileNotFoundException: http://www.fr.com/pagenotfound/

java.io.FileNotFoundException: http://www.fr.com/pagenotfound/

java.io.FileNotFoundException: http://www.fr.com/pagenotfound/

java.io.FileNotFoundException: http://www.fr.com/pagenotfound/

java.io.FileNotFoundException: http://www.fr.com/pagenotfound/

java.io.FileNotFoundException: http://www.fr.com/pagenotfound/

java.io.FileNotFoundException: http://www.fr.com/pagenotfound/

java.io.FileNotFoundException: http://www.fr.com/pagenotfound/

java.io.FileNotFoundException: http://www.fr.com/pagenotfound/

java.io.IOException: Server returned HTTP response code: 403 for URL: http://syriandirectory.com/

java.io.IOException: Server returned HTTP response code: 403 for URL: http://www.saudiaramcoworld.com/issue/198202/restoration.of.damascus.htm

java.io.FileNotFoundException: http://www.fr.com/pagenotfound/

java.io.FileNotFoundException: http://www.fr.com/pagenotfound/

java.io.FileNotFoundException: http://www.fr.com/pagenotfound/

java.io.FileNotFoundException: http://www.fr.com/pagenotfound/

java.io.FileNotFoundException: http://www.fr.com/pagenotfound/

java.io.FileNotFoundException: http://www.fr.com/pagenotfound/

java.io.FileNotFoundException: http://www.fr.com/pagenotfound/

java.io.FileNotFoundException: http://www.fr.com/pagenotfound/

java.io.FileNotFoundException: http://www.fr.com/pagenotfound/

java.io.FileNotFoundException: http://www.fr.com/pagenotfound/

java.io.FileNotFoundException: http://www.fr.com/pagenotfound/

java.io.FileNotFoundException: http://www.fr.com/pagenotfound/

java.io.FileNotFoundException: http://www.fr.com/pagenotfound/

java.io.FileNotFoundException: http://www.fr.com/pagenotfound/

java.io.FileNotFoundException: http://www.fr.com/pagenotfound/

java.io.FileNotFoundException: http://www.fr.com/pagenotfound/

java.io.FileNotFoundException: http://www.fr.com/pagenotfound/

java.io.FileNotFoundException: http://www.hr.com/en/communities/ihr_compensation/incentives_measurement__reporting_and_analysis/incentives_planning_and_management//buyersguide/product/rate/1292442186545

java.io.FileNotFoundException: http://www.industryweek.com/procurement/midyear-service-centers-shipments-declining/webinar/bmgi-mistake-proofing-0

java.io.FileNotFoundException: http://www.hr.com/en/communities/ihr_compensation/incentives_measurement__reporting_and_analysis/incentives_planning_and_management//buyersguide/company/view/culpepper_and_associates_inc.

java.net.MalformedURLException: unknown protocol: javascript

java.io.FileNotFoundException: http://www.fr.com/pagenotfound/

java.io.FileNotFoundException: http://www.industryweek.com/procurement/midyear-service-centers-shipments-declining/webinar/speed-time-to-value

java.io.FileNotFoundException: http://www.hr.com/en/communities/ihr_compensation/incentives_measurement__reporting_and_analysis/incentives_planning_and_management//buyersguide/product/rate/1292946889661

java.io.FileNotFoundException: http://www.industryweek.com/procurement/midyear-service-centers-shipments-declining/webinar/why-leading-manufacturers-mobilize

java.io.FileNotFoundException: http://www.fr.com/pagenotfound/

java.io.FileNotFoundException: http://www.fr.com/pagenotfound/

java.io.FileNotFoundException: http://www.fr.com/pagenotfound/

java.io.FileNotFoundException: http://www.fr.com/pagenotfound/

java.io.FileNotFoundException: http://www.fr.com/pagenotfound/

java.io.FileNotFoundException: http://www.fr.com/pagenotfound/

java.io.FileNotFoundException: http://www.fr.com/pagenotfound/

java.io.FileNotFoundException: http://www.fr.com/pagenotfound/

java.io.FileNotFoundException: http://www.fr.com/pagenotfound/

java.io.FileNotFoundException: http://www.fr.com/pagenotfound/

java.io.FileNotFoundException: http://www.fr.com/pagenotfound/

java.io.FileNotFoundException: http://www.fr.com/pagenotfound/

java.io.FileNotFoundException: http://www.fr.com/pagenotfound/

java.io.FileNotFoundException: http://www.fr.com/pagenotfound/

java.io.FileNotFoundException: http://www.fr.com/pagenotfound/

java.io.FileNotFoundException: http://www.fr.com/pagenotfound/

java.io.FileNotFoundException: http://www.fr.com/pagenotfound/

java.io.FileNotFoundException: http://www.fr.com/pagenotfound/

java.io.FileNotFoundException: http://www.fr.com/pagenotfound/

java.io.FileNotFoundException: http://www.fr.com/pagenotfound/

java.io.FileNotFoundException: http://www.fr.com/pagenotfound/

java.io.FileNotFoundException: http://www.fr.com/pagenotfound/

java.io.FileNotFoundException: http://www.fr.com/pagenotfound/

java.io.FileNotFoundException: http://www.fr.com/pagenotfound/

java.io.FileNotFoundException: http://www.fr.com/pagenotfound/

java.io.FileNotFoundException: http://www.fr.com/pagenotfound/

java.io.FileNotFoundException: http://www.fr.com/pagenotfound/

java.io.FileNotFoundException: http://www.fr.com/pagenotfound/

java.io.FileNotFoundException: http://www.fr.com/pagenotfound/

java.io.FileNotFoundException: http://www.fr.com/pagenotfound/

java.io.FileNotFoundException: http://www.fr.com/pagenotfound/

java.io.FileNotFoundException: http://www.fr.com/pagenotfound/

java.io.FileNotFoundException: http://www.fr.com/pagenotfound/

java.io.FileNotFoundException: http://www.fr.com/pagenotfound/

java.io.FileNotFoundException: http://www.fr.com/pagenotfound/

java.io.FileNotFoundException: http://www.fr.com/pagenotfound/

java.io.FileNotFoundException: http://www.fr.com/pagenotfound/

java.io.FileNotFoundException: http://www.fr.com/pagenotfound/

java.io.FileNotFoundException: http://www.fr.com/pagenotfound/

java.io.FileNotFoundException: http://www.fr.com/pagenotfound/

java.io.FileNotFoundException: http://www.fr.com/pagenotfound/

java.io.FileNotFoundException: http://www.fr.com/pagenotfound/

java.io.FileNotFoundException: http://www.fr.com/pagenotfound/

java.io.FileNotFoundException: http://www.fr.com/pagenotfound/

java.io.FileNotFoundException: http://www.fr.com/pagenotfound/

java.io.FileNotFoundException: http://www.fr.com/pagenotfound/

java.net.UnknownHostException: novel.hongxiu.com

java.io.FileNotFoundException: http://www.fr.com/pagenotfound/

java.io.FileNotFoundException: http://www.fr.com/pagenotfound/

java.io.FileNotFoundException: http://www.fr.com/pagenotfound/

java.io.FileNotFoundException: http://www.fr.com/pagenotfound/

java.io.FileNotFoundException: http://www.fr.com/pagenotfound/

java.io.FileNotFoundException: http://www.fr.com/pagenotfound/

java.io.FileNotFoundException: http://www.fr.com/pagenotfound/

java.io.FileNotFoundException: http://www.fr.com/pagenotfound/

java.io.FileNotFoundException: http://www.fr.com/pagenotfound/

java.io.FileNotFoundException: http://www.fr.com/pagenotfound/

java.io.FileNotFoundException: http://www.fr.com/pagenotfound/

java.io.FileNotFoundException: http://www.fr.com/pagenotfound/

java.io.FileNotFoundException: http://www.fr.com/pagenotfound/

java.io.FileNotFoundException: http://www.fr.com/pagenotfound/

java.io.FileNotFoundException: http://www.fr.com/pagenotfound/

java.io.FileNotFoundException: http://www.fr.com/pagenotfound/

java.io.FileNotFoundException: http://www.fr.com/pagenotfound/

java.io.FileNotFoundException: http://www.fr.com/pagenotfound/

java.io.FileNotFoundException: http://www.fr.com/pagenotfound/

java.io.FileNotFoundException: http://www.fr.com/pagenotfound/

java.io.FileNotFoundException: http://www.fr.com/pagenotfound/

java.io.FileNotFoundException: http://www.fr.com/pagenotfound/

java.io.FileNotFoundException: http://www.fr.com/pagenotfound/

java.io.FileNotFoundException: http://www.fr.com/pagenotfound/

java.io.FileNotFoundException: http://www.fr.com/pagenotfound/

java.io.FileNotFoundException: http://www.fr.com/pagenotfound/

java.io.FileNotFoundException: http://www.fr.com/pagenotfound/

java.io.FileNotFoundException: http://www.fr.com/pagenotfound/

java.io.FileNotFoundException: http://www.fr.com/pagenotfound/

java.io.FileNotFoundException: http://www.fr.com/pagenotfound/

java.io.FileNotFoundException: http://www.fr.com/pagenotfound/

java.io.FileNotFoundException: http://www.fr.com/pagenotfound/

java.io.FileNotFoundException: http://www.fr.com/pagenotfound/

java.io.FileNotFoundException: http://www.fr.com/pagenotfound/

java.io.FileNotFoundException: http://www.fr.com/pagenotfound/

java.io.FileNotFoundException: http://www.fr.com/pagenotfound/

java.io.FileNotFoundException: http://www.fr.com/pagenotfound/

java.io.FileNotFoundException: http://www.fr.com/pagenotfound/

java.io.FileNotFoundException: http://www.fr.com/pagenotfound/

java.io.FileNotFoundException: http://www.fr.com/pagenotfound/

java.io.FileNotFoundException: http://www.fr.com/pagenotfound/

java.io.FileNotFoundException: http://www.fr.com/pagenotfound/

java.io.FileNotFoundException: http://www.fr.com/pagenotfound/

java.io.FileNotFoundException: http://www.fr.com/pagenotfound/

java.io.FileNotFoundException: http://www.hr.com/en/communities/ihr_compensation/incentives_measurement__reporting_and_analysis/incentives_planning_and_management//buyersguide/company/view/decusoft

java.io.FileNotFoundException: http://www.hr.com/en/communities/ihr_compensation/incentives_measurement__reporting_and_analysis/incentives_planning_and_management//buyersguide/product/rate/1292947944784

java.io.FileNotFoundException: http://www.industryweek.com/procurement/midyear-service-centers-shipments-declining/webinar/advanced-manufacturing-digital-factory

java.io.FileNotFoundException: http://www.hr.com/en/communities/ihr_hr_in_california//en/communities/leadership/leadership_competencies/collaboration/

java.io.FileNotFoundException: http://www.industryweek.com/procurement/midyear-service-centers-shipments-declining/webinar/industrial-wireless

java.io.FileNotFoundException: http://www.fr.com/pagenotfound/

java.io.FileNotFoundException: http://www.fr.com/pagenotfound/

java.io.FileNotFoundException: http://www.fr.com/pagenotfound/

java.net.MalformedURLException: unknown protocol: javascript

java.io.FileNotFoundException: http://www.fr.com/pagenotfound/

java.io.FileNotFoundException: http://www.fr.com/pagenotfound/

java.io.FileNotFoundException: http://www.aawsat.net/news.asp

java.io.FileNotFoundException: http://www.fr.com/pagenotfound/

java.io.FileNotFoundException: http://www.fr.com/pagenotfound/

java.io.FileNotFoundException: http://www.fr.com/pagenotfound/

java.io.FileNotFoundException: http://www.fr.com/pagenotfound/

java.io.FileNotFoundException: http://www.fr.com/pagenotfound/

java.io.FileNotFoundException: http://www.fr.com/pagenotfound/

java.io.FileNotFoundException: http://www.fr.com/pagenotfound/

java.io.FileNotFoundException: http://www.fr.com/pagenotfound/

java.io.FileNotFoundException: http://www.fr.com/pagenotfound/

java.io.FileNotFoundException: http://www.fr.com/pagenotfound/

java.io.FileNotFoundException: http://www.fr.com/pagenotfound/

java.io.FileNotFoundException: http://www.fr.com/pagenotfound/

java.io.FileNotFoundException: http://www.fr.com/pagenotfound/

java.io.FileNotFoundException: http://www.fr.com/pagenotfound/

java.io.FileNotFoundException: http://www.fr.com/pagenotfound/

java.io.FileNotFoundException: http://www.fr.com/pagenotfound/

java.io.FileNotFoundException: http://www.fr.com/pagenotfound/

java.io.FileNotFoundException: http://www.fr.com/pagenotfound/

java.io.FileNotFoundException: http://www.fr.com/pagenotfound/

java.io.FileNotFoundException: http://www.fr.com/pagenotfound/

java.io.FileNotFoundException: http://www.fr.com/pagenotfound/

java.io.FileNotFoundException: http://www.fr.com/pagenotfound/

java.io.FileNotFoundException: http://www.fr.com/pagenotfound/

java.io.FileNotFoundException: http://www.fr.com/pagenotfound/

java.io.FileNotFoundException: http://www.fr.com/pagenotfound/

java.io.FileNotFoundException: http://www.fr.com/pagenotfound/

java.io.FileNotFoundException: http://www.fr.com/pagenotfound/

java.io.FileNotFoundException: http://www.fr.com/pagenotfound/

java.io.FileNotFoundException: http://www.fr.com/pagenotfound/

java.io.FileNotFoundException: http://www.fr.com/pagenotfound/

java.io.FileNotFoundException: http://www.fr.com/pagenotfound/

java.io.FileNotFoundException: http://www.fr.com/pagenotfound/

java.io.FileNotFoundException: http://www.fr.com/pagenotfound/

java.io.FileNotFoundException: http://www.fr.com/pagenotfound/

java.io.FileNotFoundException: http://www.fr.com/pagenotfound/

java.io.FileNotFoundException: http://www.fr.com/pagenotfound/

java.io.FileNotFoundException: http://www.fr.com/pagenotfound/

java.io.FileNotFoundException: http://www.fr.com/pagenotfound/

java.io.FileNotFoundException: http://www.fr.com/pagenotfound/

java.io.FileNotFoundException: http://www.fr.com/pagenotfound/

java.io.FileNotFoundException: http://www.fr.com/pagenotfound/

java.io.FileNotFoundException: http://www.fr.com/pagenotfound/

java.io.FileNotFoundException: http://www.fr.com/pagenotfound/

java.io.FileNotFoundException: http://www.fr.com/pagenotfound/

java.io.FileNotFoundException: http://www.fr.com/pagenotfound/

java.io.FileNotFoundException: http://www.fr.com/pagenotfound/

java.io.FileNotFoundException: http://www.fr.com/pagenotfound/

java.io.FileNotFoundException: http://www.fr.com/pagenotfound/

java.io.FileNotFoundException: http://www.hr.com/en/communities/ihr_hr_in_california//en/communities/leadership/leadership_competencies/communication/

java.io.FileNotFoundException: http://www.fr.com/pagenotfound/

java.io.FileNotFoundException: http://www.fr.com/pagenotfound/

java.io.FileNotFoundException: http://www.fr.com/pagenotfound/

java.io.FileNotFoundException: http://www.fr.com/pagenotfound/

java.io.FileNotFoundException: http://www.fr.com/pagenotfound/

java.io.FileNotFoundException: http://www.fr.com/pagenotfound/

java.io.FileNotFoundException: http://www.fr.com/pagenotfound/

java.io.FileNotFoundException: http://www.fr.com/pagenotfound/

java.io.FileNotFoundException: http://www.fr.com/pagenotfound/

java.io.FileNotFoundException: http://www.fr.com/pagenotfound/

java.io.FileNotFoundException: http://www.fr.com/pagenotfound/

java.io.FileNotFoundException: http://www.fr.com/pagenotfound/

java.io.FileNotFoundException: http://www.fr.com/pagenotfound/

java.io.FileNotFoundException: http://www.fr.com/pagenotfound/

java.io.FileNotFoundException: http://www.fr.com/pagenotfound/

java.io.FileNotFoundException: http://www.fr.com/pagenotfound/

java.io.FileNotFoundException: http://www.fr.com/pagenotfound/

java.io.FileNotFoundException: http://www.fr.com/pagenotfound/

java.io.FileNotFoundException: http://www.fr.com/pagenotfound/

java.io.FileNotFoundException: http://www.fr.com/pagenotfound/

java.io.FileNotFoundException: http://www.fr.com/pagenotfound/

java.io.FileNotFoundException: http://www.fr.com/pagenotfound/

java.io.FileNotFoundException: http://www.fr.com/pagenotfound/

java.io.FileNotFoundException: http://www.fr.com/pagenotfound/

java.io.FileNotFoundException: http://www.fr.com/pagenotfound/

java.io.FileNotFoundException: http://www.fr.com/pagenotfound/

java.io.FileNotFoundException: http://www.fr.com/pagenotfound/

java.io.FileNotFoundException: http://www.fr.com/pagenotfound/

java.io.FileNotFoundException: http://www.fr.com/pagenotfound/

java.io.FileNotFoundException: http://www.fr.com/pagenotfound/

java.io.FileNotFoundException: http://www.fr.com/pagenotfound/

java.io.FileNotFoundException: http://www.fr.com/pagenotfound/

java.io.FileNotFoundException: http://www.fr.com/pagenotfound/

java.io.FileNotFoundException: http://www.fr.com/pagenotfound/

java.io.FileNotFoundException: http://www.fr.com/pagenotfound/

java.io.FileNotFoundException: http://www.fr.com/pagenotfound/

java.io.FileNotFoundException: http://www.fr.com/pagenotfound/

java.io.FileNotFoundException: http://www.fr.com/pagenotfound/

java.io.FileNotFoundException: http://www.fr.com/pagenotfound/

java.io.FileNotFoundException: http://www.fr.com/pagenotfound/

java.io.FileNotFoundException: http://www.hr.com/en/communities/ihr_compensation/incentives_measurement__reporting_and_analysis/incentives_planning_and_management//buyersguide/company/view/longnecker_associates

java.io.FileNotFoundException: http://www.fr.com/pagenotfound/

java.io.FileNotFoundException: http://www.fr.com/pagenotfound/

java.io.FileNotFoundException: http://www.industryweek.com/procurement/midyear-service-centers-shipments-declining/webinars

java.io.FileNotFoundException: http://www.fr.com/pagenotfound/

java.io.FileNotFoundException: http://www.fr.com/pagenotfound/

java.io.FileNotFoundException: http://www.fr.com/pagenotfound/

java.io.FileNotFoundException: http://www.fr.com/pagenotfound/

java.io.FileNotFoundException: http://www.fr.com/pagenotfound/

java.io.FileNotFoundException: http://www.fr.com/pagenotfound/

java.io.FileNotFoundException: http://www.fr.com/pagenotfound/

java.net.MalformedURLException: unknown protocol: javascript

java.io.FileNotFoundException: http://www.fr.com/pagenotfound/

java.io.FileNotFoundException: http://www.fr.com/pagenotfound/

java.io.FileNotFoundException: http://www.fr.com/pagenotfound/

java.io.FileNotFoundException: http://www.fr.com/pagenotfound/

java.io.FileNotFoundException: http://www.fr.com/pagenotfound/

java.io.FileNotFoundException: http://www.fr.com/pagenotfound/

java.io.FileNotFoundException: http://www.fr.com/pagenotfound/

java.io.FileNotFoundException: http://www.fr.com/pagenotfound/

java.io.FileNotFoundException: http://www.fr.com/pagenotfound/

java.io.FileNotFoundException: http://www.fr.com/pagenotfound/

java.io.FileNotFoundException: http://www.fr.com/pagenotfound/

java.io.FileNotFoundException: http://www.fr.com/pagenotfound/

java.io.FileNotFoundException: http://www.fr.com/pagenotfound/

java.io.FileNotFoundException: http://www.fr.com/pagenotfound/

java.io.FileNotFoundException: http://www.fr.com/pagenotfound/

java.io.FileNotFoundException: http://www.fr.com/pagenotfound/

java.io.FileNotFoundException: http://www.fr.com/pagenotfound/

java.io.FileNotFoundException: http://www.fr.com/pagenotfound/

java.io.FileNotFoundException: http://www.fr.com/pagenotfound/

java.io.FileNotFoundException: http://www.fr.com/pagenotfound/

java.io.FileNotFoundException: http://www.fr.com/pagenotfound/

java.io.FileNotFoundException: http://www.fr.com/pagenotfound/

java.io.FileNotFoundException: http://www.fr.com/pagenotfound/

java.io.FileNotFoundException: http://www.fr.com/pagenotfound/

java.io.FileNotFoundException: http://www.fr.com/pagenotfound/

java.io.FileNotFoundException: http://www.fr.com/pagenotfound/

java.io.FileNotFoundException: http://www.fr.com/pagenotfound/

java.io.FileNotFoundException: http://www.fr.com/pagenotfound/

java.io.FileNotFoundException: http://www.fr.com/pagenotfound/

java.io.FileNotFoundException: http://www.fr.com/pagenotfound/

java.io.FileNotFoundException: http://www.fr.com/pagenotfound/

java.io.FileNotFoundException: http://www.fr.com/pagenotfound/

java.io.FileNotFoundException: http://www.fr.com/pagenotfound/

java.io.FileNotFoundException: http://www.fr.com/pagenotfound/

java.io.FileNotFoundException: http://www.fr.com/pagenotfound/

java.io.FileNotFoundException: http://www.fr.com/pagenotfound/

java.io.FileNotFoundException: http://www.fr.com/pagenotfound/

java.io.FileNotFoundException: http://www.fr.com/pagenotfound/

java.io.FileNotFoundException: http://www.fr.com/pagenotfound/

java.io.FileNotFoundException: http://www.fr.com/pagenotfound/

java.io.FileNotFoundException: http://www.fr.com/pagenotfound/

java.io.FileNotFoundException: http://www.fr.com/pagenotfound/

java.io.FileNotFoundException: http://www.fr.com/pagenotfound/

java.io.FileNotFoundException: http://www.fr.com/pagenotfound/

java.io.FileNotFoundException: http://www.fr.com/pagenotfound/

java.io.FileNotFoundException: http://www.fr.com/pagenotfound/

java.io.FileNotFoundException: http://www.fr.com/pagenotfound/

java.io.FileNotFoundException: http://www.fr.com/pagenotfound/

java.io.FileNotFoundException: http://www.fr.com/pagenotfound/

java.io.FileNotFoundException: http://www.fr.com/pagenotfound/

java.net.MalformedURLException: unknown protocol: javascript

java.io.FileNotFoundException: http://www.fr.com/pagenotfound/

java.io.FileNotFoundException: http://www.fr.com/pagenotfound/

java.io.FileNotFoundException: http://www.fr.com/pagenotfound/

java.io.FileNotFoundException: http://www.fr.com/pagenotfound/

java.io.FileNotFoundException: http://www.fr.com/pagenotfound/

java.io.FileNotFoundException: http://www.fr.com/pagenotfound/

java.io.FileNotFoundException: http://www.fr.com/pagenotfound/

java.io.FileNotFoundException: http://www.fr.com/pagenotfound/

java.io.FileNotFoundException: http://www.fr.com/pagenotfound/

java.io.FileNotFoundException: http://www.fr.com/pagenotfound/

java.io.FileNotFoundException: http://www.fr.com/pagenotfound/

java.io.FileNotFoundException: http://www.fr.com/pagenotfound/

java.io.FileNotFoundException: http://www.fr.com/pagenotfound/

java.io.FileNotFoundException: http://www.fr.com/pagenotfound/

java.io.FileNotFoundException: http://www.fr.com/pagenotfound/

java.io.FileNotFoundException: http://www.fr.com/pagenotfound/

java.io.FileNotFoundException: http://www.fr.com/pagenotfound/

java.io.FileNotFoundException: http://www.fr.com/pagenotfound/

java.io.FileNotFoundException: http://www.fr.com/pagenotfound/

java.io.FileNotFoundException: http://www.fr.com/pagenotfound/

java.io.FileNotFoundException: http://www.fr.com/pagenotfound/

java.io.FileNotFoundException: http://www.fr.com/pagenotfound/

java.io.FileNotFoundException: http://www.fr.com/pagenotfound/

java.io.FileNotFoundException: http://www.fr.com/pagenotfound/

java.io.FileNotFoundException: http://www.fr.com/pagenotfound/

java.io.FileNotFoundException: http://www.fr.com/pagenotfound/

java.io.FileNotFoundException: http://www.fr.com/pagenotfound/

java.io.FileNotFoundException: http://www.fr.com/pagenotfound/

java.io.FileNotFoundException: http://www.fr.com/pagenotfound/

java.io.FileNotFoundException: http://www.fr.com/pagenotfound/

java.io.FileNotFoundException: http://www.fr.com/pagenotfound/

java.io.FileNotFoundException: http://www.fr.com/pagenotfound/

java.io.FileNotFoundException: http://www.fr.com/pagenotfound/

java.io.FileNotFoundException: http://www.fr.com/pagenotfound/

java.io.FileNotFoundException: http://www.fr.com/pagenotfound/

java.net.ConnectException: Connection timed out

java.io.FileNotFoundException: http://www.fr.com/pagenotfound/

java.io.FileNotFoundException: http://www.fr.com/pagenotfound/

java.io.FileNotFoundException: http://www.fr.com/pagenotfound/

java.io.FileNotFoundException: http://www.hr.com/en/communities/ihr_compensation/incentives_measurement__reporting_and_analysis/incentives_planning_and_management//buyersguide/product/rate/1294605583443

java.io.FileNotFoundException: http://www.fr.com/pagenotfound/

java.io.FileNotFoundException: http://www.hr.com/en/communities/ihr_compensation/incentives_measurement__reporting_and_analysis/incentives_planning_and_management//buyersguide/company/view/longnecker_associates

java.io.FileNotFoundException: http://www.fr.com/pagenotfound/

java.io.FileNotFoundException: http://www.fr.com/pagenotfound/

java.io.FileNotFoundException: http://www.fr.com/pagenotfound/

java.io.FileNotFoundException: http://www.fr.com/pagenotfound/

java.io.FileNotFoundException: http://www.fr.com/pagenotfound/

java.net.MalformedURLException: unknown protocol: javascript

java.io.FileNotFoundException: http://www.fr.com/pagenotfound/

java.io.FileNotFoundException: http://www.fr.com/pagenotfound/

java.io.FileNotFoundException: http://www.fr.com/pagenotfound/

java.io.FileNotFoundException: http://www.fr.com/pagenotfound/

java.io.FileNotFoundException: http://www.fr.com/pagenotfound/

java.io.FileNotFoundException: http://www.fr.com/pagenotfound/

java.io.FileNotFoundException: http://www.fr.com/pagenotfound/

java.io.FileNotFoundException: http://www.fr.com/pagenotfound/

java.io.FileNotFoundException: http://www.fr.com/pagenotfound/

java.io.FileNotFoundException: http://www.fr.com/pagenotfound/

java.io.FileNotFoundException: http://www.fr.com/pagenotfound/

java.io.FileNotFoundException: http://www.fr.com/pagenotfound/

java.io.FileNotFoundException: http://www.fr.com/pagenotfound/

java.io.FileNotFoundException: http://www.fr.com/pagenotfound/

java.io.FileNotFoundException: http://www.fr.com/pagenotfound/

java.io.FileNotFoundException: http://www.fr.com/pagenotfound/

java.io.FileNotFoundException: http://www.fr.com/pagenotfound/

java.io.FileNotFoundException: http://www.fr.com/pagenotfound/

java.io.FileNotFoundException: http://www.fr.com/pagenotfound/

java.io.FileNotFoundException: http://www.fr.com/pagenotfound/

java.io.FileNotFoundException: http://www.fr.com/pagenotfound/

java.io.FileNotFoundException: http://www.fr.com/pagenotfound/

java.io.FileNotFoundException: http://www.fr.com/pagenotfound/

java.io.FileNotFoundException: http://www.fr.com/pagenotfound/

java.io.FileNotFoundException: http://www.fr.com/pagenotfound/

java.io.FileNotFoundException: http://www.fr.com/pagenotfound/

java.io.FileNotFoundException: http://www.fr.com/pagenotfound/

java.io.FileNotFoundException: http://www.fr.com/pagenotfound/

java.io.FileNotFoundException: http://www.fr.com/pagenotfound/

java.io.FileNotFoundException: http://www.fr.com/pagenotfound/

java.io.FileNotFoundException: http://www.fr.com/pagenotfound/

java.io.FileNotFoundException: http://www.fr.com/pagenotfound/

java.io.FileNotFoundException: http://www.fr.com/pagenotfound/

java.io.FileNotFoundException: http://www.fr.com/pagenotfound/

java.io.FileNotFoundException: http://www.fr.com/pagenotfound/

java.io.FileNotFoundException: http://www.fr.com/pagenotfound/

java.io.FileNotFoundException: http://www.fr.com/pagenotfound/

java.io.FileNotFoundException: http://www.fr.com/pagenotfound/

java.io.FileNotFoundException: http://www.fr.com/pagenotfound/

java.io.FileNotFoundException: http://www.fr.com/pagenotfound/

java.io.FileNotFoundException: http://www.fr.com/pagenotfound/

java.io.FileNotFoundException: http://www.fr.com/pagenotfound/

java.io.FileNotFoundException: http://www.fr.com/pagenotfound/

java.io.FileNotFoundException: http://www.fr.com/pagenotfound/

java.io.FileNotFoundException: http://www.fr.com/pagenotfound/

java.io.FileNotFoundException: http://www.fr.com/pagenotfound/

java.net.MalformedURLException: no protocol: category.php?id=33&brand=942

java.io.FileNotFoundException: http://www.fr.com/pagenotfound/

java.io.FileNotFoundException: http://www.fr.com/pagenotfound/

java.io.FileNotFoundException: http://www.fr.com/pagenotfound/

java.io.FileNotFoundException: http://www.fr.com/pagenotfound/

java.io.FileNotFoundException: http://www.fr.com/pagenotfound/

java.io.FileNotFoundException: http://www.fr.com/pagenotfound/

java.io.FileNotFoundException: http://www.fr.com/pagenotfound/

java.io.FileNotFoundException: http://www.fr.com/pagenotfound/

java.io.FileNotFoundException: http://www.fr.com/pagenotfound/

java.io.FileNotFoundException: http://www.fr.com/pagenotfound/

java.io.FileNotFoundException: http://www.fr.com/pagenotfound/

java.io.FileNotFoundException: http://www.fr.com/pagenotfound/

java.io.FileNotFoundException: http://www.fr.com/pagenotfound/

java.io.FileNotFoundException: http://www.fr.com/pagenotfound/

java.io.FileNotFoundException: http://www.fr.com/pagenotfound/

java.io.FileNotFoundException: http://www.fr.com/pagenotfound/

java.io.FileNotFoundException: http://www.fr.com/pagenotfound/

java.io.FileNotFoundException: http://www.fr.com/pagenotfound/

java.io.FileNotFoundException: http://www.fr.com/pagenotfound/

java.net.MalformedURLException: unknown protocol: javascript

java.io.FileNotFoundException: http://www.fr.com/pagenotfound/

java.io.FileNotFoundException: http://www.fr.com/pagenotfound/

java.io.FileNotFoundException: http://www.fr.com/pagenotfound/

java.io.FileNotFoundException: http://www.fr.com/pagenotfound/

java.io.FileNotFoundException: http://www.fr.com/pagenotfound/

java.io.FileNotFoundException: http://www.fr.com/pagenotfound/

java.io.FileNotFoundException: http://www.fr.com/pagenotfound/

java.io.FileNotFoundException: http://www.fr.com/pagenotfound/

java.io.FileNotFoundException: http://www.fr.com/pagenotfound/

java.io.FileNotFoundException: http://www.fr.com/pagenotfound/

java.io.FileNotFoundException: http://www.fr.com/pagenotfound/

java.io.FileNotFoundException: http://www.fr.com/pagenotfound/

java.io.FileNotFoundException: http://www.fr.com/pagenotfound/

java.io.FileNotFoundException: http://www.fr.com/pagenotfound/

java.io.FileNotFoundException: http://www.fr.com/pagenotfound/

java.io.FileNotFoundException: http://www.fr.com/pagenotfound/

java.io.FileNotFoundException: http://www.fr.com/pagenotfound/

java.io.FileNotFoundException: http://www.fr.com/pagenotfound/

java.io.FileNotFoundException: http://www.fr.com/pagenotfound/

java.io.FileNotFoundException: http://www.fr.com/pagenotfound/

java.io.FileNotFoundException: http://www.fr.com/pagenotfound/

java.io.FileNotFoundException: http://www.fr.com/pagenotfound/

java.io.FileNotFoundException: http://www.fr.com/pagenotfound/

java.io.FileNotFoundException: http://www.fr.com/pagenotfound/

java.io.FileNotFoundException: http://www.fr.com/pagenotfound/

java.io.FileNotFoundException: http://www.fr.com/pagenotfound/

java.io.FileNotFoundException: http://www.fr.com/pagenotfound/

java.io.FileNotFoundException: http://www.fr.com/pagenotfound/

java.io.FileNotFoundException: http://www.fr.com/pagenotfound/

java.io.FileNotFoundException: http://www.fr.com/pagenotfound/

java.io.FileNotFoundException: http://www.fr.com/pagenotfound/

java.io.FileNotFoundException: http://www.fr.com/pagenotfound/

java.io.FileNotFoundException: http://www.fr.com/pagenotfound/

java.io.FileNotFoundException: http://www.fr.com/pagenotfound/

java.io.FileNotFoundException: http://www.fr.com/pagenotfound/

java.io.FileNotFoundException: http://www.fr.com/pagenotfound/

java.io.FileNotFoundException: http://www.fr.com/pagenotfound/

java.io.FileNotFoundException: http://www.fr.com/pagenotfound/

java.io.FileNotFoundException: http://www.fr.com/pagenotfound/

java.io.FileNotFoundException: http://www.fr.com/pagenotfound/

java.io.FileNotFoundException: http://www.fr.com/pagenotfound/

java.io.FileNotFoundException: http://www.fr.com/pagenotfound/

java.io.FileNotFoundException: http://www.fr.com/pagenotfound/

java.io.FileNotFoundException: http://www.fr.com/pagenotfound/

java.net.MalformedURLException: no protocol: category.php?id=33&brand=943

java.io.FileNotFoundException: http://www.hr.com/en/communities/hr_in_canada/canadian_masters_in_hr_strategy_execution//en/communities/labor_relations/internal_corporate_communications/

java.io.FileNotFoundException: http://www.hr.com/en/communities/ihr_compensation/incentives_measurement__reporting_and_analysis/incentives_planning_and_management//buyersguide/company/view/netcommissions_inc

java.io.FileNotFoundException: http://www.hr.com/en/communities/ihr_compensation/incentives_measurement__reporting_and_analysis/incentives_planning_and_management//buyersguide/product/rate/1294606076254

java.io.FileNotFoundException: http://www.fr.com/pagenotfound/

java.io.FileNotFoundException: http://www.fr.com/pagenotfound/

java.io.FileNotFoundException: http://www.fr.com/pagenotfound/

java.io.FileNotFoundException: http://www.fr.com/pagenotfound/

java.io.FileNotFoundException: http://www.fr.com/pagenotfound/

java.io.FileNotFoundException: http://www.fr.com/pagenotfound/

java.io.FileNotFoundException: http://www.fr.com/pagenotfound/

java.io.FileNotFoundException: http://www.fr.com/pagenotfound/

java.io.FileNotFoundException: http://www.fr.com/pagenotfound/

java.io.FileNotFoundException: http://www.fr.com/pagenotfound/

java.io.FileNotFoundException: http://www.fr.com/pagenotfound/

java.io.FileNotFoundException: http://www.fr.com/pagenotfound/

java.io.FileNotFoundException: http://www.fr.com/pagenotfound/

java.io.FileNotFoundException: http://www.fr.com/pagenotfound/

java.io.FileNotFoundException: http://www.fr.com/pagenotfound/

java.io.FileNotFoundException: http://www.fr.com/pagenotfound/

java.io.FileNotFoundException: http://www.fr.com/pagenotfound/

java.net.MalformedURLException: unknown protocol: javascript

java.io.FileNotFoundException: http://www.fr.com/pagenotfound/

java.io.FileNotFoundException: http://www.fr.com/pagenotfound/

java.io.FileNotFoundException: http://www.fr.com/pagenotfound/

java.io.FileNotFoundException: http://www.fr.com/pagenotfound/

java.io.FileNotFoundException: http://www.fr.com/pagenotfound/

java.io.FileNotFoundException: http://www.fr.com/pagenotfound/

java.io.FileNotFoundException: http://www.fr.com/pagenotfound/

java.io.FileNotFoundException: http://www.fr.com/pagenotfound/

java.io.FileNotFoundException: http://www.fr.com/pagenotfound/

java.io.FileNotFoundException: http://www.fr.com/pagenotfound/

java.io.FileNotFoundException: http://www.fr.com/pagenotfound/

java.io.FileNotFoundException: http://www.fr.com/pagenotfound/

java.io.FileNotFoundException: http://www.fr.com/pagenotfound/

java.io.FileNotFoundException: http://www.fr.com/pagenotfound/

java.io.FileNotFoundException: http://www.fr.com/pagenotfound/

java.io.FileNotFoundException: http://www.fr.com/pagenotfound/

java.io.FileNotFoundException: http://www.fr.com/pagenotfound/

java.io.FileNotFoundException: http://www.fr.com/pagenotfound/

java.io.FileNotFoundException: http://www.fr.com/pagenotfound/

java.io.FileNotFoundException: http://www.fr.com/pagenotfound/

java.io.FileNotFoundException: http://www.fr.com/pagenotfound/

java.io.FileNotFoundException: http://www.fr.com/pagenotfound/

java.io.FileNotFoundException: http://www.fr.com/pagenotfound/

java.io.FileNotFoundException: http://www.fr.com/pagenotfound/

java.io.FileNotFoundException: http://www.fr.com/pagenotfound/

java.io.FileNotFoundException: http://www.fr.com/pagenotfound/

java.io.FileNotFoundException: http://www.fr.com/pagenotfound/

java.io.FileNotFoundException: http://www.fr.com/pagenotfound/

java.io.FileNotFoundException: http://www.fr.com/pagenotfound/

java.io.FileNotFoundException: http://www.fr.com/pagenotfound/

java.io.FileNotFoundException: http://www.fr.com/pagenotfound/

java.io.FileNotFoundException: http://www.fr.com/pagenotfound/

java.io.FileNotFoundException: http://www.fr.com/pagenotfound/

java.io.FileNotFoundException: http://www.fr.com/pagenotfound/

java.io.FileNotFoundException: http://www.fr.com/pagenotfound/

java.io.FileNotFoundException: http://www.fr.com/pagenotfound/

java.io.FileNotFoundException: http://www.fr.com/pagenotfound/

java.io.FileNotFoundException: http://www.fr.com/pagenotfound/

java.io.FileNotFoundException: http://www.fr.com/pagenotfound/

java.io.FileNotFoundException: http://www.fr.com/pagenotfound/

java.io.FileNotFoundException: http://www.fr.com/pagenotfound/

java.io.FileNotFoundException: http://www.fr.com/pagenotfound/

java.io.FileNotFoundException: http://www.fr.com/pagenotfound/

java.io.FileNotFoundException: http://www.fr.com/pagenotfound/

java.io.FileNotFoundException: http://www.fr.com/pagenotfound/

java.io.FileNotFoundException: http://www.fr.com/pagenotfound/

java.io.FileNotFoundException: http://www.fr.com/pagenotfound/

java.io.FileNotFoundException: http://www.fr.com/pagenotfound/

java.io.FileNotFoundException: http://www.fr.com/pagenotfound/

java.io.FileNotFoundException: http://www.fr.com/pagenotfound/

java.io.FileNotFoundException: http://www.fr.com/pagenotfound/

java.io.FileNotFoundException: http://www.fr.com/pagenotfound/

java.io.FileNotFoundException: http://www.fr.com/pagenotfound/

java.io.FileNotFoundException: http://www.fr.com/pagenotfound/

java.io.FileNotFoundException: http://www.hr.com/en/communities/ihr_hr_in_california//en/communities/leadership/leadership_competencies/delegation/

java.io.FileNotFoundException: http://www.fr.com/pagenotfound/

java.io.FileNotFoundException: http://www.fr.com/pagenotfound/

java.io.FileNotFoundException: http://edu.qq.com/abroad//a/20130121/000143.htm

java.net.MalformedURLException: unknown protocol: javascript

java.io.FileNotFoundException: http://www.fr.com/pagenotfound/

java.io.FileNotFoundException: http://www.fr.com/pagenotfound/

java.io.FileNotFoundException: http://www.fr.com/pagenotfound/

java.io.FileNotFoundException: http://www.fr.com/pagenotfound/

java.io.FileNotFoundException: http://www.fr.com/pagenotfound/

java.io.FileNotFoundException: http://www.fr.com/pagenotfound/

java.io.FileNotFoundException: http://www.fr.com/pagenotfound/

java.io.FileNotFoundException: http://www.fr.com/pagenotfound/

java.io.FileNotFoundException: http://www.fr.com/pagenotfound/

java.io.FileNotFoundException: http://www.fr.com/pagenotfound/

java.io.FileNotFoundException: http://www.fr.com/pagenotfound/

java.io.FileNotFoundException: http://www.fr.com/pagenotfound/

java.io.FileNotFoundException: http://www.fr.com/pagenotfound/

java.io.FileNotFoundException: http://www.fr.com/pagenotfound/

java.io.FileNotFoundException: http://www.fr.com/pagenotfound/

java.io.FileNotFoundException: http://www.fr.com/pagenotfound/

java.io.FileNotFoundException: http://www.fr.com/pagenotfound/

java.io.FileNotFoundException: http://www.fr.com/pagenotfound/

java.io.FileNotFoundException: http://www.fr.com/pagenotfound/

java.io.FileNotFoundException: http://www.fr.com/pagenotfound/

java.io.FileNotFoundException: http://www.fr.com/pagenotfound/

java.io.FileNotFoundException: http://www.fr.com/pagenotfound/

java.io.FileNotFoundException: http://www.fr.com/pagenotfound/

java.io.FileNotFoundException: http://www.fr.com/pagenotfound/

java.io.FileNotFoundException: http://www.fr.com/pagenotfound/

java.io.FileNotFoundException: http://www.fr.com/pagenotfound/

java.io.FileNotFoundException: http://www.fr.com/pagenotfound/

java.io.FileNotFoundException: http://www.fr.com/pagenotfound/

java.io.FileNotFoundException: http://www.fr.com/pagenotfound/

java.io.FileNotFoundException: http://www.fr.com/pagenotfound/

java.io.FileNotFoundException: http://www.fr.com/pagenotfound/

java.io.FileNotFoundException: http://www.fr.com/pagenotfound/

java.io.FileNotFoundException: http://www.fr.com/pagenotfound/

java.io.FileNotFoundException: http://www.fr.com/pagenotfound/

java.io.FileNotFoundException: http://www.fr.com/pagenotfound/

java.io.FileNotFoundException: http://www.fr.com/pagenotfound/

java.io.FileNotFoundException: http://www.fr.com/pagenotfound/

java.io.FileNotFoundException: http://www.fr.com/pagenotfound/

java.io.FileNotFoundException: http://www.fr.com/pagenotfound/

java.io.FileNotFoundException: http://www.fr.com/pagenotfound/

java.io.FileNotFoundException: http://www.hr.com/en/communities/ihr_compensation/incentives_measurement__reporting_and_analysis/incentives_planning_and_management//buyersguide/product/rate/1294607386599

java.io.FileNotFoundException: http://www.fr.com/pagenotfound/

java.io.FileNotFoundException: http://www.fr.com/pagenotfound/

java.io.FileNotFoundException: http://www.fr.com/pagenotfound/

java.io.FileNotFoundException: http://www.fr.com/pagenotfound/

java.io.FileNotFoundException: http://www.fr.com/pagenotfound/

java.io.FileNotFoundException: http://www.fr.com/pagenotfound/

java.io.FileNotFoundException: http://www.fr.com/pagenotfound/

java.io.FileNotFoundException: http://www.fr.com/pagenotfound/

java.io.FileNotFoundException: http://www.fr.com/pagenotfound/

java.io.FileNotFoundException: http://www.fr.com/pagenotfound/

java.io.FileNotFoundException: http://www.fr.com/pagenotfound/

java.io.FileNotFoundException: http://www.industryweek.com/procurement/midyear-service-centers-shipments-declining//ad.doubleclick.net/N3834/jump/iw.home/supply_chain/procurement%3bpos=300_2%3bptype=article%3bpage=/procurement/midyear-service-centers-shipments-declining%3bsz=300x600,300x250,300x100,160x600%3btile=10%3bord=123456789?

java.io.FileNotFoundException: http://www.fr.com/pagenotfound/

java.io.FileNotFoundException: http://www.fr.com/pagenotfound/

java.io.FileNotFoundException: http://www.hr.com/en/communities/ihr_compensation/incentives_measurement__reporting_and_analysis/incentives_planning_and_management//en/

java.net.MalformedURLException: no protocol: category.php?id=33&brand=944

java.net.MalformedURLException: unknown protocol: javascript

java.io.FileNotFoundException: http://www.fr.com/pagenotfound/

java.io.FileNotFoundException: http://www.fr.com/pagenotfound/

java.io.FileNotFoundException: http://www.fr.com/pagenotfound/

java.io.FileNotFoundException: http://www.fr.com/pagenotfound/

java.io.FileNotFoundException: http://www.fr.com/pagenotfound/

java.io.FileNotFoundException: http://www.fr.com/pagenotfound/

java.io.FileNotFoundException: http://www.fr.com/pagenotfound/

java.io.FileNotFoundException: http://www.fr.com/pagenotfound/

java.io.FileNotFoundException: http://www.fr.com/pagenotfound/

java.io.FileNotFoundException: http://www.fr.com/pagenotfound/

java.io.FileNotFoundException: http://www.fr.com/pagenotfound/

java.io.FileNotFoundException: http://www.fr.com/pagenotfound/

java.io.FileNotFoundException: http://www.fr.com/pagenotfound/

java.io.FileNotFoundException: http://www.fr.com/pagenotfound/

java.io.FileNotFoundException: http://www.fr.com/pagenotfound/

java.io.FileNotFoundException: http://www.fr.com/pagenotfound/

java.io.FileNotFoundException: http://www.fr.com/pagenotfound/

java.io.FileNotFoundException: http://www.fr.com/pagenotfound/

java.io.FileNotFoundException: http://www.fr.com/pagenotfound/

java.io.FileNotFoundException: http://www.fr.com/pagenotfound/

java.io.FileNotFoundException: http://www.fr.com/pagenotfound/

java.io.FileNotFoundException: http://www.fr.com/pagenotfound/

java.io.FileNotFoundException: http://www.fr.com/pagenotfound/

java.io.FileNotFoundException: http://www.fr.com/pagenotfound/

java.io.FileNotFoundException: http://www.fr.com/pagenotfound/

java.io.FileNotFoundException: http://www.fr.com/pagenotfound/

java.io.FileNotFoundException: http://www.fr.com/pagenotfound/

java.io.FileNotFoundException: http://www.fr.com/pagenotfound/

java.io.FileNotFoundException: http://www.fr.com/pagenotfound/

java.io.FileNotFoundException: http://www.fr.com/pagenotfound/

java.io.FileNotFoundException: http://www.fr.com/pagenotfound/

java.io.FileNotFoundException: http://www.fr.com/pagenotfound/

java.io.FileNotFoundException: http://www.fr.com/pagenotfound/

java.io.FileNotFoundException: http://www.fr.com/pagenotfound/

java.io.FileNotFoundException: http://www.fr.com/pagenotfound/

java.io.FileNotFoundException: http://www.fr.com/pagenotfound/

java.io.FileNotFoundException: http://www.fr.com/pagenotfound/

java.net.UnknownServiceException: protocol doesn't support input

java.io.FileNotFoundException: http://www.fr.com/pagenotfound/

java.net.UnknownServiceException: protocol doesn't support input

java.io.FileNotFoundException: http://www.fr.com/pagenotfound/

java.net.UnknownServiceException: protocol doesn't support input

java.io.FileNotFoundException: http://www.fr.com/pagenotfound/

java.io.FileNotFoundException: http://www.fr.com/pagenotfound/

java.io.FileNotFoundException: http://www.fr.com/pagenotfound/

java.io.FileNotFoundException: http://www.fr.com/pagenotfound/

java.io.FileNotFoundException: http://www.fr.com/pagenotfound/

java.io.FileNotFoundException: http://www.fr.com/pagenotfound/

java.io.FileNotFoundException: http://www.fr.com/pagenotfound/

java.io.FileNotFoundException: http://www.fr.com/pagenotfound/

java.io.FileNotFoundException: http://www.fr.com/pagenotfound/

java.io.FileNotFoundException: http://www.fr.com/pagenotfound/

java.io.FileNotFoundException: http://www.fr.com/pagenotfound/

java.net.MalformedURLException: unknown protocol: javascript

java.io.FileNotFoundException: http://www.fr.com/pagenotfound/

java.io.FileNotFoundException: http://www.fr.com/pagenotfound/

java.io.FileNotFoundException: http://www.fr.com/pagenotfound/

java.io.FileNotFoundException: http://www.fr.com/pagenotfound/

java.io.FileNotFoundException: http://www.fr.com/pagenotfound/

java.io.FileNotFoundException: http://www.fr.com/pagenotfound/

java.io.FileNotFoundException: http://www.fr.com/pagenotfound/

java.io.FileNotFoundException: http://www.fr.com/pagenotfound/

java.io.FileNotFoundException: http://www.fr.com/pagenotfound/

java.io.FileNotFoundException: http://www.fr.com/pagenotfound/

java.io.FileNotFoundException: http://www.fr.com/pagenotfound/

java.io.FileNotFoundException: http://www.fr.com/pagenotfound/

java.io.FileNotFoundException: http://www.fr.com/pagenotfound/

java.io.FileNotFoundException: http://www.fr.com/pagenotfound/

java.io.FileNotFoundException: http://www.fr.com/pagenotfound/

java.io.FileNotFoundException: http://www.fr.com/pagenotfound/

java.io.FileNotFoundException: http://www.fr.com/pagenotfound/

java.io.FileNotFoundException: http://www.fr.com/pagenotfound/

java.io.FileNotFoundException: http://www.fr.com/pagenotfound/

java.io.FileNotFoundException: http://www.fr.com/pagenotfound/

java.io.FileNotFoundException: http://www.fr.com/pagenotfound/

java.io.FileNotFoundException: http://www.fr.com/pagenotfound/

java.io.FileNotFoundException: http://www.fr.com/pagenotfound/

java.io.FileNotFoundException: http://www.fr.com/pagenotfound/

java.io.FileNotFoundException: http://www.fr.com/pagenotfound/

java.io.FileNotFoundException: http://www.fr.com/pagenotfound/

java.io.FileNotFoundException: http://www.fr.com/pagenotfound/

java.io.FileNotFoundException: http://www.fr.com/pagenotfound/

java.io.FileNotFoundException: http://www.fr.com/pagenotfound/

java.io.FileNotFoundException: http://www.fr.com/pagenotfound/

java.io.FileNotFoundException: http://www.fr.com/pagenotfound/

java.io.FileNotFoundException: http://www.fr.com/pagenotfound/

java.io.FileNotFoundException: http://www.fr.com/pagenotfound/

java.io.FileNotFoundException: http://www.fr.com/pagenotfound/

java.io.FileNotFoundException: http://www.fr.com/pagenotfound/

java.io.FileNotFoundException: http://www.fr.com/pagenotfound/

java.io.FileNotFoundException: http://www.fr.com/pagenotfound/

java.io.FileNotFoundException: http://www.fr.com/pagenotfound/

java.io.FileNotFoundException: http://www.fr.com/pagenotfound/

java.io.FileNotFoundException: http://www.fr.com/pagenotfound/

java.net.MalformedURLException: unknown protocol: javascript

java.io.FileNotFoundException: http://www.fr.com/pagenotfound/

java.net.MalformedURLException: unknown protocol: javascript

java.io.FileNotFoundException: http://www.fr.com/pagenotfound/

java.io.FileNotFoundException: http://www.fr.com/pagenotfound/

java.io.FileNotFoundException: http://www.fr.com/pagenotfound/

java.io.FileNotFoundException: http://www.fr.com/pagenotfound/

java.io.FileNotFoundException: http://www.fr.com/pagenotfound/

java.io.FileNotFoundException: http://www.fr.com/pagenotfound/

java.io.FileNotFoundException: http://www.fr.com/pagenotfound/

java.io.FileNotFoundException: http://www.fr.com/pagenotfound/

java.io.FileNotFoundException: http://www.fr.com/pagenotfound/

java.io.FileNotFoundException: http://www.fr.com/pagenotfound/

java.io.FileNotFoundException: http://www.fr.com/pagenotfound/

java.io.FileNotFoundException: http://www.fr.com/pagenotfound/

java.io.FileNotFoundException: http://www.fr.com/pagenotfound/

java.io.FileNotFoundException: http://www.fr.com/pagenotfound/

java.io.FileNotFoundException: http://www.fr.com/pagenotfound/

java.io.FileNotFoundException: http://www.fr.com/pagenotfound/

java.io.FileNotFoundException: http://www.fr.com/pagenotfound/

java.io.FileNotFoundException: http://www.fr.com/pagenotfound/

java.io.FileNotFoundException: http://www.fr.com/pagenotfound/

java.io.FileNotFoundException: http://www.fr.com/pagenotfound/

java.io.FileNotFoundException: http://www.fr.com/pagenotfound/

java.io.FileNotFoundException: http://www.fr.com/pagenotfound/

java.io.FileNotFoundException: http://www.fr.com/pagenotfound/

java.io.FileNotFoundException: http://www.fr.com/pagenotfound/

java.io.FileNotFoundException: http://www.fr.com/pagenotfound/

java.io.FileNotFoundException: http://www.fr.com/pagenotfound/

java.io.FileNotFoundException: http://www.fr.com/pagenotfound/

java.io.FileNotFoundException: http://www.fr.com/pagenotfound/

java.io.FileNotFoundException: http://www.fr.com/pagenotfound/

java.io.FileNotFoundException: http://www.fr.com/pagenotfound/

java.io.FileNotFoundException: http://www.fr.com/pagenotfound/

java.io.FileNotFoundException: http://www.fr.com/pagenotfound/

java.io.FileNotFoundException: http://www.fr.com/pagenotfound/

java.io.FileNotFoundException: http://www.fr.com/pagenotfound/

java.io.FileNotFoundException: http://www.fr.com/pagenotfound/

java.io.FileNotFoundException: http://www.fr.com/pagenotfound/

java.io.FileNotFoundException: http://www.fr.com/pagenotfound/

java.io.FileNotFoundException: http://www.fr.com/pagenotfound/

java.io.FileNotFoundException: http://www.fr.com/pagenotfound/

java.io.FileNotFoundException: http://www.fr.com/pagenotfound/

java.io.FileNotFoundException: http://www.fr.com/pagenotfound/

java.io.FileNotFoundException: http://www.fr.com/pagenotfound/

java.io.FileNotFoundException: http://www.fr.com/pagenotfound/

java.io.FileNotFoundException: http://www.fr.com/pagenotfound/

java.io.FileNotFoundException: http://www.fr.com/pagenotfound/

java.io.FileNotFoundException: http://www.fr.com/pagenotfound/

java.io.FileNotFoundException: http://www.fr.com/pagenotfound/

java.io.FileNotFoundException: http://www.fr.com/pagenotfound/

java.io.FileNotFoundException: http://www.fr.com/pagenotfound/

java.io.FileNotFoundException: http://www.transfermarkt.co.uk/en/oussama-assaidi/profil/spieler_57275.html

java.io.FileNotFoundException: http://www.fr.com/pagenotfound/

java.io.FileNotFoundException: http://www.fr.com/pagenotfound/

java.io.FileNotFoundException: http://www.fr.com/pagenotfound/

java.io.FileNotFoundException: http://www.fr.com/pagenotfound/

java.io.FileNotFoundException: http://www.hr.com/en/communities/ihr_compensation/incentives_measurement__reporting_and_analysis/incentives_planning_and_management//en/about_us/hr_com_team/

java.io.FileNotFoundException: http://www.hr.com/en/communities/ihr_compensation/incentives_measurement__reporting_and_analysis/incentives_planning_and_management//en/about_us/

java.io.FileNotFoundException: http://www.hr.com/en/communities/ihr_compensation/incentives_measurement__reporting_and_analysis/incentives_planning_and_management//en

java.io.FileNotFoundException: http://www.hr.com/en/communities/ihr_compensation/incentives_measurement__reporting_and_analysis/incentives_planning_and_management//en/about_us/the_hr_com_manifesto/

java.io.FileNotFoundException: http://www.hr.com/en/communities/ihr_compensation/incentives_measurement__reporting_and_analysis/incentives_planning_and_management//en/about_us/syndicated_content/

java.io.FileNotFoundException: http://www.hr.com/en/communities/ihr_compensation/incentives_measurement__reporting_and_analysis/incentives_planning_and_management//en/about_us/faq/

java.io.FileNotFoundException: http://www.hr.com/en/communities/ihr_compensation/incentives_measurement__reporting_and_analysis/incentives_planning_and_management//en/about_us/fun_box/

java.net.MalformedURLException: unknown protocol: mms

java.io.IOException: Invalid Http response

java.io.FileNotFoundException: http://www.hr.com/en/communities/ihr_compensation/incentives_measurement__reporting_and_analysis/incentives_planning_and_management//en/about_us/fun_box/crossword_puzzles/

java.io.FileNotFoundException: http://www.hr.com/en/communities/ihr_compensation/incentives_measurement__reporting_and_analysis/incentives_planning_and_management//en/about_us/fun_box/office_humor/

java.io.FileNotFoundException: http://www.hr.com/en/communities/ihr_compensation/incentives_measurement__reporting_and_analysis/incentives_planning_and_management//en/about_us/fun_box/my_cubicle/

java.io.FileNotFoundException: http://www.hr.com/en/communities/ihr_compensation/incentives_measurement__reporting_and_analysis/incentives_planning_and_management//en/about_us/fun_box/lose_it_for_charity/

java.io.FileNotFoundException: http://www.hr.com/en/communities/ihr_compensation/incentives_measurement__reporting_and_analysis/incentives_planning_and_management//en/about_us/fun_box/footprint/

java.io.FileNotFoundException: http://www.hr.com/en/communities/ihr_compensation/incentives_measurement__reporting_and_analysis/incentives_planning_and_management//en/about_us/fun_box/grow/

java.io.FileNotFoundException: http://www.hr.com/en/communities/ihr_compensation/incentives_measurement__reporting_and_analysis/incentives_planning_and_management//en/about_us/fun_box/happy_holidays/

java.io.FileNotFoundException: http://www.hr.com/en/communities/ihr_compensation/incentives_measurement__reporting_and_analysis/incentives_planning_and_management//en/about_us/fun_box/hr_magic/

java.io.FileNotFoundException: http://www.sc-heerenveen.nl/pageid=502/showPopup=true/Home.html

java.io.FileNotFoundException: http://www.hr.com/en/communities/ihr_compensation/incentives_measurement__reporting_and_analysis/incentives_planning_and_management//en/about_us/fun_box/politically_incorrect/

java.io.FileNotFoundException: http://www.hr.com/en/communities/ihr_compensation/incentives_measurement__reporting_and_analysis/incentives_planning_and_management//en/about_us/fun_box/hr_in_the_new_economy/

java.io.FileNotFoundException: http://www.hr.com/en/communities/ihr_compensation/incentives_measurement__reporting_and_analysis/incentives_planning_and_management//en/about_us/fun_box/famous_quotes/

java.io.FileNotFoundException: http://www.hr.com/en/communities/ihr_compensation/incentives_measurement__reporting_and_analysis/incentives_planning_and_management//en/about_us/fun_box/photo_contests/

java.io.FileNotFoundException: http://www.hr.com/en/communities/ihr_compensation/incentives_measurement__reporting_and_analysis/incentives_planning_and_management//en/about_us/privacy_information/

java.io.FileNotFoundException: http://www.hr.com/en/communities/ihr_compensation/incentives_measurement__reporting_and_analysis/incentives_planning_and_management//en/about_us/legal_information/

java.io.FileNotFoundException: http://www.hr.com/en/communities/ihr_compensation/incentives_measurement__reporting_and_analysis/incentives_planning_and_management//en/about_us/hr_com_newsletters/

java.io.FileNotFoundException: http://www.hr.com/en/communities/ihr_compensation/incentives_measurement__reporting_and_analysis/incentives_planning_and_management//en/about_us/hr_com_newsletters/hr_communication/

java.io.FileNotFoundException: http://www.hr.com/en/communities/ihr_compensation/incentives_measurement__reporting_and_analysis/incentives_planning_and_management//en/about_us/hr_com_newsletters/hr_com_whitepapers/

java.io.FileNotFoundException: http://www.hr.com/en/communities/ihr_compensation/incentives_measurement__reporting_and_analysis/incentives_planning_and_management//en/about_us/hr_com_newsletters/thought_leaders/

java.io.FileNotFoundException: http://www.hr.com/en/communities/ihr_compensation/incentives_measurement__reporting_and_analysis/incentives_planning_and_management//en/about_us/hr_com_newsletters/reality_hr/

java.io.FileNotFoundException: http://www.hr.com/en/communities/ihr_compensation/incentives_measurement__reporting_and_analysis/incentives_planning_and_management//en/about_us/hr_com_newsletters/vendor_newsletters/

java.io.FileNotFoundException: http://www.hr.com/en/communities/ihr_compensation/incentives_measurement__reporting_and_analysis/incentives_planning_and_management//en/about_us/terms_content_policy/

java.io.FileNotFoundException: http://www.hr.com/en/communities/ihr_compensation/incentives_measurement__reporting_and_analysis/incentives_planning_and_management//en/about_us/terms_content_policy/blog_terms_and_conditions/

java.io.FileNotFoundException: http://www.hr.com/en/communities/ihr_compensation/incentives_measurement__reporting_and_analysis/incentives_planning_and_management//en/about_us/hr_com_press_releases/

java.io.FileNotFoundException: http://www.hr.com/en/communities/ihr_compensation/incentives_measurement__reporting_and_analysis/incentives_planning_and_management//en/about_us/contact_us/

java.io.FileNotFoundException: http://www.hr.com/en/communities/ihr_compensation/incentives_measurement__reporting_and_analysis/incentives_planning_and_management//en/about_us/how_to_contribute/

java.io.FileNotFoundException: http://www.hr.com/en/communities/ihr_compensation/incentives_measurement__reporting_and_analysis/incentives_planning_and_management//en/about_us/become_a_regular_contributor/

java.io.FileNotFoundException: http://www.hr.com/en/communities/ihr_compensation/incentives_measurement__reporting_and_analysis/incentives_planning_and_management//en/about_us/advertise/

java.io.FileNotFoundException: http://www.hr.com/en/communities/ihr_compensation/incentives_measurement__reporting_and_analysis/incentives_planning_and_management//en/communities/ihr/

java.io.FileNotFoundException: http://www.hr.com/en/communities/ihr_compensation/incentives_measurement__reporting_and_analysis/incentives_planning_and_management//en/memberships/

java.io.FileNotFoundException: http://www.hr.com/en/communities/ihr_compensation/incentives_measurement__reporting_and_analysis/incentives_planning_and_management//en/communities/benefits/

java.io.FileNotFoundException: http://www.youtube.com/ts/playlist?list=PL8DF84B6302A61530

java.io.FileNotFoundException: http://www.youtube.com/ts/watch?v=ZfGRdbqj-dk&list=PL8DF84B6302A61530

java.io.FileNotFoundException: http://www.hr.com/en/communities/ihr_compensation/incentives_measurement__reporting_and_analysis/incentives_planning_and_management//en/communities/benefits/ihr_benefits_cost_containment_audits_legal_risks/

java.io.FileNotFoundException: http://www.hr.com/en/communities/ihr_compensation/incentives_measurement__reporting_and_analysis/incentives_planning_and_management//en/communities/benefits/design_and_technology/

java.io.FileNotFoundException: http://www.industryweek.com/procurement/midyear-service-centers-shipments-declining/global-workforce-management-trends-and-strategies-us-manufacturers

java.io.FileNotFoundException: http://www.hr.com/en/communities/ihr_compensation/incentives_measurement__reporting_and_analysis/incentives_planning_and_management//en/communities/benefits/design_and_technology/benefits_administration/

java.io.FileNotFoundException: http://www.youtube.com/ts/watch?v=5u1I7xQvkVA&list=PL8DF84B6302A61530

java.io.FileNotFoundException: http://www.hr.com/en/communities/ihr_compensation/incentives_measurement__reporting_and_analysis/incentives_planning_and_management//en/communities/benefits/healthcare_legislation_and_compliance/

java.io.FileNotFoundException: http://www.hr.com/en/communities/ihr_compensation/incentives_measurement__reporting_and_analysis/incentives_planning_and_management//en/communities/benefits/design_and_technology/self_service/

java.io.FileNotFoundException: http://www.youtube.com/ts/watch?v=ik9hj9zB6RE&list=PL8DF84B6302A61530

java.io.FileNotFoundException: http://www.hr.com/en/communities/ihr_compensation/incentives_measurement__reporting_and_analysis/incentives_planning_and_management//en/communities/benefits/healthcare_legislation_and_compliance/cobra/

java.io.FileNotFoundException: http://www.youtube.com/ts/watch?v=4CR_XhMDva8

java.io.FileNotFoundException: http://www.hr.com/en/communities/ihr_compensation/incentives_measurement__reporting_and_analysis/incentives_planning_and_management//en/communities/benefits/leave_benefits/

java.io.FileNotFoundException: http://www.hr.com/en/communities/ihr_compensation/incentives_measurement__reporting_and_analysis/incentives_planning_and_management//en/communities/benefits/healthcare_legislation_and_compliance/erisa/

java.io.FileNotFoundException: http://www.hr.com/en/communities/ihr_compensation/incentives_measurement__reporting_and_analysis/incentives_planning_and_management//en/communities/benefits/healthcare_legislation_and_compliance/hipaa/

java.io.FileNotFoundException: http://www.hr.com/en/communities/ihr_compensation/incentives_measurement__reporting_and_analysis/incentives_planning_and_management//en/communities/benefits/leave_benefits/family_medical_and_leave_act/

java.io.FileNotFoundException: http://www.hr.com/en/communities/ihr_compensation/incentives_measurement__reporting_and_analysis/incentives_planning_and_management//en/communities/benefits/leave_benefits/paid_time_off__pto_/

java.io.FileNotFoundException: http://www.hr.com/en/communities/ihr_compensation/incentives_measurement__reporting_and_analysis/incentives_planning_and_management//en/communities/benefits/leave_benefits/parental_leave/

java.io.FileNotFoundException: http://www.hr.com/en/communities/ihr_compensation/incentives_measurement__reporting_and_analysis/incentives_planning_and_management//en/communities/benefits/leave_benefits/sick_leave/

java.io.FileNotFoundException: http://www.youtube.com/ts/playlist?list=PLC1D0DBEE2E82738E

java.io.FileNotFoundException: http://www.youtube.com/ts/watch?v=DEhRpsqbZPM&list=PLC1D0DBEE2E82738E

java.io.FileNotFoundException: http://www.hr.com/en/communities/ihr_compensation/incentives_measurement__reporting_and_analysis/incentives_planning_and_management//en/communities/benefits/medical_benefits/

java.io.FileNotFoundException: http://www.youtube.com/ts//www.youtube.com/yt/about/

java.io.FileNotFoundException: http://www.youtube.com/ts//www.youtube.com/yt/press/

java.io.FileNotFoundException: http://www.youtube.com/ts//www.youtube.com/yt/copyright/

java.io.FileNotFoundException: http://www.youtube.com/ts//www.youtube.com/yt/creators/

java.io.FileNotFoundException: http://www.youtube.com/ts//www.youtube.com/yt/advertise/

java.io.FileNotFoundException: http://www.youtube.com/ts//www.youtube.com/yt/dev/

java.io.FileNotFoundException: http://www.youtube.com/ts//www.youtube.com/yt/policyandsafety/

java.io.FileNotFoundException: http://www.youtube.com/ts/t/terms

java.io.FileNotFoundException: http://www.youtube.com/ts//www.google.com/tools/feedback/intl/en/error.html

java.io.FileNotFoundException: http://www.youtube.com/ts/testtube

java.io.FileNotFoundException: http://www.hr.com/en/communities/ihr_compensation/incentives_measurement__reporting_and_analysis/incentives_planning_and_management//en/communities/benefits/medical_benefits/aids_policies/

java.io.FileNotFoundException: http://www.hr.com/en/communities/ihr_compensation/incentives_measurement__reporting_and_analysis/incentives_planning_and_management//en/communities/benefits/medical_benefits/consumer_directed_healthcare__cdh_/

java.io.FileNotFoundException: http://www.hr.com/en/communities/ihr_compensation/incentives_measurement__reporting_and_analysis/incentives_planning_and_management//en/communities/benefits/medical_benefits/consumer_directed_healthcare__cdh_/self_directed_healthcare__sdh_/

java.io.FileNotFoundException: http://www.fr.com/pagenotfound/

java.io.FileNotFoundException: http://www.hr.com/en/communities/ihr_compensation/incentives_measurement__reporting_and_analysis/incentives_planning_and_management//en/communities/benefits/medical_benefits/flexible_savings_accounts__fsas_/

java.io.FileNotFoundException: http://www.hr.com/en/communities/ihr_compensation/incentives_measurement__reporting_and_analysis/incentives_planning_and_management//en/communities/benefits/medical_benefits/health_maintenance_organizations__hmos_/

java.io.FileNotFoundException: http://www.hr.com/en/communities/ihr_compensation/incentives_measurement__reporting_and_analysis/incentives_planning_and_management//en/communities/benefits/medical_benefits/health_maintenance_organizations__hmos_/preferred_provider_organizations__ppo_/

java.io.FileNotFoundException: http://www.hr.com/en/communities/ihr_compensation/incentives_measurement__reporting_and_analysis/incentives_planning_and_management//en/communities/benefits/medical_benefits/health_maintenance_organizations__hmos_/private_fee_for_service__pffs_/

java.io.FileNotFoundException: http://www.hr.com/en/communities/ihr_compensation/incentives_measurement__reporting_and_analysis/incentives_planning_and_management//en/communities/benefits/medical_benefits/health_savings_accounts__hsas_/

java.io.FileNotFoundException: http://www.hr.com/en/communities/ihr_compensation/incentives_measurement__reporting_and_analysis/incentives_planning_and_management//en/communities/benefits/medical_benefits/health_reimbursement_accounts__hras_/

java.io.FileNotFoundException: http://www.hr.com/en/communities/ihr_compensation/incentives_measurement__reporting_and_analysis/incentives_planning_and_management//en/communities/benefits/medical_benefits/insurance/

java.io.FileNotFoundException: http://www.hr.com/en/communities/ihr_compensation/incentives_measurement__reporting_and_analysis/incentives_planning_and_management//en/communities/benefits/medical_benefits/insurance/accident/

java.io.FileNotFoundException: http://www.hr.com/en/communities/ihr_compensation/incentives_measurement__reporting_and_analysis/incentives_planning_and_management//en/communities/benefits/medical_benefits/insurance/dental/

java.io.FileNotFoundException: http://www.hr.com/en/communities/ihr_compensation/incentives_measurement__reporting_and_analysis/incentives_planning_and_management//en/communities/benefits/medical_benefits/insurance/life/

java.io.FileNotFoundException: http://www.hr.com/en/communities/ihr_compensation/incentives_measurement__reporting_and_analysis/incentives_planning_and_management//en/communities/benefits/medical_benefits/insurance/health/

java.io.FileNotFoundException: http://www.hr.com/en/communities/ihr_compensation/incentives_measurement__reporting_and_analysis/incentives_planning_and_management//en/communities/benefits/medical_benefits/long_term_disability/

java.io.FileNotFoundException: http://www.hr.com/en/communities/ihr_compensation/incentives_measurement__reporting_and_analysis/incentives_planning_and_management//en/communities/benefits/medical_benefits/insurance/vision/

java.io.FileNotFoundException: http://www.hr.com/en/communities/ihr_compensation/incentives_measurement__reporting_and_analysis/incentives_planning_and_management//en/communities/benefits/outsourcing_benefits/

java.io.FileNotFoundException: http://www.hr.com/en/communities/ihr_compensation/incentives_measurement__reporting_and_analysis/incentives_planning_and_management//en/communities/benefits/medical_benefits/topical_health_issues/

java.io.FileNotFoundException: http://www.hr.com/en/communities/ihr_compensation/incentives_measurement__reporting_and_analysis/incentives_planning_and_management//en/communities/benefits/retirement_benefits/

java.io.FileNotFoundException: http://www.fr.com/pagenotfound/

java.io.FileNotFoundException: http://www.fr.com/pagenotfound/

java.io.FileNotFoundException: http://www.fr.com/pagenotfound/

java.io.FileNotFoundException: http://www.fr.com/pagenotfound/

java.io.FileNotFoundException: http://www.fr.com/pagenotfound/

java.io.FileNotFoundException: http://www.fr.com/pagenotfound/

java.io.FileNotFoundException: http://www.fr.com/pagenotfound/

java.io.FileNotFoundException: http://www.fr.com/pagenotfound/

java.io.FileNotFoundException: http://www.fr.com/pagenotfound/

java.io.FileNotFoundException: http://www.fr.com/pagenotfound/

java.io.FileNotFoundException: http://www.fr.com/pagenotfound/

java.io.FileNotFoundException: http://www.fr.com/pagenotfound/

java.io.FileNotFoundException: http://www.fr.com/pagenotfound/

java.io.FileNotFoundException: http://www.fr.com/pagenotfound/

java.io.FileNotFoundException: http://www.fr.com/pagenotfound/

java.io.FileNotFoundException: http://www.fr.com/pagenotfound/

java.io.FileNotFoundException: http://www.fr.com/pagenotfound/

java.io.FileNotFoundException: http://www.fr.com/pagenotfound/

java.io.FileNotFoundException: http://www.fr.com/pagenotfound/

java.io.FileNotFoundException: http://www.fr.com/pagenotfound/

java.io.FileNotFoundException: http://www.fr.com/pagenotfound/

java.io.FileNotFoundException: http://www.fr.com/pagenotfound/

java.io.FileNotFoundException: http://www.fr.com/pagenotfound/

java.io.FileNotFoundException: http://www.fr.com/pagenotfound/

java.io.FileNotFoundException: http://www.fr.com/pagenotfound/

java.io.FileNotFoundException: http://www.fr.com/pagenotfound/

java.io.FileNotFoundException: http://www.fr.com/pagenotfound/

java.io.FileNotFoundException: http://www.fr.com/pagenotfound/

java.io.FileNotFoundException: http://www.fr.com/pagenotfound/

java.io.FileNotFoundException: http://www.fr.com/pagenotfound/

java.io.FileNotFoundException: http://www.fr.com/pagenotfound/

java.io.FileNotFoundException: http://www.fr.com/pagenotfound/

java.io.FileNotFoundException: http://www.fr.com/pagenotfound/

java.io.FileNotFoundException: http://www.fr.com/pagenotfound/

java.io.FileNotFoundException: http://www.fr.com/pagenotfound/

java.io.FileNotFoundException: http://www.hr.com/en/communities/ihr_compensation/incentives_measurement__reporting_and_analysis/incentives_planning_and_management//en/communities/benefits/retirement_benefits/medicare/

java.io.FileNotFoundException: http://www.fr.com/pagenotfound/

java.io.FileNotFoundException: http://www.fr.com/pagenotfound/

java.io.FileNotFoundException: http://www.fr.com/pagenotfound/

java.io.FileNotFoundException: http://www.fr.com/pagenotfound/

java.io.FileNotFoundException: http://www.fr.com/pagenotfound/

java.io.FileNotFoundException: http://www.fr.com/pagenotfound/

java.io.FileNotFoundException: http://www.fr.com/pagenotfound/

java.io.FileNotFoundException: http://www.fr.com/pagenotfound/

java.io.FileNotFoundException: http://www.fr.com/pagenotfound/

java.io.FileNotFoundException: http://www.fr.com/pagenotfound/

java.io.FileNotFoundException: http://www.fr.com/pagenotfound/

java.io.FileNotFoundException: http://www.hr.com/en/communities/ihr_compensation/incentives_measurement__reporting_and_analysis/incentives_planning_and_management//en/communities/benefits/retirement_benefits/medicaid/

java.io.FileNotFoundException: http://www.hr.com/en/communities/ihr_compensation/incentives_measurement__reporting_and_analysis/incentives_planning_and_management//en/communities/benefits/retirement_benefits/health_and_wellness/

java.io.FileNotFoundException: http://www.hr.com/en/communities/ihr_compensation/incentives_measurement__reporting_and_analysis/incentives_planning_and_management//en/communities/benefits/retirement_benefits/401_k_/

java.io.FileNotFoundException: http://www.hr.com/en/communities/ihr_compensation/incentives_measurement__reporting_and_analysis/incentives_planning_and_management//en/communities/benefits/retirement_benefits/plan_options/

java.io.FileNotFoundException: http://www.hr.com/en/communities/ihr_compensation/incentives_measurement__reporting_and_analysis/incentives_planning_and_management//en/communities/benefits/work_life_programs_and_employee_assistance_programs__eaps_/

java.io.FileNotFoundException: http://www.hr.com/en/communities/ihr_compensation/incentives_measurement__reporting_and_analysis/incentives_planning_and_management//en/communities/benefits/voluntary_benefits/

java.io.FileNotFoundException: http://www.flickr.com/photos/topstreetwear/photos/topstreetwear/favorites/

java.io.FileNotFoundException: http://www.flickr.com/photos/topstreetwear/photos/topstreetwear/show/

java.io.FileNotFoundException: http://www.hr.com/en/communities/ihr_compensation/incentives_measurement__reporting_and_analysis/incentives_planning_and_management//en/communities/benefits/work_life_programs_and_employee_assistance_programs__eaps_/concierge/

java.io.FileNotFoundException: http://www.hr.com/en/communities/ihr_compensation/incentives_measurement__reporting_and_analysis/incentives_planning_and_management//en/communities/benefits/work_life_programs_and_employee_assistance_programs__eaps_/childcare_eldercare/

java.io.FileNotFoundException: http://www.hr.com/en/communities/ihr_compensation/incentives_measurement__reporting_and_analysis/incentives_planning_and_management//en/communities/benefits/work_life_programs_and_employee_assistance_programs__eaps_/dress_code/

java.io.FileNotFoundException: http://www.hr.com/en/communities/ihr_compensation/incentives_measurement__reporting_and_analysis/incentives_planning_and_management//en/communities/benefits/work_life_programs_and_employee_assistance_programs__eaps_/flextime/

java.io.FileNotFoundException: http://www.hr.com/en/communities/ihr_compensation/incentives_measurement__reporting_and_analysis/incentives_planning_and_management//en/communities/benefits/work_life_programs_and_employee_assistance_programs__eaps_/healthcare_wellness/

java.io.FileNotFoundException: http://www.hr.com/en/communities/ihr_compensation/incentives_measurement__reporting_and_analysis/incentives_planning_and_management//en/communities/benefits/work_life_programs_and_employee_assistance_programs__eaps_/job_sharing/

java.io.FileNotFoundException: http://www.hr.com/en/communities/ihr_compensation/incentives_measurement__reporting_and_analysis/incentives_planning_and_management//en/communities/benefits/work_life_programs_and_employee_assistance_programs__eaps_/telecommuting/

java.io.FileNotFoundException: http://www.hr.com/en/communities/ihr_compensation/incentives_measurement__reporting_and_analysis/incentives_planning_and_management//en/communities/benefits/work_life_programs_and_employee_assistance_programs__eaps_/academic_referral/

java.io.FileNotFoundException: http://www.hr.com/en/communities/ihr_compensation/incentives_measurement__reporting_and_analysis/incentives_planning_and_management//en/communities/benefits/work_life_programs_and_employee_assistance_programs__eaps_/addiction_therapy/

java.io.FileNotFoundException: http://www.hr.com/en/communities/ihr_compensation/incentives_measurement__reporting_and_analysis/incentives_planning_and_management//en/communities/benefits/work_life_programs_and_employee_assistance_programs__eaps_/legal_and_employee_counseling/

java.io.FileNotFoundException: http://www.hr.com/en/communities/ihr_compensation/incentives_measurement__reporting_and_analysis/incentives_planning_and_management//en/communities/benefits/work_life_programs_and_employee_assistance_programs__eaps_/financial_advisement/

java.io.FileNotFoundException: http://www.hr.com/en/communities/ihr_compensation/incentives_measurement__reporting_and_analysis/incentives_planning_and_management//en/communities/benefits/work_life_programs_and_employee_assistance_programs__eaps_/parenting_resources/

java.io.FileNotFoundException: http://www.hr.com/en/communities/ihr_compensation/incentives_measurement__reporting_and_analysis/incentives_planning_and_management//en/communities/benefits/work_life_programs_and_employee_assistance_programs__eaps_/pet_insurance/

java.io.FileNotFoundException: http://www.hr.com/en/communities/ihr_compensation/incentives_measurement__reporting_and_analysis/incentives_planning_and_management//en/communities/benefits/work_life_programs_and_employee_assistance_programs__eaps_/relocation_services/

java.io.FileNotFoundException: http://www.hr.com/en/communities/ihr_compensation/incentives_measurement__reporting_and_analysis/incentives_planning_and_management//en/communities/ihr_compensation/compensation_modeling_and_forecasting/

java.io.FileNotFoundException: http://www.hr.com/en/communities/ihr_compensation/incentives_measurement__reporting_and_analysis/incentives_planning_and_management//en/communities/ihr_compensation/board_of_directors_pay/

java.io.FileNotFoundException: http://www.hr.com/en/communities/ihr_compensation/incentives_measurement__reporting_and_analysis/incentives_planning_and_management//en/communities/ihr_compensation/compensation_planning_and_management/

java.io.FileNotFoundException: http://www.hr.com/en/communities/ihr_compensation/incentives_measurement__reporting_and_analysis/incentives_planning_and_management//en/communities/ihr_compensation/compensation_planning_and_management/compliance_in_compensation_management/

java.io.FileNotFoundException: http://www.hr.com/en/communities/ihr_compensation/incentives_measurement__reporting_and_analysis/incentives_planning_and_management//en/communities/ihr_compensation/compensation_planning_and_management/executive_compensation_management/

java.io.FileNotFoundException: http://www.industryweek.com/procurement/midyear-service-centers-shipments-declining/data-and-decision-making-connecting-big-disconnect

java.io.FileNotFoundException: http://www.hr.com/en/communities/ihr_compensation/incentives_measurement__reporting_and_analysis/incentives_planning_and_management//en/communities/ihr_compensation/compensation_planning_and_management/pay_for_performance_planning_and_management/

java.io.FileNotFoundException: http://www.hr.com/en/communities/ihr_compensation/incentives_measurement__reporting_and_analysis/incentives_planning_and_management//en/communities/ihr_compensation/compensation_planning_and_management/stock_planning_and_administration/

java.io.FileNotFoundException: http://www.hr.com/en/communities/ihr_compensation/incentives_measurement__reporting_and_analysis/incentives_planning_and_management//en/communities/ihr_compensation/compensation_planning_and_management/salary_survey_planning_and_management/

java.io.FileNotFoundException: http://www.hr.com/en/communities/ihr_compensation/incentives_measurement__reporting_and_analysis/incentives_planning_and_management//en/communities/ihr_compensation/compensation_trends/

java.io.FileNotFoundException: http://www.hr.com/en/communities/ihr_compensation/incentives_measurement__reporting_and_analysis/incentives_planning_and_management//en/communities/ihr_compensation/compensation_measurement__reporting_and_analysis/

java.io.FileNotFoundException: http://www.hr.com/en/communities/ihr_compensation/incentives_measurement__reporting_and_analysis/incentives_planning_and_management//en/communities/ihr_compensation/ecs_enterprise_compensation_solutions/

java.io.FileNotFoundException: http://www.hr.com/en/communities/ihr_compensation/incentives_measurement__reporting_and_analysis/incentives_planning_and_management//en/communities/ihr_compensation/executive_compensation/

java.io.FileNotFoundException: http://www.hr.com/en/communities/ihr_compensation/incentives_measurement__reporting_and_analysis/incentives_planning_and_management//en/communities/ihr_compensation/incentives__rewards_and_recognition/

java.io.FileNotFoundException: http://www.hr.com/en/communities/ihr_compensation/incentives_measurement__reporting_and_analysis/incentives_planning_and_management//en/communities/ihr_compensation/incentives__rewards_and_recognition/gift_cards/

java.io.FileNotFoundException: http://www.hr.com/en/communities/ihr_compensation/incentives_measurement__reporting_and_analysis/incentives_planning_and_management//en/communities/ihr_compensation/incentives__rewards_and_recognition/recognition_programs/

java.io.FileNotFoundException: http://www.hr.com/en/communities/ihr_compensation/incentives_measurement__reporting_and_analysis/incentives_planning_and_management//en/communities/ihr_compensation/job_analysis__evaluation_and_grading/

java.io.FileNotFoundException: http://www.hr.com/en/communities/ihr_compensation/incentives_measurement__reporting_and_analysis/incentives_planning_and_management//en/communities/ihr_compensation/job_analysis__evaluation_and_grading/compensation_salary_surveys/

java.io.FileNotFoundException: http://www.industryweek.com/procurement/midyear-service-centers-shipments-declining/reach-your-workforce-anywhere-they-go

java.io.FileNotFoundException: http://www.industryweek.com/procurement/midyear-service-centers-shipments-declining/ups-2012-change-supply-chain-survey-exporting-global-trade

java.io.FileNotFoundException: http://www.hr.com/en/communities/ihr_compensation/incentives_measurement__reporting_and_analysis/incentives_planning_and_management//en/communities/ihr_compensation/job_analysis__evaluation_and_grading/compensation_surveys/

java.io.FileNotFoundException: http://www.hr.com/en/communities/ihr_compensation/incentives_measurement__reporting_and_analysis/incentives_planning_and_management//en/communities/ihr_compensation/pay_strategies/

java.io.FileNotFoundException: http://www.hr.com/en/communities/ihr_compensation/incentives_measurement__reporting_and_analysis/incentives_planning_and_management//en/communities/ihr_compensation/pay_strategies/base_pay/

java.net.MalformedURLException: no protocol: category.php?id=33&brand=945

java.io.FileNotFoundException: http://www.hr.com/en/communities/ihr_compensation/incentives_measurement__reporting_and_analysis/incentives_planning_and_management//en/communities/ihr_compensation/pay_strategies/pay_for_performance/

java.io.FileNotFoundException: http://www.hr.com/en/communities/ihr_compensation/incentives_measurement__reporting_and_analysis/incentives_planning_and_management//en/communities/ihr_compensation/pay_strategies/variable_pay/

java.io.FileNotFoundException: http://www.hr.com/en/communities/ihr_compensation/incentives_measurement__reporting_and_analysis/incentives_planning_and_management//en/communities/ihr_compensation/pay_strategies/skill_competency_based_pay/

java.io.FileNotFoundException: http://www.industryweek.com/procurement/midyear-service-centers-shipments-declining/kaikaku-moving-beyond-kaizen-one-organization-s-story-radical-process-change-using-3p

java.io.FileNotFoundException: http://www.hr.com/en/communities/ihr_compensation/incentives_measurement__reporting_and_analysis/incentives_planning_and_management//en/communities/ihr_compensation/pay_strategies/variable_pay/gainsharing/

java.io.FileNotFoundException: http://www.hr.com/en/communities/ihr_compensation/incentives_measurement__reporting_and_analysis/incentives_planning_and_management//en/communities/ihr_compensation/pay_strategies/variable_pay/equity_based_compensation/

java.io.FileNotFoundException: http://www.hr.com/en/communities/ihr_compensation/incentives_measurement__reporting_and_analysis/incentives_planning_and_management//en/communities/ihr_compensation/pay_strategies/variable_pay/profit_sharing/

java.io.FileNotFoundException: http://www.hr.com/en/communities/ihr_compensation/incentives_measurement__reporting_and_analysis/incentives_planning_and_management//en/communities/ihr_compensation/pay_equity/

java.io.FileNotFoundException: http://www.hr.com/en/communities/ihr_compensation/incentives_measurement__reporting_and_analysis/incentives_planning_and_management//en/communities/ihr_compensation/payroll/

java.io.FileNotFoundException: http://www.hr.com/en/communities/ihr_compensation/incentives_measurement__reporting_and_analysis/incentives_planning_and_management//en/communities/ihr_compensation/rfp_rfi_development/

java.io.FileNotFoundException: http://www.hr.com/en/communities/ihr_compensation/incentives_measurement__reporting_and_analysis/incentives_planning_and_management//en/communities/ihr_compensation/severance_pay/

java.io.FileNotFoundException: http://www.hr.com/en/communities/ihr_compensation/incentives_measurement__reporting_and_analysis/incentives_planning_and_management//en/communities/ihr_compensation/payroll_001/

java.io.FileNotFoundException: http://www.hr.com/en/communities/ihr_compensation/incentives_measurement__reporting_and_analysis/incentives_planning_and_management//en/communities/ihr_compensation/sales_force_compensation/

java.io.FileNotFoundException: http://www.hr.com/en/communities/ihr_compensation/incentives_measurement__reporting_and_analysis/incentives_planning_and_management//en/communities/ihr_contract_workforce_talent_exchange/

java.io.FileNotFoundException: http://www.hr.com/en/communities/ihr_compensation/incentives_measurement__reporting_and_analysis/incentives_planning_and_management//en/communities/ihr_contract_workforce_talent_exchange/vendor_management_solutions/

java.io.FileNotFoundException: http://www.hr.com/en/communities/hr_in_canada/canadian_masters_in_hr_strategy_execution//en/communities/labor_relations/law_and_legislation/

java.io.FileNotFoundException: http://www.hr.com/en/communities/ihr_compensation/incentives_measurement__reporting_and_analysis/incentives_planning_and_management//en/communities/ihr_contract_workforce_talent_exchange/talent_exchanges/

java.io.FileNotFoundException: http://www.hr.com/en/communities/ihr_compensation/incentives_measurement__reporting_and_analysis/incentives_planning_and_management//en/communities/ihr_contract_workforce_talent_exchange/rpo_services/

java.io.FileNotFoundException: http://www.fr.com/pagenotfound/

java.io.FileNotFoundException: http://www.hr.com/en/communities/ihr_compensation/incentives_measurement__reporting_and_analysis/incentives_planning_and_management//en/communities/ihr_contract_workforce_talent_exchange/contract_worker_payroll/

java.io.FileNotFoundException: http://www.hr.com/en/communities/ihr_compensation/incentives_measurement__reporting_and_analysis/incentives_planning_and_management//en/communities/ihr_contract_workforce_talent_exchange/contract_workforce_talent_exchanges_templates_forms_contracts/

java.io.FileNotFoundException: http://www.hr.com/en/communities/ihr_hr_in_california//en/communities/leadership/leadership_competencies/developing_and_coaching_others/

java.io.IOException: Server returned HTTP response code: 403 for URL: http://www.olx.gr/sitemap/

java.io.FileNotFoundException: http://online.wsj.com/article/SB10001424127887324755104579071203740688082.html

java.io.FileNotFoundException: http://www.hr.com/en/communities/ihr_compensation/incentives_measurement__reporting_and_analysis/incentives_planning_and_management//en/communities/ihr_contract_workforce_talent_exchange/temporary_staffing_solutions/

java.io.FileNotFoundException: http://www.hr.com/en/communities/ihr_compensation/incentives_measurement__reporting_and_analysis/incentives_planning_and_management//en/communities/ihr_contract_workforce_talent_exchange/managed_service_provider/

java.io.FileNotFoundException: http://www.hr.com/en/communities/ihr_compensation/incentives_measurement__reporting_and_analysis/incentives_planning_and_management//en/communities/ihr_contract_workforce_talent_exchange/contract_workforce_talent_exchanges_tools_technology/

java.io.FileNotFoundException: http://www.hr.com/en/communities/ihr_compensation/incentives_measurement__reporting_and_analysis/incentives_planning_and_management//en/communities/ihr_contract_workforce_talent_exchange/contract_workforce_talent_exchanges_metrics/

java.io.FileNotFoundException: http://www.hr.com/en/communities/ihr_compensation/incentives_measurement__reporting_and_analysis/incentives_planning_and_management//en/communities/ihr_contract_workforce_talent_exchange/contract_workforce_talent_exchanges_legal_compliance/

java.io.FileNotFoundException: http://www.fr.com/pagenotfound/

java.io.FileNotFoundException: http://www.hr.com/en/communities/ihr_compensation/incentives_measurement__reporting_and_analysis/incentives_planning_and_management//en/communities/ihr_employee_wellness/

java.io.FileNotFoundException: http://www.hr.com/en/communities/ihr_compensation/incentives_measurement__reporting_and_analysis/incentives_planning_and_management//en/communities/ihr_employee_wellness/productivity/

java.io.FileNotFoundException: http://www.hr.com/en/communities/ihr_compensation/incentives_measurement__reporting_and_analysis/incentives_planning_and_management//en/communities/ihr_employee_wellness/employee_health/

java.io.FileNotFoundException: http://www.hr.com/en/communities/ihr_compensation/incentives_measurement__reporting_and_analysis/incentives_planning_and_management//en/communities/ihr_employee_wellness/culture_of_health/

java.io.FileNotFoundException: http://www.hr.com/en/communities/ihr_compensation/incentives_measurement__reporting_and_analysis/incentives_planning_and_management//en/communities/ihr_employee_wellness/prevention/

java.io.FileNotFoundException: http://www.hr.com/en/communities/ihr_compensation/incentives_measurement__reporting_and_analysis/incentives_planning_and_management//en/communities/ihr_employee_wellness/employee_wellness_templates_forms_contracts/

java.io.FileNotFoundException: http://www.hr.com/en/communities/ihr_compensation/incentives_measurement__reporting_and_analysis/incentives_planning_and_management//en/communities/ihr_employee_wellness/employee_wellness_legal_compliance/

java.io.FileNotFoundException: http://www.hr.com/en/communities/ihr_compensation/incentives_measurement__reporting_and_analysis/incentives_planning_and_management//en/communities/ihr_employee_wellness/financial_wellness/

java.io.FileNotFoundException: http://www.hr.com/en/communities/ihr_compensation/incentives_measurement__reporting_and_analysis/incentives_planning_and_management//en/communities/ihr_employee_wellness/employee_cost/reimbursement_plans/

java.io.FileNotFoundException: http://www.hr.com/en/communities/ihr_compensation/incentives_measurement__reporting_and_analysis/incentives_planning_and_management//en/communities/ihr_employee_wellness/employee_cost/

java.io.FileNotFoundException: http://www.hr.com/en/communities/hr_in_canada/canadian_masters_in_hr_strategy_execution//en/communities/labor_relations/lr_trends/

java.net.MalformedURLException: no protocol: category.php?id=33&brand=946

java.io.FileNotFoundException: http://www.flickr.com/photos/topstreetwear/photos/topstreetwear/map/

java.io.FileNotFoundException: http://www.anz.com/timorleste/timorleste/en/personal/other-services/

java.io.FileNotFoundException: http://www.hr.com/en/communities/ihr_compensation/job_analysis__evaluation_and_grading//en/communities/

java.io.FileNotFoundException: http://www.fr.com/pagenotfound/

java.io.FileNotFoundException: http://www.hr.com/en/communities/ihr_compensation/job_analysis__evaluation_and_grading//en/communities/ihr_compensation/

java.io.FileNotFoundException: http://www.fr.com/pagenotfound/

java.io.FileNotFoundException: http://www.hr.com/en/communities/ihr_compensation/job_analysis__evaluation_and_grading//en/communities/ihr_compensation/job_analysis__evaluation_and_grading/

java.io.FileNotFoundException: http://www.hr.com/en/communities/ihr_compensation/job_analysis__evaluation_and_grading//en/app/passwordLookup

java.io.FileNotFoundException: http://www.industryweek.com/procurement/midyear-service-centers-shipments-declining/white-papers

java.io.FileNotFoundException: http://www.hr.com/en/communities/ihr_compensation/job_analysis__evaluation_and_grading//en/app/blog

java.net.MalformedURLException: unknown protocol: javascript

java.io.FileNotFoundException: http://www.flickr.com/photos/topstreetwear/photos/topstreetwear/galleries/

java.io.FileNotFoundException: http://www.fr.com/pagenotfound/

java.io.FileNotFoundException: http://www.fr.com/pagenotfound/

java.io.FileNotFoundException: http://www.fr.com/pagenotfound/

java.io.FileNotFoundException: http://www.fr.com/pagenotfound/

java.io.FileNotFoundException: http://www.fr.com/pagenotfound/

java.io.FileNotFoundException: http://www.fr.com/pagenotfound/

java.io.FileNotFoundException: http://www.fr.com/pagenotfound/

java.io.FileNotFoundException: http://www.fr.com/pagenotfound/

java.io.FileNotFoundException: http://www.fr.com/pagenotfound/

java.io.FileNotFoundException: http://www.fr.com/pagenotfound/

java.io.FileNotFoundException: http://www.fr.com/pagenotfound/

java.io.FileNotFoundException: http://www.fr.com/pagenotfound/

java.io.FileNotFoundException: http://www.fr.com/pagenotfound/

java.io.FileNotFoundException: http://www.fr.com/pagenotfound/

java.io.FileNotFoundException: http://www.fr.com/pagenotfound/

java.io.FileNotFoundException: http://www.fr.com/pagenotfound/

java.io.FileNotFoundException: http://www.fr.com/pagenotfound/

java.io.FileNotFoundException: http://www.fr.com/pagenotfound/

java.io.FileNotFoundException: http://www.fr.com/pagenotfound/

java.io.FileNotFoundException: http://www.fr.com/pagenotfound/

java.io.FileNotFoundException: http://www.fr.com/pagenotfound/

java.io.FileNotFoundException: http://www.fr.com/pagenotfound/

java.io.FileNotFoundException: http://www.fr.com/pagenotfound/

java.io.FileNotFoundException: http://www.fr.com/pagenotfound/

java.io.FileNotFoundException: http://www.fr.com/pagenotfound/

java.io.FileNotFoundException: http://www.fr.com/pagenotfound/

java.io.FileNotFoundException: http://www.fr.com/pagenotfound/

java.io.FileNotFoundException: http://www.fr.com/pagenotfound/

java.io.FileNotFoundException: http://www.fr.com/pagenotfound/

java.io.FileNotFoundException: http://www.fr.com/pagenotfound/

java.io.FileNotFoundException: http://www.fr.com/pagenotfound/

java.io.FileNotFoundException: http://www.fr.com/pagenotfound/

java.io.FileNotFoundException: http://www.fr.com/pagenotfound/

java.io.FileNotFoundException: http://www.fr.com/pagenotfound/

java.io.FileNotFoundException: http://www.fr.com/pagenotfound/

java.io.FileNotFoundException: http://www.fr.com/pagenotfound/

java.io.FileNotFoundException: http://www.fr.com/pagenotfound/

java.io.FileNotFoundException: http://www.hr.com/en/communities/ihr_compensation/incentives_measurement__reporting_and_analysis/incentives_planning_and_management//en/communities/ihr_employee_wellness/employee_cost/incentives/

java.io.FileNotFoundException: http://www.hr.com/en/communities/ihr_compensation/incentives_measurement__reporting_and_analysis/incentives_planning_and_management//en/communities/ihr_employee_wellness/onsite_testing/health_fairs/

java.io.FileNotFoundException: http://www.hr.com/en/communities/ihr_compensation/incentives_measurement__reporting_and_analysis/incentives_planning_and_management//en/communities/ihr_employee_wellness/onsite_testing/clinics/

java.io.FileNotFoundException: http://www.hr.com/en/communities/ihr_compensation/incentives_measurement__reporting_and_analysis/incentives_planning_and_management//en/communities/ihr_employee_wellness/employee_communication/

java.io.FileNotFoundException: http://www.hr.com/en/communities/ihr_compensation/incentives_measurement__reporting_and_analysis/incentives_planning_and_management//en/communities/ihr_employee_wellness/employee_communication/wellness_portals/

java.io.FileNotFoundException: http://www.fr.com/pagenotfound/

java.io.FileNotFoundException: http://www.hr.com/en/communities/ihr_compensation/incentives_measurement__reporting_and_analysis/incentives_planning_and_management//en/communities/ihr_employee_wellness/onsite_testing/

java.io.FileNotFoundException: http://www.hr.com/en/communities/ihr_compensation/incentives_measurement__reporting_and_analysis/incentives_planning_and_management//en/communities/ihr_employee_wellness/employee_communication/hra/

java.io.FileNotFoundException: http://www.hr.com/en/communities/ihr_compensation/incentives_measurement__reporting_and_analysis/incentives_planning_and_management//en/communities/ihr_employee_wellness/employee_communication/identification_of_troubled_areas/

java.io.FileNotFoundException: http://www.hr.com/en/communities/ihr_compensation/incentives_measurement__reporting_and_analysis/incentives_planning_and_management//en/communities/ihr_employee_wellness/benefit_healthcare_cost_containment/

java.io.FileNotFoundException: http://www.hr.com/en/communities/ihr_compensation/incentives_measurement__reporting_and_analysis/incentives_planning_and_management//en/communities/ihr_employee_wellness/benefit_healthcare_cost_containment/reduction_in_drug_expense/

java.io.FileNotFoundException: http://www.hr.com/en/communities/ihr_compensation/incentives_measurement__reporting_and_analysis/incentives_planning_and_management//en/communities/ihr_employee_wellness/benefit_healthcare_cost_containment/reduction_in_doctor_visits/

java.io.FileNotFoundException: http://www.hr.com/en/communities/ihr_compensation/incentives_measurement__reporting_and_analysis/incentives_planning_and_management//en/communities/ihr_employee_wellness/weight_management/

java.io.FileNotFoundException: http://www.hr.com/en/communities/ihr_compensation/incentives_measurement__reporting_and_analysis/incentives_planning_and_management//en/communities/ihr_employee_wellness/weight_management/exercise_programs/

java.io.FileNotFoundException: http://www.hr.com/en/communities/ihr_compensation/incentives_measurement__reporting_and_analysis/incentives_planning_and_management//en/communities/ihr_employee_wellness/weight_management/support_management/

java.io.FileNotFoundException: http://www.hr.com/en/communities/ihr_compensation/incentives_measurement__reporting_and_analysis/incentives_planning_and_management//en/communities/ihr_employee_wellness/weight_management/internal_programs/

java.io.FileNotFoundException: http://www.hr.com/en/communities/ihr_compensation/incentives_measurement__reporting_and_analysis/incentives_planning_and_management//en/communities/ihr_employee_wellness/cessation_reduction/

java.io.FileNotFoundException: http://www.hr.com/en/communities/ihr_hr_in_california//en/communities/leadership/leadership_competencies/motivating/

java.io.FileNotFoundException: http://www.fr.com/pagenotfound/

java.io.FileNotFoundException: http://www.hr.com/en/communities/ihr_compensation/job_analysis__evaluation_and_grading//en/app/file

java.io.FileNotFoundException: http://www.fr.com/pagenotfound/

java.io.FileNotFoundException: http://www.fr.com/pagenotfound/

java.io.FileNotFoundException: http://www.fr.com/pagenotfound/

java.io.FileNotFoundException: http://www.fr.com/pagenotfound/

java.io.FileNotFoundException: http://www.fr.com/pagenotfound/

java.io.FileNotFoundException: http://www.fr.com/pagenotfound/

java.io.FileNotFoundException: http://www.fr.com/pagenotfound/

java.io.FileNotFoundException: http://www.fr.com/pagenotfound/

java.io.FileNotFoundException: http://www.fr.com/pagenotfound/

java.io.FileNotFoundException: http://www.fr.com/pagenotfound/

java.io.FileNotFoundException: http://www.fr.com/pagenotfound/

java.io.FileNotFoundException: http://www.fr.com/pagenotfound/

java.io.FileNotFoundException: http://www.fr.com/pagenotfound/

java.io.FileNotFoundException: http://www.hr.com/en/communities/ihr_compensation/job_analysis__evaluation_and_grading//en/app/group

java.io.FileNotFoundException: http://www.fr.com/pagenotfound/

java.io.FileNotFoundException: http://www.hr.com/en/communities/ihr_compensation/job_analysis__evaluation_and_grading//en/app/network/search/newest

java.io.FileNotFoundException: http://www.fr.com/pagenotfound/

java.io.FileNotFoundException: http://www.fr.com/pagenotfound/

java.io.FileNotFoundException: http://www.fr.com/pagenotfound/

java.io.FileNotFoundException: http://www.fr.com/pagenotfound/

java.io.FileNotFoundException: http://www.fr.com/pagenotfound/

java.io.FileNotFoundException: http://www.fr.com/pagenotfound/

java.io.FileNotFoundException: http://www.fr.com/pagenotfound/

java.io.FileNotFoundException: http://www.transfermarkt.co.uk/en/morocco-niger/index/spielbericht_1079103.html

java.io.FileNotFoundException: http://www.hr.com/en/communities/ihr_compensation/job_analysis__evaluation_and_grading//en/webcasts_events/webcasts/upcoming_webcasts/opening-remarks-for-compensation-best-practices-an_hk5oh02s.html

java.io.FileNotFoundException: http://www.hr.com/en/communities/ihr_compensation/job_analysis__evaluation_and_grading//en/webcasts_events/webcasts/upcoming_webcasts/success-in-global-pay-for-performance_hjbnhjeb.html

java.io.FileNotFoundException: http://www.hr.com/en/communities/ihr_compensation/incentives_measurement__reporting_and_analysis/incentives_planning_and_management//en/communities/ihr_employee_wellness/cessation_reduction/drug_alcohol_dependence/

java.io.FileNotFoundException: http://www.flickr.com/photos/topstreetwear/photos/topstreetwear/collections/

java.io.FileNotFoundException: http://www.hr.com/en/communities/ihr_compensation/incentives_measurement__reporting_and_analysis/incentives_planning_and_management//en/communities/ihr_employee_wellness/cessation_reduction/smoking/

java.io.FileNotFoundException: http://www.hr.com/en/communities/ihr_compensation/incentives_measurement__reporting_and_analysis/incentives_planning_and_management//en/communities/ihr_employee_wellness/cessation_reduction/eating_disorders/

java.io.FileNotFoundException: http://www.hr.com/en/communities/ihr_compensation/incentives_measurement__reporting_and_analysis/incentives_planning_and_management//en/communities/ihr_employee_wellness/absenteeism/

java.io.FileNotFoundException: http://www.hr.com/en/communities/ihr_compensation/incentives_measurement__reporting_and_analysis/incentives_planning_and_management//en/communities/ihr_employee_wellness/absenteeism/reduction/

java.io.FileNotFoundException: http://www.hr.com/en/communities/ihr_compensation/incentives_measurement__reporting_and_analysis/incentives_planning_and_management//en/communities/ihr_employee_wellness/absenteeism/cost/

java.io.FileNotFoundException: http://www.hr.com/en/communities/ihr_compensation/incentives_measurement__reporting_and_analysis/incentives_planning_and_management//en/communities/ihr_employee_wellness/absenteeism/measurement/

java.io.FileNotFoundException: http://www.hr.com/en/communities/ihr_compensation/incentives_measurement__reporting_and_analysis/incentives_planning_and_management//en/communities/ihr_employee_wellness/absenteeism/presenters/

java.io.FileNotFoundException: http://www.hr.com/en/communities/ihr_compensation/incentives_measurement__reporting_and_analysis/incentives_planning_and_management//en/communities/ihr_employee_wellness/absenteeism/long_term_rehabilitation/

java.io.FileNotFoundException: http://www.flickr.com/photos/topstreetwear/photos/topstreetwear/archives/

java.io.FileNotFoundException: http://www.ipd.com//cookies

java.io.FileNotFoundException: http://www.hr.com/en/communities/ihr_compensation/job_analysis__evaluation_and_grading//en/webcasts_events/webcasts/upcoming_webcasts/when-is-a-job-like-a-prius--when-it%e2%80%99s-a-hybrid_hitt1ccr.html

java.io.FileNotFoundException: http://www.hr.com/en/communities/ihr_compensation/job_analysis__evaluation_and_grading//en/webcasts_events/webcasts/archived_webcasts_and_podcasts/the-powerful-act-of-coaching-employees_hhrr70up.html

java.io.FileNotFoundException: http://www.hr.com/en/communities/ihr_compensation/job_analysis__evaluation_and_grading//en/webcasts_events/webcasts/archived_webcasts_and_podcasts/opening-remarks-for-compensation-best-practices-an_hgqhmnaf.html

java.io.FileNotFoundException: http://www.hr.com/en/communities/ihr_compensation/job_analysis__evaluation_and_grading//en/webcasts_events/webcasts/archived_webcasts_and_podcasts/success-in-global-pay-for-performance_hcvcmv76.html

java.io.FileNotFoundException: http://www.flickr.com/photos/topstreetwear/photos/topstreetwear/tags/

java.io.FileNotFoundException: http://www.hr.com/en/communities/ihr_compensation/incentives_measurement__reporting_and_analysis/incentives_planning_and_management//en/communities/ihr_employee_wellness/absenteeism/accommodation_at_work/

java.io.FileNotFoundException: http://www.hr.com/en/communities/ihr_compensation/incentives_measurement__reporting_and_analysis/incentives_planning_and_management//en/communities/ihr_employee_wellness/employee_wellness_tools_technology/

java.io.FileNotFoundException: http://www.hr.com/en/communities/ihr_compensation/incentives_measurement__reporting_and_analysis/incentives_planning_and_management//en/communities/ihr_employee_wellness/employee_wellness_metrics/

java.io.FileNotFoundException: http://www.hr.com/en/communities/ihr_compensation/incentives_measurement__reporting_and_analysis/incentives_planning_and_management//en/communities/hr_in_canada/

java.io.FileNotFoundException: http://www.hr.com/en/communities/ihr_compensation/incentives_measurement__reporting_and_analysis/incentives_planning_and_management//en/communities/ihr_hr_in_california/

java.io.FileNotFoundException: http://www.hr.com/en/communities/ihr_compensation/incentives_measurement__reporting_and_analysis/incentives_planning_and_management//en/communities/hr_in_canada/canadian_masters_in_hr_strategy_execution/

java.io.IOException: Server returned HTTP response code: 400 for URL: http://twitter.com/share?original_referer=http%3A%2F%2Fwww.bcj.com%2Fpublic%2Fprojects%2Fproject%2F57.html&text=Bohlin Cywinski Jackson - Woodway%20Residence&url=http%3A%2F%2Fwww.bcj.com%2Fpublic%2Fprojects%2Fproject%2F57.html

java.io.FileNotFoundException: http://www.hr.com/en/communities/ihr_compensation/incentives_measurement__reporting_and_analysis/incentives_planning_and_management//en/communities/ihr_health_safety/

java.io.FileNotFoundException: http://www.hr.com/en/communities/ihr_compensation/incentives_measurement__reporting_and_analysis/incentives_planning_and_management//en/communities/ihr_health_safety/unions/

java.io.IOException: Server returned HTTP response code: 400 for URL: http://www.facebook.com/dialog/feed?app_id=118375304911211&link=http%3A%2F%2Fwww.bcj.com%2Fpublic%2Fprojects%2Fproject%2F57.html&picture=http://images.bcj.com/projects/thumbs/tn__3dy4m629d3.jpg&name=Bohlin Cywinski Jackson - Woodway%20Residence&caption=&description=&message=&redirect_uri=http%3A%2F%2Fwww.bcj.com%2Fpublic%2Fprojects%2Fproject%2F57.html

java.io.FileNotFoundException: http://www.flickr.com/photos/topstreetwear/photos/topstreetwear/4812317760/

java.io.FileNotFoundException: http://www.flickr.com/photos/topstreetwear/people/topstreetwear/photosof/

java.io.FileNotFoundException: http://www.flickr.com/photos/topstreetwear/photos/topstreetwear

java.io.FileNotFoundException: http://www.flickr.com/photos/topstreetwear/photos/topstreetwear/4812317712/

java.io.FileNotFoundException: http://www.flickr.com/photos/topstreetwear/photos/topstreetwear/4811693145/

java.io.FileNotFoundException: http://www.flickr.com/photos/topstreetwear/photos/topstreetwear/4812317570/

java.io.FileNotFoundException: http://www.flickr.com/photos/topstreetwear/photos/topstreetwear/4811693089/

java.io.FileNotFoundException: http://www.flickr.com/photos/topstreetwear/photos/topstreetwear/4812317526/

java.net.MalformedURLException: no protocol: category.php?id=33&brand=947

java.io.FileNotFoundException: http://www.hr.com/en/communities/ihr_compensation/job_analysis__evaluation_and_grading//en/communities/forty-nine-percent-of-workers-do-not-negotiate-job_hkn9c33p.html

java.io.FileNotFoundException: http://www.hr.com/en/communities/ihr_compensation/job_analysis__evaluation_and_grading//en/communities/cri-releases-its-2013-2014-annual-salary-budget-pl_hjk6sk28.html

java.io.FileNotFoundException: http://www.zf.com/produktuebersicht/corporate/en/products/product_range/product_overview/ProductApplicationStart.jsp

java.io.FileNotFoundException: http://www.hr.com/en/communities/ihr_compensation/incentives_measurement__reporting_and_analysis/incentives_planning_and_management//en/communities/ihr_health_safety/health_safety_legal_compliance/osha/

java.io.FileNotFoundException: http://www.linkedin.com/company/fish-&-richardson-p.c./directory/companies/c.html

java.io.FileNotFoundException: http://www.linkedin.com/company/fish-&-richardson-p.c./directory/companies/a.html

java.io.FileNotFoundException: http://www.linkedin.com/company/fish-&-richardson-p.c./directory/companies/b.html

java.io.FileNotFoundException: http://www.linkedin.com/company/fish-&-richardson-p.c./directory/companies/d.html

java.io.FileNotFoundException: http://www.linkedin.com/company/fish-&-richardson-p.c./directory/companies/e.html

java.io.FileNotFoundException: http://www.linkedin.com/company/fish-&-richardson-p.c./directory/companies/g.html

java.io.FileNotFoundException: http://www.linkedin.com/company/fish-&-richardson-p.c./directory/companies/f.html

java.io.FileNotFoundException: http://www.linkedin.com/company/fish-&-richardson-p.c./directory/companies/h.html

java.io.FileNotFoundException: http://www.linkedin.com/company/fish-&-richardson-p.c./directory/companies/i.html

java.io.FileNotFoundException: http://www.linkedin.com/company/fish-&-richardson-p.c./directory/companies/j.html

java.io.FileNotFoundException: http://www.linkedin.com/company/fish-&-richardson-p.c./directory/companies/l.html

java.io.FileNotFoundException: http://www.linkedin.com/company/fish-&-richardson-p.c./directory/companies/k.html

java.io.FileNotFoundException: http://www.linkedin.com/company/fish-&-richardson-p.c./directory/companies/m.html

java.io.FileNotFoundException: http://www.linkedin.com/company/fish-&-richardson-p.c./directory/companies/n.html

java.io.FileNotFoundException: http://www.linkedin.com/company/fish-&-richardson-p.c./directory/companies/p.html

java.io.FileNotFoundException: http://www.linkedin.com/company/fish-&-richardson-p.c./directory/companies/o.html

java.io.FileNotFoundException: http://www.linkedin.com/company/fish-&-richardson-p.c./directory/companies/s.html

java.io.FileNotFoundException: http://www.linkedin.com/company/fish-&-richardson-p.c./directory/companies/q.html

java.io.FileNotFoundException: http://www.linkedin.com/company/fish-&-richardson-p.c./directory/companies/t.html

java.io.FileNotFoundException: http://www.linkedin.com/company/fish-&-richardson-p.c./directory/companies/r.html

java.io.FileNotFoundException: http://www.linkedin.com/company/fish-&-richardson-p.c./directory/companies/u.html

java.io.FileNotFoundException: http://www.linkedin.com/company/fish-&-richardson-p.c./directory/companies/v.html

java.io.FileNotFoundException: http://www.linkedin.com/company/fish-&-richardson-p.c./directory/companies/w.html

java.io.FileNotFoundException: http://www.linkedin.com/company/fish-&-richardson-p.c./directory/companies/x.html

java.io.FileNotFoundException: http://www.linkedin.com/company/fish-&-richardson-p.c./directory/companies/y.html

java.io.FileNotFoundException: http://www.linkedin.com/company/fish-&-richardson-p.c./directory/companies/@.html

java.io.FileNotFoundException: http://www.linkedin.com/company/fish-&-richardson-p.c./directory/companies/z.html

java.io.FileNotFoundException: http://www.zf.com/produktuebersicht/corporate/de/meta/sitemap.html

java.io.FileNotFoundException: http://www.hr.com/en/communities/ihr_compensation/incentives_measurement__reporting_and_analysis/incentives_planning_and_management//en/communities/ihr_health_safety/health_safety_legal_compliance/

java.io.FileNotFoundException: http://www.zf.com/produktuebersicht/corporate/de/meta/impressum.html

java.io.FileNotFoundException: http://www.zf.com/produktuebersicht/corporate/de/meta/feedback_form.html

java.io.FileNotFoundException: http://www.zf.com/produktuebersicht/corporate/de/meta/faq_meta.html

java.io.FileNotFoundException: http://www.hr.com/en/communities/hr_in_canada/canadian_masters_in_hr_strategy_execution//en/communities/labor_relations/outplacement/

java.io.FileNotFoundException: http://www.zf.com/produktuebersicht/corporate/de/company/locations_worldwide/locations_worldwide.jsp

java.io.FileNotFoundException: http://www.zf.com/produktuebersicht/corporate/de/homepage/homepage.html

java.io.FileNotFoundException: http://www.hr.com/en/communities/ihr_compensation/incentives_measurement__reporting_and_analysis/incentives_planning_and_management//en/communities/ihr_health_safety/health_safety_legal_compliance/audits/

java.io.FileNotFoundException: http://www.hr.com/en/communities/ihr_compensation/incentives_measurement__reporting_and_analysis/incentives_planning_and_management//en/communities/ihr_health_safety/health_safety_legal_compliance/risk_management/

java.io.FileNotFoundException: http://www.hr.com/en/communities/ihr_compensation/incentives_measurement__reporting_and_analysis/incentives_planning_and_management//en/communities/ihr_health_safety/health_safety_legal_compliance/occupational_health_safety_act/

java.io.FileNotFoundException: http://www.hr.com/en/communities/ihr_compensation/incentives_measurement__reporting_and_analysis/incentives_planning_and_management//en/communities/ihr_health_safety/health_safety_legal_compliance/hipaa/

java.io.FileNotFoundException: http://www.hr.com/en/communities/ihr_compensation/incentives_measurement__reporting_and_analysis/incentives_planning_and_management//en/communities/ihr_health_safety/employee_wellness/

java.io.FileNotFoundException: http://www.hr.com/en/communities/ihr_compensation/incentives_measurement__reporting_and_analysis/incentives_planning_and_management//en/communities/ihr_health_safety/workers_compensation/

java.io.FileNotFoundException: http://edu.qq.com/abroad//a/20120213/000221.htm

java.io.FileNotFoundException: http://www.hr.com/en/communities/ihr_compensation/job_analysis__evaluation_and_grading//en/communities/compensation-and-benefits-results-from-grant-thorn_hif9jsb4.html

java.io.FileNotFoundException: http://www.hr.com/en/communities/ihr_compensation/job_analysis__evaluation_and_grading//en/communities/pay-increase-budgets-remain-stable-as-healthcare-e_hibww22q.html

java.io.FileNotFoundException: http://www.hr.com/en/communities/ihr_compensation/job_analysis__evaluation_and_grading//en/communities/don%e2%80%99t-hire-pinocchio%e2%80%99s-%e2%80%93-merchants-integrity-test-_hibqvtqz.html

java.io.IOException: Server returned HTTP response code: 401 for URL: http://www.google.com/books?hl=ro&lr=&id=9isLX6inKX0C&oi=fnd&pg=PA3&f=false#v=onepage&q&f=false

java.io.FileNotFoundException: http://www.hr.com/en/communities/ihr_compensation/job_analysis__evaluation_and_grading//en/app/profile/patricia.muller/

java.io.FileNotFoundException: http://www.hr.com/en/communities/ihr_compensation/job_analysis__evaluation_and_grading//en/app/profile/mindi

java.io.FileNotFoundException: http://www.hr.com/en/communities/ihr_compensation/job_analysis__evaluation_and_grading//en/app/profile/ingalls.lindsay/

java.io.FileNotFoundException: http://www.hr.com/en/communities/ihr_compensation/job_analysis__evaluation_and_grading//en/app/profile/cassidy

java.io.FileNotFoundException: http://hdr.undp.org/en/docs/network/hdr_net/HDR2005/bosniawar.rtf

java.io.FileNotFoundException: http://www.hr.com/en/communities/ihr_compensation/job_analysis__evaluation_and_grading//en/app/profile/natasha.vandesluis/

java.io.FileNotFoundException: http://www.law.ed.ac.uk/ecclblog/blogentry.aspx?blogentryref=7915

java.io.FileNotFoundException: http://www.hr.com/en/communities/ihr_compensation/job_analysis__evaluation_and_grading//en/app/profile/jo.nicholls/

java.io.FileNotFoundException: http://www.foia.cia.gov/CPE/ESAU/esau-46.pdf

java.io.FileNotFoundException: http://www.hr.com/en/communities/ihr_compensation/job_analysis__evaluation_and_grading//en/app/profile/pscharf/

java.io.FileNotFoundException: http://www.wilsoncenter.org/page-not-found

java.net.UnknownHostException: www.medals.lava.pl

java.io.FileNotFoundException: http://www.hr.com/en/communities/ihr_compensation/incentives_measurement__reporting_and_analysis/incentives_planning_and_management//en/communities/ihr_health_safety/standardization/

java.io.FileNotFoundException: http://www.hr.com/en/communities/ihr_compensation/incentives_measurement__reporting_and_analysis/incentives_planning_and_management//en/communities/ihr_health_safety/standardization/iso_international_organization_for_standardization/

java.io.FileNotFoundException: http://www.hr.com/en/communities/ihr_compensation/incentives_measurement__reporting_and_analysis/incentives_planning_and_management//en/communities/ihr_health_safety/health_safety_templates_forms_and_contracts/

java.io.FileNotFoundException: http://www.hr.com/en/communities/ihr_compensation/incentives_measurement__reporting_and_analysis/incentives_planning_and_management//en/communities/ihr_health_safety/health_safety_templates_forms_and_contracts/msds_material_safety_data_sheets/

java.io.FileNotFoundException: http://www.hr.com/en/communities/ihr_compensation/incentives_measurement__reporting_and_analysis/incentives_planning_and_management//en/communities/ihr_health_safety/health_safety_training/

java.net.MalformedURLException: no protocol: confirm.cfm?destination=/releasedetail.cfm&addFile=690048&wshRemove=yes&ReleaseID=790078

java.io.FileNotFoundException: http://www.hr.com/en/communities/ihr_compensation/incentives_measurement__reporting_and_analysis/incentives_planning_and_management//en/communities/ihr_health_safety/health_safety_training/global/

java.io.FileNotFoundException: http://www.hr.com/en/communities/ihr_compensation/incentives_measurement__reporting_and_analysis/incentives_planning_and_management//en/communities/ihr_health_safety/health_safety_training/us_based/

java.io.FileNotFoundException: http://www.hr.com/en/communities/ihr_hr_in_california//en/communities/leadership/leadership_competencies/negotiation/

java.io.IOException: Server returned HTTP response code: 400 for URL: http://www.facebook.com/share.php?u=http://investor.abm.com/releasedetail.cfm?Releaseid=790078&t=ABM Expands Ability to Meet Growing Electrical Safety Compliance Demands with Acquisition of BEST - IR - ABM Industries Incorporated

java.io.IOException: Server returned HTTP response code: 400 for URL: http://delicious.com/save?v=5&amp;noui&jump=close&url=http://investor.abm.com/releasedetail.cfm?Releaseid=790078&title=ABM Expands Ability to Meet Growing Electrical Safety Compliance Demands with Acquisition of BEST - IR - ABM Industries Incorporated

java.io.IOException: Server returned HTTP response code: 500 for URL: http://investor.abm.com/releasedetail.cfm?releaseid=790078/common/download/download.cfm?companyid=ABM&fileid=690048&filekey=257ebbf1-9dcb-4a10-bc00-a27d16ad0119&filename=790078.pdf

java.io.FileNotFoundException: http://www.zf.com/produktuebersicht/corporate/de/magazine/index_magazine.html

java.io.FileNotFoundException: http://www.zf.com/produktuebersicht/corporate/de/products/products.html

java.io.FileNotFoundException: http://www.hr.com/en/communities/ihr_compensation/incentives_measurement__reporting_and_analysis/incentives_planning_and_management//en/communities/ihr_health_safety/health_safety_training/consultants/

java.io.FileNotFoundException: http://www.hr.com/en/communities/ihr_compensation/incentives_measurement__reporting_and_analysis/incentives_planning_and_management//en/communities/ihr_health_safety/health_safety_training/canadian_based/

java.io.FileNotFoundException: http://www.zf.com/produktuebersicht/produktuebersicht

java.io.FileNotFoundException: http://www.zf.com/produktuebersicht/corporate/de/products/product_range/product_range.html

java.io.FileNotFoundException: http://www.zf.com/produktuebersicht/corporate/de/products/product_range/cars/cars.html

java.io.FileNotFoundException: http://www.zf.com/produktuebersicht/corporate/de/products/product_range/commercial_vehicles/commercial_vehicles.html

java.io.FileNotFoundException: http://www.hr.com/en/communities/ihr_compensation/incentives_measurement__reporting_and_analysis/incentives_planning_and_management//en/communities/ihr_health_safety/health_safety_training/whmis_workplace_hazardous_materials_information_system/

java.io.FileNotFoundException: http://www.hr.com/en/communities/ihr_compensation/incentives_measurement__reporting_and_analysis/incentives_planning_and_management//en/communities/ihr_health_safety/health_safety_tools_technology/

java.io.FileNotFoundException: http://www.hr.com/en/communities/ihr_compensation/incentives_measurement__reporting_and_analysis/incentives_planning_and_management//en/communities/ihr_health_safety/health_safety_metrics/

java.io.FileNotFoundException: http://www.zf.com/produktuebersicht/corporate/de/products/product_range/buses/buses.html

java.io.FileNotFoundException: http://www.zf.com/produktuebersicht/corporate/de/products/product_range/construction_vehicles/index.html

java.io.FileNotFoundException: http://www.zf.com/produktuebersicht/corporate/de/products/product_range/agricultural_machinery/agricultural_machinery.html

java.io.FileNotFoundException: http://www.zf.com/produktuebersicht/corporate/de/products/product_range/wind_power/index.html

java.io.FileNotFoundException: http://www.zf.com/produktuebersicht/corporate/de/products/product_range/further_product_ranges/rail_vehicles/rail_vehicles.html

java.io.FileNotFoundException: http://www.hr.com/en/communities/ihr_compensation/incentives_measurement__reporting_and_analysis/incentives_planning_and_management//en/communities/hr_industries/

java.io.FileNotFoundException: http://www.zf.com/produktuebersicht/corporate/de/products/innovations/innovations.html

java.io.FileNotFoundException: http://www.zf.com/produktuebersicht/corporate/de/products/innovations/9hp_automatic_transmission/9hp_automatic_transmission.html

java.io.FileNotFoundException: http://www.zf.com/produktuebersicht/corporate/de/products/innovations/hybrid_technology/hybrid_technology.html

java.io.FileNotFoundException: http://www.hr.com/en/communities/ihr_compensation/incentives_measurement__reporting_and_analysis/incentives_planning_and_management//en/communities/hr_industries/agriculture__forestry__fishing_and_mining/

java.io.FileNotFoundException: http://www.hr.com/en/communities/ihr_compensation/incentives_measurement__reporting_and_analysis/incentives_planning_and_management//en/communities/hr_industries/computer_telecom/

java.io.FileNotFoundException: http://www.zf.com/produktuebersicht/corporate/de/products/innovations/8hp_automatic_transmissions/8hp_automatic_transmission.html

java.io.FileNotFoundException: http://www.zf.com/produktuebersicht/corporate/de/products/innovations/cpower_1/cpower_4.html

java.io.FileNotFoundException: http://www.zf.com/produktuebersicht/corporate/de/products/innovations/traxon_3/concept/traxon_fit_for_the_future.html

java.io.FileNotFoundException: http://www.zf.com/produktuebersicht/corporate/de/products/innovations/ecolife_1/ecolife.html

java.io.FileNotFoundException: http://www.zf.com/produktuebersicht/corporate/de/products/spare_parts/spare_parts.jsp

java.io.FileNotFoundException: http://www.zf.com/produktuebersicht/corporate/de/products/spare_parts/transmissions_spare_parts/transmissions.jsp

java.io.FileNotFoundException: http://www.hr.com/en/communities/ihr_compensation/incentives_measurement__reporting_and_analysis/incentives_planning_and_management//en/communities/hr_industries/construction/

java.io.FileNotFoundException: http://www.zf.com/produktuebersicht/corporate/de/products/spare_parts/steering_gears_pumps_spare_parts/steering-gears-and-pumps.jsp

java.io.FileNotFoundException: http://www.zf.com/produktuebersicht/corporate/de/products/spare_parts/axles_spare_parts/axles.jsp

java.io.FileNotFoundException: http://www.zf.com/produktuebersicht/corporate/de/products/spare_parts/clutches_spare_parts/clutches.jsp

java.io.FileNotFoundException: http://www.hr.com/en/communities/ihr_compensation/incentives_measurement__reporting_and_analysis/incentives_planning_and_management//en/communities/hr_industries/education/

java.io.FileNotFoundException: http://www.hr.com/en/communities/ihr_compensation/incentives_measurement__reporting_and_analysis/incentives_planning_and_management//en/communities/hr_industries/health_services/

java.io.FileNotFoundException: http://www.hr.com/en/communities/ihr_compensation/incentives_measurement__reporting_and_analysis/incentives_planning_and_management//en/communities/hr_industries/finance__insurance_and_real_estate/

java.io.FileNotFoundException: http://www.hr.com/en/communities/ihr_compensation/incentives_measurement__reporting_and_analysis/incentives_planning_and_management//en/communities/hr_industries/hospitality/

java.io.FileNotFoundException: http://www.zf.com/produktuebersicht/corporate/de/products/spare_parts/steering_suspension_spare_parts/steering-and-suspension-parts.jsp

java.io.FileNotFoundException: http://www.zf.com/produktuebersicht/corporate/de/products/spare_parts/shock_absorbers_spare_parts/shockabsorbers.jsp

java.io.FileNotFoundException: http://www.hr.com/en/communities/hr_in_canada/canadian_masters_in_hr_strategy_execution//en/communities/labor_relations/recreation/

java.io.FileNotFoundException: http://www.zf.com/produktuebersicht/corporate/de/products/spare_parts/oldtimer/oldtimer.html

java.io.FileNotFoundException: http://www.zf.com/produktuebersicht/corporate/de/products/spare_parts/technical_information/technical_information_1.html

java.io.FileNotFoundException: http://www.zf.com/produktuebersicht/corporate/de/products/services/services.jsp

java.io.FileNotFoundException: http://www.zf.com/produktuebersicht/corporate/de/products/services/about_zf_services/about_zf_services.html

java.io.FileNotFoundException: http://www.zf.com/produktuebersicht/corporate/de/products/services/workshop_service/workshop-service.html

java.io.FileNotFoundException: http://www.zf.com/produktuebersicht/corporate/de/products/services/fleet_services/fleet-services.html

java.io.FileNotFoundException: http://www.zf.com/produktuebersicht/corporate/de/products/services/wind_energy_service/wind-energy-services.html

java.io.FileNotFoundException: http://www.zf.com/produktuebersicht/corporate/de/products/services/repair_service/repair-service.html

java.io.FileNotFoundException: http://www.hr.com/en/communities/ihr_compensation/job_analysis__evaluation_and_grading//en/app/profile/clarke.matthew/

java.io.FileNotFoundException: http://www.hr.com/en/communities/ihr_compensation/job_analysis__evaluation_and_grading//en/app/profile/greg.stewart/

java.io.FileNotFoundException: http://www.hr.com/en/communities/ihr_compensation/job_analysis__evaluation_and_grading//en/app/profile/samuel.reeve,

java.net.MalformedURLException: no protocol: +fishrichardson/about

java.net.MalformedURLException: no protocol: +fishrichardson/posts

java.net.MalformedURLException: no protocol: +fishrichardson/photos

java.net.MalformedURLException: no protocol: +fishrichardson/videos

java.net.MalformedURLException: no protocol: ./109995647929672656828

java.net.MalformedURLException: no protocol: 109995647929672656828/posts/Ha2zP4AGsdW

java.net.MalformedURLException: no protocol: photos/109995647929672656828/albums/5922819522708468833/5922819524225170818?authkey=CKn3t8b65ZWGIQ

java.net.MalformedURLException: no protocol: 109995647929672656828/posts/4gEbz5XPFbP

java.io.FileNotFoundException: http://www.hr.com/en/communities/ihr_hr_in_california//en/communities/leadership/leadership_models/

java.net.MalformedURLException: no protocol: 109995647929672656828/posts/QCJ8R8mezfj

java.net.MalformedURLException: no protocol: ./101779187510498016710

java.net.MalformedURLException: no protocol: 109995647929672656828/posts/iSKdsQdQL22

java.net.MalformedURLException: no protocol: 109995647929672656828/posts/iJBNyH1fg2J

java.io.FileNotFoundException: http://www.flickr.com/photos/topstreetwear/photos/topstreetwear/4812317452/

java.net.MalformedURLException: no protocol: ./100465444144294223219

java.net.MalformedURLException: no protocol: ./106072659491480764890

java.net.MalformedURLException: no protocol: ./116010354427055507368

java.net.MalformedURLException: no protocol: ./110633165619303713779

java.net.MalformedURLException: no protocol: ./108648988874117502094

java.net.MalformedURLException: no protocol: ./107446056487682588392

java.net.MalformedURLException: no protocol: ./103646801735725506664

java.net.MalformedURLException: no protocol: ./113385185761401331714

java.net.MalformedURLException: no protocol: ./105971777668634498499

java.net.MalformedURLException: no protocol: ./109057445847296134430

java.net.MalformedURLException: no protocol: 109995647929672656828/posts/iX55jnbASp7

java.net.MalformedURLException: no protocol: photos/109995647929672656828/albums/5922361295426482529/5922361299261729218?authkey=CKuM1sv0udP-iQE

java.net.MalformedURLException: no protocol: 109995647929672656828/posts/heYe3YpYyf5

java.io.FileNotFoundException: http://www.hr.com/en/communities/ihr_compensation/job_analysis__evaluation_and_grading//en/app/blog/2013/09/hr-data-and-analytics-what-does-your-organization-_hl7yaj60.html

java.io.FileNotFoundException: http://www.hr.com/en/communities/ihr_compensation/job_analysis__evaluation_and_grading//en/app/blog/2013/08/hr-bartender-sharlyn-lauby-strategic-hr-partnershi_hkmj7hoi.html

java.io.FileNotFoundException: http://www.hr.com/en/communities/ihr_compensation/job_analysis__evaluation_and_grading//en/app/blog/2013/08/what-is-the-specific-job-your-customers-are-hiring_hkl3ogk4.html

java.io.FileNotFoundException: http://www.hr.com/en/communities/ihr_compensation/job_analysis__evaluation_and_grading//en/app/blog/2013/08/strategic-hr-partnerships-how-to-develop-and-maint_hju6rxwp.html

java.io.FileNotFoundException: http://www.hr.com/en/communities/ihr_compensation/job_analysis__evaluation_and_grading//en/app/blog/2013/07/cross-cultural-management-thailand-training_hjrykxlr.html

java.net.UnknownHostException: www.zombierecordings.com

java.io.FileNotFoundException: http://www.hr.com/en/communities/hr_in_canada/canadian_masters_in_hr_strategy_execution//en/communities/labor_relations/safety/

java.io.FileNotFoundException: http://www.rolldabeats.com/release/trouble_on_vinyl

java.io.IOException: Server returned HTTP response code: 403 for URL: http://www.dontparty.co.za/2011/04/jack-parow-belville-produced-sfr/

java.net.MalformedURLException: no protocol: 109995647929672656828/posts/AxVvJhLApcr

java.io.IOException: Server returned HTTP response code: 400 for URL: http://www.linkedin.com/shareArticle?mini=true&url=http://investor.abm.com/releasedetail.cfm?Releaseid=790078&title=ABM Expands Ability to Meet Growing Electrical Safety Compliance Demands with Acquisition of BEST - IR - ABM Industries Incorporated

java.io.FileNotFoundException: http://www.tj.com/look/note/58898/m/3160

java.net.MalformedURLException: no protocol: 109995647929672656828/posts/9Mh95gv8HRu

java.io.FileNotFoundException: http://www.hr.com/en/communities/ihr_compensation/job_analysis__evaluation_and_grading//buyersguide/company/view/talentguard_inc.

java.net.MalformedURLException: no protocol: 109995647929672656828/posts/LbKvDkNChts

java.io.FileNotFoundException: http://www.hr.com/en/communities/ihr_compensation/job_analysis__evaluation_and_grading//buyersguide/product/rate/1307565170875

java.io.FileNotFoundException: http://www.hr.com/en/communities/ihr_compensation/job_analysis__evaluation_and_grading//buyersguide/company/view/culpepper_and_associates_inc.

java.io.IOException: Server returned HTTP response code: 500 for URL: http://investor.abm.com/releasedetail.cfm?releaseid=790078/releasedetail.cfm?releaseid=790688

java.io.IOException: Server returned HTTP response code: 500 for URL: http://investor.abm.com/releasedetail.cfm?releaseid=790078/releasedetail.cfm?releaseid=788476

java.io.FileNotFoundException: http://www.industryweek.com/procurement/midyear-service-centers-shipments-declining//ad.doubleclick.net/N3834/jump/iw.home/supply_chain/procurement%3bpos=300_3%3bptype=article%3bpage=/procurement/midyear-service-centers-shipments-declining%3bsz=300x600,300x250,300x100,160x600%3btile=11%3bord=123456789?

java.io.FileNotFoundException: http://www.industryweek.com/procurement/midyear-service-centers-shipments-declining//ad.doubleclick.net/N3834/jump/iw.home/supply_chain/procurement%3bpos=300_4%3bptype=article%3bpage=/procurement/midyear-service-centers-shipments-declining%3bsz=300x600,300x250,300x100,160x600%3btile=12%3bord=123456789?

java.io.FileNotFoundException: http://www.hr.com/en/communities/ihr_compensation/job_analysis__evaluation_and_grading//buyersguide/product/rate/1292946889661

java.io.FileNotFoundException: http://www.hr.com/en/communities/ihr_compensation/job_analysis__evaluation_and_grading//buyersguide/company/view/compdata_surveys_dolan_technologies_corp

java.io.FileNotFoundException: http://www.hr.com/en/communities/ihr_compensation/job_analysis__evaluation_and_grading//buyersguide/product/rate/1292947071648

java.io.FileNotFoundException: http://www.hr.com/en/communities/ihr_compensation/job_analysis__evaluation_and_grading//buyersguide/company/view/compdata_surveys_dolan_technologies_corp

java.io.FileNotFoundException: http://www.industryweek.com/procurement/midyear-service-centers-shipments-declining/education-training/fords-simulated-factory-training-video

java.io.FileNotFoundException: http://www.hr.com/en/communities/ihr_compensation/job_analysis__evaluation_and_grading//buyersguide/product/rate/1292947312212

java.io.FileNotFoundException: http://www.hr.com/en/communities/ihr_compensation/job_analysis__evaluation_and_grading//buyersguide/company/view/clayton_wallis_company_the

java.io.IOException: Server returned HTTP response code: 403 for URL: http://cofradia.olx.hn

java.io.FileNotFoundException: http://www.hr.com/en/communities/ihr_compensation/job_analysis__evaluation_and_grading//buyersguide/product/rate/1295285718995

java.io.FileNotFoundException: http://www.youtube.com/fishandrichardson

java.net.UnknownHostException: www.fr.com%20

java.io.FileNotFoundException: http://www.hr.com/en/communities/ihr_compensation/job_analysis__evaluation_and_grading//buyersguide/company/view/corporate_compensation_partners_llc

java.io.FileNotFoundException: http://www.industryweek.com/procurement/midyear-service-centers-shipments-declining/industryweek-us-500/iw-us-500-introduction

java.net.UnknownServiceException: protocol doesn't support input

java.net.UnknownServiceException: protocol doesn't support input

java.io.FileNotFoundException: http://www.hr.com/en/communities/ihr_compensation/incentives_measurement__reporting_and_analysis/incentives_planning_and_management//en/communities/hr_industries/ihr_hr_in_government/

java.io.FileNotFoundException: http://www.anz.com/timorleste/timorleste/en/personal/ways-bank/

java.net.MalformedURLException: no protocol: facebook-themes.html

java.io.FileNotFoundException: http://www.hr.com/en/communities/ihr_hr_in_california//en/communities/leadership/leadership_philosophies/

java.io.FileNotFoundException: http://www.hr.com/en/communities/ihr_compensation/incentives_measurement__reporting_and_analysis/incentives_planning_and_management//en/communities/hr_industries/ihr_hr_in_retail/

java.io.FileNotFoundException: http://www.hr.com/en/communities/ihr_compensation/incentives_measurement__reporting_and_analysis/incentives_planning_and_management//en/communities/hr_industries/manufacturing/

java.io.FileNotFoundException: http://www.hr.com/en/communities/ihr_compensation/incentives_measurement__reporting_and_analysis/incentives_planning_and_management//en/communities/hr_industries/media_entertainment/

java.io.FileNotFoundException: http://www.flickr.com/photos/topstreetwear/photos/topstreetwear/4812317404/

java.io.FileNotFoundException: http://www.hr.com/en/communities/ihr_compensation/incentives_measurement__reporting_and_analysis/incentives_planning_and_management//en/communities/hr_industries/non_profit/

java.io.FileNotFoundException: http://www.flickr.com/photos/topstreetwear/photos/topstreetwear/4811667043/

java.io.FileNotFoundException: http://www.flickr.com/photos/topstreetwear/photos/topstreetwear/4811666947/

java.io.FileNotFoundException: http://www.flickr.com/photos/topstreetwear/photos/topstreetwear/4811666861/

java.io.FileNotFoundException: http://www.hr.com/en/communities/ihr_compensation/incentives_measurement__reporting_and_analysis/incentives_planning_and_management//en/communities/hr_industries/services/

java.io.FileNotFoundException: http://www.flickr.com/photos/topstreetwear/photos/topstreetwear/4811666737/

java.io.FileNotFoundException: http://www.hr.com/en/communities/ihr_hr_in_california//en/communities/leadership/leadership_retention/

java.io.FileNotFoundException: http://www.hr.com/en/communities/ihr_compensation/incentives_measurement__reporting_and_analysis/incentives_planning_and_management//en/communities/hr_industries/transportation_and_public_utilities/

java.io.FileNotFoundException: http://www.hr.com/en/communities/ihr_compensation/incentives_measurement__reporting_and_analysis/incentives_planning_and_management//en/communities/hr_industries/travel__recreation_and_leisure/

java.io.FileNotFoundException: http://www.hr.com/en/communities/ihr_compensation/incentives_measurement__reporting_and_analysis/incentives_planning_and_management//en/communities/hr_industries/wholesale_trade/

java.io.FileNotFoundException: http://www.hr.com/en/communities/ihr_compensation/incentives_measurement__reporting_and_analysis/incentives_planning_and_management//en/communities/ihr_hris_erp/

java.io.FileNotFoundException: http://www.hr.com/en/communities/ihr_compensation/incentives_measurement__reporting_and_analysis/incentives_planning_and_management//en/communities/ihr_hris_erp/erp_enterprise_resources_planning/

java.io.FileNotFoundException: http://www.hr.com/en/communities/ihr_compensation/incentives_measurement__reporting_and_analysis/incentives_planning_and_management//en/communities/ihr_hris_erp/erp_enterprise_resources_planning/call_centers/

java.io.FileNotFoundException: http://www.hr.com/en/communities/ihr_compensation/incentives_measurement__reporting_and_analysis/incentives_planning_and_management//en/communities/ihr_hris_erp/erp_enterprise_resources_planning/compliance_in_hcm/

java.io.FileNotFoundException: http://www.zf.com/produktuebersicht/corporate/de/products/services/logistics_eservices/logistics-eservices.html

java.io.FileNotFoundException: http://www.hr.com/en/communities/ihr_compensation/incentives_measurement__reporting_and_analysis/incentives_planning_and_management//en/communities/ihr_hris_erp/erp_enterprise_resources_planning/enterprise_learning/

java.io.FileNotFoundException: http://www.zf.com/produktuebersicht/corporate/de/products/services/remanufacturing/services_remanufacturing.html

java.io.FileNotFoundException: http://www.hr.com/en/communities/ihr_compensation/incentives_measurement__reporting_and_analysis/incentives_planning_and_management//en/communities/ihr_hris_erp/erp_enterprise_resources_planning/hcm_and_integrated_financials/

java.io.FileNotFoundException: http://www.zf.com/produktuebersicht/corporate/de/products/services/servicecenter/service-center.html

java.io.FileNotFoundException: http://www.hr.com/en/communities/ihr_compensation/incentives_measurement__reporting_and_analysis/incentives_planning_and_management//en/communities/ihr_hris_erp/erp_enterprise_resources_planning/hcm_trends/

java.io.FileNotFoundException: http://www.zf.com/produktuebersicht/corporate/de/products/product_brands/product_brands.html

java.io.FileNotFoundException: http://www.hr.com/en/communities/ihr_compensation/incentives_measurement__reporting_and_analysis/incentives_planning_and_management//en/communities/ihr_hris_erp/erp_enterprise_resources_planning/hris_benefits/

java.io.FileNotFoundException: http://www.zf.com/produktuebersicht/corporate/de/products/product_brands/sachs_profile/sachs_profile_1.html

java.io.FileNotFoundException: http://www.zf.com/produktuebersicht/corporate/de/products/product_brands/lemfoerder_profile/lemfoerder_profile_1.html

java.io.FileNotFoundException: http://www.hr.com/en/communities/ihr_compensation/incentives_measurement__reporting_and_analysis/incentives_planning_and_management//en/communities/ihr_hris_erp/erp_enterprise_resources_planning/pay_for_performance_planning_and_management/

java.io.FileNotFoundException: http://www.hr.com/en/communities/ihr_compensation/incentives_measurement__reporting_and_analysis/incentives_planning_and_management//en/communities/ihr_hris_erp/erp_enterprise_resources_planning/rfp_rfi_development/

java.io.FileNotFoundException: http://www.hr.com/en/communities/ihr_compensation/incentives_measurement__reporting_and_analysis/incentives_planning_and_management//en/communities/ihr_hris_erp/erp_enterprise_resources_planning/portals_and_employee_communications/

java.io.FileNotFoundException: http://www.hr.com/en/communities/ihr_compensation/incentives_measurement__reporting_and_analysis/incentives_planning_and_management//en/communities/ihr_hris_erp/erp_enterprise_resources_planning/total_compensation_management/

java.io.FileNotFoundException: http://www.zf.com/produktuebersicht/corporate/de/products/product_brands/boge_profile/boge_profile_1.html

java.net.MalformedURLException: no protocol: corporate-design.html

java.io.FileNotFoundException: http://www.hr.com/en/communities/ihr_compensation/incentives_measurement__reporting_and_analysis/incentives_planning_and_management//en/communities/ihr_hris_erp/erp_enterprise_resources_planning/workforce_analytics_strategic_hcm/

java.io.FileNotFoundException: http://www.hr.com/en/communities/ihr_compensation/incentives_measurement__reporting_and_analysis/incentives_planning_and_management//en/communities/ihr_hris_erp/hcm_global/

java.io.FileNotFoundException: http://www.hr.com/en/communities/ihr_compensation/incentives_measurement__reporting_and_analysis/incentives_planning_and_management//en/communities/ihr_hris_erp/hcm_global/model__planning__mgmt_and_measurement/

java.io.IOException: Server returned HTTP response code: 403 for URL: http://comayaguacity.olx.hn

java.io.FileNotFoundException: http://www.hr.com/en/communities/ihr_compensation/incentives_measurement__reporting_and_analysis/incentives_planning_and_management//en/communities/ihr_hris_erp/hcm_us_based/

java.io.FileNotFoundException: http://www.hr.com/en/communities/ihr_compensation/incentives_measurement__reporting_and_analysis/incentives_planning_and_management//en/communities/hr_outsourcing/business_process_outsourcing/

java.io.FileNotFoundException: http://www.hr.com/en/communities/ihr_compensation/incentives_measurement__reporting_and_analysis/incentives_planning_and_management//en/communities/hr_outsourcing/

java.io.FileNotFoundException: http://www.hr.com/en/communities/ihr_compensation/incentives_measurement__reporting_and_analysis/incentives_planning_and_management//en/communities/ihr_hris_erp/hcm_us_based/model__planning__mgmt_and_measurement/

java.io.FileNotFoundException: http://www.hr.com/en/communities/ihr_compensation/incentives_measurement__reporting_and_analysis/incentives_planning_and_management//en/communities/hr_outsourcing/call_center_outsourcing/

java.io.FileNotFoundException: http://www.hr.com/en/communities/ihr_compensation/incentives_measurement__reporting_and_analysis/incentives_planning_and_management//en/communities/hr_outsourcing/contract_negotiations/

java.io.FileNotFoundException: http://www.hr.com/en/communities/ihr_compensation/incentives_measurement__reporting_and_analysis/incentives_planning_and_management//en/communities/hr_outsourcing/contract_negotiations/other_contract_issues/

java.io.FileNotFoundException: http://www.hr.com/en/communities/ihr_compensation/incentives_measurement__reporting_and_analysis/incentives_planning_and_management//en/communities/hr_outsourcing/cost_justification_techniques/

java.io.FileNotFoundException: http://www.hr.com/en/communities/ihr_compensation/incentives_measurement__reporting_and_analysis/incentives_planning_and_management//en/communities/hr_outsourcing/evaluation_of_hro_vendors/evaluation_methodologies/

java.io.FileNotFoundException: http://www.hr.com/en/communities/ihr_compensation/incentives_measurement__reporting_and_analysis/incentives_planning_and_management//en/communities/hr_outsourcing/evaluation_of_hro_vendors/

java.io.FileNotFoundException: http://www.hr.com/en/communities/ihr_compensation/incentives_measurement__reporting_and_analysis/incentives_planning_and_management//en/communities/hr_outsourcing/contract_negotiations/service_level_agreements/

java.io.FileNotFoundException: http://www.hr.com/en/communities/hr_in_canada/canadian_masters_in_hr_strategy_execution//en/communities/leadership/

java.io.FileNotFoundException: http://www.hr.com/en/communities/ihr_compensation/job_analysis__evaluation_and_grading//buyersguide/product/rate/1295288064156

java.io.FileNotFoundException: http://www.goddesschess.com/chessays/ricardovalencia.html

java.io.IOException: Server returned HTTP response code: 403 for URL: http://web.archive.org/web/2006/worldchessnetwork.com/English/chessHistory/salute/matchesTournaments/london1851.php

java.io.FileNotFoundException: http://velonews.competitor.com/news/fea/9092.0.html

java.net.UnknownHostException: news.yahoo.com

java.io.IOException: Server returned HTTP response code: 403 for URL: http://darkwing.uoregon.edu/~rbear/courtier/courtier2.html

java.io.FileNotFoundException: http://velonews.competitor.com/news/fea/12220.0.html

java.io.FileNotFoundException: http://www.zf.com/produktuebersicht/corporate/de/products/motorsports/index.html

java.io.FileNotFoundException: http://www.zf.com/produktuebersicht/corporate/de/products/product_brands/zfparts_profile/zfparts_profile_1.html

java.io.FileNotFoundException: http://www.zf.com/produktuebersicht/corporate/de/products/motorsports/news_reports/news_reports_start.html

java.io.FileNotFoundException: http://www.zf.com/produktuebersicht/corporate/de/products/motorsports/line_of_products/line_of_products_start.html

java.io.FileNotFoundException: http://www.zf.com/produktuebersicht/corporate/de/products/motorsports/race_reporter/about_racereporter.html

java.io.FileNotFoundException: http://www.zf.com/produktuebersicht/corporate/de/products/motorsports/partner/index.html

java.io.FileNotFoundException: http://www.zf.com/produktuebersicht/corporate/de/products/motorsports/service/index.html

java.io.FileNotFoundException: http://www.zf.com/produktuebersicht/corporate/de/products/motorsports/zfinmotorsports/index.html

java.io.FileNotFoundException: http://www.zf.com/produktuebersicht/corporate/de/products/motorsports/dates_events/partner_3/partner_homepage_3.html

java.io.FileNotFoundException: http://www.zf.com/produktuebersicht/corporate/de/products/motorsports/tradeservicepartner/index.jsp

java.io.FileNotFoundException: http://www.zf.com/produktuebersicht/corporate/de/career/career_homepage.html

java.io.FileNotFoundException: http://www.zf.com/produktuebersicht/corporate/de/career/good_reasons_for_zf/good_reasons_for_zf.html

java.io.FileNotFoundException: http://www.zf.com/produktuebersicht/corporate/de/career/good_reasons_for_zf/leading_in_innovations/leading_in_innovations.html

java.io.FileNotFoundException: http://www.zf.com/produktuebersicht/corporate/de/career/good_reasons_for_zf/reliable_employer/reliable_employer.html

java.io.FileNotFoundException: http://www.zf.com/produktuebersicht/corporate/de/career/good_reasons_for_zf/career_opportunities_and_benefits/career_opportunities_and_benefits.html

java.io.FileNotFoundException: http://www.zf.com/produktuebersicht/corporate/de/career/good_reasons_for_zf/worldwide_jobs/worldwide_jobs.html

java.io.FileNotFoundException: http://www.zf.com/produktuebersicht/corporate/de/career/good_reasons_for_zf/corporate_culture_at_zf/corporate_culture_at_zf.html

java.io.FileNotFoundException: http://www.zf.com/produktuebersicht/corporate/de/career/good_reasons_for_zf/life_and_work_in_balance/life_and_work_in_balance.html

java.io.FileNotFoundException: http://www.zf.com/produktuebersicht/corporate/de/career/get_started_with_zf/get_started_with_zf.html

java.io.FileNotFoundException: http://www.zf.com/produktuebersicht/corporate/de/career/get_started_with_zf/students_and_graduates/students_and_graduates.html

java.io.FileNotFoundException: http://www.zf.com/produktuebersicht/corporate/de/career/get_started_with_zf/employees_with_professional_experience/employees_with_professional_experience.html

java.io.FileNotFoundException: http://www.zf.com/produktuebersicht/corporate/de/career/get_started_with_zf/pupils_and_apprentices/pupils_and_apprentices.html

java.io.FileNotFoundException: http://www.zf.com/produktuebersicht/corporate/de/career/get_started_with_zf/meet_us_here/meet_us_here.html

java.io.FileNotFoundException: http://www.zf.com/produktuebersicht/corporate/de/career/your_application/your_application.html

java.io.FileNotFoundException: http://www.zf.com/produktuebersicht/corporate/de/career/your_application/application_tips/application_tips.html

java.io.FileNotFoundException: http://www.zf.com/produktuebersicht/corporate/de/career/your_application/search_and_apply/search_and_apply.html

java.io.FileNotFoundException: http://www.hr.com/en/communities/ihr_compensation/job_analysis__evaluation_and_grading//en/

java.io.FileNotFoundException: http://www.zf.com/produktuebersicht/corporate/de/career/your_application/contact_database/contact_1.jsp

java.io.FileNotFoundException: http://www.zf.com/produktuebersicht/corporate/de/career/your_application/faqs_on_careers_and_applications/faqs_on_careers_and_applications.jsp

java.io.FileNotFoundException: http://www.zf.com/produktuebersicht/corporate/de/press/press.html

java.io.FileNotFoundException: http://www.zf.com/produktuebersicht/corporate/de/press/theme_dossier/theme_dossier.html

java.io.FileNotFoundException: http://www.zf.com/produktuebersicht/corporate/de/press/theme_dossier/hybrid/hybrid.html

java.io.FileNotFoundException: http://www.zf.com/produktuebersicht/corporate/de/press/theme_dossier/optional_products/dossier.html

java.io.FileNotFoundException: http://www.zf.com/produktuebersicht/corporate/de/press/press_releases/corporation/corporation_list.jsp

java.io.FileNotFoundException: http://www.zf.com/produktuebersicht/corporate/de/press/press_releases/press_releases.jsp

java.io.FileNotFoundException: http://www.zf.com/produktuebersicht/corporate/de/press/press_releases/products_press/products_list.jsp

java.io.FileNotFoundException: http://www.zf.com/produktuebersicht/corporate/de/press/press_releases/zf_services/zf_services_list.jsp

java.io.FileNotFoundException: http://www.zf.com/produktuebersicht/corporate/de/press/media_service/media_service.html

java.io.FileNotFoundException: http://www.zf.com/produktuebersicht/corporate/de/press/press_releases/motorsport/motorsport_list.jsp

java.io.FileNotFoundException: http://www.zf.com/produktuebersicht/corporate/de/press/media_service/images/image_list.jsp

java.io.FileNotFoundException: http://www.zf.com/produktuebersicht/corporate/de/press/media_service/audio/audio_list.jsp

java.io.FileNotFoundException: http://www.zf.com/produktuebersicht/corporate/de/press/media_service/downloadcenter/all.jsp

java.io.FileNotFoundException: http://www.zf.com/produktuebersicht/corporate/de/press/media_service/press_kits/press_kits.html

java.io.FileNotFoundException: http://www.zf.com/produktuebersicht/corporate/de/press/media_service/video/video_list.jsp

java.io.FileNotFoundException: http://www.zf.com/produktuebersicht/corporate/de/press/press_contacts/press_contacts.html

java.io.FileNotFoundException: http://www.zf.com/produktuebersicht/corporate/de/press/media_service/mediaorder/contact_info_material_form.html

java.io.FileNotFoundException: http://www.zf.com/produktuebersicht/corporate/de/press/press_dates/press_dates.html

java.io.FileNotFoundException: http://www.zf.com/produktuebersicht/corporate/de/company/company.html

java.io.FileNotFoundException: http://www.zf.com/produktuebersicht/corporate/de/company/organization/about_zf.html

java.io.FileNotFoundException: http://www.anz.com/timorleste/timorleste/en/business/

java.io.FileNotFoundException: http://www.industryweek.com/procurement/midyear-service-centers-shipments-declining/RFID-IoT

java.io.FileNotFoundException: http://www.vi.nl/Nieuws-item/201849/Assaidi-Transfer-naar-topclub-PSV-is-de-juiste-stap.htm

java.io.FileNotFoundException: http://www.hr.com/en/communities/ihr_compensation/job_analysis__evaluation_and_grading//en

java.io.FileNotFoundException: http://www.hr.com/en/communities/ihr_compensation/job_analysis__evaluation_and_grading//en/about_us/

java.io.FileNotFoundException: http://www.hr.com/en/communities/ihr_compensation/job_analysis__evaluation_and_grading//en/about_us/hr_com_team/

java.io.FileNotFoundException: http://www.hr.com/en/communities/ihr_compensation/job_analysis__evaluation_and_grading//en/about_us/the_hr_com_manifesto/

java.io.FileNotFoundException: http://www.hr.com/en/communities/ihr_compensation/job_analysis__evaluation_and_grading//en/about_us/faq/

java.io.FileNotFoundException: http://www.hr.com/en/communities/ihr_compensation/job_analysis__evaluation_and_grading//en/about_us/syndicated_content/

java.io.FileNotFoundException: http://www.hr.com/en/communities/ihr_compensation/job_analysis__evaluation_and_grading//en/about_us/fun_box/

java.io.FileNotFoundException: http://www.hr.com/en/communities/ihr_compensation/incentives_measurement__reporting_and_analysis/incentives_planning_and_management//en/communities/hr_outsourcing/evaluation_of_hro_vendors/rfi_rfp_content_and_structure/

java.io.FileNotFoundException: http://edu.qq.com/abroad//a/20120213/000206.htm

java.io.FileNotFoundException: http://www.flickr.com/photos/topstreetwear/photos/topstreetwear/4812291356/

java.io.FileNotFoundException: http://www.hr.com/en/communities/ihr_compensation/incentives_measurement__reporting_and_analysis/incentives_planning_and_management//en/communities/hr_outsourcing/full_service_outsourcing/

java.io.FileNotFoundException: http://www.flickr.com/photos/topstreetwear/photos/topstreetwear/4811666535/

java.io.FileNotFoundException: http://www.hr.com/en/communities/ihr_compensation/incentives_measurement__reporting_and_analysis/incentives_planning_and_management//en/communities/hr_outsourcing/hro_and_change_management_culture_issues/

java.io.FileNotFoundException: http://www.flickr.com/photos/topstreetwear/photos/topstreetwear/4811666435/

java.io.FileNotFoundException: http://www.flickr.com/photos/topstreetwear/photos/topstreetwear/4811666331/

java.io.FileNotFoundException: http://www.flickr.com/photos/topstreetwear/photos/topstreetwear/4812290950/

java.net.UnknownHostException: www.eamonnoneill.net

java.io.FileNotFoundException: http://www.hr.com/en/communities/ihr_compensation/incentives_measurement__reporting_and_analysis/incentives_planning_and_management//en/communities/hr_outsourcing/hr_functions_available/

java.io.FileNotFoundException: http://www.flickr.com/photos/topstreetwear/photos/topstreetwear/4812290850/

java.io.FileNotFoundException: http://www.flickr.com/photos/topstreetwear/photos/topstreetwear/4811665951/

java.io.FileNotFoundException: http://www.hr.com/en/communities/ihr_compensation/incentives_measurement__reporting_and_analysis/incentives_planning_and_management//en/communities/hr_outsourcing/hro_in_a_global_organization/

java.io.FileNotFoundException: http://www.hr.com/en/communities/ihr_compensation/incentives_measurement__reporting_and_analysis/incentives_planning_and_management//en/communities/hr_outsourcing/hro_in_a_global_organization/issues_related_to_off_shore_resource_use/

java.io.FileNotFoundException: http://www.flickr.com/photos/topstreetwear/photos/topstreetwear/4812290626/

java.io.FileNotFoundException: http://www.flickr.com/photos/topstreetwear/photos/topstreetwear/4811665739/

java.io.FileNotFoundException: http://www.flickr.com/photos/topstreetwear/photos/topstreetwear/4811665665/

java.io.FileNotFoundException: http://www.hr.com/en/communities/ihr_compensation/job_analysis__evaluation_and_grading//en/about_us/fun_box/crossword_puzzles/

java.io.FileNotFoundException: http://www.hr.com/en/communities/ihr_compensation/job_analysis__evaluation_and_grading//en/about_us/fun_box/office_humor/

java.io.FileNotFoundException: http://www.hr.com/en/communities/ihr_compensation/job_analysis__evaluation_and_grading//en/about_us/fun_box/my_cubicle/

java.io.FileNotFoundException: http://www.hr.com/en/communities/ihr_compensation/job_analysis__evaluation_and_grading//en/about_us/fun_box/lose_it_for_charity/

java.io.FileNotFoundException: http://www.hr.com/en/communities/ihr_compensation/job_analysis__evaluation_and_grading//en/about_us/fun_box/footprint/

java.io.FileNotFoundException: http://www.hr.com/en/communities/ihr_compensation/job_analysis__evaluation_and_grading//en/about_us/fun_box/grow/

java.io.FileNotFoundException: http://www.hr.com/en/communities/ihr_compensation/job_analysis__evaluation_and_grading//en/about_us/fun_box/happy_holidays/

java.io.IOException: Invalid Http response

java.io.FileNotFoundException: http://www.kb.nl/vak/schaak/inleiding/geschiedenis-en.html

java.io.FileNotFoundException: http://www.chessbox.de/Compu/schachzahl2_e.html

java.io.FileNotFoundException: http://www.hr.com/en/communities/ihr_compensation/incentives_measurement__reporting_and_analysis/incentives_planning_and_management//en/communities/hr_outsourcing/hro_in_a_global_organization/use_of_off_shore_resources/

java.io.FileNotFoundException: http://www.hr.com/en/communities/ihr_compensation/incentives_measurement__reporting_and_analysis/incentives_planning_and_management//en/communities/hr_outsourcing/overall_trends/

java.io.FileNotFoundException: http://www.hr.com/en/communities/ihr_compensation/incentives_measurement__reporting_and_analysis/incentives_planning_and_management//en/communities/hr_outsourcing/proven_cost_savings/

java.io.FileNotFoundException: http://www.hr.com/en/communities/ihr_compensation/incentives_measurement__reporting_and_analysis/incentives_planning_and_management//en/communities/hr_outsourcing/payroll_outsourcing/

java.io.FileNotFoundException: http://www.hr.com/en/communities/ihr_compensation/incentives_measurement__reporting_and_analysis/incentives_planning_and_management//en/communities/hr_outsourcing/software_hosting__only_/

java.io.FileNotFoundException: http://www.hr.com/en/communities/ihr_compensation/incentives_measurement__reporting_and_analysis/incentives_planning_and_management//en/communities/hr_outsourcing/shared_services/

java.io.FileNotFoundException: http://www.hr.com/en/communities/ihr_compensation/incentives_measurement__reporting_and_analysis/incentives_planning_and_management//en/communities/hr_outsourcing/time_and_attendance/

java.io.FileNotFoundException: http://www.hr.com/en/communities/ihr_compensation/incentives_measurement__reporting_and_analysis/incentives_planning_and_management//en/communities/hr_outsourcing/vendor_marketplace/

java.net.MalformedURLException: no protocol: category.php?id=33&brand=949

java.io.IOException: Invalid Http response

java.io.IOException: Server returned HTTP response code: 403 for URL: http://elprogreso.olx.hn

java.io.FileNotFoundException: http://www.tulsaworld.com/article.aspx/bomb_hits_near_us_consulate_in_afghanistan_kills_1/20130913_13_a8_kabula667511?subj=13&Cont=Cov&Cont=Cov

java.io.FileNotFoundException: http://www.philly.com/philly/wires/ap/news/nation_world/20130912_ap_4b562fabd78443ccb3ed49c4dd54622d.html

java.io.FileNotFoundException: http://www.hr.com/en/communities/ihr_compensation/job_analysis__evaluation_and_grading//en/about_us/fun_box/hr_magic/

java.io.FileNotFoundException: http://www.hr.com/en/communities/ihr_compensation/job_analysis__evaluation_and_grading//en/about_us/fun_box/politically_incorrect/

java.io.FileNotFoundException: http://www.hr.com/en/communities/ihr_compensation/job_analysis__evaluation_and_grading//en/about_us/fun_box/hr_in_the_new_economy/

java.io.FileNotFoundException: http://web.archive.org/web/19960101-re_/http://www.freakonomics.com/pdf/DeliberatePractice%28PsychologicalReview%29.pdf

java.io.FileNotFoundException: http://www.hr.com/en/communities/ihr_compensation/job_analysis__evaluation_and_grading//en/about_us/fun_box/famous_quotes/

java.io.FileNotFoundException: http://www.hr.com/en/communities/ihr_compensation/job_analysis__evaluation_and_grading//en/about_us/fun_box/photo_contests/

java.io.FileNotFoundException: http://www.hr.com/en/communities/ihr_compensation/job_analysis__evaluation_and_grading//en/about_us/privacy_information/

java.io.FileNotFoundException: http://www.hr.com/en/communities/ihr_compensation/job_analysis__evaluation_and_grading//en/about_us/legal_information/

java.io.FileNotFoundException: http://www.hr.com/en/communities/ihr_compensation/job_analysis__evaluation_and_grading//en/about_us/hr_com_newsletters/

java.io.FileNotFoundException: http://www.hr.com/en/communities/ihr_compensation/job_analysis__evaluation_and_grading//en/about_us/hr_com_newsletters/hr_com_whitepapers/

java.io.FileNotFoundException: http://www.hr.com/en/communities/ihr_compensation/job_analysis__evaluation_and_grading//en/about_us/hr_com_newsletters/hr_communication/

java.io.FileNotFoundException: http://www.hr.com/en/communities/ihr_compensation/job_analysis__evaluation_and_grading//en/about_us/hr_com_newsletters/thought_leaders/

java.io.FileNotFoundException: http://www.hr.com/en/communities/ihr_compensation/job_analysis__evaluation_and_grading//en/about_us/hr_com_newsletters/reality_hr/

java.io.FileNotFoundException: http://www.hr.com/en/communities/ihr_compensation/job_analysis__evaluation_and_grading//en/about_us/hr_com_newsletters/vendor_newsletters/

java.io.FileNotFoundException: http://www.hr.com/en/communities/ihr_compensation/job_analysis__evaluation_and_grading//en/about_us/terms_content_policy/blog_terms_and_conditions/

java.io.FileNotFoundException: http://www.hr.com/en/communities/ihr_compensation/job_analysis__evaluation_and_grading//en/about_us/terms_content_policy/

java.io.IOException: Server returned HTTP response code: 401 for URL: http://books.google.com/?id=nAl9tOwf5psC&pg=PA289&lpg=PA289&dq=%22Playing+at+Chess,+is+the+most+ancient+and+the+most+universal+game+%22&q=%22Playing%20at%20Chess%2C%20is%20the%20most%20ancient%20and%20the%20most%20universal%20game%20%22

java.io.FileNotFoundException: http://www.hr.com/en/communities/ihr_compensation/job_analysis__evaluation_and_grading//en/about_us/hr_com_press_releases/

java.io.FileNotFoundException: http://www.hr.com/en/communities/ihr_compensation/incentives_measurement__reporting_and_analysis/incentives_planning_and_management//en/communities/hr_outsourcing/workforce_scheduling/

java.io.FileNotFoundException: http://www.hr.com/en/communities/ihr_compensation/incentives_measurement__reporting_and_analysis/incentives_planning_and_management//en/communities/human_resources_management/

java.io.FileNotFoundException: http://www.zf.com/produktuebersicht/corporate/de/company/organization/corporate_news/corporate_news.html

java.io.FileNotFoundException: http://www.zf.com/produktuebersicht/corporate/de/company/organization/facts_figures/facts_figures.html

java.io.FileNotFoundException: http://www.zf.com/produktuebersicht/corporate/de/company/organization/management/board_of_management/board-of-management.html

java.io.FileNotFoundException: http://www.hr.com/en/communities/ihr_compensation/incentives_measurement__reporting_and_analysis/incentives_planning_and_management//en/communities/human_resources_management/entrepreneurship/

java.io.FileNotFoundException: http://www.hr.com/en/communities/ihr_compensation/incentives_measurement__reporting_and_analysis/incentives_planning_and_management//en/communities/human_resources_management/ethics/

java.io.FileNotFoundException: http://www.hr.com/en/communities/ihr_compensation/incentives_measurement__reporting_and_analysis/incentives_planning_and_management//en/communities/human_resources_management/foundations_of_hr/future_of_work/

java.io.FileNotFoundException: http://www.hr.com/en/communities/ihr_compensation/incentives_measurement__reporting_and_analysis/incentives_planning_and_management//en/communities/human_resources_management/foundations_of_hr/

java.io.FileNotFoundException: http://www.zf.com/produktuebersicht/corporate/de/company/organization/references/references.html

java.io.FileNotFoundException: http://www.zf.com/produktuebersicht/corporate/de/company/organization/corporate_principles/corporate_principles.html

java.io.FileNotFoundException: http://www.zf.com/produktuebersicht/corporate/de/company/organization/divisions_business_units/divisions_business_units.html

java.io.FileNotFoundException: http://www.hr.com/en/communities/ihr_compensation/incentives_measurement__reporting_and_analysis/incentives_planning_and_management//en/communities/human_resources_management/foundations_of_hr/present_trends/

java.io.FileNotFoundException: http://www.hr.com/en/communities/ihr_compensation/incentives_measurement__reporting_and_analysis/incentives_planning_and_management//en/communities/human_resources_management/foundations_of_hr/history_of_hr/

java.io.FileNotFoundException: http://www.hr.com/en/communities/ihr_compensation/incentives_measurement__reporting_and_analysis/incentives_planning_and_management//en/communities/human_resources_management/hr_as_consultant/

java.io.FileNotFoundException: http://www.zf.com/produktuebersicht/corporate/de/company/organization/certificates/certificates.jsp

java.io.FileNotFoundException: http://www.zf.com/produktuebersicht/corporate/de/company/research_development/research_development.html

java.io.FileNotFoundException: http://www.hr.com/en/communities/ihr_compensation/incentives_measurement__reporting_and_analysis/incentives_planning_and_management//en/communities/human_resources_management/hr_administration/

java.io.FileNotFoundException: http://www.zf.com/produktuebersicht/corporate/de/company/research_development/development_methods/development_methods.html

java.io.FileNotFoundException: http://www.hr.com/en/communities/ihr_compensation/incentives_measurement__reporting_and_analysis/incentives_planning_and_management//en/communities/human_resources_management/outsourcing/

java.io.FileNotFoundException: http://www.hr.com/en/communities/ihr_compensation/incentives_measurement__reporting_and_analysis/incentives_planning_and_management//en/communities/human_resources_management/hr_audit/

java.io.FileNotFoundException: http://www.hr.com/en/communities/ihr_hr_in_california//en/communities/leadership/leadership_training_and_development/

java.io.FileNotFoundException: http://www.hr.com/en/communities/ihr_compensation/incentives_measurement__reporting_and_analysis/incentives_planning_and_management//en/communities/human_resources_management/international_and_global_hr/

java.io.FileNotFoundException: http://www.zf.com/produktuebersicht/corporate/de/company/research_development/innovation/innovation.html

java.io.FileNotFoundException: http://www.zf.com/produktuebersicht/corporate/de/company/research_development/r_d_centers/r_d_centers.html

java.io.FileNotFoundException: http://www.zf.com/produktuebersicht/corporate/de/company/locations_worldwide/europe/europe_overview.html

java.io.FileNotFoundException: http://www.zf.com/produktuebersicht/corporate/de/company/locations_worldwide/north_america/north_america_overview.html

java.io.FileNotFoundException: http://www.zf.com/produktuebersicht/corporate/de/company/locations_worldwide/asia_pacific/asia_pacific_australia_overview.html

java.io.FileNotFoundException: http://www.zf.com/produktuebersicht/corporate/de/company/locations_worldwide/south_america/south_america_overview.html

java.io.FileNotFoundException: http://www.zf.com/produktuebersicht/corporate/de/company/locations_worldwide/africa/middle_east_africa_overview.html

java.io.FileNotFoundException: http://www.zf.com/produktuebersicht/corporate/de/company/locations_worldwide/topics_worldwide/growth_market_india/india.html

java.io.FileNotFoundException: http://www.zf.com/produktuebersicht/corporate/de/company/purchasing_logistics/purchasing_strategy/purchasing_strategy.html

java.io.FileNotFoundException: http://www.zf.com/produktuebersicht/corporate/de/company/purchasing_logistics/purchasing_logistics.html

java.io.FileNotFoundException: http://www.zf.com/produktuebersicht/corporate/de/company/purchasing_logistics/conditions_of_purchase/conditions_of_purchase.html

java.io.FileNotFoundException: http://www.zf.com/produktuebersicht/corporate/de/company/purchasing_logistics/quality_guidelines/quality_guidelines.html

java.io.FileNotFoundException: http://www.zf.com/produktuebersicht/corporate/de/company/purchasing_logistics/shipping_requirements/shipping_requirements.html

java.io.FileNotFoundException: http://www.zf.com/produktuebersicht/corporate/de/company/purchasing_logistics/ebusiness/ebusiness.html

java.io.FileNotFoundException: http://www.hr.com/en/communities/ihr_compensation/job_analysis__evaluation_and_grading//en/about_us/contact_us/

java.io.FileNotFoundException: http://www.hr.com/en/communities/ihr_compensation/job_analysis__evaluation_and_grading//en/about_us/become_a_regular_contributor/

java.io.FileNotFoundException: http://www.hr.com/en/communities/ihr_compensation/job_analysis__evaluation_and_grading//en/about_us/advertise/

java.io.FileNotFoundException: http://www.hr.com/en/communities/ihr_compensation/job_analysis__evaluation_and_grading//en/about_us/how_to_contribute/

java.io.FileNotFoundException: http://www.hr.com/en/communities/ihr_compensation/job_analysis__evaluation_and_grading//en/memberships/

java.io.FileNotFoundException: http://www.hr.com/en/communities/ihr_compensation/job_analysis__evaluation_and_grading//en/communities/benefits/

java.io.FileNotFoundException: http://www.hr.com/en/communities/ihr_compensation/job_analysis__evaluation_and_grading//en/communities/ihr/

java.io.FileNotFoundException: http://www.hr.com/en/communities/ihr_compensation/job_analysis__evaluation_and_grading//en/communities/benefits/ihr_benefits_cost_containment_audits_legal_risks/

java.io.FileNotFoundException: http://www.hr.com/en/communities/ihr_compensation/job_analysis__evaluation_and_grading//en/communities/benefits/design_and_technology/

java.io.FileNotFoundException: http://www.hr.com/en/communities/ihr_compensation/job_analysis__evaluation_and_grading//en/communities/benefits/design_and_technology/benefits_administration/

java.io.FileNotFoundException: http://www.hr.com/en/communities/ihr_compensation/job_analysis__evaluation_and_grading//en/communities/benefits/healthcare_legislation_and_compliance/

java.io.FileNotFoundException: http://www.hr.com/en/communities/ihr_compensation/job_analysis__evaluation_and_grading//en/communities/benefits/design_and_technology/self_service/

java.io.FileNotFoundException: http://www.hr.com/en/communities/ihr_compensation/job_analysis__evaluation_and_grading//en/communities/benefits/healthcare_legislation_and_compliance/cobra/

java.io.FileNotFoundException: http://www.hr.com/en/communities/ihr_compensation/job_analysis__evaluation_and_grading//en/communities/benefits/healthcare_legislation_and_compliance/erisa/

java.io.FileNotFoundException: http://www.hr.com/en/communities/ihr_compensation/job_analysis__evaluation_and_grading//en/communities/benefits/healthcare_legislation_and_compliance/hipaa/

java.io.FileNotFoundException: http://www.hr.com/en/communities/ihr_compensation/job_analysis__evaluation_and_grading//en/communities/benefits/leave_benefits/

java.io.FileNotFoundException: http://www.hr.com/en/communities/ihr_compensation/job_analysis__evaluation_and_grading//en/communities/benefits/leave_benefits/family_medical_and_leave_act/

java.io.FileNotFoundException: http://www.hr.com/en/communities/ihr_compensation/job_analysis__evaluation_and_grading//en/communities/benefits/leave_benefits/paid_time_off__pto_/

java.io.FileNotFoundException: http://www.hr.com/en/communities/ihr_compensation/job_analysis__evaluation_and_grading//en/communities/benefits/leave_benefits/parental_leave/

java.io.FileNotFoundException: http://www.hr.com/en/communities/ihr_compensation/job_analysis__evaluation_and_grading//en/communities/benefits/leave_benefits/sick_leave/

java.io.FileNotFoundException: http://www.hr.com/en/communities/ihr_compensation/job_analysis__evaluation_and_grading//en/communities/benefits/medical_benefits/

java.io.IOException: Server returned HTTP response code: 403 for URL: http://juticalpa.olx.hn

java.io.FileNotFoundException: http://www.seattlepi.com/news/world/article/Bomb-hits-US-consulate-in-Afghanistan-2-dead-4810574.php

java.io.FileNotFoundException: http://www.hr.com/en/communities/ihr_compensation/incentives_measurement__reporting_and_analysis/incentives_planning_and_management//en/communities/human_resources_management/public_sector_and_non_profit/

java.io.FileNotFoundException: http://www.hr.com/en/communities/ihr_compensation/incentives_measurement__reporting_and_analysis/incentives_planning_and_management//en/communities/human_resources_management/the_hr_practitioner/professional_associations/

java.io.FileNotFoundException: http://www.hr.com/en/communities/ihr_compensation/incentives_measurement__reporting_and_analysis/incentives_planning_and_management//en/communities/human_resources_management/small_business/

java.io.FileNotFoundException: http://www.hr.com/en/communities/ihr_compensation/incentives_measurement__reporting_and_analysis/incentives_planning_and_management//en/communities/human_resources_management/structure_and_organization/

java.io.FileNotFoundException: http://www.hr.com/en/communities/ihr_compensation/incentives_measurement__reporting_and_analysis/incentives_planning_and_management//en/communities/human_resources_management/the_hr_practitioner/

java.io.FileNotFoundException: http://www.hr.com/en/communities/ihr_compensation/incentives_measurement__reporting_and_analysis/incentives_planning_and_management//en/communities/human_resources_management/the_hr_practitioner/certification/

java.io.FileNotFoundException: http://www.hr.com/en/communities/ihr_compensation/incentives_measurement__reporting_and_analysis/incentives_planning_and_management//en/communities/integrated_talent_management_001/

java.io.FileNotFoundException: http://www.hr.com/en/communities/ihr_compensation/incentives_measurement__reporting_and_analysis/incentives_planning_and_management//en/communities/human_resources_management/the_hr_practitioner/skills_and_competencies/

java.io.FileNotFoundException: http://www.hr.com/en/communities/ihr_compensation/incentives_measurement__reporting_and_analysis/incentives_planning_and_management//en/communities/labor_relations/

java.io.FileNotFoundException: http://www.hr.com/en/communities/ihr_compensation/incentives_measurement__reporting_and_analysis/incentives_planning_and_management//en/communities/labor_relations/conflict_and_dispute_resolution/

java.io.FileNotFoundException: http://www.hr.com/en/communities/ihr_compensation/incentives_measurement__reporting_and_analysis/incentives_planning_and_management//en/communities/labor_relations/absenteeism/

java.io.FileNotFoundException: http://www.hr.com/en/communities/ihr_compensation/incentives_measurement__reporting_and_analysis/incentives_planning_and_management//en/communities/labor_relations/discipline/

java.io.FileNotFoundException: http://www.hr.com/en/communities/ihr_compensation/incentives_measurement__reporting_and_analysis/incentives_planning_and_management//en/communities/labor_relations/interpersonal_communications/

java.io.FileNotFoundException: http://www.hr.com/en/communities/ihr_compensation/incentives_measurement__reporting_and_analysis/incentives_planning_and_management//en/communities/labor_relations/harassment/

java.io.FileNotFoundException: http://www.hr.com/en/communities/ihr_compensation/incentives_measurement__reporting_and_analysis/incentives_planning_and_management//en/communities/labor_relations/discrimination/

java.io.FileNotFoundException: http://www.hr.com/en/communities/ihr_compensation/incentives_measurement__reporting_and_analysis/incentives_planning_and_management//en/communities/labor_relations/internal_corporate_communications/

java.io.FileNotFoundException: http://www.hr.com/en/communities/ihr_compensation/incentives_measurement__reporting_and_analysis/incentives_planning_and_management//en/communities/labor_relations/law_and_legislation/

java.io.FileNotFoundException: http://www.hr.com/en/communities/ihr_compensation/incentives_measurement__reporting_and_analysis/incentives_planning_and_management//en/communities/labor_relations/lr_trends/

java.io.FileNotFoundException: http://www.hr.com/en/communities/ihr_compensation/incentives_measurement__reporting_and_analysis/incentives_planning_and_management//en/communities/labor_relations/outplacement/

java.io.FileNotFoundException: http://www.hr.com/en/communities/ihr_compensation/incentives_measurement__reporting_and_analysis/incentives_planning_and_management//en/communities/labor_relations/safety/

java.io.FileNotFoundException: http://www.hr.com/en/communities/ihr_compensation/incentives_measurement__reporting_and_analysis/incentives_planning_and_management//en/communities/labor_relations/recreation/

java.io.FileNotFoundException: http://edu.qq.com/abroad//a/20120213/000035.htm

java.io.FileNotFoundException: http://www.hr.com/en/communities/ihr_compensation/job_analysis__evaluation_and_grading//en/communities/benefits/medical_benefits/aids_policies/

java.io.FileNotFoundException: http://www.hr.com/en/communities/ihr_compensation/job_analysis__evaluation_and_grading//en/communities/benefits/medical_benefits/consumer_directed_healthcare__cdh_/

java.io.FileNotFoundException: http://www.hr.com/en/communities/ihr_compensation/job_analysis__evaluation_and_grading//en/communities/benefits/medical_benefits/consumer_directed_healthcare__cdh_/self_directed_healthcare__sdh_/

java.io.FileNotFoundException: http://www.hr.com/en/communities/ihr_compensation/job_analysis__evaluation_and_grading//en/communities/benefits/medical_benefits/flexible_savings_accounts__fsas_/

java.io.FileNotFoundException: http://www.hr.com/en/communities/ihr_compensation/job_analysis__evaluation_and_grading//en/communities/benefits/medical_benefits/health_maintenance_organizations__hmos_/

java.io.FileNotFoundException: http://www.hr.com/en/communities/ihr_compensation/job_analysis__evaluation_and_grading//en/communities/benefits/medical_benefits/health_maintenance_organizations__hmos_/private_fee_for_service__pffs_/

java.io.FileNotFoundException: http://www.hr.com/en/communities/ihr_compensation/job_analysis__evaluation_and_grading//en/communities/benefits/medical_benefits/health_maintenance_organizations__hmos_/preferred_provider_organizations__ppo_/

java.io.FileNotFoundException: http://www.hr.com/en/communities/ihr_compensation/job_analysis__evaluation_and_grading//en/communities/benefits/medical_benefits/health_reimbursement_accounts__hras_/

java.io.FileNotFoundException: http://www.hr.com/en/communities/ihr_compensation/job_analysis__evaluation_and_grading//en/communities/benefits/medical_benefits/health_savings_accounts__hsas_/

java.net.MalformedURLException: no protocol: releasedetail.cfm?ReleaseID=725994

java.net.MalformedURLException: no protocol: confirm.cfm?destination=/releases_archive.cfm&addFile=621091

java.net.MalformedURLException: no protocol: releasedetail.cfm?ReleaseID=723929

java.net.MalformedURLException: no protocol: confirm.cfm?destination=/releases_archive.cfm&addFile=617417

java.net.MalformedURLException: no protocol: releasedetail.cfm?ReleaseID=718121

java.io.FileNotFoundException: http://www.hr.com/en/communities/ihr_compensation/incentives_measurement__reporting_and_analysis/incentives_planning_and_management//en/communities/leadership/

java.io.FileNotFoundException: http://www.hr.com/en/communities/ihr_compensation/incentives_measurement__reporting_and_analysis/incentives_planning_and_management//en/communities/leadership/board_of_directors/

java.io.FileNotFoundException: http://www.hr.com/en/communities/ihr_compensation/incentives_measurement__reporting_and_analysis/incentives_planning_and_management//en/communities/leadership/career_management/

java.io.FileNotFoundException: http://www.hr.com/en/communities/ihr_compensation/incentives_measurement__reporting_and_analysis/incentives_planning_and_management//en/communities/leadership/corporate_governance/

java.io.FileNotFoundException: http://www.hr.com/en/communities/ihr_compensation/incentives_measurement__reporting_and_analysis/incentives_planning_and_management//en/communities/leadership/corporate_culture/

java.io.FileNotFoundException: http://www.hr.com/en/communities/ihr_compensation/incentives_measurement__reporting_and_analysis/incentives_planning_and_management//en/communities/leadership/developing_organizational_leadership_capabilities/

java.io.FileNotFoundException: http://www.hr.com/en/communities/ihr_compensation/incentives_measurement__reporting_and_analysis/incentives_planning_and_management//en/communities/leadership/global_leadership/

java.io.FileNotFoundException: http://www.hr.com/en/communities/ihr_compensation/incentives_measurement__reporting_and_analysis/incentives_planning_and_management//en/communities/leadership/hr_leadership/

java.io.FileNotFoundException: http://www.hr.com/en/communities/ihr_compensation/incentives_measurement__reporting_and_analysis/incentives_planning_and_management//en/communities/leadership/hr_leadership/diversity_leadership/

java.io.FileNotFoundException: http://www.hr.com/en/communities/ihr_compensation/incentives_measurement__reporting_and_analysis/incentives_planning_and_management//en/communities/leadership/hr_leadership/managers_as_leaders/

java.io.FileNotFoundException: http://www.hr.com/en/communities/hr_in_canada/canadian_masters_in_hr_strategy_execution//en/communities/leadership/board_of_directors/

java.io.IOException: Invalid Http response

java.io.FileNotFoundException: http://www.hr.com/en/communities/ihr_compensation/job_analysis__evaluation_and_grading//en/communities/benefits/medical_benefits/insurance/

java.io.FileNotFoundException: http://www.zf.com/produktuebersicht/corporate/de/company/purchasing_logistics/supplieracademy/zf-supplieracademy.html

java.io.FileNotFoundException: http://www.hr.com/en/communities/ihr_compensation/job_analysis__evaluation_and_grading//en/communities/benefits/medical_benefits/insurance/accident/

java.io.FileNotFoundException: http://www.zf.com/produktuebersicht/corporate/de/company/purchasing_logistics/zf_supplier_awards/zf_supplier_awards.html

java.io.FileNotFoundException: http://www.zf.com/produktuebersicht/corporate/de/company/tradition/tradition.html

java.io.FileNotFoundException: http://www.zf.com/produktuebersicht/corporate/de/company/tradition/company_history/company_history.html

java.io.FileNotFoundException: http://www.hr.com/en/communities/ihr_compensation/job_analysis__evaluation_and_grading//en/communities/benefits/medical_benefits/insurance/dental/

java.io.FileNotFoundException: http://www.hr.com/en/communities/ihr_compensation/job_analysis__evaluation_and_grading//en/communities/benefits/medical_benefits/insurance/health/

java.io.FileNotFoundException: http://www.zf.com/produktuebersicht/corporate/de/company/tradition/events/events.html

java.io.FileNotFoundException: http://www.hr.com/en/communities/ihr_compensation/job_analysis__evaluation_and_grading//en/communities/benefits/medical_benefits/insurance/life/

java.io.FileNotFoundException: http://www.hr.com/en/communities/ihr_compensation/job_analysis__evaluation_and_grading//en/communities/benefits/medical_benefits/insurance/vision/

java.io.FileNotFoundException: http://www.zf.com/produktuebersicht/corporate/de/company/tradition/emotion/emotion.html

java.io.FileNotFoundException: http://www.zf.com/produktuebersicht/tradition/produktuebersicht

java.io.FileNotFoundException: http://www.zf.com/produktuebersicht/corporate/de/company/tradition/spare_parts_services/spare_parts_services.html

java.io.FileNotFoundException: http://www.zf.com/produktuebersicht/corporate/de/company/tradition/s5_20/s5_20.html

java.io.FileNotFoundException: http://www.hr.com/en/communities/ihr_compensation/job_analysis__evaluation_and_grading//en/communities/benefits/medical_benefits/long_term_disability/

java.io.FileNotFoundException: http://www.hr.com/en/communities/ihr_compensation/job_analysis__evaluation_and_grading//en/communities/benefits/medical_benefits/topical_health_issues/

java.io.FileNotFoundException: http://www.zf.com/produktuebersicht/corporate/de/company/sustainability/sustainability.html

java.io.FileNotFoundException: http://www.zf.com/produktuebersicht/corporate/de/company/sustainability/sustainable_corporate_management/sustainable_corporate_management.html

java.io.FileNotFoundException: http://www.zf.com/produktuebersicht/corporate/de/company/sustainability/product_responsibility/product_responsibility.html

java.io.FileNotFoundException: http://www.hr.com/en/communities/ihr_compensation/job_analysis__evaluation_and_grading//en/communities/benefits/outsourcing_benefits/

java.io.FileNotFoundException: http://www.zf.com/produktuebersicht/corporate/de/company/sustainability/protection_of_environment/environment.html

java.io.FileNotFoundException: http://www.hr.com/en/communities/ihr_compensation/job_analysis__evaluation_and_grading//en/communities/benefits/retirement_benefits/

java.io.FileNotFoundException: http://www.zf.com/produktuebersicht/corporate/de/company/sustainability/employees/employees.html

java.io.FileNotFoundException: http://www.hr.com/en/communities/ihr_compensation/job_analysis__evaluation_and_grading//en/communities/benefits/retirement_benefits/medicare/

java.io.FileNotFoundException: http://www.zf.com/produktuebersicht/corporate/de/company/sustainability/values_1/social_responsibility.html

java.io.FileNotFoundException: http://www.zf.com/produktuebersicht/corporate/de/company/sustainability/sustainability_report/sustainability_report.html

java.io.FileNotFoundException: http://www.hr.com/en/communities/ihr_compensation/job_analysis__evaluation_and_grading//en/communities/benefits/retirement_benefits/medicaid/

java.io.FileNotFoundException: http://www.hr.com/en/communities/ihr_compensation/job_analysis__evaluation_and_grading//en/communities/benefits/retirement_benefits/health_and_wellness/

java.io.FileNotFoundException: http://www.hr.com/en/communities/ihr_compensation/job_analysis__evaluation_and_grading//en/communities/benefits/retirement_benefits/401_k_/

java.io.FileNotFoundException: http://www.zf.com/produktuebersicht/corporate/de/company/sustainability/compliance_2/compliance_3.html

java.io.FileNotFoundException: http://www.hr.com/en/communities/ihr_compensation/incentives_measurement__reporting_and_analysis/incentives_planning_and_management//en/communities/leadership/hr_leadership/women_in_leadership/

java.net.MalformedURLException: no protocol: confirm.cfm?destination=/releases_archive.cfm&addFile=610736

java.io.FileNotFoundException: http://www.hr.com/en/communities/ihr_compensation/incentives_measurement__reporting_and_analysis/incentives_planning_and_management//en/communities/leadership/leadership_assessments/

java.io.FileNotFoundException: http://www.hr.com/en/communities/ihr_compensation/incentives_measurement__reporting_and_analysis/incentives_planning_and_management//en/communities/leadership/leadership_competencies/

java.io.FileNotFoundException: http://www.hr.com/en/communities/ihr_compensation/incentives_measurement__reporting_and_analysis/incentives_planning_and_management//en/communities/leadership/leadership_competencies/collaboration/

java.net.MalformedURLException: no protocol: releasedetail.cfm?ReleaseID=718089

java.io.FileNotFoundException: http://www.hr.com/en/communities/ihr_compensation/incentives_measurement__reporting_and_analysis/incentives_planning_and_management//en/communities/leadership/leadership_competencies/communication/

java.io.FileNotFoundException: http://www.hr.com/en/communities/ihr_compensation/incentives_measurement__reporting_and_analysis/incentives_planning_and_management//en/communities/leadership/leadership_competencies/delegation/

java.io.FileNotFoundException: http://www.anz.com/timorleste/timorleste/en/business/business-products/

java.io.FileNotFoundException: http://www.hr.com/en/communities/ihr_compensation/incentives_measurement__reporting_and_analysis/incentives_planning_and_management//en/communities/leadership/leadership_competencies/developing_and_coaching_others/

java.io.FileNotFoundException: http://www.hr.com/en/communities/ihr_compensation/incentives_measurement__reporting_and_analysis/incentives_planning_and_management//en/communities/leadership/leadership_competencies/motivating/

java.io.FileNotFoundException: http://www.hr.com/en/communities/ihr_compensation/incentives_measurement__reporting_and_analysis/incentives_planning_and_management//en/communities/leadership/leadership_competencies/negotiation/

java.io.FileNotFoundException: http://www.hr.com/en/communities/ihr_compensation/incentives_measurement__reporting_and_analysis/incentives_planning_and_management//en/communities/leadership/leadership_models/

java.io.FileNotFoundException: http://www.hr.com/en/communities/ihr_compensation/incentives_measurement__reporting_and_analysis/incentives_planning_and_management//en/communities/leadership/leadership_philosophies/

java.io.FileNotFoundException: http://www.hr.com/en/communities/ihr_compensation/incentives_measurement__reporting_and_analysis/incentives_planning_and_management//en/communities/leadership/leadership_training_and_development/

java.io.FileNotFoundException: http://www.hr.com/en/communities/ihr_compensation/incentives_measurement__reporting_and_analysis/incentives_planning_and_management//en/communities/leadership/leadership_retention/

java.io.FileNotFoundException: http://www.hr.com/en/communities/ihr_compensation/incentives_measurement__reporting_and_analysis/incentives_planning_and_management//en/communities/leadership/leadership_training_and_development/action_learning/

java.io.FileNotFoundException: http://www.hr.com/en/communities/ihr_compensation/incentives_measurement__reporting_and_analysis/incentives_planning_and_management//en/communities/leadership/leadership_training_and_development/executive_coaching/

java.io.FileNotFoundException: http://www.hr.com/en/communities/ihr_compensation/incentives_measurement__reporting_and_analysis/incentives_planning_and_management//en/communities/leadership/leadership_training_and_development/executive_education_programs__university_/

java.net.MalformedURLException: no protocol: confirm.cfm?destination=/releases_archive.cfm&addFile=610711

java.io.FileNotFoundException: http://www.hr.com/en/communities/ihr_compensation/incentives_measurement__reporting_and_analysis/incentives_planning_and_management//en/communities/leadership/leadership_training_and_development/mentoring/

java.io.FileNotFoundException: http://www.hr.com/en/communities/ihr_compensation/incentives_measurement__reporting_and_analysis/incentives_planning_and_management//en/communities/leadership/leading_change/

java.io.FileNotFoundException: http://www.hr.com/en/communities/ihr_compensation/incentives_measurement__reporting_and_analysis/incentives_planning_and_management//en/communities/leadership/leading_change/empowerment/

java.io.FileNotFoundException: http://www.hr.com/en/communities/ihr_compensation/incentives_measurement__reporting_and_analysis/incentives_planning_and_management//en/communities/leadership/leadership_training_and_development/train_your_leaders/

java.io.FileNotFoundException: http://www.hr.com/en/communities/ihr_compensation/incentives_measurement__reporting_and_analysis/incentives_planning_and_management//en/communities/leadership/leading_others/

java.io.FileNotFoundException: http://www.hr.com/en/communities/ihr_compensation/incentives_measurement__reporting_and_analysis/incentives_planning_and_management//en/communities/leadership/leading_self/

java.io.FileNotFoundException: http://www.hr.com/en/communities/ihr_compensation/incentives_measurement__reporting_and_analysis/incentives_planning_and_management//en/communities/leadership/leading_self/flexibility_adaptability/

java.io.FileNotFoundException: http://www.hr.com/en/communities/ihr_hr_in_california//en/communities/leadership/leadership_training_and_development/action_learning/

java.io.FileNotFoundException: http://www.hr.com/en/communities/ihr_compensation/job_analysis__evaluation_and_grading//en/communities/benefits/retirement_benefits/plan_options/

java.io.FileNotFoundException: http://www.hr.com/en/communities/ihr_compensation/job_analysis__evaluation_and_grading//en/communities/benefits/voluntary_benefits/

java.io.FileNotFoundException: http://www.hr.com/en/communities/ihr_compensation/job_analysis__evaluation_and_grading//en/communities/benefits/work_life_programs_and_employee_assistance_programs__eaps_/

java.io.FileNotFoundException: http://www.hr.com/en/communities/ihr_compensation/job_analysis__evaluation_and_grading//en/communities/benefits/work_life_programs_and_employee_assistance_programs__eaps_/childcare_eldercare/

java.io.FileNotFoundException: http://www.hr.com/en/communities/ihr_compensation/job_analysis__evaluation_and_grading//en/communities/benefits/work_life_programs_and_employee_assistance_programs__eaps_/concierge/

java.io.FileNotFoundException: http://www.hr.com/en/communities/ihr_compensation/job_analysis__evaluation_and_grading//en/communities/benefits/work_life_programs_and_employee_assistance_programs__eaps_/dress_code/

java.io.FileNotFoundException: http://www.hr.com/en/communities/ihr_compensation/job_analysis__evaluation_and_grading//en/communities/benefits/work_life_programs_and_employee_assistance_programs__eaps_/flextime/

java.io.FileNotFoundException: http://www.hr.com/en/communities/ihr_compensation/job_analysis__evaluation_and_grading//en/communities/benefits/work_life_programs_and_employee_assistance_programs__eaps_/healthcare_wellness/

java.io.FileNotFoundException: http://www.hr.com/en/communities/ihr_compensation/job_analysis__evaluation_and_grading//en/communities/benefits/work_life_programs_and_employee_assistance_programs__eaps_/job_sharing/

java.io.FileNotFoundException: http://www.hr.com/en/communities/ihr_compensation/job_analysis__evaluation_and_grading//en/communities/benefits/work_life_programs_and_employee_assistance_programs__eaps_/academic_referral/

java.io.FileNotFoundException: http://www.hr.com/en/communities/ihr_compensation/job_analysis__evaluation_and_grading//en/communities/benefits/work_life_programs_and_employee_assistance_programs__eaps_/telecommuting/

java.net.UnknownHostException: www.chess-players.org

java.io.FileNotFoundException: http://www.hr.com/en/communities/ihr_compensation/job_analysis__evaluation_and_grading//en/communities/benefits/work_life_programs_and_employee_assistance_programs__eaps_/addiction_therapy/

java.io.FileNotFoundException: http://www.hr.com/en/communities/ihr_compensation/job_analysis__evaluation_and_grading//en/communities/benefits/work_life_programs_and_employee_assistance_programs__eaps_/financial_advisement/

java.io.FileNotFoundException: http://www.hr.com/en/communities/ihr_compensation/job_analysis__evaluation_and_grading//en/communities/benefits/work_life_programs_and_employee_assistance_programs__eaps_/legal_and_employee_counseling/

java.io.FileNotFoundException: http://www.hr.com/en/communities/ihr_compensation/job_analysis__evaluation_and_grading//en/communities/benefits/work_life_programs_and_employee_assistance_programs__eaps_/parenting_resources/

java.io.FileNotFoundException: http://www.hr.com/en/communities/ihr_compensation/job_analysis__evaluation_and_grading//en/communities/benefits/work_life_programs_and_employee_assistance_programs__eaps_/pet_insurance/

java.io.FileNotFoundException: http://www.hr.com/en/communities/ihr_compensation/job_analysis__evaluation_and_grading//en/communities/benefits/work_life_programs_and_employee_assistance_programs__eaps_/relocation_services/

java.io.FileNotFoundException: http://www.hr.com/en/communities/ihr_compensation/job_analysis__evaluation_and_grading//en/communities/ihr_compensation/board_of_directors_pay/

java.io.FileNotFoundException: http://www.hr.com/en/communities/ihr_compensation/job_analysis__evaluation_and_grading//en/communities/ihr_compensation/compensation_modeling_and_forecasting/

java.io.FileNotFoundException: http://www.hr.com/en/communities/ihr_compensation/job_analysis__evaluation_and_grading//en/communities/ihr_compensation/compensation_planning_and_management/

java.io.FileNotFoundException: http://www.industryweek.com/procurement/midyear-service-centers-shipments-declining/none/ul-presents-new-science-indoor-air-quality

java.io.FileNotFoundException: http://www.hr.com/en/communities/ihr_compensation/job_analysis__evaluation_and_grading//en/communities/ihr_compensation/compensation_planning_and_management/compliance_in_compensation_management/

java.io.FileNotFoundException: http://www.hr.com/en/communities/ihr_compensation/incentives_measurement__reporting_and_analysis/incentives_planning_and_management//en/communities/leadership/leading_self/stress/

java.net.MalformedURLException: no protocol: releasedetail.cfm?ReleaseID=715391

java.io.FileNotFoundException: http://www.hr.com/en/communities/ihr_compensation/incentives_measurement__reporting_and_analysis/incentives_planning_and_management//en/communities/leadership/leading_self/worklife_balance/

java.io.FileNotFoundException: http://www.hr.com/en/communities/ihr_compensation/incentives_measurement__reporting_and_analysis/incentives_planning_and_management//en/communities/leadership/selection/

java.io.FileNotFoundException: http://www.hr.com/en/communities/ihr_compensation/incentives_measurement__reporting_and_analysis/incentives_planning_and_management//en/communities/leadership/succession_planning/

java.io.FileNotFoundException: http://www.hr.com/en/communities/ihr_compensation/incentives_measurement__reporting_and_analysis/incentives_planning_and_management//en/communities/leadership/strategic_decision_making/

java.io.FileNotFoundException: http://www.hr.com/en/communities/ihr_compensation/incentives_measurement__reporting_and_analysis/incentives_planning_and_management//en/communities/leadership/trends/

java.io.FileNotFoundException: http://www.hr.com/en/communities/ihr_compensation/incentives_measurement__reporting_and_analysis/incentives_planning_and_management//en/communities/leadership/measurement_and_metrics/

java.io.FileNotFoundException: http://www.hr.com/en/communities/ihr_compensation/incentives_measurement__reporting_and_analysis/incentives_planning_and_management//en/communities/legal/

java.io.FileNotFoundException: http://www.hr.com/en/communities/ihr_compensation/incentives_measurement__reporting_and_analysis/incentives_planning_and_management//en/communities/leadership/vision__values_and_mission/

java.io.FileNotFoundException: http://www.hr.com/en/communities/ihr_compensation/incentives_measurement__reporting_and_analysis/incentives_planning_and_management//en/communities/legal/benefits_and_compensation_law/

java.io.FileNotFoundException: http://www.hr.com/en/communities/ihr_compensation/incentives_measurement__reporting_and_analysis/incentives_planning_and_management//en/communities/legal/business_and_finance/

java.net.UnknownHostException: novel.hongxiu.com

java.io.FileNotFoundException: http://www.hr.com/en/communities/ihr_compensation/incentives_measurement__reporting_and_analysis/incentives_planning_and_management//en/communities/legal/contract_disputes/

java.io.FileNotFoundException: http://www.hr.com/en/communities/ihr_compensation/incentives_measurement__reporting_and_analysis/incentives_planning_and_management//en/communities/legal/court_cases/

java.io.FileNotFoundException: http://www.hr.com/en/communities/ihr_compensation/incentives_measurement__reporting_and_analysis/incentives_planning_and_management//en/communities/legal/employment_discrimination/

java.net.MalformedURLException: no protocol: confirm.cfm?destination=/releases_archive.cfm&addFile=607461

java.io.FileNotFoundException: http://www.hr.com/en/communities/ihr_compensation/incentives_measurement__reporting_and_analysis/incentives_planning_and_management//en/communities/legal/employment_contracts_and_non_competes/

java.io.FileNotFoundException: http://www.hr.com/en/communities/ihr_compensation/incentives_measurement__reporting_and_analysis/incentives_planning_and_management//en/communities/legal/environmental/

java.io.FileNotFoundException: http://www.hr.com/en/communities/ihr_compensation/incentives_measurement__reporting_and_analysis/incentives_planning_and_management//en/communities/legal/internet_related/

java.io.FileNotFoundException: http://www.hr.com/en/communities/ihr_compensation/incentives_measurement__reporting_and_analysis/incentives_planning_and_management//en/communities/legal/legal_trends/

java.net.MalformedURLException: no protocol: releasedetail.cfm?ReleaseID=712009

java.io.FileNotFoundException: http://www.anz.com/timorleste/timorleste/en/business/business-services/

java.net.MalformedURLException: no protocol: confirm.cfm?destination=/releases_archive.cfm&addFile=604133

java.net.MalformedURLException: no protocol: releasedetail.cfm?ReleaseID=707376

java.net.MalformedURLException: no protocol: confirm.cfm?destination=/releases_archive.cfm&addFile=600167

java.net.MalformedURLException: no protocol: confirm.cfm?destination=/releases_archive.cfm&addFile=599003

java.net.MalformedURLException: no protocol: ../shop/display.asp?querytype=subd&dp=518&stylename=200

java.io.FileNotFoundException: http://www.hr.com/en/communities/ihr_compensation/job_analysis__evaluation_and_grading//en/communities/ihr_compensation/compensation_planning_and_management/executive_compensation_management/

java.io.FileNotFoundException: http://www.hr.com/en/communities/ihr_compensation/job_analysis__evaluation_and_grading//en/communities/ihr_compensation/compensation_planning_and_management/pay_for_performance_planning_and_management/

java.io.FileNotFoundException: http://www.hr.com/en/communities/ihr_compensation/job_analysis__evaluation_and_grading//en/communities/ihr_compensation/compensation_planning_and_management/salary_survey_planning_and_management/

java.io.FileNotFoundException: http://www.hr.com/en/communities/ihr_compensation/job_analysis__evaluation_and_grading//en/communities/ihr_compensation/compensation_trends/

java.io.FileNotFoundException: http://www.hr.com/en/communities/ihr_compensation/job_analysis__evaluation_and_grading//en/communities/ihr_compensation/compensation_planning_and_management/stock_planning_and_administration/

java.io.FileNotFoundException: http://www.hr.com/en/communities/ihr_compensation/job_analysis__evaluation_and_grading//en/communities/ihr_compensation/compensation_measurement__reporting_and_analysis/

java.io.FileNotFoundException: http://www.hr.com/en/communities/ihr_compensation/job_analysis__evaluation_and_grading//en/communities/ihr_compensation/ecs_enterprise_compensation_solutions/

java.io.FileNotFoundException: http://www.hr.com/en/communities/ihr_compensation/job_analysis__evaluation_and_grading//en/communities/ihr_compensation/executive_compensation/

java.io.FileNotFoundException: http://www.hr.com/en/communities/ihr_compensation/job_analysis__evaluation_and_grading//en/communities/ihr_compensation/incentives__rewards_and_recognition/

java.io.FileNotFoundException: http://www.hr.com/en/communities/ihr_compensation/job_analysis__evaluation_and_grading//en/communities/ihr_compensation/incentives__rewards_and_recognition/gift_cards/

java.io.FileNotFoundException: http://www.hr.com/en/communities/ihr_compensation/job_analysis__evaluation_and_grading//en/communities/ihr_compensation/incentives__rewards_and_recognition/recognition_programs/

java.io.FileNotFoundException: http://www.hr.com/en/communities/ihr_compensation/job_analysis__evaluation_and_grading//en/communities/ihr_compensation/incentives_measurement__reporting_and_analysis/

java.io.FileNotFoundException: http://www.hr.com/en/communities/ihr_compensation/job_analysis__evaluation_and_grading//en/communities/ihr_compensation/incentives_measurement__reporting_and_analysis/incentives_planning_and_management/

java.io.FileNotFoundException: http://www.hr.com/en/communities/ihr_compensation/job_analysis__evaluation_and_grading//en/communities/ihr_compensation/job_analysis__evaluation_and_grading/compensation_salary_surveys/

java.io.FileNotFoundException: http://www.hr.com/en/communities/ihr_compensation/job_analysis__evaluation_and_grading//en/communities/ihr_compensation/job_analysis__evaluation_and_grading/compensation_surveys/

java.io.FileNotFoundException: http://www.hr.com/en/communities/ihr_compensation/job_analysis__evaluation_and_grading//en/communities/ihr_compensation/pay_strategies/

java.io.FileNotFoundException: http://www.hr.com/en/communities/ihr_compensation/job_analysis__evaluation_and_grading//en/communities/ihr_compensation/pay_strategies/base_pay/

java.io.FileNotFoundException: http://www.hr.com/en/communities/ihr_compensation/job_analysis__evaluation_and_grading//en/communities/ihr_compensation/pay_strategies/pay_for_performance/

java.io.FileNotFoundException: http://www.hr.com/en/communities/ihr_compensation/job_analysis__evaluation_and_grading//en/communities/ihr_compensation/pay_strategies/skill_competency_based_pay/

java.io.FileNotFoundException: http://www.hr.com/en/communities/ihr_compensation/job_analysis__evaluation_and_grading//en/communities/ihr_compensation/pay_strategies/variable_pay/

java.io.FileNotFoundException: http://www.hr.com/en/communities/ihr_compensation/job_analysis__evaluation_and_grading//en/communities/ihr_compensation/pay_strategies/variable_pay/equity_based_compensation/

java.io.FileNotFoundException: http://www.hr.com/en/communities/ihr_compensation/job_analysis__evaluation_and_grading//en/communities/ihr_compensation/pay_strategies/variable_pay/gainsharing/

java.net.MalformedURLException: no protocol: releasedetail.cfm?ReleaseID=706209

java.io.FileNotFoundException: http://www.hr.com/en/communities/ihr_compensation/job_analysis__evaluation_and_grading//en/communities/ihr_compensation/pay_strategies/variable_pay/profit_sharing/

java.io.FileNotFoundException: http://www.hr.com/en/communities/ihr_compensation/job_analysis__evaluation_and_grading//en/communities/ihr_compensation/rfp_rfi_development/

java.io.FileNotFoundException: http://www.hr.com/en/communities/ihr_compensation/job_analysis__evaluation_and_grading//en/communities/ihr_compensation/severance_pay/

java.io.FileNotFoundException: http://www.hr.com/en/communities/ihr_compensation/job_analysis__evaluation_and_grading//en/communities/ihr_compensation/sales_force_compensation/

java.io.FileNotFoundException: http://www.hr.com/en/communities/ihr_compensation/job_analysis__evaluation_and_grading//en/communities/ihr_compensation/pay_equity/

java.io.FileNotFoundException: http://www.hr.com/en/communities/ihr_compensation/job_analysis__evaluation_and_grading//en/communities/ihr_compensation/payroll/

java.net.MalformedURLException: no protocol: releasedetail.cfm?ReleaseID=704878

java.io.FileNotFoundException: http://www.hr.com/en/communities/ihr_compensation/job_analysis__evaluation_and_grading//en/communities/ihr_compensation/payroll_001/

java.net.MalformedURLException: no protocol: confirm.cfm?destination=/releases_archive.cfm&addFile=597641

java.io.FileNotFoundException: http://www.hr.com/en/communities/ihr_compensation/job_analysis__evaluation_and_grading//en/communities/ihr_contract_workforce_talent_exchange/

java.io.FileNotFoundException: http://www.hr.com/en/communities/ihr_compensation/incentives_measurement__reporting_and_analysis/incentives_planning_and_management//en/communities/legal/legislation/canadian_legal_issues/

java.io.FileNotFoundException: http://www.hr.com/en/communities/ihr_compensation/incentives_measurement__reporting_and_analysis/incentives_planning_and_management//en/communities/legal/legislation/

java.net.MalformedURLException: no protocol: category.php?id=33&brand=952

java.net.MalformedURLException: no protocol: releasedetail.cfm?ReleaseID=704085

java.net.MalformedURLException: no protocol: confirm.cfm?destination=/releases_archive.cfm&addFile=595580

java.io.FileNotFoundException: http://www.hr.com/en/communities/ihr_compensation/incentives_measurement__reporting_and_analysis/incentives_planning_and_management//en/communities/legal/legislation/international_legal_issues/

java.net.MalformedURLException: no protocol: releasedetail.cfm?ReleaseID=702819

java.io.FileNotFoundException: http://www.hr.com/en/communities/ihr_compensation/incentives_measurement__reporting_and_analysis/incentives_planning_and_management//en/communities/legal/legislation/u_s__based_legal_issues/

java.io.FileNotFoundException: http://www.hr.com/en/communities/ihr_compensation/incentives_measurement__reporting_and_analysis/incentives_planning_and_management//en/communities/legal/legislation/u_s__based_legal_issues/americans_with_disabilities_act/

java.io.FileNotFoundException: http://www.hr.com/en/communities/ihr_compensation/incentives_measurement__reporting_and_analysis/incentives_planning_and_management//en/communities/legal/legislation/u_s__based_legal_issues/fmla/

java.io.FileNotFoundException: http://www.zf.com/produktuebersicht/corporate/de/products/spare_parts/technical_information/catalogs_spare_parts/catalogs.html

java.io.FileNotFoundException: http://www.hr.com/en/communities/ihr_compensation/incentives_measurement__reporting_and_analysis/incentives_planning_and_management//en/communities/legal/privacy/

java.io.FileNotFoundException: http://www.hr.com/en/communities/ihr_compensation/incentives_measurement__reporting_and_analysis/incentives_planning_and_management//en/communities/legal/legislation/u_s__based_legal_issues/wage_and_hour/

java.io.FileNotFoundException: http://www.zf.com/produktuebersicht/corporate/de/products/product_range/cars/finder.html

java.io.FileNotFoundException: http://www.zf.com/produktuebersicht/corporate/de/products/product_range/commercial_vehicles/finder.html

java.io.FileNotFoundException: http://www.zf.com/produktuebersicht/corporate/de/products/product_range/buses/finder.html

java.io.FileNotFoundException: http://www.hr.com/en/communities/ihr_compensation/incentives_measurement__reporting_and_analysis/incentives_planning_and_management//en/communities/legal/training_on_compliance/

java.io.FileNotFoundException: http://www.zf.com/produktuebersicht/zfXmlServlet?resultUrl=/corporate/de/products/product_range/product_overview/ProductApplicationStart.jsp&sessionAttribute=xmlRoot&serviceUrl=http://appsprod01.zf.com/zf.productDataBase/service/applicationsApplicationGroupsSelect&applicationID=12286&languageISOCode=DE&businessUnitShortcut=&divisionShortcut=

java.io.FileNotFoundException: http://www.zf.com/produktuebersicht/zfXmlServlet?resultUrl=/corporate/de/products/product_range/product_overview/ProductApplicationStart.jsp&sessionAttribute=xmlRoot&serviceUrl=http://appsprod01.zf.com/zf.productDataBase/service/applicationsApplicationGroupsSelect&applicationID=12292&languageISOCode=DE&businessUnitShortcut=&divisionShortcut=

java.io.FileNotFoundException: http://www.zf.com/produktuebersicht/zfXmlServlet?resultUrl=/corporate/de/products/product_range/product_overview/ProductApplicationStart.jsp&sessionAttribute=xmlRoot&serviceUrl=http://appsprod01.zf.com/zf.productDataBase/service/applicationsApplicationGroupsSelect&applicationID=12280&languageISOCode=DE&businessUnitShortcut=&divisionShortcut=

java.io.FileNotFoundException: http://www.zf.com/produktuebersicht/zfXmlServlet?resultUrl=/corporate/de/products/product_range/product_overview/ProductApplicationStart.jsp&sessionAttribute=xmlRoot&serviceUrl=http://appsprod01.zf.com/zf.productDataBase/service/applicationsApplicationGroupsSelect&applicationID=12278&languageISOCode=DE&businessUnitShortcut=&divisionShortcut=

java.io.FileNotFoundException: http://www.zf.com/produktuebersicht/zfXmlServlet?resultUrl=/corporate/de/products/product_range/product_overview/ProductApplicationStart.jsp&sessionAttribute=xmlRoot&serviceUrl=http://appsprod01.zf.com/zf.productDataBase/service/applicationsApplicationGroupsSelect&applicationID=12285&languageISOCode=DE&businessUnitShortcut=&divisionShortcut=

java.io.FileNotFoundException: http://www.hr.com/en/communities/ihr_compensation/incentives_measurement__reporting_and_analysis/incentives_planning_and_management//en/communities/legal/termination/

java.io.FileNotFoundException: http://www.zf.com/produktuebersicht/zfXmlServlet?resultUrl=/corporate/de/products/product_range/product_overview/ProductApplicationStart.jsp&sessionAttribute=xmlRoot&serviceUrl=http://appsprod01.zf.com/zf.productDataBase/service/applicationsApplicationGroupsSelect&applicationID=12289&languageISOCode=DE&businessUnitShortcut=&divisionShortcut=

java.io.FileNotFoundException: http://www.hr.com/en/communities/ihr_compensation/incentives_measurement__reporting_and_analysis/incentives_planning_and_management//en/communities/legal/workplace_regulations/

java.io.FileNotFoundException: http://www.hr.com/en/communities/ihr_compensation/incentives_measurement__reporting_and_analysis/incentives_planning_and_management//en/communities/legal/legal_compliance_in_india/

java.net.MalformedURLException: no protocol: releasedetail.cfm?ReleaseID=702207

java.io.FileNotFoundException: http://www.hr.com/en/communities/ihr_compensation/incentives_measurement__reporting_and_analysis/incentives_planning_and_management//en/communities/onboarding_001/

java.io.FileNotFoundException: http://www.hr.com/en/communities/ihr_compensation/incentives_measurement__reporting_and_analysis/incentives_planning_and_management//en/communities/organizational_development/

java.io.FileNotFoundException: http://www.hr.com/en/communities/ihr_compensation/incentives_measurement__reporting_and_analysis/incentives_planning_and_management//en/communities/organizational_development/change_management/

java.io.FileNotFoundException: http://www.hr.com/en/communities/ihr_compensation/incentives_measurement__reporting_and_analysis/incentives_planning_and_management//en/communities/organizational_development/career_and_succession_planning/

java.io.FileNotFoundException: http://www.hr.com/en/communities/ihr_compensation/incentives_measurement__reporting_and_analysis/incentives_planning_and_management//en/communities/organizational_development/creativity_and_innovation/

java.io.FileNotFoundException: http://www.hr.com/en/communities/ihr_compensation/incentives_measurement__reporting_and_analysis/incentives_planning_and_management//en/communities/organizational_development/communication_programs/

java.io.FileNotFoundException: http://www.hr.com/en/communities/ihr_compensation/incentives_measurement__reporting_and_analysis/incentives_planning_and_management//en/communities/organizational_development/decision_making/

java.io.FileNotFoundException: http://www.hr.com/en/communities/ihr_compensation/incentives_measurement__reporting_and_analysis/incentives_planning_and_management//en/communities/organizational_development/diversity/

java.io.FileNotFoundException: http://www.hr.com/en/communities/ihr_compensation/incentives_measurement__reporting_and_analysis/incentives_planning_and_management//en/communities/organizational_development/employee_satisfaction_engagement/

java.io.FileNotFoundException: http://www.hr.com/en/communities/ihr_compensation/incentives_measurement__reporting_and_analysis/incentives_planning_and_management//en/communities/organizational_development/high_performing_teams/

java.io.FileNotFoundException: http://www.hr.com/en/communities/ihr_compensation/incentives_measurement__reporting_and_analysis/incentives_planning_and_management//en/communities/organizational_development/job_design_telework/

java.io.FileNotFoundException: http://www.hr.com/en/communities/ihr_compensation/incentives_measurement__reporting_and_analysis/incentives_planning_and_management//en/communities/organizational_development/knowledge_management/

java.io.FileNotFoundException: http://www.hr.com/en/communities/ihr_compensation/incentives_measurement__reporting_and_analysis/incentives_planning_and_management//en/communities/organizational_development/mergers_and_acquisitions/

java.io.FileNotFoundException: http://www.hr.com/en/communities/ihr_compensation/incentives_measurement__reporting_and_analysis/incentives_planning_and_management//en/communities/organizational_development/measurement_of_culture_and_climate/

java.io.FileNotFoundException: http://www.hr.com/en/communities/ihr_compensation/incentives_measurement__reporting_and_analysis/incentives_planning_and_management//en/communities/organizational_development/organizational_diagnosis/

java.io.FileNotFoundException: http://www.hr.com/en/communities/ihr_compensation/incentives_measurement__reporting_and_analysis/incentives_planning_and_management//en/communities/organizational_development/re_engineering/

java.io.FileNotFoundException: http://www.hr.com/en/communities/ihr_compensation/incentives_measurement__reporting_and_analysis/incentives_planning_and_management//en/communities/organizational_development/strategic_hr/

java.io.FileNotFoundException: http://www.hr.com/en/communities/ihr_compensation/incentives_measurement__reporting_and_analysis/incentives_planning_and_management//en/communities/organizational_development/skills_competencies/

java.io.FileNotFoundException: http://www.hr.com/en/communities/ihr_compensation/incentives_measurement__reporting_and_analysis/incentives_planning_and_management//en/communities/performance_management/

java.io.FileNotFoundException: http://www.hr.com/en/communities/ihr_compensation/incentives_measurement__reporting_and_analysis/incentives_planning_and_management//en/communities/payroll_hris_hris_payroll__audits__compliance_and_risk_management_001/

java.io.FileNotFoundException: http://www.hr.com/en/communities/ihr_compensation/incentives_measurement__reporting_and_analysis/incentives_planning_and_management//en/communities/performance_management/competencies/

java.io.FileNotFoundException: http://www.hr.com/en/communities/ihr_compensation/incentives_measurement__reporting_and_analysis/incentives_planning_and_management//en/communities/performance_management/cascading_goals/

java.io.FileNotFoundException: http://www.hr.com/en/communities/ihr_compensation/incentives_measurement__reporting_and_analysis/incentives_planning_and_management//en/communities/performance_management/culture/

java.io.FileNotFoundException: http://www.hr.com/en/communities/ihr_compensation/incentives_measurement__reporting_and_analysis/incentives_planning_and_management//en/communities/performance_management/feedback_processes/

java.io.FileNotFoundException: http://www.hr.com/en/communities/ihr_compensation/incentives_measurement__reporting_and_analysis/incentives_planning_and_management//en/communities/performance_management/job_description/

java.io.FileNotFoundException: http://www.hr.com/en/communities/ihr_compensation/incentives_measurement__reporting_and_analysis/incentives_planning_and_management//en/communities/performance_management/legal_compliance/

java.io.FileNotFoundException: http://www.hr.com/en/communities/ihr_compensation/incentives_measurement__reporting_and_analysis/incentives_planning_and_management//en/communities/performance_management/motivation/

java.io.FileNotFoundException: http://www.hr.com/en/communities/ihr_compensation/job_analysis__evaluation_and_grading//en/communities/ihr_contract_workforce_talent_exchange/contract_workforce_talent_exchanges_templates_forms_contracts/

java.io.FileNotFoundException: http://www.hr.com/en/communities/ihr_compensation/job_analysis__evaluation_and_grading//en/communities/ihr_contract_workforce_talent_exchange/vendor_management_solutions/

java.io.FileNotFoundException: http://www.hr.com/en/communities/ihr_compensation/job_analysis__evaluation_and_grading//en/communities/ihr_contract_workforce_talent_exchange/talent_exchanges/

java.io.FileNotFoundException: http://www.hr.com/en/communities/ihr_compensation/job_analysis__evaluation_and_grading//en/communities/ihr_contract_workforce_talent_exchange/contract_worker_payroll/

java.io.FileNotFoundException: http://www.hr.com/en/communities/ihr_compensation/job_analysis__evaluation_and_grading//en/communities/ihr_contract_workforce_talent_exchange/rpo_services/

java.io.FileNotFoundException: http://www.hr.com/en/communities/ihr_compensation/job_analysis__evaluation_and_grading//en/communities/ihr_contract_workforce_talent_exchange/temporary_staffing_solutions/

java.io.FileNotFoundException: http://www.hr.com/en/communities/ihr_compensation/job_analysis__evaluation_and_grading//en/communities/ihr_contract_workforce_talent_exchange/managed_service_provider/

java.io.FileNotFoundException: http://www.hr.com/en/communities/ihr_compensation/job_analysis__evaluation_and_grading//en/communities/ihr_contract_workforce_talent_exchange/contract_workforce_talent_exchanges_metrics/

java.io.FileNotFoundException: http://www.hr.com/en/communities/ihr_compensation/job_analysis__evaluation_and_grading//en/communities/ihr_contract_workforce_talent_exchange/contract_workforce_talent_exchanges_tools_technology/

java.io.FileNotFoundException: http://www.hr.com/en/communities/ihr_compensation/job_analysis__evaluation_and_grading//en/communities/ihr_employee_wellness/

java.io.FileNotFoundException: http://www.hr.com/en/communities/ihr_compensation/job_analysis__evaluation_and_grading//en/communities/ihr_contract_workforce_talent_exchange/contract_workforce_talent_exchanges_legal_compliance/

java.io.FileNotFoundException: http://www.hr.com/en/communities/ihr_compensation/job_analysis__evaluation_and_grading//en/communities/ihr_employee_wellness/employee_health/

java.io.FileNotFoundException: http://www.hr.com/en/communities/ihr_compensation/job_analysis__evaluation_and_grading//en/communities/ihr_employee_wellness/productivity/

java.io.FileNotFoundException: http://www.hr.com/en/communities/ihr_compensation/job_analysis__evaluation_and_grading//en/communities/ihr_employee_wellness/culture_of_health/

java.io.FileNotFoundException: http://www.hr.com/en/communities/ihr_compensation/job_analysis__evaluation_and_grading//en/communities/ihr_employee_wellness/prevention/

java.io.FileNotFoundException: http://www.hr.com/en/communities/ihr_compensation/job_analysis__evaluation_and_grading//en/communities/ihr_employee_wellness/employee_wellness_templates_forms_contracts/

java.io.FileNotFoundException: http://www.hr.com/en/communities/ihr_compensation/job_analysis__evaluation_and_grading//en/communities/ihr_employee_wellness/employee_wellness_legal_compliance/

java.io.FileNotFoundException: http://www.hr.com/en/communities/ihr_compensation/job_analysis__evaluation_and_grading//en/communities/ihr_employee_wellness/financial_wellness/

java.io.FileNotFoundException: http://www.hr.com/en/communities/ihr_compensation/job_analysis__evaluation_and_grading//en/communities/ihr_employee_wellness/employee_cost/

java.io.FileNotFoundException: http://www.hr.com/en/communities/ihr_compensation/job_analysis__evaluation_and_grading//en/communities/ihr_employee_wellness/employee_cost/reimbursement_plans/

java.io.FileNotFoundException: http://www.hr.com/en/communities/ihr_compensation/job_analysis__evaluation_and_grading//en/communities/ihr_employee_wellness/onsite_testing/

java.io.FileNotFoundException: http://www.hr.com/en/communities/ihr_compensation/job_analysis__evaluation_and_grading//en/communities/ihr_employee_wellness/employee_cost/incentives/

java.io.FileNotFoundException: http://www.hr.com/en/communities/ihr_compensation/job_analysis__evaluation_and_grading//en/communities/ihr_employee_wellness/onsite_testing/clinics/

java.io.FileNotFoundException: http://www.hr.com/en/communities/ihr_compensation/job_analysis__evaluation_and_grading//en/communities/ihr_employee_wellness/onsite_testing/health_fairs/

java.io.FileNotFoundException: http://www.hr.com/en/communities/ihr_compensation/job_analysis__evaluation_and_grading//en/communities/ihr_employee_wellness/employee_communication/

java.io.FileNotFoundException: http://www.hr.com/en/communities/ihr_compensation/job_analysis__evaluation_and_grading//en/communities/ihr_employee_wellness/employee_communication/wellness_portals/

java.io.FileNotFoundException: http://www.hr.com/en/communities/ihr_compensation/job_analysis__evaluation_and_grading//en/communities/ihr_employee_wellness/employee_communication/hra/

java.net.MalformedURLException: no protocol: confirm.cfm?destination=/releases_archive.cfm&addFile=594106

java.io.FileNotFoundException: http://www.hr.com/en/communities/ihr_compensation/job_analysis__evaluation_and_grading//en/communities/ihr_employee_wellness/benefit_healthcare_cost_containment/

java.io.FileNotFoundException: http://www.hr.com/en/communities/ihr_compensation/job_analysis__evaluation_and_grading//en/communities/ihr_employee_wellness/employee_communication/identification_of_troubled_areas/

java.io.FileNotFoundException: http://www.hr.com/en/communities/ihr_compensation/incentives_measurement__reporting_and_analysis/incentives_planning_and_management//en/communities/performance_management/pm_assessment/

java.io.FileNotFoundException: http://www.hr.com/en/communities/ihr_compensation/incentives_measurement__reporting_and_analysis/incentives_planning_and_management//en/communities/performance_management/pay_for_performance/

java.io.FileNotFoundException: http://www.hr.com/en/communities/ihr_compensation/incentives_measurement__reporting_and_analysis/incentives_planning_and_management//en/communities/performance_management/pm_metrics/

java.io.FileNotFoundException: http://www.hr.com/en/communities/ihr_compensation/incentives_measurement__reporting_and_analysis/incentives_planning_and_management//en/communities/performance_management/pm_retention/

java.net.MalformedURLException: no protocol: confirm.cfm?destination=/releases_archive.cfm&addFile=593468

java.io.FileNotFoundException: http://www.hr.com/en/communities/ihr_compensation/incentives_measurement__reporting_and_analysis/incentives_planning_and_management//en/communities/performance_management/pm_succession_planning/

java.io.FileNotFoundException: http://www.hr.com/en/communities/ihr_compensation/incentives_measurement__reporting_and_analysis/incentives_planning_and_management//en/communities/performance_management/technology/

java.net.MalformedURLException: no protocol: releasedetail.cfm?ReleaseID=698999

java.io.FileNotFoundException: http://www.hr.com/en/communities/ihr_compensation/incentives_measurement__reporting_and_analysis/incentives_planning_and_management//en/communities/performance_management/performance_reviews/

java.net.MalformedURLException: no protocol: confirm.cfm?destination=/releases_archive.cfm&addFile=589816

java.net.MalformedURLException: no protocol: releasedetail.cfm?ReleaseID=684771

java.net.MalformedURLException: no protocol: confirm.cfm?destination=/releases_archive.cfm&addFile=578398

java.net.MalformedURLException: no protocol: releasedetail.cfm?ReleaseID=684123

java.io.FileNotFoundException: http://www.hr.com/en/communities/ihr_compensation/incentives_measurement__reporting_and_analysis/incentives_planning_and_management//en/communities/recruitment_process_outsourcing_001/

java.net.MalformedURLException: no protocol: confirm.cfm?destination=/releases_archive.cfm&addFile=578073

java.net.MalformedURLException: no protocol: releasedetail.cfm?ReleaseID=680990

java.net.MalformedURLException: no protocol: confirm.cfm?destination=/releases_archive.cfm&addFile=576022

java.net.MalformedURLException: no protocol: releasedetail.cfm?ReleaseID=680403

java.net.MalformedURLException: no protocol: confirm.cfm?destination=/releases_archive.cfm&addFile=575297

java.net.UnknownHostException: zhaoren.t.qq.com

java.io.FileNotFoundException: http://www.hr.com/en/communities/ihr_compensation/job_analysis__evaluation_and_grading//en/communities/ihr_employee_wellness/benefit_healthcare_cost_containment/reduction_in_drug_expense/

java.io.FileNotFoundException: http://www.hr.com/en/communities/ihr_compensation/job_analysis__evaluation_and_grading//en/communities/ihr_employee_wellness/benefit_healthcare_cost_containment/reduction_in_doctor_visits/

java.io.FileNotFoundException: http://www.hr.com/en/communities/ihr_compensation/job_analysis__evaluation_and_grading//en/communities/ihr_employee_wellness/weight_management/

java.io.FileNotFoundException: http://www.hr.com/en/communities/ihr_compensation/job_analysis__evaluation_and_grading//en/communities/ihr_employee_wellness/weight_management/exercise_programs/

java.io.FileNotFoundException: http://www.hr.com/en/communities/ihr_compensation/job_analysis__evaluation_and_grading//en/communities/ihr_employee_wellness/weight_management/support_management/

java.io.FileNotFoundException: http://www.hr.com/en/communities/ihr_compensation/job_analysis__evaluation_and_grading//en/communities/ihr_employee_wellness/weight_management/internal_programs/

java.io.FileNotFoundException: http://www.hr.com/en/communities/ihr_compensation/job_analysis__evaluation_and_grading//en/communities/ihr_employee_wellness/cessation_reduction/

java.io.FileNotFoundException: http://www.hr.com/en/communities/ihr_compensation/job_analysis__evaluation_and_grading//en/communities/ihr_employee_wellness/cessation_reduction/drug_alcohol_dependence/

java.io.FileNotFoundException: http://www.hr.com/en/communities/ihr_compensation/job_analysis__evaluation_and_grading//en/communities/ihr_employee_wellness/cessation_reduction/smoking/

java.io.FileNotFoundException: http://www.hr.com/en/communities/ihr_compensation/job_analysis__evaluation_and_grading//en/communities/ihr_employee_wellness/cessation_reduction/eating_disorders/

java.io.FileNotFoundException: http://www.hr.com/en/communities/ihr_compensation/job_analysis__evaluation_and_grading//en/communities/ihr_employee_wellness/absenteeism/

java.io.FileNotFoundException: http://www.hr.com/en/communities/ihr_compensation/incentives_measurement__reporting_and_analysis/incentives_planning_and_management//en/communities/rewards_and_recognition_001/

java.io.FileNotFoundException: http://www.hr.com/en/communities/ihr_compensation/incentives_measurement__reporting_and_analysis/incentives_planning_and_management//en/communities/social_media_and_employee_communications_001/

java.net.MalformedURLException: no protocol: orlando/topic/central-florida/

java.io.FileNotFoundException: http://www.hr.com/en/communities/ihr_compensation/incentives_measurement__reporting_and_analysis/incentives_planning_and_management//en/communities/social_media_and_employee_communications_001/change_management/

java.io.FileNotFoundException: http://www.hr.com/en/communities/ihr_compensation/incentives_measurement__reporting_and_analysis/incentives_planning_and_management//en/communities/social_media_and_employee_communications_001/training_learning_development/

java.io.FileNotFoundException: http://www.hr.com/en/communities/ihr_compensation/incentives_measurement__reporting_and_analysis/incentives_planning_and_management//en/communities/social_media_and_employee_communications_001/employee_communication/

java.io.FileNotFoundException: http://www.hr.com/en/communities/ihr_compensation/incentives_measurement__reporting_and_analysis/incentives_planning_and_management//en/communities/social_media_and_employee_communications_001/strategic_tactical_leadership/

java.io.FileNotFoundException: http://www.hr.com/en/communities/ihr_compensation/incentives_measurement__reporting_and_analysis/incentives_planning_and_management//en/communities/social_media_and_employee_communications_001/employment_brand/

java.io.IOException: Server returned HTTP response code: 403 for URL: http://olanchito.olx.hn

java.io.FileNotFoundException: http://www.hr.com/en/communities/ihr_compensation/incentives_measurement__reporting_and_analysis/incentives_planning_and_management//en/communities/social_media_and_employee_communications_001/recruitment_retention/

java.net.MalformedURLException: no protocol: releasedetail.cfm?ReleaseID=679138

java.io.FileNotFoundException: http://www.hr.com/en/communities/ihr_compensation/incentives_measurement__reporting_and_analysis/incentives_planning_and_management//en/communities/social_media_and_employee_communications_001/culture/

java.io.FileNotFoundException: http://www.hr.com/en/communities/ihr_compensation/incentives_measurement__reporting_and_analysis/incentives_planning_and_management//en/communities/social_media_and_employee_communications_001/external_social_networks/

java.io.FileNotFoundException: http://www.youtube.com/watch?v=zzPcMB9SQz0

java.io.IOException: Invalid Http response

java.io.FileNotFoundException: http://www.youtube.com/watch?v=EvYglyjbHkI

java.io.FileNotFoundException: http://www.zf.com/produktuebersicht/zfXmlServlet?resultUrl=/corporate/de/products/product_range/product_overview/ProductApplicationStart.jsp&sessionAttribute=xmlRoot&serviceUrl=http://appsprod01.zf.com/zf.productDataBase/service/applicationsApplicationGroupsSelect&applicationID=12283&languageISOCode=DE&businessUnitShortcut=&divisionShortcut=

java.io.FileNotFoundException: http://www.hr.com/en/communities/ihr_compensation/job_analysis__evaluation_and_grading//en/communities/ihr_employee_wellness/absenteeism/cost/

java.io.FileNotFoundException: http://www.hr.com/en/communities/ihr_compensation/job_analysis__evaluation_and_grading//en/communities/ihr_employee_wellness/absenteeism/presenters/

java.io.FileNotFoundException: http://www.hr.com/en/communities/ihr_compensation/job_analysis__evaluation_and_grading//en/communities/ihr_employee_wellness/absenteeism/measurement/

java.io.FileNotFoundException: http://www.hr.com/en/communities/ihr_compensation/job_analysis__evaluation_and_grading//en/communities/ihr_employee_wellness/absenteeism/reduction/

java.io.FileNotFoundException: http://www.hr.com/en/communities/ihr_compensation/job_analysis__evaluation_and_grading//en/communities/ihr_employee_wellness/absenteeism/long_term_rehabilitation/

java.io.FileNotFoundException: http://www.zf.com/produktuebersicht/zfXmlServlet?resultUrl=/corporate/de/products/product_range/product_overview/ProductApplicationStart.jsp&sessionAttribute=xmlRoot&serviceUrl=http://appsprod01.zf.com/zf.productDataBase/service/applicationsApplicationGroupsSelect&applicationID=322680&languageISOCode=DE&businessUnitShortcut=&divisionShortcut=

java.io.FileNotFoundException: http://www.hr.com/en/communities/ihr_compensation/job_analysis__evaluation_and_grading//en/communities/ihr_employee_wellness/employee_wellness_tools_technology/

java.io.FileNotFoundException: http://www.hr.com/en/communities/ihr_compensation/job_analysis__evaluation_and_grading//en/communities/ihr_employee_wellness/absenteeism/accommodation_at_work/

java.net.MalformedURLException: no protocol: confirm.cfm?destination=/releases_archive.cfm&addFile=573343

java.io.FileNotFoundException: http://www.hr.com/en/communities/ihr_compensation/job_analysis__evaluation_and_grading//en/communities/hr_in_canada/

java.io.FileNotFoundException: http://www.hr.com/en/communities/ihr_compensation/job_analysis__evaluation_and_grading//en/communities/ihr_employee_wellness/employee_wellness_metrics/

java.io.FileNotFoundException: http://www.zf.com/produktuebersicht/zfXmlServlet?resultUrl=/corporate/de/products/product_range/product_overview/ProductApplicationStart.jsp&sessionAttribute=xmlRoot&serviceUrl=http://appsprod01.zf.com/zf.productDataBase/service/applicationsApplicationGroupsSelect&applicationID=323417&languageISOCode=DE&businessUnitShortcut=&divisionShortcut=

java.net.MalformedURLException: no protocol: releasedetail.cfm?ReleaseID=678323

java.io.FileNotFoundException: http://www.zf.com/produktuebersicht/zfXmlServlet?resultUrl=/corporate/de/products/product_range/product_overview/ProductApplicationStart.jsp&sessionAttribute=xmlRoot&serviceUrl=http://appsprod01.zf.com/zf.productDataBase/service/applicationsApplicationGroupsSelect&applicationID=324441&languageISOCode=DE&businessUnitShortcut=&divisionShortcut=

java.io.FileNotFoundException: http://www.hr.com/en/communities/ihr_compensation/job_analysis__evaluation_and_grading//en/communities/hr_in_canada/canadian_masters_in_hr_strategy_execution/

java.io.FileNotFoundException: http://www.hr.com/en/communities/ihr_compensation/job_analysis__evaluation_and_grading//en/communities/ihr_health_safety/

java.io.FileNotFoundException: http://www.hr.com/en/communities/ihr_compensation/job_analysis__evaluation_and_grading//en/communities/ihr_hr_in_california/

java.io.FileNotFoundException: http://www.hr.com/en/communities/ihr_compensation/job_analysis__evaluation_and_grading//en/communities/ihr_health_safety/unions/

java.io.FileNotFoundException: http://www.hr.com/en/communities/ihr_compensation/job_analysis__evaluation_and_grading//en/communities/ihr_health_safety/health_safety_legal_compliance/

java.net.MalformedURLException: no protocol: confirm.cfm?destination=/releases_archive.cfm&addFile=572768

java.net.MalformedURLException: no protocol: releasedetail.cfm?ReleaseID=676886

java.io.FileNotFoundException: http://www.hr.com/en/communities/ihr_compensation/job_analysis__evaluation_and_grading//en/communities/ihr_health_safety/health_safety_legal_compliance/risk_management/

java.io.FileNotFoundException: http://www.anz.com/timorleste/timorleste/en/business/international-treasury/

java.net.MalformedURLException: no protocol: confirm.cfm?destination=/releases_archive.cfm&addFile=571963

java.io.FileNotFoundException: http://www.hr.com/en/communities/ihr_compensation/job_analysis__evaluation_and_grading//en/communities/ihr_health_safety/health_safety_legal_compliance/audits/

java.io.FileNotFoundException: http://www.zf.com/produktuebersicht/corporate/de/products/product_range/construction_vehicles/construction_vehicles.html

java.io.FileNotFoundException: http://www.zf.com/produktuebersicht/corporate/de/products/product_range/further_product_ranges/boats/ships.html

java.net.UnknownHostException: www.archive.org

java.net.UnknownHostException: www.archive.org

java.io.IOException: Server returned HTTP response code: 401 for URL: http://books.google.com/?id=kugqAAAAYAAJ&lpg=PA428&pg=PA428#v=onepage&q&f=true

java.net.UnknownHostException: www.archive.org

java.net.UnknownHostException: www.archive.org

java.io.IOException: Server returned HTTP response code: 401 for URL: http://books.google.com/books?id=cvJuLqBxGUcC&pg=PA1486

java.io.FileNotFoundException: http://www.hr.com/en/communities/ihr_compensation/incentives_measurement__reporting_and_analysis/incentives_planning_and_management//en/communities/social_media_and_employee_communications_001/internal_social_networks/

java.io.FileNotFoundException: http://www.hr.com/en/communities/ihr_compensation/incentives_measurement__reporting_and_analysis/incentives_planning_and_management//en/communities/social_media_and_employee_communications_001/social_media_employee_communications_policies_procedures/

java.io.FileNotFoundException: http://www.hr.com/en/communities/ihr_compensation/incentives_measurement__reporting_and_analysis/incentives_planning_and_management//en/communities/social_media_and_employee_communications_001/social_media_employee_communications_metrics/

java.io.FileNotFoundException: http://www.hr.com/en/communities/ihr_compensation/incentives_measurement__reporting_and_analysis/incentives_planning_and_management//en/communities/social_media_and_employee_communications_001/social_media_employee_communications_legal_compliance/

java.io.FileNotFoundException: http://www.hr.com/en/communities/ihr_compensation/incentives_measurement__reporting_and_analysis/incentives_planning_and_management//en/communities/social_media_and_employee_communications_001/social_media_employee_communications_tools_technology/

java.io.FileNotFoundException: http://www.hr.com/en/communities/ihr_compensation/incentives_measurement__reporting_and_analysis/incentives_planning_and_management//en/communities/staffing_and_recruitment/

java.io.FileNotFoundException: http://www.youtube.com/watch?v=t78N6Q5VD60&feature=youtu.be&t=8m40s

java.io.FileNotFoundException: http://www.hr.com/en/communities/ihr_compensation/incentives_measurement__reporting_and_analysis/incentives_planning_and_management//en/communities/staffing_and_recruitment/affirmative_action_eeo_diversity/

java.io.FileNotFoundException: http://www.hr.com/en/communities/ihr_compensation/incentives_measurement__reporting_and_analysis/incentives_planning_and_management//en/communities/staffing_and_recruitment/career_transitions_and_outplacement/

java.io.FileNotFoundException: http://www.hr.com/en/communities/ihr_compensation/incentives_measurement__reporting_and_analysis/incentives_planning_and_management//en/communities/staffing_and_recruitment/competency_modeling/

java.io.FileNotFoundException: http://www.hr.com/en/communities/ihr_compensation/incentives_measurement__reporting_and_analysis/incentives_planning_and_management//en/communities/staffing_and_recruitment/corporate_career_portal/

java.io.IOException: Server returned HTTP response code: 403 for URL: http://puertocortes.olx.hn

java.io.FileNotFoundException: http://www.hr.com/en/communities/ihr_compensation/incentives_measurement__reporting_and_analysis/incentives_planning_and_management//en/communities/staffing_and_recruitment/corporate_career_portal/corporate_branding_employer_branding/

java.io.FileNotFoundException: http://www.hr.com/en/communities/ihr_compensation/incentives_measurement__reporting_and_analysis/incentives_planning_and_management//en/communities/staffing_and_recruitment/corporate_career_portal/internet_and_job_tools_courses/

java.io.FileNotFoundException: http://www.hr.com/en/communities/ihr_compensation/incentives_measurement__reporting_and_analysis/incentives_planning_and_management//en/communities/staffing_and_recruitment/corporate_career_portal/online_media_job_boards/

java.io.FileNotFoundException: http://www.hr.com/en/communities/ihr_compensation/incentives_measurement__reporting_and_analysis/incentives_planning_and_management//en/communities/staffing_and_recruitment/employment_applications/

java.io.FileNotFoundException: http://www.hr.com/en/communities/ihr_compensation/incentives_measurement__reporting_and_analysis/incentives_planning_and_management//en/communities/staffing_and_recruitment/employment_applications/reference_checking/

java.io.FileNotFoundException: http://www.hr.com/en/communities/ihr_compensation/incentives_measurement__reporting_and_analysis/incentives_planning_and_management//en/communities/staffing_and_recruitment/employment_applications/screening__assessment_and_testing/

java.io.IOException: Invalid Http response

java.io.FileNotFoundException: http://www.hr.com/en/communities/ihr_compensation/job_analysis__evaluation_and_grading//en/communities/ihr_health_safety/health_safety_legal_compliance/occupational_health_safety_act/

java.io.FileNotFoundException: http://www.hr.com/en/communities/ihr_compensation/job_analysis__evaluation_and_grading//en/communities/ihr_health_safety/health_safety_legal_compliance/osha/

java.io.FileNotFoundException: http://www.hr.com/en/communities/ihr_compensation/job_analysis__evaluation_and_grading//en/communities/ihr_health_safety/health_safety_legal_compliance/hipaa/

java.io.FileNotFoundException: http://www.hr.com/en/communities/ihr_compensation/job_analysis__evaluation_and_grading//en/communities/ihr_health_safety/employee_wellness/

java.io.FileNotFoundException: http://www.hr.com/en/communities/ihr_compensation/job_analysis__evaluation_and_grading//en/communities/ihr_health_safety/workers_compensation/

java.io.FileNotFoundException: http://www.hr.com/en/communities/ihr_compensation/job_analysis__evaluation_and_grading//en/communities/ihr_health_safety/standardization/

java.io.FileNotFoundException: http://www.hr.com/en/communities/ihr_compensation/job_analysis__evaluation_and_grading//en/communities/ihr_health_safety/health_safety_templates_forms_and_contracts/

java.io.FileNotFoundException: http://www.hr.com/en/communities/ihr_compensation/job_analysis__evaluation_and_grading//en/communities/ihr_health_safety/standardization/iso_international_organization_for_standardization/

java.io.FileNotFoundException: http://www.hr.com/en/communities/ihr_compensation/job_analysis__evaluation_and_grading//en/communities/ihr_health_safety/health_safety_templates_forms_and_contracts/msds_material_safety_data_sheets/

java.io.FileNotFoundException: http://www.hr.com/en/communities/ihr_compensation/job_analysis__evaluation_and_grading//en/communities/ihr_health_safety/health_safety_training/

java.io.IOException: Invalid Http response

java.io.FileNotFoundException: http://www.hr.com/en/communities/ihr_compensation/job_analysis__evaluation_and_grading//en/communities/ihr_health_safety/health_safety_training/global/

java.io.FileNotFoundException: http://www.hr.com/en/communities/ihr_compensation/job_analysis__evaluation_and_grading//en/communities/ihr_health_safety/health_safety_training/us_based/

java.io.FileNotFoundException: http://www.hr.com/en/communities/ihr_compensation/job_analysis__evaluation_and_grading//en/communities/ihr_health_safety/health_safety_training/canadian_based/

java.net.UnknownHostException: www.charlestodd.com

java.io.FileNotFoundException: http://www.hr.com/en/communities/ihr_compensation/job_analysis__evaluation_and_grading//en/communities/ihr_health_safety/health_safety_training/consultants/

java.io.FileNotFoundException: http://www.hr.com/en/communities/ihr_compensation/incentives_measurement__reporting_and_analysis/incentives_planning_and_management//en/communities/staffing_and_recruitment/employment_applications/screening__assessment_and_testing/assessment/technology_based_assessment_systems/

java.io.FileNotFoundException: http://www.hr.com/en/communities/ihr_compensation/incentives_measurement__reporting_and_analysis/incentives_planning_and_management//en/communities/staffing_and_recruitment/employment_applications/screening__assessment_and_testing/assessment/

java.io.FileNotFoundException: http://www.hr.com/en/communities/ihr_compensation/incentives_measurement__reporting_and_analysis/incentives_planning_and_management//en/communities/staffing_and_recruitment/employment_applications/screening__assessment_and_testing/assessment/assessment_centers/

java.net.MalformedURLException: no protocol: orlando/topic/orlando/

java.io.FileNotFoundException: http://www.hr.com/en/communities/ihr_compensation/incentives_measurement__reporting_and_analysis/incentives_planning_and_management//en/communities/staffing_and_recruitment/employment_applications/screening__assessment_and_testing/screening/

java.io.FileNotFoundException: http://www.hr.com/en/communities/ihr_compensation/incentives_measurement__reporting_and_analysis/incentives_planning_and_management//en/communities/staffing_and_recruitment/employment_applications/screening__assessment_and_testing/screening/structured_interviews/

java.io.FileNotFoundException: http://www.hr.com/en/communities/ihr_compensation/incentives_measurement__reporting_and_analysis/incentives_planning_and_management//en/communities/staffing_and_recruitment/employment_applications/screening__assessment_and_testing/screening/person_job_fit/

java.net.UnknownHostException: www.archive.org

java.io.FileNotFoundException: http://www.hr.com/en/communities/hr_in_canada/canadian_masters_in_hr_strategy_execution//en/communities/leadership/career_management/

java.io.IOException: Server returned HTTP response code: 401 for URL: http://books.google.com/books?id=LiEDAAAAMBAJ&pg=RA2-PA105&dq=Popular+Science+1946+motor+gun+boat&hl=en&ei=qHPrTIP_CemQnwforuySAg&sa=X&oi=book_result&ct=result&resnum=1&ved=0CC8Q6AEwAA#v=onepage&q&f=true

java.io.FileNotFoundException: http://richannel.org/tales-from-the-prep-room-lighting-a-match

java.io.FileNotFoundException: http://www.hr.com/en/communities/ihr_compensation/incentives_measurement__reporting_and_analysis/incentives_planning_and_management//en/communities/staffing_and_recruitment/employment_applications/screening__assessment_and_testing/screening/person_job_fit//

java.io.FileNotFoundException: http://www.hr.com/en/communities/ihr_compensation/incentives_measurement__reporting_and_analysis/incentives_planning_and_management//en/communities/staffing_and_recruitment/employment_applications/screening__assessment_and_testing/screening/situational_judgement/

java.io.FileNotFoundException: http://www.hr.com/en/communities/ihr_compensation/incentives_measurement__reporting_and_analysis/incentives_planning_and_management//en/communities/staffing_and_recruitment/employment_applications/screening__assessment_and_testing/screening/biodata/

java.io.FileNotFoundException: http://www.hr.com/en/communities/ihr_compensation/incentives_measurement__reporting_and_analysis/incentives_planning_and_management//en/communities/staffing_and_recruitment/employment_applications/screening__assessment_and_testing/screening/automated_qualifications_screening/

java.io.FileNotFoundException: http://www.hr.com/en/communities/ihr_compensation/incentives_measurement__reporting_and_analysis/incentives_planning_and_management//en/communities/staffing_and_recruitment/employment_applications/screening__assessment_and_testing/testing/

java.io.FileNotFoundException: http://www.hr.com/en/communities/ihr_compensation/incentives_measurement__reporting_and_analysis/incentives_planning_and_management//en/communities/staffing_and_recruitment/employment_applications/screening__assessment_and_testing/testing/test_validation/

java.io.FileNotFoundException: http://www.hr.com/en/communities/ihr_compensation/incentives_measurement__reporting_and_analysis/incentives_planning_and_management//en/communities/staffing_and_recruitment/employment_applications/screening__assessment_and_testing/testing/innovations_in_testing/

java.io.FileNotFoundException: http://www.hr.com/en/communities/ihr_compensation/incentives_measurement__reporting_and_analysis/incentives_planning_and_management//en/communities/staffing_and_recruitment/employment_applications/screening__assessment_and_testing/testing/knowledge_skills_testing/

java.io.FileNotFoundException: http://www.hr.com/en/communities/ihr_compensation/incentives_measurement__reporting_and_analysis/incentives_planning_and_management//en/communities/staffing_and_recruitment/employment_applications/screening__assessment_and_testing/testing/behavioral_based_testing/

java.io.FileNotFoundException: http://www.hr.com/en/communities/ihr_compensation/incentives_measurement__reporting_and_analysis/incentives_planning_and_management//en/communities/staffing_and_recruitment/employment_applications/screening__assessment_and_testing/testing/cognitive_ability_testing/

java.io.FileNotFoundException: http://www.zf.com/produktuebersicht/corporate/de/products/product_range/construction_vehicles/themenseiten/material_handling.html

java.io.FileNotFoundException: http://www.hr.com/en/communities/ihr_compensation/job_analysis__evaluation_and_grading//en/communities/ihr_health_safety/health_safety_training/whmis_workplace_hazardous_materials_information_system/

java.net.MalformedURLException: no protocol: ../shop/display.asp?querytype=subd&dp=517&stylename=158

java.io.FileNotFoundException: http://www.hr.com/en/communities/ihr_compensation/job_analysis__evaluation_and_grading//en/communities/ihr_health_safety/health_safety_tools_technology/

java.io.FileNotFoundException: http://www.hr.com/en/communities/ihr_compensation/job_analysis__evaluation_and_grading//en/communities/ihr_health_safety/health_safety_metrics/

java.io.FileNotFoundException: http://www.hr.com/en/communities/ihr_compensation/job_analysis__evaluation_and_grading//en/communities/hr_industries/

java.io.FileNotFoundException: http://www.zf.com/produktuebersicht/corporate/de/products/product_range/further_product_ranges/test_systems/test_systems.html

java.io.FileNotFoundException: http://www.zf.com/produktuebersicht/corporate/de/products/product_range/further_product_ranges/aviation_technology_1/aviation_technology.html

java.io.FileNotFoundException: http://www.zf.com/produktuebersicht/corporate/de/products/product_range/further_product_ranges/special_vehicles/special_vehicles.html

java.io.FileNotFoundException: http://www.zf.com/produktuebersicht/corporate/de/career/your_application/search_and_apply/vacancies/vacancies.jsp

java.net.MalformedURLException: no protocol: category.php?id=33&brand=953

java.io.FileNotFoundException: http://www.hr.com/en/communities/ihr_compensation/job_analysis__evaluation_and_grading//en/communities/hr_industries/agriculture__forestry__fishing_and_mining/

java.io.FileNotFoundException: http://www.hr.com/en/communities/ihr_compensation/job_analysis__evaluation_and_grading//en/communities/hr_industries/computer_telecom/

java.io.FileNotFoundException: http://www.hr.com/en/communities/ihr_compensation/job_analysis__evaluation_and_grading//en/communities/hr_industries/construction/

java.io.FileNotFoundException: http://www.hr.com/en/communities/ihr_compensation/job_analysis__evaluation_and_grading//en/communities/hr_industries/education/

java.io.FileNotFoundException: http://www.hr.com/en/communities/ihr_compensation/job_analysis__evaluation_and_grading//en/communities/hr_industries/finance__insurance_and_real_estate/

java.io.FileNotFoundException: http://www.hr.com/en/communities/ihr_compensation/job_analysis__evaluation_and_grading//en/communities/hr_industries/health_services/

java.io.FileNotFoundException: http://www.hr.com/en/communities/ihr_compensation/job_analysis__evaluation_and_grading//en/communities/hr_industries/hospitality/

java.io.IOException: Server returned HTTP response code: 403 for URL: http://santarosadecopan.olx.hn

java.io.IOException: Invalid Http response

java.net.MalformedURLException: no protocol: ../shop/display.asp?querytype=subd&dp=517&stylename=219

java.io.FileNotFoundException: http://www.hr.com/en/communities/ihr_compensation/incentives_measurement__reporting_and_analysis/incentives_planning_and_management//en/communities/staffing_and_recruitment/employment_applications/screening__assessment_and_testing/testing/personality_testing/

java.io.FileNotFoundException: http://www.hr.com/en/communities/ihr_compensation/incentives_measurement__reporting_and_analysis/incentives_planning_and_management//en/communities/staffing_and_recruitment/employment_applications/screening__assessment_and_testing/testing/test_development/

java.io.FileNotFoundException: http://www.hr.com/en/communities/ihr_compensation/incentives_measurement__reporting_and_analysis/incentives_planning_and_management//en/communities/staffing_and_recruitment/employment_contracts/

java.io.FileNotFoundException: http://www.hr.com/en/communities/ihr_compensation/incentives_measurement__reporting_and_analysis/incentives_planning_and_management//en/communities/staffing_and_recruitment/expatriate_selection/

java.io.FileNotFoundException: http://www.hr.com/en/communities/ihr_compensation/incentives_measurement__reporting_and_analysis/incentives_planning_and_management//en/communities/staffing_and_recruitment/job_analysis__evaluation_and_grading/

java.io.FileNotFoundException: http://www.hr.com/en/communities/ihr_compensation/incentives_measurement__reporting_and_analysis/incentives_planning_and_management//en/communities/staffing_and_recruitment/job_analysis__evaluation_and_grading/job_descriptions/

java.io.IOException: Invalid Http response

java.io.FileNotFoundException: http://www.zf.com/produktuebersicht/corporate/de/company/locations_worldwide/europe/germany_locations/germany.jsp

java.io.FileNotFoundException: http://www.hr.com/en/communities/ihr_compensation/job_analysis__evaluation_and_grading//en/communities/hr_industries/ihr_hr_in_government/

java.io.FileNotFoundException: http://www.hr.com/en/communities/ihr_compensation/job_analysis__evaluation_and_grading//en/communities/hr_industries/ihr_hr_in_retail/

java.io.FileNotFoundException: http://www.hr.com/en/communities/ihr_compensation/job_analysis__evaluation_and_grading//en/communities/hr_industries/manufacturing/

java.io.FileNotFoundException: http://www.hr.com/en/communities/ihr_compensation/job_analysis__evaluation_and_grading//en/communities/hr_industries/media_entertainment/

java.io.FileNotFoundException: http://www.hr.com/en/communities/ihr_compensation/job_analysis__evaluation_and_grading//en/communities/hr_industries/non_profit/

java.io.FileNotFoundException: http://www.hr.com/en/communities/ihr_compensation/job_analysis__evaluation_and_grading//en/communities/hr_industries/travel__recreation_and_leisure/

java.io.FileNotFoundException: http://www.hr.com/en/communities/ihr_compensation/job_analysis__evaluation_and_grading//en/communities/hr_industries/transportation_and_public_utilities/

java.io.FileNotFoundException: http://www.hr.com/en/communities/ihr_compensation/job_analysis__evaluation_and_grading//en/communities/hr_industries/services/

java.io.FileNotFoundException: http://www.hr.com/en/communities/ihr_compensation/job_analysis__evaluation_and_grading//en/communities/hr_industries/wholesale_trade/

java.io.FileNotFoundException: http://www.hr.com/en/communities/ihr_compensation/job_analysis__evaluation_and_grading//en/communities/ihr_hris_erp/

java.io.FileNotFoundException: http://www.hr.com/en/communities/ihr_compensation/job_analysis__evaluation_and_grading//en/communities/ihr_hris_erp/erp_enterprise_resources_planning/

java.io.FileNotFoundException: http://www.hr.com/en/communities/ihr_compensation/job_analysis__evaluation_and_grading//en/communities/ihr_hris_erp/erp_enterprise_resources_planning/call_centers/

java.io.FileNotFoundException: http://www.hr.com/en/communities/ihr_compensation/job_analysis__evaluation_and_grading//en/communities/ihr_hris_erp/erp_enterprise_resources_planning/enterprise_learning/

java.io.FileNotFoundException: http://www.hr.com/en/communities/ihr_compensation/job_analysis__evaluation_and_grading//en/communities/ihr_hris_erp/erp_enterprise_resources_planning/compliance_in_hcm/

java.io.FileNotFoundException: http://www.hr.com/en/communities/ihr_compensation/job_analysis__evaluation_and_grading//en/communities/ihr_hris_erp/erp_enterprise_resources_planning/hcm_and_integrated_financials/

java.io.FileNotFoundException: http://www.hr.com/en/communities/ihr_compensation/job_analysis__evaluation_and_grading//en/communities/ihr_hris_erp/erp_enterprise_resources_planning/pay_for_performance_planning_and_management/

java.io.FileNotFoundException: http://www.hr.com/en/communities/ihr_compensation/job_analysis__evaluation_and_grading//en/communities/ihr_hris_erp/erp_enterprise_resources_planning/hris_benefits/

java.io.FileNotFoundException: http://www.hr.com/en/communities/ihr_compensation/job_analysis__evaluation_and_grading//en/communities/ihr_hris_erp/erp_enterprise_resources_planning/hcm_trends/

java.io.FileNotFoundException: http://www.hr.com/en/communities/ihr_compensation/job_analysis__evaluation_and_grading//en/communities/ihr_hris_erp/erp_enterprise_resources_planning/portals_and_employee_communications/

java.io.FileNotFoundException: http://www.hr.com/en/communities/ihr_compensation/job_analysis__evaluation_and_grading//en/communities/ihr_hris_erp/erp_enterprise_resources_planning/rfp_rfi_development/

java.io.FileNotFoundException: http://www.hr.com/en/communities/ihr_compensation/job_analysis__evaluation_and_grading//en/communities/ihr_hris_erp/erp_enterprise_resources_planning/total_compensation_management/

java.io.FileNotFoundException: http://www.zf.com/produktuebersicht/corporate/de/products/services/servicecenter/service_network/service-network.jsp

java.io.FileNotFoundException: http://www.hr.com/en/communities/ihr_compensation/job_analysis__evaluation_and_grading//en/communities/ihr_hris_erp/hcm_global/

java.io.FileNotFoundException: http://www.hr.com/en/communities/ihr_compensation/job_analysis__evaluation_and_grading//en/communities/ihr_hris_erp/erp_enterprise_resources_planning/workforce_analytics_strategic_hcm/

java.io.FileNotFoundException: http://www.hr.com/en/communities/ihr_compensation/job_analysis__evaluation_and_grading//en/communities/ihr_hris_erp/hcm_us_based/

java.io.FileNotFoundException: http://www.hr.com/en/communities/ihr_compensation/job_analysis__evaluation_and_grading//en/communities/ihr_hris_erp/hcm_global/model__planning__mgmt_and_measurement/

java.io.FileNotFoundException: http://www.hr.com/en/communities/ihr_compensation/job_analysis__evaluation_and_grading//en/communities/ihr_hris_erp/hcm_us_based/model__planning__mgmt_and_measurement/

java.net.MalformedURLException: no protocol: category.php?id=33&brand=954

java.io.FileNotFoundException: http://www.zf.com/produktuebersicht/corporate/de/products/product_range/buses/ecolife/ecolife.html

java.io.FileNotFoundException: http://www.hr.com/en/communities/ihr_compensation/job_analysis__evaluation_and_grading//en/communities/hr_outsourcing/

java.io.FileNotFoundException: http://www.youtube.com/watch?v=AFsBphNqdlg

java.io.FileNotFoundException: http://www.hr.com/en/communities/ihr_compensation/incentives_measurement__reporting_and_analysis/incentives_planning_and_management//en/communities/staffing_and_recruitment/job_analysis__evaluation_and_grading/job_requisitions/

java.io.FileNotFoundException: http://www.hr.com/en/communities/ihr_compensation/incentives_measurement__reporting_and_analysis/incentives_planning_and_management//en/communities/staffing_and_recruitment/job_analysis__evaluation_and_grading/salary_surveys/

java.io.FileNotFoundException: http://www.hr.com/en/communities/ihr_compensation/incentives_measurement__reporting_and_analysis/incentives_planning_and_management//en/communities/staffing_and_recruitment/labor_trends/

java.net.MalformedURLException: no protocol: ../shop/category.asp?dp=522

java.net.MalformedURLException: no protocol: orlando/topic/orange-county/

java.io.FileNotFoundException: http://www.hr.com/en/communities/ihr_compensation/incentives_measurement__reporting_and_analysis/incentives_planning_and_management//en/communities/staffing_and_recruitment/online_staffing__and_sourcing/

java.io.FileNotFoundException: http://www.hr.com/en/communities/ihr_hr_in_california//en/communities/leadership/leadership_training_and_development/executive_coaching/

java.io.FileNotFoundException: http://www.hr.com/en/communities/ihr_compensation/incentives_measurement__reporting_and_analysis/incentives_planning_and_management//en/communities/staffing_and_recruitment/online_staffing__and_sourcing/corporate_website/

java.io.FileNotFoundException: http://www.hr.com/en/communities/ihr_compensation/incentives_measurement__reporting_and_analysis/incentives_planning_and_management//en/communities/staffing_and_recruitment/online_staffing__and_sourcing/corporate_website/best_practices/

java.io.FileNotFoundException: http://www.hr.com/en/communities/ihr_compensation/incentives_measurement__reporting_and_analysis/incentives_planning_and_management//en/communities/staffing_and_recruitment/online_staffing__and_sourcing/corporate_website/candidate_experience/

java.net.MalformedURLException: no protocol: orlando/topic/seminole-county/

java.io.FileNotFoundException: http://www.hr.com/en/communities/ihr_compensation/incentives_measurement__reporting_and_analysis/incentives_planning_and_management//en/communities/staffing_and_recruitment/online_staffing__and_sourcing/workforce_planning/

java.io.FileNotFoundException: http://www.hr.com/en/communities/ihr_compensation/incentives_measurement__reporting_and_analysis/incentives_planning_and_management//en/communities/staffing_and_recruitment/online_staffing__and_sourcing/workforce_planning/labor_market_stats/

java.io.FileNotFoundException: http://www.hr.com/en/communities/ihr_compensation/incentives_measurement__reporting_and_analysis/incentives_planning_and_management//en/communities/staffing_and_recruitment/online_staffing__and_sourcing/workforce_planning/talent_gaps/

java.io.FileNotFoundException: http://www.hr.com/en/communities/ihr_compensation/incentives_measurement__reporting_and_analysis/incentives_planning_and_management//en/communities/staffing_and_recruitment/online_staffing__and_sourcing/workforce_planning/competitive_intelligence/

java.io.IOException: Invalid Http response

java.io.FileNotFoundException: http://www.hr.com/en/communities/ihr_compensation/incentives_measurement__reporting_and_analysis/incentives_planning_and_management//en/communities/staffing_and_recruitment/online_staffing__and_sourcing/sourcing/

java.io.FileNotFoundException: http://www.hr.com/en/communities/ihr_compensation/incentives_measurement__reporting_and_analysis/incentives_planning_and_management//en/communities/staffing_and_recruitment/online_staffing__and_sourcing/sourcing/job_boards/

java.io.FileNotFoundException: http://www.hr.com/en/communities/ihr_compensation/incentives_measurement__reporting_and_analysis/incentives_planning_and_management//en/communities/staffing_and_recruitment/online_staffing__and_sourcing/sourcing/campus/

java.io.FileNotFoundException: http://www.hr.com/en/communities/ihr_compensation/incentives_measurement__reporting_and_analysis/incentives_planning_and_management//en/communities/staffing_and_recruitment/online_staffing__and_sourcing/sourcing/social_media/

java.io.FileNotFoundException: http://www.hr.com/en/communities/ihr_compensation/incentives_measurement__reporting_and_analysis/incentives_planning_and_management//en/communities/staffing_and_recruitment/online_staffing__and_sourcing/sourcing/job_fairs_open_houses/

java.net.MalformedURLException: no protocol: ../shop/display.asp?querytype=subd&dp=518&stylename=203

java.net.MalformedURLException: no protocol: orlando/topic/osceola-county/

java.io.FileNotFoundException: http://www.hr.com/en/communities/ihr_compensation/incentives_measurement__reporting_and_analysis/incentives_planning_and_management//en/communities/staffing_and_recruitment/online_staffing__and_sourcing/sourcing/onsite_advertising_pay_per_lead/

java.io.FileNotFoundException: http://www.hr.com/en/communities/ihr_compensation/incentives_measurement__reporting_and_analysis/incentives_planning_and_management//en/communities/staffing_and_recruitment/online_staffing__and_sourcing/candidate_marketing/

java.io.FileNotFoundException: http://www.hr.com/en/communities/ihr_compensation/incentives_measurement__reporting_and_analysis/incentives_planning_and_management//en/communities/staffing_and_recruitment/online_staffing__and_sourcing/sourcing/employee_referrals/

java.io.FileNotFoundException: http://www.hr.com/en/communities/ihr_compensation/incentives_measurement__reporting_and_analysis/incentives_planning_and_management//en/communities/staffing_and_recruitment/online_staffing__and_sourcing/candidate_marketing/job_distribution/

java.io.FileNotFoundException: http://www.hr.com/en/communities/ihr_compensation/incentives_measurement__reporting_and_analysis/incentives_planning_and_management//en/communities/staffing_and_recruitment/online_staffing__and_sourcing/candidate_marketing/data_clean_up_appends/

java.net.MalformedURLException: no protocol: category.php?id=33&brand=955

java.io.FileNotFoundException: http://www.hr.com/en/communities/ihr_compensation/incentives_measurement__reporting_and_analysis/incentives_planning_and_management//en/communities/staffing_and_recruitment/online_staffing__and_sourcing/candidate_marketing/seo/

java.io.FileNotFoundException: http://www.hr.com/en/communities/ihr_compensation/incentives_measurement__reporting_and_analysis/incentives_planning_and_management//en/communities/staffing_and_recruitment/online_staffing__and_sourcing/candidate_marketing/crm/

java.io.FileNotFoundException: http://www.hr.com/en/communities/ihr_compensation/incentives_measurement__reporting_and_analysis/incentives_planning_and_management//en/communities/staffing_and_recruitment/online_staffing__and_sourcing/candidate_marketing/resume_mining/

java.io.FileNotFoundException: http://www.hr.com/en/communities/ihr_compensation/incentives_measurement__reporting_and_analysis/incentives_planning_and_management//en/communities/staffing_and_recruitment/online_staffing__and_sourcing/candidate_marketing/campaign_management/

java.io.FileNotFoundException: http://www.hr.com/en/communities/ihr_compensation/incentives_measurement__reporting_and_analysis/incentives_planning_and_management//en/communities/staffing_and_recruitment/online_staffing__and_sourcing/candidate_marketing/talent_management_acquisition_systems/

java.net.MalformedURLException: no protocol: ../index.asp

java.net.MalformedURLException: no protocol: ../help/about-us.asp

java.net.MalformedURLException: no protocol: ../help/customer-service.asp

java.net.MalformedURLException: no protocol: ../cart/cart_show.asp

java.net.MalformedURLException: no protocol: ../help/order-status.asp

java.net.MalformedURLException: no protocol: ../shop/category.asp?dp=500

java.net.MalformedURLException: no protocol: ../shop/display.asp?querytype=subd&dp=500&stylename=221

java.net.MalformedURLException: no protocol: ../shop/display.asp?querytype=subd&dp=500&stylename=186

java.net.MalformedURLException: no protocol: ../shop/display.asp?querytype=subd&dp=500&stylename=220

java.net.MalformedURLException: no protocol: ../shop/display.asp?querytype=subd&dp=500&stylename=189

java.io.FileNotFoundException: http://www.zf.com/produktuebersicht/corporate/de/company/organization/corporate_news/mediathek/mediathek.html

java.net.MalformedURLException: no protocol: ../shop/display.asp?querytype=subd&dp=500&stylename=227

java.io.FileNotFoundException: http://www.zf.com/produktuebersicht/corporate/de/company/organization/corporate_news/drive_magazine_zf/drive_magazine.html

java.net.MalformedURLException: no protocol: ../shop/display.asp?querytype=subd&dp=500&stylename=229

java.net.MalformedURLException: no protocol: ../shop/display.asp?querytype=subd&dp=500&stylename=166

java.net.MalformedURLException: no protocol: ../shop/display.asp?querytype=subd&dp=500&stylename=228

java.net.MalformedURLException: no protocol: ../shop/display.asp?querytype=subd&dp=500&stylename=224

java.net.MalformedURLException: no protocol: ../shop/category.asp?dp=501

java.net.MalformedURLException: no protocol: ../shop/display.asp?querytype=subd&dp=501&stylename=222

java.net.MalformedURLException: no protocol: ../shop/display.asp?querytype=subd&dp=501&stylename=234

java.net.MalformedURLException: no protocol: ../shop/display.asp?querytype=subd&dp=501&stylename=230

java.net.MalformedURLException: no protocol: ../shop/display.asp?querytype=subd&dp=501&stylename=231

java.io.FileNotFoundException: http://www.zf.com/produktuebersicht/corporate/de/company/organization/corporate_news/drive_magazine_zf/drive_app/drive_app_index.html

java.net.MalformedURLException: no protocol: ../shop/display.asp?querytype=subd&dp=501&stylename=232

java.net.MalformedURLException: no protocol: ../shop/display.asp?querytype=subd&dp=501&stylename=157

java.net.MalformedURLException: no protocol: ../shop/display.asp?querytype=subd&dp=501&stylename=233

java.net.MalformedURLException: no protocol: ../shop/display.asp?querytype=subd&dp=501&stylename=235

java.net.MalformedURLException: no protocol: ../shop/display.asp?querytype=subd&dp=501&stylename=197

java.net.MalformedURLException: no protocol: ../shop/category.asp?dp=503

java.net.MalformedURLException: no protocol: ../shop/display.asp?querytype=subd&dp=503&stylename=237

java.net.MalformedURLException: no protocol: ../shop/display.asp?querytype=subd&dp=503&stylename=239

java.net.MalformedURLException: no protocol: ../shop/display.asp?querytype=subd&dp=503&stylename=223

java.net.MalformedURLException: no protocol: ../shop/display.asp?querytype=subd&dp=503&stylename=168

java.net.MalformedURLException: no protocol: ../shop/display.asp?querytype=subd&dp=503&stylename=153

java.net.MalformedURLException: no protocol: ../shop/display.asp?querytype=subd&dp=503&stylename=254

java.net.MalformedURLException: no protocol: ../shop/category.asp?dp=504

java.net.MalformedURLException: no protocol: ../shop/display.asp?querytype=subd&dp=504&stylename=241

java.net.MalformedURLException: no protocol: ../shop/display.asp?querytype=subd&dp=504&stylename=245

java.net.MalformedURLException: no protocol: ../shop/display.asp?querytype=subd&dp=504&stylename=244

java.net.MalformedURLException: no protocol: ../shop/display.asp?querytype=subd&dp=504&stylename=243

java.net.MalformedURLException: no protocol: ../shop/display.asp?querytype=subd&dp=504&stylename=242

java.net.MalformedURLException: no protocol: ../shop/display.asp?querytype=subd&dp=504&stylename=156

java.net.MalformedURLException: no protocol: ../shop/category.asp?dp=521

java.net.MalformedURLException: no protocol: ../shop/display.asp?querytype=subd&dp=521&stylename=253

java.net.MalformedURLException: no protocol: ../shop/display.asp?querytype=subd&dp=521&stylename=247

java.net.MalformedURLException: no protocol: ../shop/display.asp?querytype=subd&dp=521&stylename=248

java.net.MalformedURLException: no protocol: ../shop/display.asp?querytype=subd&dp=521&stylename=250

java.net.MalformedURLException: no protocol: ../shop/display.asp?querytype=subd&dp=521&stylename=246

java.net.MalformedURLException: no protocol: ../shop/display.asp?querytype=subd&dp=521&stylename=251

java.net.MalformedURLException: no protocol: ../shop/display.asp?querytype=subd&dp=521&stylename=252

java.net.MalformedURLException: no protocol: ../shop/display.asp?querytype=subd&dp=521&stylename=167

java.net.MalformedURLException: no protocol: ../shop/display.asp?querytype=subd&dp=521&stylename=154

java.net.MalformedURLException: no protocol: ../shop/category.asp?dp=517

java.net.MalformedURLException: no protocol: ../shop/display.asp?querytype=subd&dp=517&stylename=207

java.net.MalformedURLException: no protocol: ../shop/display.asp?querytype=subd&dp=517&stylename=208

java.net.MalformedURLException: no protocol: ../shop/display.asp?querytype=subd&dp=517&stylename=209

java.net.MalformedURLException: no protocol: ../shop/display.asp?querytype=subd&dp=517&stylename=210

java.net.MalformedURLException: no protocol: ../shop/display.asp?querytype=subd&dp=517&stylename=211

java.net.MalformedURLException: no protocol: ../shop/display.asp?querytype=subd&dp=517&stylename=215

java.net.MalformedURLException: no protocol: ../shop/display.asp?querytype=subd&dp=517&stylename=217

java.net.MalformedURLException: no protocol: ../shop/display.asp?querytype=subd&dp=517&stylename=212

java.net.MalformedURLException: no protocol: ../shop/display.asp?querytype=subd&dp=517&stylename=213

java.net.MalformedURLException: no protocol: ../shop/display.asp?querytype=subd&dp=517&stylename=214

java.net.MalformedURLException: no protocol: ../shop/display.asp?querytype=subd&dp=517&stylename=216

java.net.MalformedURLException: no protocol: ../shop/display.asp?querytype=subd&dp=517&stylename=218

java.net.MalformedURLException: no protocol: ../shop/display.asp?querytype=subd&dp=518&stylename=204

java.net.MalformedURLException: no protocol: ../shop/display.asp?querytype=subd&dp=518&stylename=199

java.net.MalformedURLException: no protocol: ../shop/display.asp?querytype=subd&dp=518&stylename=202

java.net.MalformedURLException: no protocol: ../shop/display.asp?querytype=subd&dp=518&stylename=198

java.net.MalformedURLException: no protocol: ../shop/display.asp?querytype=subd&dp=518&stylename=201

java.net.MalformedURLException: no protocol: ../shop/display.asp?querytype=subd&dp=518&stylename=205

java.net.MalformedURLException: no protocol: ../shop/display.asp?querytype=subd&dp=518&stylename=206

java.net.MalformedURLException: no protocol: ../shop/category.asp?dp=519

java.net.MalformedURLException: no protocol: ../shop/display.asp?querytype=subd&dp=519&stylename=163

java.net.MalformedURLException: no protocol: customer-service.asp

java.net.MalformedURLException: no protocol: shipping.asp

java.net.MalformedURLException: no protocol: order-status.asp

java.net.MalformedURLException: no protocol: return-exchange.asp

java.io.FileNotFoundException: http://www.hr.com/en/communities/ihr_compensation/job_analysis__evaluation_and_grading//en/communities/hr_outsourcing/business_process_outsourcing/

java.io.FileNotFoundException: http://www.hr.com/en/communities/ihr_compensation/job_analysis__evaluation_and_grading//en/communities/hr_outsourcing/call_center_outsourcing/

java.io.FileNotFoundException: http://www.hr.com/en/communities/ihr_compensation/job_analysis__evaluation_and_grading//en/communities/hr_outsourcing/contract_negotiations/

java.io.FileNotFoundException: http://www.hr.com/en/communities/ihr_compensation/job_analysis__evaluation_and_grading//en/communities/hr_outsourcing/contract_negotiations/other_contract_issues/

java.io.FileNotFoundException: http://www.hr.com/en/communities/ihr_compensation/job_analysis__evaluation_and_grading//en/communities/hr_outsourcing/contract_negotiations/service_level_agreements/

java.io.FileNotFoundException: http://www.hr.com/en/communities/ihr_compensation/job_analysis__evaluation_and_grading//en/communities/hr_outsourcing/evaluation_of_hro_vendors/

java.io.FileNotFoundException: http://www.hr.com/en/communities/ihr_compensation/job_analysis__evaluation_and_grading//en/communities/hr_outsourcing/cost_justification_techniques/

java.io.FileNotFoundException: http://www.hr.com/en/communities/ihr_compensation/job_analysis__evaluation_and_grading//en/communities/hr_outsourcing/evaluation_of_hro_vendors/evaluation_methodologies/

java.io.FileNotFoundException: http://www.hr.com/en/communities/ihr_compensation/job_analysis__evaluation_and_grading//en/communities/hr_outsourcing/evaluation_of_hro_vendors/rfi_rfp_content_and_structure/

java.io.FileNotFoundException: http://www.hr.com/en/communities/ihr_compensation/job_analysis__evaluation_and_grading//en/communities/hr_outsourcing/hr_functions_available/

java.io.FileNotFoundException: http://www.hr.com/en/communities/ihr_compensation/job_analysis__evaluation_and_grading//en/communities/hr_outsourcing/hro_and_change_management_culture_issues/

java.io.FileNotFoundException: http://www.zf.com/produktuebersicht/corporate/de/company/organization/facts_figures/annual_report/annual_report.html

java.io.FileNotFoundException: http://www.hr.com/en/communities/ihr_compensation/job_analysis__evaluation_and_grading//en/communities/hr_outsourcing/full_service_outsourcing/

java.io.FileNotFoundException: http://www.hr.com/en/communities/ihr_compensation/job_analysis__evaluation_and_grading//en/communities/hr_outsourcing/hro_in_a_global_organization/

java.io.FileNotFoundException: http://www.zf.com/produktuebersicht/corporate/de/company/organization/facts_figures/corporate_report_2013/corporate_report.html

java.io.FileNotFoundException: http://www.hr.com/en/communities/ihr_compensation/incentives_measurement__reporting_and_analysis/incentives_planning_and_management//en/communities/staffing_and_recruitment/online_staffing__and_sourcing/advanced_tools/

java.io.FileNotFoundException: http://www.hr.com/en/communities/ihr_compensation/incentives_measurement__reporting_and_analysis/incentives_planning_and_management//en/communities/staffing_and_recruitment/online_staffing__and_sourcing/advanced_tools/search_001/

java.io.FileNotFoundException: http://www.hr.com/en/communities/ihr_compensation/incentives_measurement__reporting_and_analysis/incentives_planning_and_management//en/communities/staffing_and_recruitment/online_staffing__and_sourcing/advanced_tools/mobile/

java.io.FileNotFoundException: http://www.hr.com/en/communities/ihr_compensation/incentives_measurement__reporting_and_analysis/incentives_planning_and_management//en/communities/staffing_and_recruitment/online_staffing__and_sourcing/advanced_tools/other/

java.io.FileNotFoundException: http://www.hr.com/en/communities/ihr_compensation/incentives_measurement__reporting_and_analysis/incentives_planning_and_management//en/communities/staffing_and_recruitment/online_staffing__and_sourcing/talent_pools/

java.io.FileNotFoundException: http://www.hr.com/en/communities/ihr_compensation/incentives_measurement__reporting_and_analysis/incentives_planning_and_management//en/communities/staffing_and_recruitment/online_staffing__and_sourcing/talent_pools/vertical/

java.io.FileNotFoundException: http://www.hr.com/en/communities/ihr_compensation/incentives_measurement__reporting_and_analysis/incentives_planning_and_management//en/communities/staffing_and_recruitment/online_staffing__and_sourcing/talent_pools/hard_to_fill/

java.io.FileNotFoundException: http://www.hr.com/en/communities/ihr_compensation/incentives_measurement__reporting_and_analysis/incentives_planning_and_management//en/communities/staffing_and_recruitment/online_staffing__and_sourcing/talent_pools/alumni/

java.io.FileNotFoundException: http://www.hr.com/en/communities/ihr_compensation/incentives_measurement__reporting_and_analysis/incentives_planning_and_management//en/communities/staffing_and_recruitment/online_staffing__and_sourcing/screening/

java.io.FileNotFoundException: http://www.hr.com/en/communities/ihr_compensation/incentives_measurement__reporting_and_analysis/incentives_planning_and_management//en/communities/staffing_and_recruitment/online_staffing__and_sourcing/screening/assessment/

java.io.FileNotFoundException: http://www.hr.com/en/communities/ihr_compensation/incentives_measurement__reporting_and_analysis/incentives_planning_and_management//en/communities/staffing_and_recruitment/online_staffing__and_sourcing/screening/reference/

java.io.FileNotFoundException: http://www.hr.com/en/communities/ihr_compensation/incentives_measurement__reporting_and_analysis/incentives_planning_and_management//en/communities/staffing_and_recruitment/online_staffing__and_sourcing/screening/interviewing/

java.io.FileNotFoundException: http://www.hr.com/en/communities/ihr_compensation/incentives_measurement__reporting_and_analysis/incentives_planning_and_management//en/communities/staffing_and_recruitment/online_staffing__and_sourcing/screening/criminal_background_checking/

java.io.FileNotFoundException: http://www.hr.com/en/communities/ihr_compensation/incentives_measurement__reporting_and_analysis/incentives_planning_and_management//en/communities/staffing_and_recruitment/online_staffing__and_sourcing/compliance/i9/

java.io.FileNotFoundException: http://www.hr.com/en/communities/ihr_compensation/incentives_measurement__reporting_and_analysis/incentives_planning_and_management//en/communities/staffing_and_recruitment/online_staffing__and_sourcing/compliance/

java.io.FileNotFoundException: http://www.hr.com/en/communities/ihr_compensation/incentives_measurement__reporting_and_analysis/incentives_planning_and_management//en/communities/staffing_and_recruitment/online_staffing__and_sourcing/compliance/eeo/

java.io.FileNotFoundException: http://www.hr.com/en/communities/ihr_compensation/incentives_measurement__reporting_and_analysis/incentives_planning_and_management//en/communities/staffing_and_recruitment/online_staffing__and_sourcing/compliance/privacy/

java.net.MalformedURLException: no protocol: setupvrr.htm

java.net.MalformedURLException: no protocol: calendars/index.html

java.net.MalformedURLException: no protocol: merritt-island-condo/index.html

java.net.MalformedURLException: no protocol: on/804on.htm

java.net.MalformedURLException: no protocol: al.htm

java.net.MalformedURLException: no protocol: fl.htm

java.net.MalformedURLException: no protocol: phptest.php

java.net.MalformedURLException: no protocol: in.htm

java.net.MalformedURLException: no protocol: mi.htm

java.net.MalformedURLException: no protocol: ms.htm

java.net.MalformedURLException: no protocol: nc.htm

java.net.MalformedURLException: no protocol: tn.htm

java.net.MalformedURLException: no protocol: tx.htm

java.net.MalformedURLException: no protocol: wi.htm

java.net.MalformedURLException: no protocol: on.htm

java.net.MalformedURLException: no protocol: mx.htm

java.net.MalformedURLException: no protocol: sz.htm

java.net.MalformedURLException: no protocol: vrrwords.htm

java.net.UnknownServiceException: protocol doesn't support input

java.io.FileNotFoundException: /cgi-bin/cgiwrap/vrr/wstell.pl (No such file or directory)

java.net.MalformedURLException: no protocol: www.vsg.com/index.html

java.io.IOException: Server returned HTTP response code: 400 for URL: http://maps.google.com/maps?q=vse+San Jose,+CA+95119

java.io.FileNotFoundException: http://www.hr.com/en/communities/ihr_compensation/job_analysis__evaluation_and_grading//en/communities/hr_outsourcing/hro_in_a_global_organization/issues_related_to_off_shore_resource_use/

java.io.FileNotFoundException: http://www.hr.com/en/communities/ihr_compensation/job_analysis__evaluation_and_grading//en/communities/hr_outsourcing/hro_in_a_global_organization/use_of_off_shore_resources/

java.io.FileNotFoundException: http://www.hr.com/en/communities/ihr_compensation/job_analysis__evaluation_and_grading//en/communities/hr_outsourcing/overall_trends/

java.io.FileNotFoundException: http://www.hr.com/en/communities/ihr_compensation/job_analysis__evaluation_and_grading//en/communities/hr_outsourcing/proven_cost_savings/

java.io.FileNotFoundException: http://www.hr.com/en/communities/ihr_compensation/job_analysis__evaluation_and_grading//en/communities/hr_outsourcing/payroll_outsourcing/

java.io.FileNotFoundException: http://www.hr.com/en/communities/ihr_compensation/job_analysis__evaluation_and_grading//en/communities/hr_outsourcing/software_hosting__only_/

java.net.MalformedURLException: no protocol: category.php?id=33&brand=957

java.net.MalformedURLException: no protocol: WhatsNew.asp

java.io.IOException: Server returned HTTP response code: 405 for URL: http://www.esker.fr

java.io.IOException: Server returned HTTP response code: 405 for URL: http://www.esker.de

java.io.IOException: Server returned HTTP response code: 405 for URL: http://www.esker.it

java.io.IOException: Server returned HTTP response code: 405 for URL: http://www.esker.com.sg

java.io.IOException: Server returned HTTP response code: 405 for URL: http://www.esker.com.cn

java.io.IOException: Server returned HTTP response code: 405 for URL: http://www.esker.es

java.io.IOException: Server returned HTTP response code: 405 for URL: http://www.esker.com.au

java.io.IOException: Server returned HTTP response code: 405 for URL: http://www.esker.co.uk

java.net.MalformedURLException: no protocol: fax_software_sap.asp

java.net.MalformedURLException: no protocol: fax_software_erp.asp

java.net.MalformedURLException: no protocol: fax_software_notes.asp

java.net.MalformedURLException: no protocol: fax_software_exchange.asp

java.net.MalformedURLException: no protocol: fax-forward.asp

java.net.MalformedURLException: no protocol: virtualization.asp

java.net.MalformedURLException: no protocol: ../whatsnew/

java.io.FileNotFoundException: http://www.hr.com/en/communities/ihr_compensation/job_analysis__evaluation_and_grading//en/communities/hr_outsourcing/shared_services/

java.net.UnknownHostException: www.linkedin.com

java.io.IOException: Server returned HTTP response code: 405 for URL: http://www.quitpaper.com/

java.io.FileNotFoundException: http://www.youtube.com/eskerinc

java.io.FileNotFoundException: http://www.hr.com/en/communities/ihr_compensation/job_analysis__evaluation_and_grading//en/communities/hr_outsourcing/time_and_attendance/

java.io.FileNotFoundException: http://www.hr.com/en/communities/ihr_compensation/job_analysis__evaluation_and_grading//en/communities/hr_outsourcing/vendor_marketplace/

java.io.FileNotFoundException: http://www.hr.com/en/communities/ihr_compensation/job_analysis__evaluation_and_grading//en/communities/hr_outsourcing/workforce_scheduling/

java.io.FileNotFoundException: http://www.hr.com/en/communities/ihr_compensation/job_analysis__evaluation_and_grading//en/communities/human_resources_management/

java.io.FileNotFoundException: http://www.hr.com/en/communities/ihr_compensation/job_analysis__evaluation_and_grading//en/communities/human_resources_management/entrepreneurship/

java.io.FileNotFoundException: http://www.hr.com/en/communities/ihr_compensation/job_analysis__evaluation_and_grading//en/communities/human_resources_management/ethics/

java.io.FileNotFoundException: http://www.hr.com/en/communities/ihr_compensation/job_analysis__evaluation_and_grading//en/communities/human_resources_management/foundations_of_hr/

java.io.FileNotFoundException: http://www.hr.com/en/communities/ihr_compensation/job_analysis__evaluation_and_grading//en/communities/human_resources_management/foundations_of_hr/future_of_work/

java.io.FileNotFoundException: http://www.hr.com/en/communities/ihr_compensation/job_analysis__evaluation_and_grading//en/communities/human_resources_management/foundations_of_hr/history_of_hr/

java.io.FileNotFoundException: http://www.hr.com/en/communities/ihr_compensation/job_analysis__evaluation_and_grading//en/communities/human_resources_management/foundations_of_hr/present_trends/

java.io.FileNotFoundException: http://www.hr.com/en/communities/ihr_compensation/job_analysis__evaluation_and_grading//en/communities/human_resources_management/hr_as_consultant/

java.io.FileNotFoundException: http://www.hr.com/en/communities/ihr_compensation/job_analysis__evaluation_and_grading//en/communities/human_resources_management/hr_administration/

java.io.FileNotFoundException: http://www.hr.com/en/communities/ihr_compensation/job_analysis__evaluation_and_grading//en/communities/human_resources_management/hr_audit/

java.io.FileNotFoundException: http://www.hr.com/en/communities/ihr_compensation/job_analysis__evaluation_and_grading//en/communities/human_resources_management/international_and_global_hr/

java.io.FileNotFoundException: http://www.hr.com/en/communities/ihr_compensation/job_analysis__evaluation_and_grading//en/communities/human_resources_management/outsourcing/

java.io.FileNotFoundException: http://www.hr.com/en/communities/ihr_compensation/job_analysis__evaluation_and_grading//en/communities/human_resources_management/public_sector_and_non_profit/

java.io.FileNotFoundException: http://www.hr.com/en/communities/ihr_compensation/job_analysis__evaluation_and_grading//en/communities/human_resources_management/small_business/

java.io.FileNotFoundException: http://www.gl.iit.edu/govdocs/afghanistan/Afghanistan-Chapter2.pdf

java.io.FileNotFoundException: http://www.gl.iit.edu/govdocs/afghanistan/PreIslamic.html

java.io.FileNotFoundException: http://www.culturalorientation.net/afghan/ahist.html

java.io.FileNotFoundException: http://www.hr.com/en/communities/ihr_compensation/incentives_measurement__reporting_and_analysis/incentives_planning_and_management//en/communities/staffing_and_recruitment/online_staffing__and_sourcing/compliance/social_media/

java.io.FileNotFoundException: http://www.hr.com/en/communities/ihr_compensation/incentives_measurement__reporting_and_analysis/incentives_planning_and_management//en/communities/staffing_and_recruitment/online_staffing__and_sourcing/online_staffing_sourcing_metrics/

java.io.FileNotFoundException: http://www.hr.com/en/communities/ihr_compensation/incentives_measurement__reporting_and_analysis/incentives_planning_and_management//en/communities/staffing_and_recruitment/privacy_and_security/

java.io.FileNotFoundException: http://www.culturalorientation.net/afghan/ahist.html

java.io.FileNotFoundException: http://www.hr.com/en/communities/ihr_compensation/incentives_measurement__reporting_and_analysis/incentives_planning_and_management//en/communities/staffing_and_recruitment/recruitment_process_outsourcing/

java.io.FileNotFoundException: http://www.youtube.com/watch?v=vYUzL1qhltA&feature=related

java.io.FileNotFoundException: http://www.hr.com/en/communities/ihr_compensation/incentives_measurement__reporting_and_analysis/incentives_planning_and_management//en/communities/staffing_and_recruitment/retention/

java.io.FileNotFoundException: http://www.hr.com/en/communities/ihr_compensation/incentives_measurement__reporting_and_analysis/incentives_planning_and_management//en/communities/staffing_and_recruitment/relocation/

java.io.FileNotFoundException: http://www.hr.com/en/communities/ihr_compensation/incentives_measurement__reporting_and_analysis/incentives_planning_and_management//en/communities/staffing_and_recruitment/roi_on_investment_in_staffing_technology/

java.io.FileNotFoundException: http://www.hr.com/en/communities/ihr_compensation/incentives_measurement__reporting_and_analysis/incentives_planning_and_management//en/communities/staffing_and_recruitment/staffing_technology/

java.io.FileNotFoundException: http://www.hr.com/en/communities/ihr_compensation/incentives_measurement__reporting_and_analysis/incentives_planning_and_management//en/communities/staffing_and_recruitment/staffing_technology/applications_resume_profile_ivr/employee_referral_systems_/

java.io.FileNotFoundException: http://www.hr.com/en/communities/ihr_compensation/incentives_measurement__reporting_and_analysis/incentives_planning_and_management//en/communities/staffing_and_recruitment/staffing_technology/applications_resume_profile_ivr/

java.io.FileNotFoundException: http://www.hr.com/en/communities/ihr_compensation/incentives_measurement__reporting_and_analysis/incentives_planning_and_management//en/communities/staffing_and_recruitment/staffing_technology/talent_management_and_development__sme_/

java.io.FileNotFoundException: http://www.hr.com/en/communities/ihr_compensation/incentives_measurement__reporting_and_analysis/incentives_planning_and_management//en/communities/staffing_and_recruitment/staffing_technology/global_talent_management_and_development_f2000/

java.io.FileNotFoundException: http://www.hr.com/en/communities/ihr_compensation/incentives_measurement__reporting_and_analysis/incentives_planning_and_management//en/communities/staffing_and_recruitment/staffing_technology/tms/

java.io.FileNotFoundException: http://www.nps.edu/Academics/centers/ccc/publications/OnlineJournal/2006/Feb/johnsonFeb06-figure1-bonnagreement.pdf

java.io.FileNotFoundException: http://www.hr.com/en/communities/ihr_compensation/incentives_measurement__reporting_and_analysis/incentives_planning_and_management//en/communities/staffing_and_recruitment/staffing_technology/vendor_management_systems/

java.io.FileNotFoundException: http://www.gulf-times.com/site/topics/article.asp?cu_no=2&item_no=489081&version=1&template_id=41&parent_id=23

java.net.UnknownHostException: news.yahoo.com

java.net.UnknownHostException: news.yahoo.com

java.io.IOException: Server returned HTTP response code: 401 for URL: http://books.google.com/books?id=KRt0HfYFZGsC&lpg=PP1&vq=place%20of%20Afghans&pg=PA4#v=onepage&q&f=false

java.io.FileNotFoundException: http://www.flickr.com/photos/topstreetwear/photos/topstreetwear/4812290284/

java.io.FileNotFoundException: http://www.embassyofafghanistan.org/PresidentKarzaiAddresstotheNationonPeaceEfforts.htm

java.io.IOException: Server returned HTTP response code: 401 for URL: http://books.google.com/books?id=9kfJ6MlMsJQC&lpg=PP1&pg=PA18#v=onepage&q&f=false

java.io.IOException: Server returned HTTP response code: 401 for URL: http://books.google.com/books?id=zKqn_CWTxYEC&lpg=PP1&pg=PA180#v=onepage&q&f=false

java.io.FileNotFoundException: http://www.hr.com/en/communities/ihr_compensation/job_analysis__evaluation_and_grading//en/communities/human_resources_management/structure_and_organization/

java.io.FileNotFoundException: http://www.hr.com/en/communities/ihr_compensation/job_analysis__evaluation_and_grading//en/communities/human_resources_management/the_hr_practitioner/

java.io.FileNotFoundException: http://www.hr.com/en/communities/ihr_compensation/job_analysis__evaluation_and_grading//en/communities/human_resources_management/the_hr_practitioner/certification/

java.io.FileNotFoundException: http://www.hr.com/en/communities/ihr_compensation/job_analysis__evaluation_and_grading//en/communities/human_resources_management/the_hr_practitioner/professional_associations/

java.io.FileNotFoundException: http://www.hr.com/en/communities/ihr_compensation/job_analysis__evaluation_and_grading//en/communities/human_resources_management/the_hr_practitioner/skills_and_competencies/

java.io.FileNotFoundException: http://www.hr.com/en/communities/ihr_compensation/job_analysis__evaluation_and_grading//en/communities/integrated_talent_management_001/

java.io.FileNotFoundException: http://www.hr.com/en/communities/ihr_compensation/job_analysis__evaluation_and_grading//en/communities/labor_relations/

java.io.FileNotFoundException: http://www.hr.com/en/communities/ihr_compensation/job_analysis__evaluation_and_grading//en/communities/labor_relations/absenteeism/

java.io.FileNotFoundException: http://southasiaoutreach.wisc.edu/countries.htm

java.io.FileNotFoundException: http://www.hr.com/en/communities/ihr_compensation/job_analysis__evaluation_and_grading//en/communities/labor_relations/conflict_and_dispute_resolution/

java.io.FileNotFoundException: http://www.hr.com/en/communities/ihr_compensation/job_analysis__evaluation_and_grading//en/communities/labor_relations/discipline/

java.net.ProtocolException: Server redirected too many  times (20)

java.net.ConnectException: Connection timed out

java.io.FileNotFoundException: http://www.hr.com/en/communities/ihr_compensation/incentives_measurement__reporting_and_analysis/incentives_planning_and_management//en/communities/staffing_and_recruitment/staffing_metrics/

java.io.FileNotFoundException: http://www.hr.com/en/communities/ihr_compensation/incentives_measurement__reporting_and_analysis/incentives_planning_and_management//en/communities/staffing_and_recruitment/simulations_and_work_samples/

java.io.FileNotFoundException: http://www.hr.com/en/communities/ihr_compensation/incentives_measurement__reporting_and_analysis/incentives_planning_and_management//en/communities/staffing_and_recruitment/workforce_planning/

java.io.FileNotFoundException: http://www.hr.com/en/communities/ihr_compensation/incentives_measurement__reporting_and_analysis/incentives_planning_and_management//en/communities/staffing_and_recruitment/workforce_planning/executive_search/

java.io.FileNotFoundException: http://www.hr.com/en/communities/ihr_compensation/incentives_measurement__reporting_and_analysis/incentives_planning_and_management//en/communities/staffing_and_recruitment/workforce_planning/internet_recruiting/

java.io.FileNotFoundException: http://www.hr.com/en/communities/ihr_compensation/incentives_measurement__reporting_and_analysis/incentives_planning_and_management//en/communities/learning_management_systems_and_elearning/

java.io.FileNotFoundException: http://www.hr.com/en/communities/ihr_compensation/incentives_measurement__reporting_and_analysis/incentives_planning_and_management//en/communities/ihr_quality_of_hire/

java.io.FileNotFoundException: http://www.hr.com/en/communities/ihr_compensation/incentives_measurement__reporting_and_analysis/incentives_planning_and_management//en/communities/training_and_development/

java.io.FileNotFoundException: http://www.hr.com/en/communities/ihr_compensation/incentives_measurement__reporting_and_analysis/incentives_planning_and_management//en/communities/training_and_development/approaches_and_systems__not_software_/

java.io.FileNotFoundException: http://www.hr.com/en/communities/ihr_compensation/incentives_measurement__reporting_and_analysis/incentives_planning_and_management//en/communities/training_and_development/classroom/

java.io.FileNotFoundException: http://www.hr.com/en/communities/ihr_compensation/incentives_measurement__reporting_and_analysis/incentives_planning_and_management//en/communities/training_and_development/corporate_learning/

java.net.MalformedURLException: no protocol: orlando/topic/theme-parks/

java.io.FileNotFoundException: http://www.hr.com/en/communities/ihr_compensation/incentives_measurement__reporting_and_analysis/incentives_planning_and_management//en/communities/training_and_development/corporate_learning/analytics_and_measurement/

java.io.FileNotFoundException: http://www.hr.com/en/communities/ihr_compensation/incentives_measurement__reporting_and_analysis/incentives_planning_and_management//en/communities/training_and_development/corporate_learning/authoring_tools/

java.io.IOException: Server returned HTTP response code: 403 for URL: http://www.olx.hn/all-states/

java.io.FileNotFoundException: http://www.hr.com/en/communities/ihr_compensation/incentives_measurement__reporting_and_analysis/incentives_planning_and_management//en/communities/training_and_development/corporate_learning/blended_learning/

java.io.IOException: Server returned HTTP response code: 401 for URL: http://books.google.com/books?id=cJQ3AAAAIAAJ&printsec=frontcover#v=onepage&q&f=false

java.net.SocketException: Connection reset

javax.net.ssl.SSLException: Connection has been shutdown: javax.net.ssl.SSLException: java.net.SocketException: Connection reset

java.io.FileNotFoundException: http://www.hr.com/en/communities/ihr_compensation/job_analysis__evaluation_and_grading//en/communities/labor_relations/discrimination/

java.io.FileNotFoundException: http://www.hr.com/en/communities/ihr_compensation/job_analysis__evaluation_and_grading//en/communities/labor_relations/harassment/

java.io.FileNotFoundException: http://www.hr.com/en/communities/ihr_compensation/job_analysis__evaluation_and_grading//en/communities/labor_relations/interpersonal_communications/

java.io.FileNotFoundException: http://www.hr.com/en/communities/ihr_compensation/job_analysis__evaluation_and_grading//en/communities/labor_relations/internal_corporate_communications/

java.io.IOException: Server returned HTTP response code: 401 for URL: http://books.google.com/books?id=fbXmk-EauHIC&lpg=PP1&pg=PA8#v=onepage&q&f=false

java.io.FileNotFoundException: http://www.hr.com/en/communities/ihr_compensation/job_analysis__evaluation_and_grading//en/communities/labor_relations/law_and_legislation/

java.io.FileNotFoundException: http://www.hr.com/en/communities/ihr_compensation/job_analysis__evaluation_and_grading//en/communities/labor_relations/lr_trends/

java.io.FileNotFoundException: http://www.hr.com/en/communities/ihr_compensation/job_analysis__evaluation_and_grading//en/communities/labor_relations/outplacement/

java.io.FileNotFoundException: http://www.hr.com/en/communities/ihr_compensation/job_analysis__evaluation_and_grading//en/communities/labor_relations/recreation/

java.io.FileNotFoundException: http://www.hr.com/en/communities/ihr_compensation/job_analysis__evaluation_and_grading//en/communities/labor_relations/safety/

java.io.FileNotFoundException: http://www.hr.com/en/communities/ihr_compensation/job_analysis__evaluation_and_grading//en/communities/leadership/

java.io.FileNotFoundException: http://www.hr.com/en/communities/ihr_compensation/job_analysis__evaluation_and_grading//en/communities/leadership/board_of_directors/

java.io.FileNotFoundException: http://www.hr.com/en/communities/ihr_compensation/job_analysis__evaluation_and_grading//en/communities/leadership/career_management/

java.io.FileNotFoundException: http://www.hr.com/en/communities/ihr_compensation/job_analysis__evaluation_and_grading//en/communities/leadership/corporate_culture/

java.io.FileNotFoundException: http://www.hr.com/en/communities/ihr_compensation/job_analysis__evaluation_and_grading//en/communities/leadership/corporate_governance/

java.io.IOException: Server returned HTTP response code: 401 for URL: http://books.google.co.in/books?id=K2ulKHNUktYC&pg=PA192&dq=MOKHAM+CHAND+FATEH+KHAN+1813+ATTOCK&hl=en&sa=X&ei=iHSsT7rbBczirAecpsyBAw&ved=0CEAQ6AEwAA#v=onepage&q=MOKHAM%20CHAND%20FATEH%20KHAN%201813%20ATTOCK&f=false

java.io.FileNotFoundException: http://www.hr.com/en/communities/ihr_compensation/job_analysis__evaluation_and_grading//en/communities/leadership/developing_organizational_leadership_capabilities/

java.io.IOException: Server returned HTTP response code: 401 for URL: http://books.google.co.in/books?id=FdPFkAsDJVgC&pg=PR40&dq=MOhkam+chand+fateh+khan+attock&hl=en&sa=X&ei=-XusT7OTHMa4rAew17jvAg&ved=0CFsQ6AEwBQ#v=onepage&q=MOhkam%20chand%20fateh%20khan%20attock&f=false

java.net.MalformedURLException: no protocol: welcome.htm

java.net.MalformedURLException: no protocol: srch.htm

java.net.MalformedURLException: no protocol: ./schools/index.htm

java.net.MalformedURLException: no protocol: ./talk/index.htm

java.io.IOException: Server returned HTTP response code: 401 for URL: http://books.google.com/books?id=AzG5llo3YCMC&lpg=PA2&pg=PA296&redir_esc=y#v=onepage&q&f=false

java.io.IOException: Server returned HTTP response code: 401 for URL: http://books.google.com/books?id=J3pUS_-uD-oC&printsec=frontcover#v=onepage&q&f=false

java.net.UnknownHostException: www.hinsdaleinfo.net

java.net.MalformedURLException: no protocol: media.htm

java.net.MalformedURLException: no protocol: elected.htm

java.net.MalformedURLException: no protocol: elected.htm#pols

java.net.MalformedURLException: no protocol: museum.htm

java.net.MalformedURLException: no protocol: health.htm

java.net.MalformedURLException: no protocol: invest.htm

java.net.MalformedURLException: no protocol: rec.htm

java.net.MalformedURLException: no protocol: trvl.htm

java.net.MalformedURLException: no protocol: realest.htm

java.net.MalformedURLException: no protocol: church.htm

java.net.UnknownHostException: www.hinsdale-area-yes.org

java.net.MalformedURLException: no protocol: kidpgs.htm

java.net.MalformedURLException: no protocol: teens.htm

java.net.MalformedURLException: no protocol: yphins.htm

java.net.MalformedURLException: no protocol: ypeast.htm

java.net.MalformedURLException: no protocol: ypwest.htm

java.net.MalformedURLException: no protocol: locsvcs.htm

java.net.MalformedURLException: no protocol: locsvcs.htm#state

java.net.MalformedURLException: no protocol: fedsvcs.htm

java.net.MalformedURLException: no protocol: yphins.htm#web

java.net.MalformedURLException: no protocol: ypeast.htm#web

java.net.MalformedURLException: no protocol: ypwest.htm#web

java.net.MalformedURLException: no protocol: ./ae/index.htm

java.net.MalformedURLException: no protocol: investment_Strategy.aspx

java.io.IOException: Server returned HTTP response code: 401 for URL: http://books.google.com/books?id=ULhgNexD92QC&lpg=PA132&pg=PA198#v=onepage&q&f=false

java.net.MalformedURLException: no protocol: Buyout_Funds.aspx

java.net.MalformedURLException: no protocol: structured_Capital_Funds.aspx

java.net.MalformedURLException: no protocol: debtFunds.aspx

java.net.MalformedURLException: no protocol: news-page.aspx

java.io.IOException: Server returned HTTP response code: 401 for URL: http://books.google.com/books?id=bY8ck6iktikC&lpg=PP1&pg=PA35#v=onepage&q&f=false

java.net.MalformedURLException: no protocol: industry_research.aspx

java.net.MalformedURLException: no protocol: Contact_us.aspx

java.net.MalformedURLException: no protocol: NewsDetails.aspx?ID=287

java.net.MalformedURLException: no protocol: NewsDetails.aspx?ID=286

java.net.MalformedURLException: no protocol: MailingList.aspx

java.io.FileNotFoundException: http://www.hr.com/en/communities/ihr_compensation/incentives_measurement__reporting_and_analysis/incentives_planning_and_management//en/communities/training_and_development/corporate_learning/content_development/

java.io.FileNotFoundException: http://www.hr.com/en/communities/ihr_compensation/incentives_measurement__reporting_and_analysis/incentives_planning_and_management//en/communities/training_and_development/corporate_learning/implementation/

javax.net.ssl.SSLHandshakeException: sun.security.validator.ValidatorException: PKIX path building failed: sun.security.provider.certpath.SunCertPathBuilderException: unable to find valid certification path to requested target

java.io.FileNotFoundException: http://www.hr.com/en/communities/ihr_compensation/incentives_measurement__reporting_and_analysis/incentives_planning_and_management//en/communities/training_and_development/corporate_learning/learning_content_management_systems/

java.io.FileNotFoundException: http://www.hr.com/en/communities/ihr_compensation/incentives_measurement__reporting_and_analysis/incentives_planning_and_management//en/communities/training_and_development/corporate_learning/learning_management_systems/

java.io.FileNotFoundException: http://www.hr.com/en/communities/ihr_compensation/incentives_measurement__reporting_and_analysis/incentives_planning_and_management//en/communities/training_and_development/corporate_learning/outsourcing_training/

java.io.FileNotFoundException: http://contreinfo.info/article.php3?id_article=1403%E2%80%B3

java.io.FileNotFoundException: http://www.hr.com/en/communities/ihr_compensation/incentives_measurement__reporting_and_analysis/incentives_planning_and_management//en/communities/training_and_development/corporate_learning/planning_and_strategy/

java.io.FileNotFoundException: http://www.hr.com/en/communities/ihr_compensation/incentives_measurement__reporting_and_analysis/incentives_planning_and_management//en/communities/training_and_development/elearning/

java.io.FileNotFoundException: http://www.hr.com/en/communities/ihr_compensation/incentives_measurement__reporting_and_analysis/incentives_planning_and_management//en/communities/training_and_development/corporate_learning/simulations/

java.io.FileNotFoundException: http://www.hr.com/en/communities/ihr_compensation/incentives_measurement__reporting_and_analysis/incentives_planning_and_management//en/communities/training_and_development/evaluations/

java.io.FileNotFoundException: http://video.google.com/videoplay?docid=2911290068493351924#

java.io.FileNotFoundException: http://www.hr.com/en/communities/ihr_compensation/incentives_measurement__reporting_and_analysis/incentives_planning_and_management//en/communities/training_and_development/games/

java.io.FileNotFoundException: http://www.hr.com/en/communities/ihr_compensation/incentives_measurement__reporting_and_analysis/incentives_planning_and_management//en/communities/training_and_development/online_collaboration_tools/

java.io.FileNotFoundException: http://www.hr.com/en/communities/ihr_compensation/incentives_measurement__reporting_and_analysis/incentives_planning_and_management//en/communities/training_and_development/online_collaboration_tools/video_conferencing/

java.io.FileNotFoundException: http://www.hr.com/en/communities/ihr_compensation/incentives_measurement__reporting_and_analysis/incentives_planning_and_management//en/communities/training_and_development/online_collaboration_tools/web_based/

java.io.FileNotFoundException: http://www.hr.com/en/communities/ihr_compensation/incentives_measurement__reporting_and_analysis/incentives_planning_and_management//en/communities/training_and_development/orientation/

java.io.FileNotFoundException: http://www.state.gov/j/prm/rls/117283.htm

java.io.FileNotFoundException: http://www.hr.com/en/communities/ihr_compensation/incentives_measurement__reporting_and_analysis/incentives_planning_and_management//en/communities/training_and_development/presentation_tips/

java.io.FileNotFoundException: http://www.hr.com/en/communities/ihr_compensation/incentives_measurement__reporting_and_analysis/incentives_planning_and_management//en/communities/workforce_management_001/

java.io.IOException: Server returned HTTP response code: 403 for URL: http://comayagua.olx.hn

java.io.FileNotFoundException: http://www.youtube.com/watch?v=Jnia-TUuCDs

java.io.FileNotFoundException: http://www.youtube.com/watch?v=xpQI6HKV-ZY&feature=related

java.io.FileNotFoundException: http://www.hr.com/en/communities/ihr_compensation/job_analysis__evaluation_and_grading//en/communities/leadership/global_leadership/

java.io.FileNotFoundException: http://www.youtube.com/watch?v=Grugy2txSvc&feature=search

java.io.FileNotFoundException: http://www.hr.com/en/communities/ihr_compensation/job_analysis__evaluation_and_grading//en/communities/leadership/hr_leadership/

java.io.FileNotFoundException: http://www.hr.com/en/communities/ihr_compensation/job_analysis__evaluation_and_grading//en/communities/leadership/hr_leadership/diversity_leadership/

java.io.FileNotFoundException: http://www.hr.com/en/communities/ihr_compensation/job_analysis__evaluation_and_grading//en/communities/leadership/hr_leadership/managers_as_leaders/

java.net.MalformedURLException: no protocol: doernbach.html

java.io.FileNotFoundException: http://www.hr.com/en/communities/ihr_compensation/job_analysis__evaluation_and_grading//en/communities/leadership/hr_leadership/women_in_leadership/

java.net.MalformedURLException: no protocol: ecg.html

java.io.FileNotFoundException: http://www.hr.com/en/communities/ihr_compensation/job_analysis__evaluation_and_grading//en/communities/leadership/leadership_assessments/

java.io.FileNotFoundException: http://www.youtube.com/watch?v=t78N6Q5VD60

java.io.FileNotFoundException: http://www.hr.com/en/communities/ihr_compensation/job_analysis__evaluation_and_grading//en/communities/leadership/leadership_competencies/

java.io.FileNotFoundException: http://www.hr.com/en/communities/ihr_compensation/job_analysis__evaluation_and_grading//en/communities/leadership/leadership_competencies/collaboration/

java.io.FileNotFoundException: http://channel.nationalgeographic.com/episode/inside-the-taliban-3274/Overview/

java.net.ConnectException: Connection timed out

java.net.ConnectException: Connection timed out

java.net.ConnectException: Connection refused

java.io.FileNotFoundException: http://www.hr.com/en/communities/ihr_compensation/job_analysis__evaluation_and_grading//en/communities/leadership/leadership_competencies/communication/

java.io.FileNotFoundException: http://www.hr.com/en/communities/ihr_compensation/job_analysis__evaluation_and_grading//en/communities/leadership/leadership_competencies/delegation/

java.io.FileNotFoundException: http://www.hr.com/en/communities/ihr_compensation/job_analysis__evaluation_and_grading//en/communities/leadership/leadership_competencies/developing_and_coaching_others/

java.io.FileNotFoundException: http://www.hr.com/en/communities/ihr_compensation/job_analysis__evaluation_and_grading//en/communities/leadership/leadership_competencies/motivating/

java.io.FileNotFoundException: http://www.hr.com/en/communities/ihr_compensation/job_analysis__evaluation_and_grading//en/communities/leadership/leadership_competencies/negotiation/

java.io.FileNotFoundException: http://www.hr.com/en/communities/ihr_compensation/job_analysis__evaluation_and_grading//en/communities/leadership/leadership_models/

java.io.FileNotFoundException: http://www.hr.com/en/communities/ihr_compensation/job_analysis__evaluation_and_grading//en/communities/leadership/leadership_philosophies/

java.io.FileNotFoundException: http://www.flickr.com/photos/topstreetwear/photos/topstreetwear/4812290148/

java.io.FileNotFoundException: http://www.hr.com/en/communities/ihr_compensation/incentives_measurement__reporting_and_analysis/incentives_planning_and_management//en/communities/workforce_planning_and_analytics/

java.io.FileNotFoundException: http://www.hr.com/en/communities/ihr_compensation/incentives_measurement__reporting_and_analysis/incentives_planning_and_management//en/communities/workforce_planning_and_analytics/hr_metrics_implementation/

java.io.FileNotFoundException: http://www.outlookafghanistan.net/news?post_id=3175

java.io.FileNotFoundException: http://www.hr.com/en/communities/ihr_compensation/incentives_measurement__reporting_and_analysis/incentives_planning_and_management//en/communities/workforce_planning_and_analytics/hr_scorecards/

java.io.FileNotFoundException: http://www.hr.com/en/communities/ihr_compensation/incentives_measurement__reporting_and_analysis/incentives_planning_and_management//en/communities/workforce_planning_and_analytics/predictive_models/

java.net.UnknownHostException: news.yahoo.com

java.io.FileNotFoundException: http://www.hr.com/en/communities/ihr_compensation/incentives_measurement__reporting_and_analysis/incentives_planning_and_management//en/communities/workforce_planning_and_analytics/labor_supply_demographics/

java.io.FileNotFoundException: http://www.hr.com/en/communities/ihr_compensation/incentives_measurement__reporting_and_analysis/incentives_planning_and_management//en/communities/workforce_planning_and_analytics/external_factors/

java.io.FileNotFoundException: http://www.hr.com/en/communities/ihr_compensation/incentives_measurement__reporting_and_analysis/incentives_planning_and_management//en/communities/workforce_planning_and_analytics/consulting/

java.io.FileNotFoundException: http://www.hr.com/en/communities/ihr_compensation/incentives_measurement__reporting_and_analysis/incentives_planning_and_management//en/communities/workforce_planning_and_analytics/data_cleansing/

java.io.FileNotFoundException: http://www.hr.com/en/communities/ihr_compensation/incentives_measurement__reporting_and_analysis/incentives_planning_and_management//en/communities/workforce_planning_and_analytics/workforce_planning_analytics_change_management/

java.io.FileNotFoundException: http://www.hr.com/en/communities/ihr_compensation/incentives_measurement__reporting_and_analysis/incentives_planning_and_management//en/communities/workforce_planning_and_analytics/internal_mobility/

java.io.FileNotFoundException: http://www.hr.com/en/communities/ihr_compensation/incentives_measurement__reporting_and_analysis/incentives_planning_and_management//en/communities/workforce_planning_and_analytics/downsizing/

java.io.FileNotFoundException: http://www.hr.com/en/communities/ihr_compensation/incentives_measurement__reporting_and_analysis/incentives_planning_and_management//en/communities/workforce_planning_and_analytics/mergers_acquisitions/

java.io.FileNotFoundException: http://www.hr.com/en/communities/ihr_compensation/incentives_measurement__reporting_and_analysis/incentives_planning_and_management//en/communities/workforce_planning_and_analytics/surveys_organization/

java.io.FileNotFoundException: http://www.hr.com/en/communities/ihr_compensation/incentives_measurement__reporting_and_analysis/incentives_planning_and_management//en/communities/workforce_planning_and_analytics/surveys_organization/polls/

java.io.FileNotFoundException: http://www.hr.com/en/communities/ihr_compensation/incentives_measurement__reporting_and_analysis/incentives_planning_and_management//en/communities/workforce_planning_and_analytics/surveys_organization/enterprise_surveys/

java.io.FileNotFoundException: http://www.hr.com/en/communities/ihr_compensation/incentives_measurement__reporting_and_analysis/incentives_planning_and_management//en/communities/workforce_planning_and_analytics/surveys_organization/market_research/

java.net.UnknownHostException: en-maktoob.news.yahoo.com

java.io.IOException: Server returned HTTP response code: 403 for URL: http://www.globalsecurity.org/military/library/news/2009/08/mil-090820-rferl02.htm

java.io.FileNotFoundException: http://www.iec.org.af/eng/content.php?id=5&cnid=24

java.io.FileNotFoundException: http://oilprice.com/Geopolitics/Asia/What-is-the-Best-Route-for-Supplying-Landlocked-Afghanistan.html

java.io.FileNotFoundException: http://www.usip.org/resources/resolving-pakistan-afghanistan-stalemate

java.io.FileNotFoundException: http://cic.nyu.edu/afghanistan/docs/stalemate.pdf

java.io.FileNotFoundException: http://www.hr.com/en/communities/ihr_compensation/job_analysis__evaluation_and_grading//en/communities/leadership/leadership_retention/

java.io.FileNotFoundException: http://reliefweb.int/rw/RWFiles2009.nsf/FilesByRWDocUnidFilename/VVOS-7Y4RBQ-full_report.pdf/$File/full_report.pdf

java.io.FileNotFoundException: http://www.hr.com/en/communities/ihr_compensation/job_analysis__evaluation_and_grading//en/communities/leadership/leadership_training_and_development/

java.net.MalformedURLException: unknown protocol: javascript

java.net.MalformedURLException: unknown protocol: javascript

java.net.MalformedURLException: unknown protocol: javascript

java.net.MalformedURLException: unknown protocol: javascript

java.net.MalformedURLException: unknown protocol: javascript

java.net.MalformedURLException: unknown protocol: javascript

java.net.MalformedURLException: unknown protocol: javascript

java.net.MalformedURLException: no protocol:  /victorias-secret-sport 

java.net.UnknownHostException: news.yahoo.com

java.net.MalformedURLException: unknown protocol: tel

java.io.FileNotFoundException: http://www.youtube.com/victoriassecret

java.io.FileNotFoundException: http://www.hr.com/en/communities/ihr_compensation/job_analysis__evaluation_and_grading//en/communities/leadership/leadership_training_and_development/action_learning/

java.net.MalformedURLException: no protocol: 2f7674612d77702f77702d636f6e74656e742f75706c6f6164732f323031312f30312f5654415f44656d6f5f31365f785f392e6d7034

java.net.MalformedURLException: no protocol: tv-film/

java.net.MalformedURLException: no protocol: interactive/

java.net.MalformedURLException: no protocol: design-branding/

java.io.FileNotFoundException: http://www.facebook.com/group.php?gid=32103392280

javax.net.ssl.SSLHandshakeException: sun.security.validator.ValidatorException: PKIX path building failed: sun.security.provider.certpath.SunCertPathBuilderException: unable to find valid certification path to requested target

javax.net.ssl.SSLHandshakeException: sun.security.validator.ValidatorException: PKIX path building failed: sun.security.provider.certpath.SunCertPathBuilderException: unable to find valid certification path to requested target

javax.net.ssl.SSLHandshakeException: sun.security.validator.ValidatorException: PKIX path building failed: sun.security.provider.certpath.SunCertPathBuilderException: unable to find valid certification path to requested target

javax.net.ssl.SSLHandshakeException: sun.security.validator.ValidatorException: PKIX path building failed: sun.security.provider.certpath.SunCertPathBuilderException: unable to find valid certification path to requested target

java.net.SocketException: Connection reset

java.net.UnknownServiceException: protocol doesn't support input

java.io.FileNotFoundException: http://www.hr.com/en/communities/ihr_compensation/job_analysis__evaluation_and_grading//en/communities/leadership/leadership_training_and_development/executive_coaching/

java.io.FileNotFoundException: http://www.hr.com/en/communities/ihr_compensation/job_analysis__evaluation_and_grading//en/communities/leadership/leadership_training_and_development/executive_education_programs__university_/

java.io.FileNotFoundException: http://www.hr.com/en/communities/ihr_compensation/job_analysis__evaluation_and_grading//en/communities/leadership/leadership_training_and_development/mentoring/

java.net.UnknownHostException: news.yahoo.com

java.io.FileNotFoundException: http://atlas.media.mit.edu/MIT/Harvard

java.io.FileNotFoundException: http://www.hr.com/en/communities/ihr_compensation/job_analysis__evaluation_and_grading//en/communities/leadership/leadership_training_and_development/train_your_leaders/

java.io.FileNotFoundException: http://www.hr.com/en/communities/ihr_compensation/job_analysis__evaluation_and_grading//en/communities/leadership/leading_change/

java.io.FileNotFoundException: http://www.hr.com/en/communities/ihr_compensation/job_analysis__evaluation_and_grading//en/communities/leadership/leading_change/empowerment/

java.io.FileNotFoundException: http://www.hr.com/en/communities/ihr_compensation/job_analysis__evaluation_and_grading//en/communities/leadership/leading_others/

java.io.FileNotFoundException: http://www.hr.com/en/communities/ihr_compensation/job_analysis__evaluation_and_grading//en/communities/leadership/leading_self/

java.io.FileNotFoundException: http://www.hr.com/en/communities/ihr_compensation/job_analysis__evaluation_and_grading//en/communities/leadership/leading_self/flexibility_adaptability/

java.io.FileNotFoundException: http://www.hr.com/en/communities/ihr_compensation/job_analysis__evaluation_and_grading//en/communities/leadership/leading_self/stress/

java.io.FileNotFoundException: http://www.hr.com/en/communities/ihr_compensation/job_analysis__evaluation_and_grading//en/communities/leadership/leading_self/worklife_balance/

java.io.FileNotFoundException: http://www.hr.com/en/communities/ihr_compensation/job_analysis__evaluation_and_grading//en/communities/leadership/selection/

java.io.FileNotFoundException: http://www.hr.com/en/communities/ihr_compensation/job_analysis__evaluation_and_grading//en/communities/leadership/succession_planning/

java.io.FileNotFoundException: http://www.hr.com/en/communities/ihr_compensation/job_analysis__evaluation_and_grading//en/communities/leadership/strategic_decision_making/

java.io.FileNotFoundException: http://www.embassyofafghanistan.org/investing.html

java.io.IOException: Server returned HTTP response code: 403 for URL: http://www.ipsnews.net/redir.php?idnews=49291

java.net.UnknownHostException: news.yahoo.com

java.net.UnknownHostException: news.yahoo.com

java.io.FileNotFoundException: http://www.hr.com/en/communities/ihr_compensation/incentives_measurement__reporting_and_analysis/incentives_planning_and_management//en/communities/workforce_planning_and_analytics/modelling/

java.io.FileNotFoundException: http://www.hr.com/en/communities/ihr_compensation/incentives_measurement__reporting_and_analysis/incentives_planning_and_management//en/communities/workforce_planning_and_analytics/modelling/location_modelling/

java.io.FileNotFoundException: http://www.hr.com/en/communities/ihr_compensation/incentives_measurement__reporting_and_analysis/incentives_planning_and_management//en/communities/workforce_planning_and_analytics/modelling/business_modelling/

java.io.FileNotFoundException: http://www.hr.com/en/communities/ihr_compensation/incentives_measurement__reporting_and_analysis/incentives_planning_and_management//en/communities/workforce_planning_and_analytics/modelling/org_charting/

java.io.FileNotFoundException: http://www.hr.com/en/communities/ihr_compensation/incentives_measurement__reporting_and_analysis/incentives_planning_and_management//en/communities/workforce_planning_and_analytics/benchmarking/

java.io.FileNotFoundException: http://www.flyariana.com/schedules.php

java.net.UnknownHostException: news.yahoo.com

java.io.FileNotFoundException: http://www.hr.com/en/communities/ihr_compensation/job_analysis__evaluation_and_grading//en/communities/leadership/measurement_and_metrics/

java.io.FileNotFoundException: http://www.hr.com/en/communities/ihr_compensation/job_analysis__evaluation_and_grading//en/communities/leadership/trends/

java.io.FileNotFoundException: http://www.hr.com/en/communities/ihr_compensation/job_analysis__evaluation_and_grading//en/communities/leadership/vision__values_and_mission/

java.io.FileNotFoundException: http://www.hr.com/en/communities/ihr_compensation/job_analysis__evaluation_and_grading//en/communities/legal/

java.io.FileNotFoundException: http://www.usaid.gov/stories/afghanistan/fp_afghan_disabled.html

java.io.FileNotFoundException: http://www.hr.com/en/communities/ihr_compensation/job_analysis__evaluation_and_grading//en/communities/legal/benefits_and_compensation_law/

java.io.FileNotFoundException: http://www.hr.com/en/communities/ihr_compensation/job_analysis__evaluation_and_grading//en/communities/legal/business_and_finance/

java.io.FileNotFoundException: http://www.hr.com/en/communities/ihr_compensation/job_analysis__evaluation_and_grading//en/communities/legal/contract_disputes/

java.net.UnknownServiceException: protocol doesn't support input

java.net.MalformedURLException: no protocol: find-a-rep.cfm

java.net.MalformedURLException: no protocol: contact/index.cfm

java.io.FileNotFoundException: http://www.hr.com/en/communities/ihr_compensation/job_analysis__evaluation_and_grading//en/communities/legal/court_cases/

java.io.FileNotFoundException: http://www.hr.com/en/communities/ihr_compensation/job_analysis__evaluation_and_grading//en/communities/legal/employment_discrimination/

java.io.FileNotFoundException: http://www.hr.com/en/communities/ihr_compensation/job_analysis__evaluation_and_grading//en/communities/legal/employment_contracts_and_non_competes/

java.io.FileNotFoundException: http://www.anz.com/timorleste/timorleste/en/business/merchant-services/

java.net.MalformedURLException: no protocol: about/index.cfm

java.net.MalformedURLException: no protocol: services/index.cfm

java.net.MalformedURLException: no protocol: craftsmanship/index.cfm

java.net.MalformedURLException: no protocol: design-center/index.cfm

java.net.MalformedURLException: no protocol: faq/index.cfm

java.net.SocketException: Connection reset

java.net.MalformedURLException: no protocol: craftsmanship/green-building.cfm

java.io.FileNotFoundException: http://fn.com/services/advertise/adchoices.html/

java.io.FileNotFoundException: http://fn.com/services/advertise/adchoices.html/magazines/fortune/

java.io.FileNotFoundException: http://www.hr.com/en/communities/ihr_compensation/incentives_measurement__reporting_and_analysis/incentives_planning_and_management//en/communities/workforce_planning_and_analytics/benchmarking/internal/

java.io.FileNotFoundException: http://www.hr.com/en/communities/ihr_compensation/incentives_measurement__reporting_and_analysis/incentives_planning_and_management//en/communities/workforce_planning_and_analytics/benchmarking/external/

java.io.FileNotFoundException: http://fn.com/services/advertise/adchoices.html/video/

java.io.FileNotFoundException: http://www.culturalorientation.net/afghan/apeop.html

java.io.FileNotFoundException: http://fn.com/services/advertise/adchoices.html/news/

java.io.FileNotFoundException: http://fn.com/services/advertise/adchoices.html/markets/

java.io.FileNotFoundException: http://fn.com/services/advertise/adchoices.html/termsheet/

java.io.FileNotFoundException: http://fn.com/services/advertise/adchoices.html/news/economy/

java.io.FileNotFoundException: http://fn.com/services/advertise/adchoices.html/technology/

java.io.FileNotFoundException: http://fn.com/services/advertise/adchoices.html/pf/

java.io.FileNotFoundException: http://fn.com/services/advertise/adchoices.html/smallbusiness/

java.net.MalformedURLException: unknown protocol: javascript

java.io.FileNotFoundException: http://fn.com/services/advertise/adchoices.html/leadership/

java.net.MalformedURLException: unknown protocol: javascript

java.io.FileNotFoundException: http://fn.com/services/advertise/adchoices.html/services/privacy/

java.io.FileNotFoundException: http://www.hr.com/en/communities/ihr_compensation/incentives_measurement__reporting_and_analysis/incentives_planning_and_management//en/communities/workforce_planning_and_analytics/workforce_planning_analytics_technology/

java.io.FileNotFoundException: http://www.hr.com/en/communities/ihr_compensation/incentives_measurement__reporting_and_analysis/incentives_planning_and_management//en/webcasts_events/

java.io.FileNotFoundException: http://www.tj.com/look/u/160

java.io.IOException: Server returned HTTP response code: 403 for URL: http://web.archive.org/web/20110427053700/http://www.umsl.edu/services/govdocs/wofact90/world12.txt

java.io.FileNotFoundException: http://www.hr.com/en/communities/ihr_compensation/incentives_measurement__reporting_and_analysis/incentives_planning_and_management//en/webcasts_events/webcasts/

java.io.FileNotFoundException: http://www.hr.com/en/communities/ihr_compensation/incentives_measurement__reporting_and_analysis/incentives_planning_and_management//en/webcasts_events/webcasts/upcoming_webcasts/

java.io.FileNotFoundException: http://fn.com/services/advertise/adchoices.html/services/bridge/contact.us.html

java.io.FileNotFoundException: http://fn.com/services/advertise/adchoices.html/profile/

java.io.FileNotFoundException: http://fn.com/services/advertise/adchoices.html/services/closed-captioning.html

java.io.FileNotFoundException: http://www.hr.com/en/communities/ihr_compensation/incentives_measurement__reporting_and_analysis/incentives_planning_and_management//en/webcasts_events/webcasts/archived_webcasts_and_podcasts/

java.io.FileNotFoundException: http://www.hr.com/en/communities/ihr_compensation/incentives_measurement__reporting_and_analysis/incentives_planning_and_management//en/webcasts_events/webcasts/archived_vlogs/

java.io.FileNotFoundException: http://fn.com/services/advertise/adchoices.html/data/markets/

java.io.FileNotFoundException: http://www.hr.com/en/communities/ihr_compensation/incentives_measurement__reporting_and_analysis/incentives_planning_and_management//en/webcasts_events/webcasts/sponsor_a_webcast/

java.net.MalformedURLException: no protocol: category.php?id=33&brand=958

java.io.FileNotFoundException: http://www.hr.com/en/communities/hr_in_canada/canadian_masters_in_hr_strategy_execution//en/communities/leadership/corporate_culture/

java.io.FileNotFoundException: http://www.asiafoundation.org/pdf/AG-survey06.pdf

java.io.FileNotFoundException: http://www.culturalorientation.net/afghan/alang.html

java.io.FileNotFoundException: http://fn.com/services/advertise/adchoices.html/services/sitemap/

java.io.FileNotFoundException: http://fn.com/services/advertise/adchoices.html/pf/loan_center/

java.io.FileNotFoundException: http://fn.com/services/advertise/adchoices.html/tools/

java.io.FileNotFoundException: http://fn.com/services/advertise/adchoices.html/news/corrections/

java.io.FileNotFoundException: http://fn.com/services/advertise/adchoices.html/services/mobile/

java.io.FileNotFoundException: http://fn.com/services/advertise/adchoices.html/services/rss/

java.io.FileNotFoundException: http://fn.com/services/advertise/adchoices.html/services/terms.html

java.io.FileNotFoundException: http://www.pewforum.org/Muslim/Mapping-the-Global-Muslim-Population%286%29.aspx

java.io.FileNotFoundException: http://www.pewforum.org/newassets/images/reports/Muslimpopulation/Muslimpopulation.pdf

java.io.FileNotFoundException: http://fn.com/services/advertise/adchoices.html/services/advertise/adchoices.html

java.net.MalformedURLException: no protocol: contactUS.htm

java.io.FileNotFoundException: http://www.hr.com/en/communities/ihr_compensation/job_analysis__evaluation_and_grading//en/communities/legal/environmental/

java.net.MalformedURLException: no protocol: aboutVTI.htm

java.net.MalformedURLException: no protocol: DTVEquipment.htm

java.net.MalformedURLException: no protocol: manufacturers.htm

java.net.MalformedURLException: no protocol: customers.htm

java.net.MalformedURLException: no protocol: florida.htm

java.io.FileNotFoundException: http://www.hr.com/en/communities/ihr_compensation/job_analysis__evaluation_and_grading//en/communities/legal/internet_related/

java.io.FileNotFoundException: http://www.hr.com/en/communities/ihr_compensation/job_analysis__evaluation_and_grading//en/communities/legal/legal_trends/

java.net.UnknownHostException: www.pcomsys.com

java.io.FileNotFoundException: http://www.hr.com/en/communities/ihr_compensation/job_analysis__evaluation_and_grading//en/communities/legal/legislation/

java.io.FileNotFoundException: http://www.hr.com/en/communities/ihr_compensation/job_analysis__evaluation_and_grading//en/communities/legal/legislation/canadian_legal_issues/

java.io.FileNotFoundException: http://www.hr.com/en/communities/ihr_compensation/job_analysis__evaluation_and_grading//en/communities/legal/legislation/international_legal_issues/

java.io.FileNotFoundException: http://www.hr.com/en/communities/ihr_compensation/job_analysis__evaluation_and_grading//en/communities/legal/legislation/u_s__based_legal_issues/

java.io.IOException: Server returned HTTP response code: 403 for URL: http://www.sedo.com/search/details.php4?domain=vtj.com&language=us&et_sub=1006&partnerid=14460&et_cid=13&et_lid=17473&origin=parking

java.io.FileNotFoundException: http://www.hr.com/en/communities/ihr_compensation/job_analysis__evaluation_and_grading//en/communities/legal/legislation/u_s__based_legal_issues/americans_with_disabilities_act/

java.io.FileNotFoundException: http://www.hr.com/en/communities/ihr_compensation/job_analysis__evaluation_and_grading//en/communities/legal/legislation/u_s__based_legal_issues/fmla/

java.io.FileNotFoundException: http://www.hr.com/en/communities/ihr_compensation/job_analysis__evaluation_and_grading//en/communities/legal/legislation/u_s__based_legal_issues/wage_and_hour/

java.io.FileNotFoundException: http://www.hr.com/en/communities/ihr_compensation/job_analysis__evaluation_and_grading//en/communities/legal/privacy/

java.net.MalformedURLException: no protocol: FreightPayment.html

java.net.MalformedURLException: no protocol: GlobalLogistics.html

java.io.FileNotFoundException: http://www.hr.com/en/communities/ihr_compensation/job_analysis__evaluation_and_grading//en/communities/legal/training_on_compliance/

java.net.MalformedURLException: no protocol: buildingonfoundation.html

java.net.MalformedURLException: no protocol: Virtualbid.html

java.net.MalformedURLException: no protocol: CarrierService.html

java.net.MalformedURLException: no protocol: consultingbrokerage.html

java.net.MalformedURLException: unknown protocol: javascript

java.net.UnknownServiceException: protocol doesn't support input

java.io.FileNotFoundException: http://vtl.com/pages/welcome.htm

java.io.FileNotFoundException: http://www.youtube.com/vtrchile

java.io.FileNotFoundException: http://www.hr.com/en/communities/ihr_compensation/incentives_measurement__reporting_and_analysis/incentives_planning_and_management//en/webcasts_events/webcasts/webcast_testimonials/

java.io.FileNotFoundException: http://www.hr.com/en/communities/ihr_compensation/incentives_measurement__reporting_and_analysis/incentives_planning_and_management//en/webcasts_events/webcasts/call_for_speakers/

java.io.FileNotFoundException: http://www.hr.com/en/communities/ihr_compensation/incentives_measurement__reporting_and_analysis/incentives_planning_and_management//en/webcasts_events/webcasts/call_for_speakers_third_party/

java.io.FileNotFoundException: http://www.hr.com/en/communities/ihr_compensation/incentives_measurement__reporting_and_analysis/incentives_planning_and_management//en/webcasts_events/webcasts/call_for_speakers_demo_days/

java.io.FileNotFoundException: http://www.hr.com/en/communities/ihr_compensation/incentives_measurement__reporting_and_analysis/incentives_planning_and_management//en/webcasts_events/virtual_events/

java.io.FileNotFoundException: http://www.hr.com/en/communities/ihr_compensation/incentives_measurement__reporting_and_analysis/incentives_planning_and_management//en/webcasts_events/virtual_events/upcoming_virtual_events/

java.io.FileNotFoundException: http://www.hr.com/en/communities/ihr_compensation/incentives_measurement__reporting_and_analysis/incentives_planning_and_management//en/webcasts_events/virtual_events/archived_virtual_events/

java.io.IOException: Server returned HTTP response code: 401 for URL: http://books.google.com/books?id=fl8cd15sc7wC&source=gbs_navlinks_s

java.io.IOException: Server returned HTTP response code: 401 for URL: http://books.google.com/books?id=qCh41lAvg8oC&source=gbs_navlinks_s

java.net.ConnectException: Connection refused

java.net.ConnectException: Connection refused

java.net.ConnectException: Connection refused

java.io.IOException: Server returned HTTP response code: 401 for URL: http://books.google.com/books?id=rZ0tAQAAIAAJ&source=gbs_navlinks_s

java.net.ConnectException: Connection refused

java.net.ConnectException: Connection refused

java.io.FileNotFoundException: http://www.hr.com/en/communities/ihr_compensation/job_analysis__evaluation_and_grading//en/communities/legal/termination/

java.io.IOException: Server returned HTTP response code: 401 for URL: http://books.google.com/books?id=bv4hzxpo424C&source=gbs_navlinks_s

java.io.FileNotFoundException: http://www.hr.com/en/communities/ihr_compensation/job_analysis__evaluation_and_grading//en/communities/legal/workplace_regulations/

java.io.IOException: Server returned HTTP response code: 401 for URL: http://books.google.com/books?id=T__DHAAACAAJ&source=gbs_navlinks_s

java.io.IOException: Server returned HTTP response code: 401 for URL: http://books.google.com/books?id=RSEPAAAAYAAJ&source=gbs_navlinks_s

java.io.IOException: Server returned HTTP response code: 401 for URL: http://books.google.com/books?id=o4IrhX7n66YC&source=gbs_navlinks_s

java.io.IOException: Server returned HTTP response code: 401 for URL: http://books.google.com/books?id=M7nMtaXdAS8C&source=gbs_navlinks_s

java.io.IOException: Server returned HTTP response code: 401 for URL: http://books.google.com/books?id=FOMUAQAAIAAJ&source=gbs_navlinks_s

java.io.IOException: Server returned HTTP response code: 401 for URL: http://books.google.com/books?id=KakcAAAAMAAJ&source=gbs_navlinks_s

java.net.UnknownServiceException: protocol doesn't support input

java.net.MalformedURLException: no protocol: komplette-webseiten.html

java.io.IOException: Server returned HTTP response code: 401 for URL: http://books.google.com/books?id=pqNGBEmHUd4C&source=gbs_navlinks_s

java.io.IOException: Server returned HTTP response code: 401 for URL: http://books.google.com/books?id=0KhVWQeRGJsC&source=gbs_navlinks_s

java.io.IOException: Server returned HTTP response code: 401 for URL: http://books.google.com/books?id=VVu_NwAACAAJ&dq=editions:MLexHQAACAAJ&hl=en&ei=Bbk3TrLMF5K7hAfqwPibAg&sa=X&oi=book_result&ct=result&resnum=2&ved=0CC4Q6AEwAQ

java.io.IOException: Server returned HTTP response code: 401 for URL: http://books.google.com/books?id=NubtDf2T3cAC&source=gbs_navlinks_s

java.io.IOException: Server returned HTTP response code: 401 for URL: http://books.google.com/books?id=TKUxyVCrYn0C&source=gbs_navlinks_s

java.io.IOException: Server returned HTTP response code: 401 for URL: http://books.google.com/books?id=aZk9XzqCFGUC&source=gbs_navlinks_s

java.io.IOException: Server returned HTTP response code: 401 for URL: http://books.google.com/books?id=Ml0BAAAAQAAJ&source=gbs_navlinks_s

java.io.IOException: Server returned HTTP response code: 401 for URL: http://books.google.com/books?id=9kfJ6MlMsJQC&source=gbs_navlinks_s

java.io.FileNotFoundException: http://www.hr.com/en/communities/ihr_compensation/incentives_measurement__reporting_and_analysis/incentives_planning_and_management//en/webcasts_events/virtual_events/host_your_own_virtual_event/

java.io.FileNotFoundException: http://www.hr.com/en/communities/ihr_compensation/incentives_measurement__reporting_and_analysis/incentives_planning_and_management//en/webcasts_events/virtual_events/sponsor_a_virtual_event/

java.io.FileNotFoundException: http://www.hr.com/en/communities/ihr_compensation/incentives_measurement__reporting_and_analysis/incentives_planning_and_management//en/webcasts_events/virtual_events/booth_training/

java.io.FileNotFoundException: http://www.hr.com/en/communities/ihr_compensation/incentives_measurement__reporting_and_analysis/incentives_planning_and_management//en/webcasts_events/live_upcoming_events/

java.io.FileNotFoundException: http://www.hr.com/en/communities/ihr_compensation/incentives_measurement__reporting_and_analysis/incentives_planning_and_management//en/webcasts_events/live_upcoming_events/hcm_investors_forum_2014/

java.io.FileNotFoundException: http://www.hr.com/en/communities/ihr_hr_in_california//en/communities/leadership/leadership_training_and_development/executive_education_programs__university_/

java.io.IOException: Server returned HTTP response code: 403 for URL: http://www.your-link-goes-here.com/

java.io.FileNotFoundException: http://www.vtw.com/feed/

java.io.FileNotFoundException: http://www.hr.com/en/communities/ihr_compensation/job_analysis__evaluation_and_grading//en/communities/legal/legal_compliance_in_india/

java.io.FileNotFoundException: http://www.vtw.com/help-desk-solutions/

java.io.FileNotFoundException: http://www.hr.com/en/communities/ihr_compensation/job_analysis__evaluation_and_grading//en/communities/onboarding_001/

java.net.MalformedURLException: unknown protocol: javascript

java.io.IOException: Server returned HTTP response code: 403 for URL: http://jigsaw.w3.org/css-validator/check/referer

java.io.IOException: Server returned HTTP response code: 403 for URL: http://www.togahotels.com/m/AdinaDe/

java.net.UnknownServiceException: protocol doesn't support input

java.io.FileNotFoundException: http://m.adina.de.com/uber-uns-mobile?switcher=true

java.io.IOException: Server returned HTTP response code: 400 for URL: http://www.godaddy.com?isc=gcpg9001c4&domain=VTY.COM

java.io.FileNotFoundException: http://www.hr.com/en/communities/ihr_compensation/job_analysis__evaluation_and_grading//en/communities/organizational_development/

java.io.FileNotFoundException: http://www.hr.com/en/communities/ihr_compensation/job_analysis__evaluation_and_grading//en/communities/organizational_development/career_and_succession_planning/

java.io.FileNotFoundException: http://www.douce-quietude.de.com/contact.html

java.io.FileNotFoundException: http://www.douce-quietude.de.com/locatifs-et-emplacements/location-mobile-home.html

java.io.FileNotFoundException: http://www.douce-quietude.de.com/locatifs-et-emplacements/location-mobile-home/le-cottage.html

java.io.FileNotFoundException: http://www.douce-quietude.de.com/locatifs-et-emplacements/location-mobile-home/confort.html

java.io.FileNotFoundException: http://www.douce-quietude.de.com/locatifs-et-emplacements/location-mobile-home/grand-confort.html

java.io.FileNotFoundException: http://www.douce-quietude.de.com/locatifs-et-emplacements/location-mobile-home/zen.html

java.io.FileNotFoundException: http://www.douce-quietude.de.com/locatifs-et-emplacements/location-mobile-home/zenith.html

java.io.FileNotFoundException: http://www.douce-quietude.de.com/locatifs-et-emplacements/location-mobile-home/grand-zenith.html

java.io.FileNotFoundException: http://www.douce-quietude.de.com/locatifs-et-emplacements/emplacements.html

java.io.FileNotFoundException: http://www.douce-quietude.de.com/informations-generales/galerie-photos.html

java.io.FileNotFoundException: http://www.douce-quietude.de.com/informations-generales/le-blog-dhelene.html

java.io.FileNotFoundException: http://www.douce-quietude.de.com/informations-generales/plan-du-camping.html

java.io.FileNotFoundException: http://www.douce-quietude.de.com/informations-generales/securite.html

java.net.MalformedURLException: no protocol: orlando/topic/hospitality/

java.io.FileNotFoundException: http://www.douce-quietude.de.com/services.html

java.io.FileNotFoundException: http://www.douce-quietude.de.com/formules.html

java.io.FileNotFoundException: http://www.douce-quietude.de.com/informations-generales/faq.html

java.net.MalformedURLException: unknown protocol: javascript

java.net.MalformedURLException: unknown protocol: javascript

java.net.MalformedURLException: unknown protocol: javascript

java.net.MalformedURLException: no protocol: website-diagramm.html

java.io.FileNotFoundException: http://www.douce-quietude.de.com/nos-partenaires.html

java.io.FileNotFoundException: http://www.douce-quietude.de.com/informations-generales/le-blog-dhelene.html?layout=blog

java.io.FileNotFoundException: http://www.douce-quietude.de.com/plan-du-site.html

java.io.FileNotFoundException: http://www.hr.com/en/communities/ihr_compensation/job_analysis__evaluation_and_grading//en/communities/organizational_development/change_management/

java.io.FileNotFoundException: http://www.douce-quietude.de.com/mentions-legales.html

java.io.FileNotFoundException: http://www.hr.com/en/communities/ihr_compensation/job_analysis__evaluation_and_grading//en/communities/organizational_development/communication_programs/

java.io.FileNotFoundException: http://www.hr.com/en/communities/ihr_compensation/job_analysis__evaluation_and_grading//en/communities/organizational_development/creativity_and_innovation/

java.io.FileNotFoundException: http://www.hr.com/en/communities/ihr_compensation/job_analysis__evaluation_and_grading//en/communities/organizational_development/decision_making/

java.io.FileNotFoundException: http://www.hr.com/en/communities/ihr_compensation/job_analysis__evaluation_and_grading//en/communities/organizational_development/diversity/

java.io.FileNotFoundException: http://www.hr.com/en/communities/ihr_compensation/job_analysis__evaluation_and_grading//en/communities/organizational_development/employee_satisfaction_engagement/

java.io.FileNotFoundException: http://www.hr.com/en/communities/ihr_compensation/job_analysis__evaluation_and_grading//en/communities/organizational_development/high_performing_teams/

java.io.FileNotFoundException: http://www.hr.com/en/communities/ihr_compensation/job_analysis__evaluation_and_grading//en/communities/organizational_development/job_design_telework/

java.io.FileNotFoundException: http://www.hr.com/en/communities/ihr_compensation/job_analysis__evaluation_and_grading//en/communities/organizational_development/knowledge_management/

java.io.FileNotFoundException: http://www.hr.com/en/communities/ihr_compensation/job_analysis__evaluation_and_grading//en/communities/organizational_development/measurement_of_culture_and_climate/

java.io.FileNotFoundException: http://www.hr.com/en/communities/ihr_compensation/incentives_measurement__reporting_and_analysis/incentives_planning_and_management//en/webcasts_events/live_upcoming_events/strategic_hcm_partnerships_2014/

java.io.FileNotFoundException: http://www.hr.com/en/communities/ihr_compensation/incentives_measurement__reporting_and_analysis/incentives_planning_and_management//en/webcasts_events/live_upcoming_events/strategic_hcm_analyst_forum_2014/

java.io.FileNotFoundException: http://www.hr.com/en/communities/ihr_compensation/incentives_measurement__reporting_and_analysis/incentives_planning_and_management//en/webcasts_events/live_upcoming_events/talent_acquisition_excellence_forum_2014/

java.io.FileNotFoundException: http://www.hr.com/en/communities/ihr_compensation/incentives_measurement__reporting_and_analysis/incentives_planning_and_management//en/webcasts_events/speaker_training/

java.io.FileNotFoundException: http://www.hr.com/en/communities/ihr_compensation/incentives_measurement__reporting_and_analysis/incentives_planning_and_management//en/resources/surveys/

java.io.FileNotFoundException: http://www.hr.com/en/communities/ihr_compensation/incentives_measurement__reporting_and_analysis/incentives_planning_and_management//en/resources/

java.io.FileNotFoundException: http://www.hr.com/en/communities/ihr_compensation/incentives_measurement__reporting_and_analysis/incentives_planning_and_management//en/resources/surveys/about_hr_market_intelligence/

java.io.FileNotFoundException: http://www.hr.com/en/communities/ihr_compensation/incentives_measurement__reporting_and_analysis/incentives_planning_and_management//en/resources/surveys/past_surveys/

java.io.FileNotFoundException: http://www.hr.com/en/communities/ihr_compensation/incentives_measurement__reporting_and_analysis/incentives_planning_and_management//en/resources/free_forms/

java.io.FileNotFoundException: http://www.hr.com/en/communities/ihr_compensation/incentives_measurement__reporting_and_analysis/incentives_planning_and_management//en/resources/free_forms/compliance_posters/

java.io.IOException: Server returned HTTP response code: 403 for URL: http://cortes.olx.hn

java.net.UnknownServiceException: protocol doesn't support input

java.io.FileNotFoundException: http://www.hr.com/en/communities/ihr_compensation/job_analysis__evaluation_and_grading//en/communities/organizational_development/mergers_and_acquisitions/

java.io.FileNotFoundException: http://www.hr.com/en/communities/ihr_compensation/job_analysis__evaluation_and_grading//en/communities/organizational_development/organizational_diagnosis/

java.net.MalformedURLException: no protocol: dienstleistung.html

java.net.MalformedURLException: no protocol: verlagsprogramm.html

java.net.MalformedURLException: no protocol: aufreisen.html

java.net.MalformedURLException: no protocol: onlineshop.html

java.io.FileNotFoundException: http://www.hr.com/en/communities/ihr_compensation/job_analysis__evaluation_and_grading//en/communities/organizational_development/re_engineering/

java.io.FileNotFoundException: http://www.hr.com/en/communities/ihr_compensation/job_analysis__evaluation_and_grading//en/communities/organizational_development/skills_competencies/

java.io.FileNotFoundException: http://www.hr.com/en/communities/ihr_compensation/job_analysis__evaluation_and_grading//en/communities/organizational_development/strategic_hr/

java.io.FileNotFoundException: http://www.hr.com/en/communities/ihr_compensation/job_analysis__evaluation_and_grading//en/communities/payroll_hris_hris_payroll__audits__compliance_and_risk_management_001/

java.net.MalformedURLException: no protocol: dl_elearning.html

java.net.MalformedURLException: no protocol: k_impressum.html

java.io.FileNotFoundException: http://www.anz.com/timorleste/timorleste/en/about-us/

java.io.FileNotFoundException: http://www.flickr.com/photos/topstreetwear/photos/topstreetwear/4812290040/

java.net.MalformedURLException: no protocol: templatemonster.com/templatetuning.php

java.net.MalformedURLException: no protocol: templatemonster.com/webdesign.php

java.net.MalformedURLException: no protocol: templatemonster.com/templatestorage.php

java.net.MalformedURLException: no protocol: templatemonster.com/site2you.php

java.net.MalformedURLException: no protocol: webseitekarte.html

java.net.MalformedURLException: no protocol: templatemonster.com/support.php

java.net.MalformedURLException: no protocol: affiliate-programm.html

java.net.MalformedURLException: no protocol: fragen-und-antworten.html

java.net.ConnectException: Connection refused

java.net.MalformedURLException: no protocol: website-templates.html

java.net.MalformedURLException: no protocol: e-commerce-templates.html

java.net.MalformedURLException: no protocol: blog-cms-templates.html

java.net.MalformedURLException: no protocol: probe-vorlagen.html

java.net.MalformedURLException: no protocol: search.html?category=140

java.net.MalformedURLException: no protocol: template-monster.html

java.net.MalformedURLException: no protocol: webseiten-vorlagen.html

java.net.MalformedURLException: no protocol: flash-templates.html

java.net.MalformedURLException: no protocol: intros-flash.html

java.net.MalformedURLException: no protocol: themen-phpnuke.html

java.net.MalformedURLException: no protocol: logos-templates.html

java.net.MalformedURLException: no protocol: virtuemart-templates.html

java.net.MalformedURLException: no protocol: corporate-identities.html

java.net.MalformedURLException: no protocol: geistige-eigentumsrechte.html

java.io.FileNotFoundException: http://www.hr.com/en/communities/ihr_compensation/incentives_measurement__reporting_and_analysis/incentives_planning_and_management//en/hr_careers/

java.io.FileNotFoundException: http://www.hr.com/en/communities/ihr_compensation/incentives_measurement__reporting_and_analysis/incentives_planning_and_management//en/certifications/

java.io.FileNotFoundException: http://www.hr.com/en/communities/ihr_compensation/incentives_measurement__reporting_and_analysis/incentives_planning_and_management//en/resources/wikis/

java.io.FileNotFoundException: http://www.unze.co.uk/women/sandals.html

java.io.FileNotFoundException: http://www.unze.co.uk/women/sandals/flat-sandals.html

java.io.FileNotFoundException: http://www.unze.co.uk/women/sandals/heels.html

java.io.FileNotFoundException: http://www.unze.co.uk/women/sandals/casual-wedges.html

java.io.FileNotFoundException: http://www.unze.co.uk/women/sandals/casual-heeled-slip-ons.html

java.io.FileNotFoundException: http://www.unze.co.uk/women/sandals/casual-flat-sandals.html

java.io.FileNotFoundException: http://www.unze.co.uk/women/sandals/evening-flat-sandals.html

java.io.FileNotFoundException: http://www.unze.co.uk/women/sandals/evening-wedges.html

java.io.FileNotFoundException: http://www.unze.co.uk/women/sandals/evening-sandals.html

java.io.FileNotFoundException: http://www.unze.co.uk/women/sandals/evening-heeled-sandals.html

java.io.FileNotFoundException: http://www.unze.co.uk/women/pumps.html

java.io.FileNotFoundException: http://www.unze.co.uk/women/pumps/pumps.html

java.io.FileNotFoundException: http://www.unze.co.uk/women/pumps/indian-slippers-khussa.html

java.io.FileNotFoundException: http://www.unze.co.uk/women/pumps/casual-pumps.html

java.io.FileNotFoundException: http://www.unze.co.uk/women/pumps/evening-pumps.html

java.io.FileNotFoundException: http://www.unze.co.uk/women/courts.html

java.io.FileNotFoundException: http://www.unze.co.uk/women/courts/casual-courts.html

java.io.FileNotFoundException: http://www.unze.co.uk/women/courts/evening-courts.html

java.io.FileNotFoundException: http://www.unze.co.uk/women/mules-amp-clogs/clogs.html

java.io.FileNotFoundException: http://www.unze.co.uk/women/slippers.html

java.io.FileNotFoundException: http://www.unze.co.uk/women/slippers/evening-slippers.html

java.io.FileNotFoundException: http://www.unze.co.uk/women/mules-amp-clogs.html

java.io.FileNotFoundException: http://www.unze.co.uk/women/slippers/casual-slippers.html

java.io.FileNotFoundException: http://www.unze.co.uk/women/boots.html

java.io.FileNotFoundException: http://www.unze.co.uk/women/boots/shoe-boots-evening.html

java.io.FileNotFoundException: http://www.unze.co.uk/women/boots/shoe-boots-casual.html

java.io.FileNotFoundException: http://www.unze.co.uk/women/boots/ankle-boots-casuals.html

java.io.FileNotFoundException: http://www.unze.co.uk/women/boots/ankle-boots-evening.html

java.io.FileNotFoundException: http://www.unze.co.uk/women/boots/boots.html

java.io.FileNotFoundException: http://www.unze.co.uk/women/boots/knee-high-boots-casual.html

java.io.FileNotFoundException: http://www.unze.co.uk/women/boots/knee-high-boots-evening.html

java.io.FileNotFoundException: http://www.unze.co.uk/accessories/shoe-care/comfort-gel.html

java.io.FileNotFoundException: http://www.unze.co.uk/accessories/shoe-care.html

java.io.FileNotFoundException: http://www.unze.co.uk/accessories/shoe-care/heel-grip.html

java.io.FileNotFoundException: http://www.unze.co.uk/accessories/shoe-care/insole.html

java.io.FileNotFoundException: http://www.unze.co.uk/accessories/shoe-care/suede-cleaner.html

java.io.FileNotFoundException: http://www.unze.co.uk/accessories/shoe-care/shoe-polish.html

java.io.FileNotFoundException: http://www.unze.co.uk/accessories/unze-casual-scarves.html

java.io.FileNotFoundException: http://www.unze.co.uk/accessories/unze-casual-scarves/casual-scarf.html

java.io.FileNotFoundException: http://www.unze.co.uk/accessories/jewellery/bracelets.html

java.io.FileNotFoundException: http://www.unze.co.uk/accessories/jewellery.html

java.io.FileNotFoundException: http://www.unze.co.uk/accessories/jewellery/necklace.html

java.io.FileNotFoundException: http://www.unze.co.uk/accessories/bags/casual-bags.html

java.io.FileNotFoundException: http://www.unze.co.uk/accessories/bags/formal-bags.html

java.io.FileNotFoundException: http://www.unze.co.uk/accessories/bags/high-fashion-bags.html

java.io.FileNotFoundException: http://www.unze.co.uk/accessories/ladies-accessories/comfort-gel.html

java.io.FileNotFoundException: http://www.unze.co.uk/men.html

java.io.FileNotFoundException: http://www.unze.co.uk/men/mules-amp-clogs.html

java.io.FileNotFoundException: http://www.unze.co.uk/men/sandals.html

java.io.FileNotFoundException: http://www.unze.co.uk/men/mules-amp-clogs/clogs.html

java.io.FileNotFoundException: http://www.unze.co.uk/men/sandals/casual-sandals.html

java.io.FileNotFoundException: http://www.unze.co.uk/men/slippers.html

java.io.FileNotFoundException: http://www.unze.co.uk/men/slippers/casual-slippers.html

java.io.FileNotFoundException: http://www.unze.co.uk/men/khussa-indian-slippers.html

java.io.FileNotFoundException: http://www.unze.co.uk/men/khussa-indian-slippers/turn-up-khussa.html

java.io.FileNotFoundException: http://www.unze.co.uk/men/sneaker/casual-lace-up.html

java.io.FileNotFoundException: http://www.unze.co.uk/men/khussa-indian-slippers/slip-on-khussa.html

java.io.FileNotFoundException: http://www.unze.co.uk/men/sneaker.html

java.io.FileNotFoundException: http://www.unze.co.uk/men/casual-shoes.html

java.io.FileNotFoundException: http://www.unze.co.uk/men/casual-shoes/casual-slip-on-shoes.html

java.io.FileNotFoundException: http://www.unze.co.uk/kids/characters.html

java.io.FileNotFoundException: http://www.unze.co.uk/kids.html

java.io.FileNotFoundException: http://www.unze.co.uk/kids/characters/thomas.html

java.io.FileNotFoundException: http://www.unze.co.uk/kids/characters/chuggington.html

java.io.FileNotFoundException: http://www.unze.co.uk/kids/characters/dora.html

java.io.FileNotFoundException: http://www.unze.co.uk/kids/boys.html

java.io.FileNotFoundException: http://www.unze.co.uk/kids/boys/khussa-indian-pumps.html

java.io.FileNotFoundException: http://www.unze.co.uk/kids/boys/shoes.html

java.io.FileNotFoundException: http://www.unze.co.uk/kids/boys/school-shoes.html

java.io.FileNotFoundException: http://www.unze.co.uk/kids/boys/sandals.html

java.io.FileNotFoundException: http://www.unze.co.uk/kids/girls.html

java.io.FileNotFoundException: http://www.unze.co.uk/kids/girls/casual-sandals.html

java.io.FileNotFoundException: http://www.unze.co.uk/kids/girls/casual-shoes.html

java.io.FileNotFoundException: http://www.unze.co.uk/kids/girls/evening-sandals.html

java.io.FileNotFoundException: http://www.unze.co.uk/kids/girls/casual-snow-boots.html

java.io.FileNotFoundException: http://www.unze.co.uk/kids/girls/evening-slippers.html

java.io.FileNotFoundException: http://www.unze.co.uk/kids/girls/pumps-indian-khussa.html

java.io.FileNotFoundException: http://www.unze.co.uk/kids/infants/pumps-indian-slippers.html

java.io.FileNotFoundException: http://www.unze.co.uk/kids/infants.html

java.io.FileNotFoundException: http://www.unze.co.uk/kids/infants/casual-shoes.html

java.io.FileNotFoundException: http://www.unze.co.uk/kids/mules-amp-clogs/clogs.html

java.io.FileNotFoundException: http://www.unze.co.uk/kids/mules-amp-clogs.html

java.io.FileNotFoundException: http://www.hr.com/en/communities/ihr_compensation/job_analysis__evaluation_and_grading//en/communities/performance_management/

java.io.FileNotFoundException: http://www.hr.com/en/communities/ihr_compensation/job_analysis__evaluation_and_grading//en/communities/performance_management/cascading_goals/

java.io.FileNotFoundException: http://www.hr.com/en/communities/ihr_compensation/job_analysis__evaluation_and_grading//en/communities/performance_management/competencies/

java.io.FileNotFoundException: http://www.hr.com/en/communities/ihr_compensation/job_analysis__evaluation_and_grading//en/communities/performance_management/culture/

java.net.UnknownServiceException: protocol doesn't support input

java.io.IOException: Server returned HTTP response code: 400 for URL: http://www.providesupport.com?messenger=01hr1xbjb0pmn15kuejt3gzuph

java.io.FileNotFoundException: http://www.hr.com/en/communities/ihr_compensation/job_analysis__evaluation_and_grading//en/communities/performance_management/feedback_processes/

java.io.FileNotFoundException: http://www.hr.com/en/communities/ihr_compensation/job_analysis__evaluation_and_grading//en/communities/performance_management/job_description/

java.io.FileNotFoundException: http://www.hr.com/en/communities/ihr_compensation/job_analysis__evaluation_and_grading//en/communities/performance_management/motivation/

java.io.FileNotFoundException: http://www.hr.com/en/communities/ihr_compensation/job_analysis__evaluation_and_grading//en/communities/performance_management/legal_compliance/

java.io.FileNotFoundException: http://www.hr.com/en/communities/ihr_compensation/job_analysis__evaluation_and_grading//en/communities/performance_management/pay_for_performance/

java.net.MalformedURLException: no protocol: about-vulcan

java.net.MalformedURLException: no protocol: about-vulcan/history

java.net.MalformedURLException: no protocol: about-vulcan/mission-and-values

java.net.MalformedURLException: no protocol: about-vulcan/leadership

java.net.MalformedURLException: no protocol: about-vulcan/corporate-office

java.net.MalformedURLException: no protocol: about-vulcan/industry-links

java.net.MalformedURLException: no protocol: about-vulcan/careers

java.net.MalformedURLException: no protocol: construction-materials

java.net.MalformedURLException: no protocol: construction-materials/product-sales

java.net.MalformedURLException: no protocol: construction-materials/products-and-services

java.net.MalformedURLException: no protocol: construction-materials/suppliers

java.net.MalformedURLException: no protocol: construction-materials/facilities-map

java.net.MalformedURLException: no protocol: construction-materials/operating-groups

java.net.MalformedURLException: no protocol: construction-materials/product-calculators

java.net.MalformedURLException: no protocol: construction-materials/credit-applications

java.net.MalformedURLException: no protocol: construction-materials/material-safety-data-sheets

java.net.MalformedURLException: no protocol: investor-relations

java.net.MalformedURLException: no protocol: sustainability/commitment-to-sustainability

java.net.MalformedURLException: no protocol: sustainability/safety-health-environment

java.net.MalformedURLException: no protocol: sustainability/people

java.net.MalformedURLException: no protocol: sustainability/community

java.net.MalformedURLException: no protocol: sustainability/teacher-center

java.io.FileNotFoundException: http://www.hr.com/en/communities/ihr_compensation/incentives_measurement__reporting_and_analysis/incentives_planning_and_management//en/certifications/ihr_certification/

java.io.FileNotFoundException: http://www.hr.com/en/communities/ihr_compensation/incentives_measurement__reporting_and_analysis/incentives_planning_and_management//en/certifications/ihr_certification/training_testing/

java.io.FileNotFoundException: http://www.hr.com/en/communities/ihr_compensation/incentives_measurement__reporting_and_analysis/incentives_planning_and_management//en/certifications/ihr_certification/faq/

java.io.FileNotFoundException: http://www.hr.com/en/communities/ihr_compensation/incentives_measurement__reporting_and_analysis/incentives_planning_and_management//en/certifications/programs_offered/

java.io.FileNotFoundException: http://www.hr.com/en/communities/ihr_compensation/incentives_measurement__reporting_and_analysis/incentives_planning_and_management//en/certifications/hrci/

java.io.FileNotFoundException: http://www.hr.com/en/communities/ihr_compensation/incentives_measurement__reporting_and_analysis/incentives_planning_and_management//en/certifications/worldatwork/

java.io.FileNotFoundException: http://www.hr.com/en/communities/ihr_compensation/incentives_measurement__reporting_and_analysis/incentives_planning_and_management//en/certifications/call_for_speakers/

java.io.FileNotFoundException: http://www.hr.com/en/communities/ihr_compensation/incentives_measurement__reporting_and_analysis/incentives_planning_and_management//en/certifications/sponsorships/

java.io.FileNotFoundException: http://www.hr.com/en/communities/ihr_compensation/incentives_measurement__reporting_and_analysis/incentives_planning_and_management//en/certifications/why_certify_demo/

java.io.FileNotFoundException: http://www.hr.com/en/communities/ihr_compensation/incentives_measurement__reporting_and_analysis/incentives_planning_and_management//en/certifications/phr_sphr_certification_prep_course/

java.io.FileNotFoundException: http://www.hr.com/en/communities/ihr_compensation/incentives_measurement__reporting_and_analysis/incentives_planning_and_management//en/hr_com_store/

java.io.FileNotFoundException: http://www.hr.com/en/communities/ihr_compensation/incentives_measurement__reporting_and_analysis/incentives_planning_and_management//en/topleaders/

java.io.FileNotFoundException: http://www.hr.com/en/communities/ihr_compensation/incentives_measurement__reporting_and_analysis/incentives_planning_and_management//en/topleaders/top_leaders_in_leadership/

java.io.FileNotFoundException: http://www.hr.com/en/communities/ihr_compensation/incentives_measurement__reporting_and_analysis/incentives_planning_and_management//en/topleaders/top_leaders_in_leadership/leadership_excellence_essentials/

java.io.FileNotFoundException: http://www.hr.com/en/communities/ihr_compensation/incentives_measurement__reporting_and_analysis/incentives_planning_and_management//en/topleaders/top_leaders_in_leadership/personal_excellence_essentials/

java.io.FileNotFoundException: http://www.hr.com/en/communities/ihr_compensation/incentives_measurement__reporting_and_analysis/incentives_planning_and_management//en/topleaders/top_leaders_in_leadership/sales_service_excellence_essentials/

java.io.FileNotFoundException: http://www.hr.com/en/communities/ihr_compensation/incentives_measurement__reporting_and_analysis/incentives_planning_and_management//en/topleaders/top_leaders_in_leadership/about_us/

java.io.FileNotFoundException: http://www.hr.com/en/communities/ihr_compensation/incentives_measurement__reporting_and_analysis/incentives_planning_and_management//en/topleaders/top_leaders_in_leadership/forum/

java.io.FileNotFoundException: http://www.hr.com/en/communities/ihr_compensation/incentives_measurement__reporting_and_analysis/incentives_planning_and_management//en/topleaders/top_leaders_in_leadership/awards/

java.io.FileNotFoundException: http://www.hr.com/en/communities/ihr_compensation/incentives_measurement__reporting_and_analysis/incentives_planning_and_management//en/topleaders/top_leaders_in_leadership/contact_us/

java.io.FileNotFoundException: http://www.hr.com/en/communities/ihr_compensation/incentives_measurement__reporting_and_analysis/incentives_planning_and_management//en/topleaders/all_articles/

java.io.FileNotFoundException: http://www.hr.com/en/communities/ihr_compensation/incentives_measurement__reporting_and_analysis/incentives_planning_and_management//en/topleaders/essentials/

java.io.FileNotFoundException: http://www.hr.com/en/communities/ihr_compensation/incentives_measurement__reporting_and_analysis/incentives_planning_and_management//en/topleaders/interactive_content/

java.io.IOException: Server returned HTTP response code: 403 for URL: http://www.hr.com/en/communities/ihr_compensation/incentives_measurement__reporting_and_analysis/incentives_planning_and_management//en?t=/network/search/index&s=AujVT6CkDmAiuLFYwe&online=1&special=1

java.io.FileNotFoundException: http://www.industryweek.com/procurement/midyear-service-centers-shipments-declining/iw-best-plants/zebra-technologies-2013-iw-best-plants-conference

java.io.FileNotFoundException: http://www.hr.com/en/communities/ihr_hr_in_california//en/communities/leadership/leadership_training_and_development/mentoring/

java.io.FileNotFoundException: http://www.hr.com/en/communities/ihr_hr_in_california//en/communities/leadership/leadership_training_and_development/train_your_leaders/

java.io.FileNotFoundException: http://www.hr.com/en/communities/ihr_hr_in_california//en/communities/leadership/leading_change/

java.io.FileNotFoundException: http://www.hr.com/en/communities/ihr_compensation/job_analysis__evaluation_and_grading//en/communities/performance_management/pm_assessment/

java.io.FileNotFoundException: http://www.hr.com/en/communities/ihr_compensation/job_analysis__evaluation_and_grading//en/communities/performance_management/pm_metrics/

java.io.FileNotFoundException: http://www.hr.com/en/communities/ihr_compensation/job_analysis__evaluation_and_grading//en/communities/performance_management/pm_retention/

java.io.FileNotFoundException: http://www.hr.com/en/communities/ihr_compensation/job_analysis__evaluation_and_grading//en/communities/performance_management/pm_succession_planning/

java.io.FileNotFoundException: http://www.hr.com/en/communities/ihr_compensation/job_analysis__evaluation_and_grading//en/communities/performance_management/technology/

java.io.FileNotFoundException: http://www.hr.com/en/communities/ihr_compensation/job_analysis__evaluation_and_grading//en/communities/recruitment_process_outsourcing_001/

java.io.FileNotFoundException: http://www.hr.com/en/communities/ihr_compensation/job_analysis__evaluation_and_grading//en/communities/performance_management/performance_reviews/

java.io.FileNotFoundException: http://www.hr.com/en/communities/ihr_compensation/job_analysis__evaluation_and_grading//en/communities/rewards_and_recognition_001/

java.io.FileNotFoundException: http://www.hr.com/en/communities/ihr_compensation/job_analysis__evaluation_and_grading//en/communities/social_media_and_employee_communications_001/

java.io.FileNotFoundException: http://www.hr.com/en/communities/ihr_compensation/job_analysis__evaluation_and_grading//en/communities/social_media_and_employee_communications_001/change_management/

java.io.FileNotFoundException: http://www.hr.com/en/communities/ihr_compensation/job_analysis__evaluation_and_grading//en/communities/social_media_and_employee_communications_001/training_learning_development/

java.io.FileNotFoundException: http://www.hr.com/en/communities/ihr_compensation/job_analysis__evaluation_and_grading//en/communities/social_media_and_employee_communications_001/strategic_tactical_leadership/

java.io.FileNotFoundException: http://www.hr.com/en/communities/ihr_compensation/job_analysis__evaluation_and_grading//en/communities/social_media_and_employee_communications_001/employee_communication/

java.io.FileNotFoundException: http://www.hr.com/en/communities/ihr_compensation/job_analysis__evaluation_and_grading//en/communities/social_media_and_employee_communications_001/employment_brand/

java.io.FileNotFoundException: http://www.hr.com/en/communities/ihr_compensation/job_analysis__evaluation_and_grading//en/communities/social_media_and_employee_communications_001/recruitment_retention/

java.io.FileNotFoundException: http://www.hr.com/en/communities/ihr_compensation/job_analysis__evaluation_and_grading//en/communities/social_media_and_employee_communications_001/culture/

java.io.FileNotFoundException: http://www.hr.com/en/communities/ihr_compensation/job_analysis__evaluation_and_grading//en/communities/social_media_and_employee_communications_001/external_social_networks/

java.io.FileNotFoundException: http://www.hr.com/en/communities/ihr_compensation/job_analysis__evaluation_and_grading//en/communities/social_media_and_employee_communications_001/internal_social_networks/

java.io.FileNotFoundException: http://www.hr.com/en/communities/ihr_compensation/job_analysis__evaluation_and_grading//en/communities/social_media_and_employee_communications_001/social_media_employee_communications_policies_procedures/

java.io.FileNotFoundException: http://www.hr.com/en/communities/ihr_compensation/job_analysis__evaluation_and_grading//en/communities/social_media_and_employee_communications_001/social_media_employee_communications_legal_compliance/

java.io.FileNotFoundException: http://www.hr.com/en/communities/ihr_compensation/job_analysis__evaluation_and_grading//en/communities/social_media_and_employee_communications_001/social_media_employee_communications_metrics/

java.io.FileNotFoundException: http://www.hr.com/en/communities/ihr_compensation/job_analysis__evaluation_and_grading//en/communities/social_media_and_employee_communications_001/social_media_employee_communications_tools_technology/

java.io.FileNotFoundException: http://www.hr.com/en/communities/ihr_compensation/job_analysis__evaluation_and_grading//en/communities/staffing_and_recruitment/

java.io.FileNotFoundException: http://www.hr.com/en/communities/ihr_compensation/job_analysis__evaluation_and_grading//en/communities/staffing_and_recruitment/career_transitions_and_outplacement/

java.io.FileNotFoundException: http://www.hr.com/en/communities/ihr_compensation/job_analysis__evaluation_and_grading//en/communities/staffing_and_recruitment/affirmative_action_eeo_diversity/

java.io.FileNotFoundException: http://www.hr.com/en/communities/ihr_compensation/job_analysis__evaluation_and_grading//en/communities/staffing_and_recruitment/corporate_career_portal/

java.io.FileNotFoundException: http://www.hr.com/en/communities/ihr_compensation/job_analysis__evaluation_and_grading//en/communities/staffing_and_recruitment/competency_modeling/

java.io.FileNotFoundException: http://www.hr.com/en/communities/ihr_compensation/job_analysis__evaluation_and_grading//en/communities/staffing_and_recruitment/corporate_career_portal/corporate_branding_employer_branding/

java.io.FileNotFoundException: http://www.hr.com/en/communities/ihr_compensation/job_analysis__evaluation_and_grading//en/communities/staffing_and_recruitment/corporate_career_portal/internet_and_job_tools_courses/

java.io.FileNotFoundException: http://www.hr.com/en/communities/ihr_compensation/job_analysis__evaluation_and_grading//en/communities/staffing_and_recruitment/employment_applications/

java.io.FileNotFoundException: http://www.hr.com/en/communities/ihr_compensation/job_analysis__evaluation_and_grading//en/communities/staffing_and_recruitment/employment_applications/reference_checking/

java.io.FileNotFoundException: http://www.hr.com/en/communities/ihr_compensation/job_analysis__evaluation_and_grading//en/communities/staffing_and_recruitment/corporate_career_portal/online_media_job_boards/

java.io.FileNotFoundException: http://www.hr.com/en/communities/hr_in_canada/canadian_masters_in_hr_strategy_execution//en/communities/leadership/corporate_governance/

java.io.FileNotFoundException: http://www.hr.com/en/communities/hr_in_canada/canadian_masters_in_hr_strategy_execution//en/communities/leadership/developing_organizational_leadership_capabilities/

java.io.FileNotFoundException: http://www.hr.com/en/communities/hr_in_canada/canadian_masters_in_hr_strategy_execution//en/communities/leadership/global_leadership/

java.io.FileNotFoundException: http://www.hr.com/en/communities/hr_in_canada/canadian_masters_in_hr_strategy_execution//en/communities/leadership/hr_leadership/

java.io.FileNotFoundException: http://www.hr.com/en/communities/hr_in_canada/canadian_masters_in_hr_strategy_execution//en/communities/leadership/hr_leadership/diversity_leadership/

java.io.FileNotFoundException: http://www.hr.com/en/communities/hr_in_canada/canadian_masters_in_hr_strategy_execution//en/communities/leadership/hr_leadership/managers_as_leaders/

java.io.FileNotFoundException: http://www.hr.com/en/communities/hr_in_canada/canadian_masters_in_hr_strategy_execution//en/communities/leadership/hr_leadership/women_in_leadership/

java.io.IOException: Server returned HTTP response code: 403 for URL: http://validator.w3.org/check/referer

java.net.MalformedURLException: no protocol: ./index.php?x=rss

java.net.MalformedURLException: no protocol: ./index.php?x=atom

java.io.FileNotFoundException: http://www.hr.com/en/communities/hr_in_canada/canadian_masters_in_hr_strategy_execution//en/communities/leadership/leadership_assessments/

java.net.MalformedURLException: no protocol: ./Lab_FullScreen/index0.html

java.io.FileNotFoundException: http://www.hr.com/en/communities/hr_in_canada/canadian_masters_in_hr_strategy_execution//en/communities/leadership/leadership_competencies/

java.io.FileNotFoundException: http://www.hr.com/en/communities/hr_in_canada/canadian_masters_in_hr_strategy_execution//en/communities/leadership/leadership_competencies/collaboration/

java.net.UnknownServiceException: protocol doesn't support input

java.net.UnknownServiceException: protocol doesn't support input

java.net.UnknownServiceException: protocol doesn't support input

java.net.MalformedURLException: no protocol: legal/index.html

java.io.FileNotFoundException: http://www.hr.com/en/communities/ihr_compensation/job_analysis__evaluation_and_grading//en/communities/staffing_and_recruitment/employment_applications/screening__assessment_and_testing/

java.io.FileNotFoundException: http://www.hr.com/en/communities/ihr_compensation/job_analysis__evaluation_and_grading//en/communities/staffing_and_recruitment/employment_applications/screening__assessment_and_testing/assessment/

java.io.FileNotFoundException: http://www.hr.com/en/communities/ihr_hr_in_california//en/communities/leadership/leading_change/empowerment/

java.net.MalformedURLException: no protocol: ./html/_trucks.html

java.net.MalformedURLException: no protocol: ./html/webcast.html

java.net.MalformedURLException: no protocol: ./html/services.html

java.net.MalformedURLException: no protocol: ./html/about_us.html

java.io.FileNotFoundException: http://www.beltonjournal.com

java.net.MalformedURLException: no protocol: ../satid.pdf

java.net.ConnectException: Connection timed out

java.net.ConnectException: Connection timed out

java.net.ConnectException: Connection timed out

java.net.ConnectException: Connection timed out

java.net.ConnectException: Connection timed out

java.io.FileNotFoundException: http://www.hr.com/en/communities/ihr_compensation/job_analysis__evaluation_and_grading//en/communities/staffing_and_recruitment/employment_applications/screening__assessment_and_testing/assessment/technology_based_assessment_systems/

java.io.FileNotFoundException: http://www.hr.com/en/communities/ihr_compensation/job_analysis__evaluation_and_grading//en/communities/staffing_and_recruitment/employment_applications/screening__assessment_and_testing/assessment/assessment_centers/

java.net.MalformedURLException: unknown protocol: javascript

java.io.FileNotFoundException: http://www.hr.com/en/communities/ihr_compensation/job_analysis__evaluation_and_grading//en/communities/staffing_and_recruitment/employment_applications/screening__assessment_and_testing/screening/

java.net.MalformedURLException: unknown protocol: javascript

java.io.FileNotFoundException: http://www.hr.com/en/communities/ihr_compensation/job_analysis__evaluation_and_grading//en/communities/staffing_and_recruitment/employment_applications/screening__assessment_and_testing/screening/structured_interviews/

java.io.FileNotFoundException: http://www.hr.com/en/communities/ihr_compensation/job_analysis__evaluation_and_grading//en/communities/staffing_and_recruitment/employment_applications/screening__assessment_and_testing/screening/person_job_fit/

java.io.FileNotFoundException: http://www.hr.com/en/communities/ihr_compensation/job_analysis__evaluation_and_grading//en/communities/staffing_and_recruitment/employment_applications/screening__assessment_and_testing/screening/person_job_fit//

java.io.FileNotFoundException: http://www.hr.com/en/communities/ihr_compensation/job_analysis__evaluation_and_grading//en/communities/staffing_and_recruitment/employment_applications/screening__assessment_and_testing/screening/situational_judgement/

java.io.FileNotFoundException: http://www.valuevacationrentals.com/vacation-rentals/8805/

java.io.FileNotFoundException: http://www.valuevacationrentals.com/vacation-rentals/8541/

java.net.MalformedURLException: unknown protocol: javascript

java.io.FileNotFoundException: http://www.hr.com/en/communities/ihr_compensation/job_analysis__evaluation_and_grading//en/communities/staffing_and_recruitment/employment_applications/screening__assessment_and_testing/screening/biodata/

java.io.FileNotFoundException: http://www.hr.com/en/communities/ihr_compensation/job_analysis__evaluation_and_grading//en/communities/staffing_and_recruitment/employment_applications/screening__assessment_and_testing/testing/

java.io.FileNotFoundException: http://www.hr.com/en/communities/ihr_compensation/job_analysis__evaluation_and_grading//en/communities/staffing_and_recruitment/employment_applications/screening__assessment_and_testing/screening/automated_qualifications_screening/

java.io.FileNotFoundException: http://www.hr.com/en/communities/ihr_compensation/job_analysis__evaluation_and_grading//en/communities/staffing_and_recruitment/employment_applications/screening__assessment_and_testing/testing/innovations_in_testing/

java.io.FileNotFoundException: http://www.hr.com/en/communities/ihr_compensation/job_analysis__evaluation_and_grading//en/communities/staffing_and_recruitment/employment_applications/screening__assessment_and_testing/testing/test_validation/

java.io.FileNotFoundException: http://www.hr.com/en/communities/ihr_compensation/job_analysis__evaluation_and_grading//en/communities/staffing_and_recruitment/employment_applications/screening__assessment_and_testing/testing/knowledge_skills_testing/

java.io.FileNotFoundException: http://www.hr.com/en/communities/ihr_compensation/job_analysis__evaluation_and_grading//en/communities/staffing_and_recruitment/employment_applications/screening__assessment_and_testing/testing/behavioral_based_testing/

java.io.FileNotFoundException: http://www.hr.com/en/communities/ihr_compensation/job_analysis__evaluation_and_grading//en/communities/staffing_and_recruitment/employment_applications/screening__assessment_and_testing/testing/cognitive_ability_testing/

java.io.FileNotFoundException: http://www.hr.com/en/communities/ihr_compensation/job_analysis__evaluation_and_grading//en/communities/staffing_and_recruitment/employment_applications/screening__assessment_and_testing/testing/personality_testing/

java.io.FileNotFoundException: http://www.hr.com/en/communities/ihr_compensation/job_analysis__evaluation_and_grading//en/communities/staffing_and_recruitment/employment_applications/screening__assessment_and_testing/testing/test_development/

java.io.FileNotFoundException: http://www.hr.com/en/communities/ihr_compensation/job_analysis__evaluation_and_grading//en/communities/staffing_and_recruitment/employment_contracts/

java.io.FileNotFoundException: http://www.hr.com/en/communities/ihr_compensation/job_analysis__evaluation_and_grading//en/communities/staffing_and_recruitment/expatriate_selection/

java.io.FileNotFoundException: http://www.hr.com/en/communities/ihr_compensation/job_analysis__evaluation_and_grading//en/communities/staffing_and_recruitment/job_analysis__evaluation_and_grading/

java.io.FileNotFoundException: http://www.hr.com/en/communities/ihr_compensation/job_analysis__evaluation_and_grading//en/communities/staffing_and_recruitment/job_analysis__evaluation_and_grading/job_descriptions/

java.io.FileNotFoundException: http://www.hr.com/en/communities/ihr_compensation/job_analysis__evaluation_and_grading//en/communities/staffing_and_recruitment/job_analysis__evaluation_and_grading/salary_surveys/

java.io.FileNotFoundException: http://www.hr.com/en/communities/ihr_compensation/job_analysis__evaluation_and_grading//en/communities/staffing_and_recruitment/job_analysis__evaluation_and_grading/job_requisitions/

java.io.FileNotFoundException: http://www.hr.com/en/communities/ihr_compensation/job_analysis__evaluation_and_grading//en/communities/staffing_and_recruitment/online_staffing__and_sourcing/

java.io.FileNotFoundException: http://www.hr.com/en/communities/ihr_compensation/job_analysis__evaluation_and_grading//en/communities/staffing_and_recruitment/labor_trends/

java.io.FileNotFoundException: http://www.hr.com/en/communities/ihr_compensation/job_analysis__evaluation_and_grading//en/communities/staffing_and_recruitment/online_staffing__and_sourcing/corporate_website/best_practices/

java.io.FileNotFoundException: http://www.hr.com/en/communities/ihr_compensation/job_analysis__evaluation_and_grading//en/communities/staffing_and_recruitment/online_staffing__and_sourcing/corporate_website/

java.io.FileNotFoundException: http://www.hr.com/en/communities/ihr_compensation/job_analysis__evaluation_and_grading//en/communities/staffing_and_recruitment/online_staffing__and_sourcing/corporate_website/candidate_experience/

java.io.FileNotFoundException: http://www.hr.com/en/communities/ihr_compensation/job_analysis__evaluation_and_grading//en/communities/staffing_and_recruitment/online_staffing__and_sourcing/workforce_planning/

java.io.FileNotFoundException: http://www.hr.com/en/communities/ihr_compensation/job_analysis__evaluation_and_grading//en/communities/staffing_and_recruitment/online_staffing__and_sourcing/workforce_planning/labor_market_stats/

java.io.FileNotFoundException: http://www.hr.com/en/communities/ihr_compensation/job_analysis__evaluation_and_grading//en/communities/staffing_and_recruitment/online_staffing__and_sourcing/workforce_planning/talent_gaps/

java.io.FileNotFoundException: http://www.hr.com/en/communities/ihr_compensation/job_analysis__evaluation_and_grading//en/communities/staffing_and_recruitment/online_staffing__and_sourcing/workforce_planning/competitive_intelligence/

java.net.MalformedURLException: no protocol: BASE/people.html

java.io.IOException: Server returned HTTP response code: 403 for URL: http://www.sedo.com/search/details.php4?domain=vvz.com&language=us&et_sub=668&partnerid=14460&et_cid=13&et_lid=17473&origin=parking

java.net.MalformedURLException: no protocol: BASE/work.html

java.net.MalformedURLException: no protocol: BASE/clients.html

java.io.FileNotFoundException: http://www.hr.com/en/communities/ihr_hr_in_california//en/communities/leadership/leading_others/

java.net.MalformedURLException: no protocol: BASE/contact.html

java.net.MalformedURLException: no protocol: BASE/thinking.html

java.net.MalformedURLException: no protocol: BASE/designlab.html

java.net.MalformedURLException: no protocol: BASE/vwk_work/w_nmdot_1.html

java.net.MalformedURLException: no protocol: BASE/vwk_work/w_metrolink_1.html

java.net.UnknownServiceException: protocol doesn't support input

java.net.UnknownServiceException: protocol doesn't support input

java.io.FileNotFoundException: http://www.vwd.com/vwd/markt.htm?u=0&k=0

java.io.FileNotFoundException: http://www.vwd.com/vwd/unternehmen.htm?u=0&k=0

java.io.FileNotFoundException: http://www.vwd.com/vwd/produkte.htm?u=0&k=0

java.io.FileNotFoundException: http://www.vwd.com/vwd/veranstaltungen.htm?u=0&k=0&sektion=uebersicht

java.io.FileNotFoundException: http://www.vwd.com/vwd/investor_relations.htm?u=0&k=0

java.io.FileNotFoundException: http://www.vwd.com/vwd/login.htm?u=0&k=0

java.io.FileNotFoundException: http://www.vwd.com/vwd/support.htm?u=0&k=0&sektion=aktuelles

java.io.FileNotFoundException: http://www.vwd.com/vwd/produkte.htm?language=GB

java.io.FileNotFoundException: http://www.vwd.com/vwd/produkte.htm?u=0&k=0&language=DE&sektion=4&seite=produkt&produktid=179

java.io.FileNotFoundException: http://www.vwd.com/vwd/kontakt.htm?u=0&k=0&sektion=kontaktseite

java.io.FileNotFoundException: http://www.vwd.com/vwd/unternehmen.htm?u=0&k=0&sektion=presse

java.io.FileNotFoundException: http://www.hr.com/en/communities/ihr_compensation/job_analysis__evaluation_and_grading//en/communities/staffing_and_recruitment/online_staffing__and_sourcing/sourcing/

java.io.IOException: Server returned HTTP response code: 503 for URL: http://www.moneyspecial.de/fonds_kag.htn?sektion=suche&alphabet=K

java.io.IOException: Server returned HTTP response code: 503 for URL: http://www.moneyspecial.de/fonds_kag.htn?sektion=suche&alphabet=M

java.io.IOException: Server returned HTTP response code: 503 for URL: http://www.moneyspecial.de/fonds_kag.htn?sektion=suche&alphabet=L

java.io.IOException: Server returned HTTP response code: 503 for URL: http://www.moneyspecial.de/fonds_kag.htn?sektion=suche&alphabet=O

java.io.IOException: Server returned HTTP response code: 503 for URL: http://www.moneyspecial.de/fonds_kag.htn?sektion=suche&alphabet=Q

java.io.IOException: Server returned HTTP response code: 503 for URL: http://www.moneyspecial.de/fonds_kag.htn?sektion=suche&alphabet=N

java.io.IOException: Server returned HTTP response code: 503 for URL: http://www.moneyspecial.de/fonds_kag.htn?sektion=suche&alphabet=P

java.io.IOException: Server returned HTTP response code: 503 for URL: http://www.moneyspecial.de/fonds_kag.htn?sektion=suche&alphabet=R

java.io.IOException: Server returned HTTP response code: 503 for URL: http://www.moneyspecial.de/fonds_kag.htn?sektion=suche&alphabet=S

java.io.IOException: Server returned HTTP response code: 503 for URL: http://www.moneyspecial.de/fonds_kag.htn?sektion=suche&alphabet=T

java.io.IOException: Server returned HTTP response code: 503 for URL: http://www.moneyspecial.de/fonds_kag.htn?sektion=suche&alphabet=U

java.io.IOException: Server returned HTTP response code: 503 for URL: http://www.moneyspecial.de/fonds_kag.htn?sektion=suche&alphabet=Z

java.io.IOException: Server returned HTTP response code: 503 for URL: http://www.moneyspecial.de/fonds_kag.htn?sektion=suche&alphabet=V

java.io.IOException: Server returned HTTP response code: 503 for URL: http://www.moneyspecial.de/fonds_kag.htn?sektion=suche&alphabet=X

java.io.IOException: Server returned HTTP response code: 503 for URL: http://www.moneyspecial.de/fonds_kag.htn?sektion=suche&alphabet=W

java.io.IOException: Server returned HTTP response code: 503 for URL: http://www.moneyspecial.de/fonds_kag.htn?sektion=suche&alphabet=Y

java.io.FileNotFoundException: http://www.vwd.com/vwd/files/EDG_RR_Juli_2013_web.pdf

java.io.FileNotFoundException: http://www.vwd.com/vwd/unternehmen.htm?u=0&k=0&sektion=newsletter&seite=vwd

java.io.FileNotFoundException: http://www.vwd.com/vwd/files/Infoblatt_Risikotransparenzloesungen.pdf

java.io.FileNotFoundException: http://www.vwd.com/vwd/files/newsletter/newsletter_full080513.html

java.io.FileNotFoundException: http://www.hr.com/en/communities/ihr_compensation/job_analysis__evaluation_and_grading//en/communities/staffing_and_recruitment/online_staffing__and_sourcing/sourcing/job_boards/

java.io.FileNotFoundException: http://www.vwd.com/vwd/markt.htm?u=0&k=0&sektion=news&awert=adhoc&newsid=34897399&offset=0

java.io.FileNotFoundException: http://www.vwd.com/vwd/markt.htm?u=0&k=0&sektion=news&awert=adhoc

java.io.FileNotFoundException: http://www.vwd.com/vwd/markt.htm?u=0&k=0&sektion=news&awert=adhoc&newsid=34897398&offset=0

java.io.FileNotFoundException: http://www.vwd.com/vwd/markt.htm?u=0&k=0&sektion=news&awert=adhoc&newsid=34897363&offset=0

java.io.FileNotFoundException: http://www.vwd.com/vwd/markt.htm?u=0&k=0&sektion=news&awert=adhoc&newsid=34897289&offset=0

java.io.FileNotFoundException: http://www.vwd.com/vwd/markt.htm?u=0&k=0&sektion=news&awert=adhoc&newsid=34897362&offset=0

java.io.FileNotFoundException: http://www.vwd.com/vwd/markt.htm?u=0&k=0&sektion=news&awert=adhoc&newsid=34897361&offset=0

java.io.FileNotFoundException: http://www.vwd.com/vwd/markt.htm?u=0&k=0&sektion=news&awert=ir_business_wire

java.io.FileNotFoundException: http://www.vwd.com/vwd/markt.htm?u=0&k=0&sektion=news&awert=ir_business_wire&newsid=34897331&offset=0

java.io.FileNotFoundException: http://www.vwd.com/vwd/markt.htm?u=0&k=0&sektion=news&awert=ir_business_wire&newsid=34897291&offset=0

java.io.FileNotFoundException: http://www.vwd.com/vwd/markt.htm?u=0&k=0&sektion=news&awert=ir_business_wire&newsid=34897268&offset=0

java.io.FileNotFoundException: http://www.vwd.com/vwd/markt.htm?u=0&k=0&sektion=news&awert=ir_ddp

java.io.FileNotFoundException: http://www.vwd.com/vwd/markt.htm?u=0&k=0&sektion=news&awert=TUG_News

java.io.FileNotFoundException: http://www.vwd.com/vwd/markt.htm?u=0&k=0&sektion=news&awert=ir_ddp&newsid=34897429&offset=0

java.io.FileNotFoundException: http://www.vwd.com/vwd/markt.htm?u=0&k=0&sektion=news&awert=ir_ddp&newsid=34897342&offset=0

java.io.FileNotFoundException: http://www.vwd.com/vwd/markt.htm?u=0&k=0&sektion=news&awert=TUG_News&newsid=34893851&offset=0

java.io.FileNotFoundException: http://www.vwd.com/vwd/markt.htm?u=0&k=0&sektion=news&awert=ir_ddp&newsid=34897340&offset=0

java.io.FileNotFoundException: http://www.vwd.com/vwd/markt.htm?u=0&k=0&sektion=news&awert=TUG_News&newsid=34883850&offset=0

java.io.FileNotFoundException: http://www.vwd.com/vwd/markt.htm?u=0&k=0&sektion=news&awert=TUG_News&newsid=34883710&offset=0

java.io.FileNotFoundException: http://www.vwd.com/vwd/markt.htm?u=0&k=0&sektion=news&awert=ir_dgap

java.io.FileNotFoundException: http://www.vwd.com/vwd/markt.htm?u=0&k=0&sektion=news&awert=ir_dgap&newsid=34897332&offset=0

java.io.FileNotFoundException: http://www.vwd.com/vwd/markt.htm?u=0&k=0&sektion=news&awert=ir_dgap&newsid=34897274&offset=0

java.io.FileNotFoundException: http://www.vwd.com/vwd/markt.htm?u=0&k=0&sektion=news&awert=ir_dgap&newsid=34897250&offset=0

java.net.MalformedURLException: no protocol: allgemein.htm?sektion=sitemap&u=0&k=0

java.net.MalformedURLException: no protocol: allgemein.htm?sektion=disclaimer&u=0&k=0

java.net.MalformedURLException: no protocol: allgemein.htm?sektion=impressum&u=0&k=0

java.io.FileNotFoundException: http://www.vwd.com/vwd/markt.htm?u=0&k=0&sektion=news&awert=ir&newsid=34897050&offset=0

java.io.FileNotFoundException: http://www.vwd.com/vwd/markt.htm?u=0&k=0&sektion=news&awert=ir

java.io.FileNotFoundException: http://www.vwd.com/vwd/markt.htm?u=0&k=0&sektion=news&awert=ir&newsid=34896814&offset=0

java.net.MalformedURLException: no protocol: allgemein.htm?sektion=datenschutz&u=0&k=0

java.net.MalformedURLException: no protocol: allgemein.htm?sektion=agb&u=0&k=0

java.io.FileNotFoundException: http://www.vwd.com/vwd/markt.htm?u=0&k=0&sektion=news&awert=ir&newsid=34896573&offset=0

java.io.FileNotFoundException: http://www.hr.com/en/communities/ihr_compensation/job_analysis__evaluation_and_grading//en/communities/staffing_and_recruitment/online_staffing__and_sourcing/sourcing/social_media/

java.io.FileNotFoundException: http://www.hr.com/en/communities/ihr_compensation/job_analysis__evaluation_and_grading//en/communities/staffing_and_recruitment/online_staffing__and_sourcing/sourcing/campus/

java.io.FileNotFoundException: http://www.hr.com/en/communities/ihr_compensation/job_analysis__evaluation_and_grading//en/communities/staffing_and_recruitment/online_staffing__and_sourcing/sourcing/job_fairs_open_houses/

java.io.FileNotFoundException: http://www.hr.com/en/communities/ihr_compensation/job_analysis__evaluation_and_grading//en/communities/staffing_and_recruitment/online_staffing__and_sourcing/sourcing/employee_referrals/

java.io.FileNotFoundException: http://www.hr.com/en/communities/ihr_compensation/job_analysis__evaluation_and_grading//en/communities/staffing_and_recruitment/online_staffing__and_sourcing/sourcing/onsite_advertising_pay_per_lead/

java.io.FileNotFoundException: http://vwi.com/featured-3/

java.io.FileNotFoundException: http://vwi.com/featured-2/

java.io.FileNotFoundException: http://vwi.com/our-people/

java.io.FileNotFoundException: http://vwi.com/featured-1/

java.io.FileNotFoundException: http://vwi.com/our-projects/

java.io.FileNotFoundException: http://vwi.com/what-we-do/

java.io.FileNotFoundException: http://www.hr.com/en/communities/ihr_compensation/job_analysis__evaluation_and_grading//en/communities/staffing_and_recruitment/online_staffing__and_sourcing/candidate_marketing/seo/

java.io.FileNotFoundException: http://www.hr.com/en/communities/ihr_compensation/job_analysis__evaluation_and_grading//en/communities/staffing_and_recruitment/online_staffing__and_sourcing/candidate_marketing/crm/

java.io.FileNotFoundException: http://www.hr.com/en/communities/ihr_compensation/job_analysis__evaluation_and_grading//en/communities/staffing_and_recruitment/online_staffing__and_sourcing/candidate_marketing/data_clean_up_appends/

java.io.FileNotFoundException: http://www.hr.com/en/communities/ihr_compensation/job_analysis__evaluation_and_grading//en/communities/staffing_and_recruitment/online_staffing__and_sourcing/candidate_marketing/job_distribution/

java.io.FileNotFoundException: http://www.hr.com/en/communities/ihr_compensation/job_analysis__evaluation_and_grading//en/communities/staffing_and_recruitment/online_staffing__and_sourcing/candidate_marketing/

java.io.FileNotFoundException: http://www.hr.com/en/communities/ihr_compensation/job_analysis__evaluation_and_grading//en/communities/staffing_and_recruitment/online_staffing__and_sourcing/candidate_marketing/campaign_management/

java.io.FileNotFoundException: http://www.hr.com/en/communities/ihr_compensation/job_analysis__evaluation_and_grading//en/communities/staffing_and_recruitment/online_staffing__and_sourcing/candidate_marketing/resume_mining/

java.io.FileNotFoundException: http://www.hr.com/en/communities/ihr_compensation/job_analysis__evaluation_and_grading//en/resources/free_forms/

java.io.FileNotFoundException: http://www.hr.com/en/communities/ihr_compensation/job_analysis__evaluation_and_grading//en/communities/staffing_and_recruitment/online_staffing__and_sourcing/advanced_tools/

java.io.FileNotFoundException: http://www.hr.com/en/communities/ihr_compensation/job_analysis__evaluation_and_grading//en/communities/staffing_and_recruitment/online_staffing__and_sourcing/candidate_marketing/talent_management_acquisition_systems/

java.io.FileNotFoundException: http://www.ct.com/entertainment/photos/wcct-swan-day-ct-20130331,0,267943.photogallery/whattodo

java.io.FileNotFoundException: http://www.ct.com/entertainment/photos/wcct-swan-day-ct-20130331,0,267943.photogallery/wheretogo

java.io.FileNotFoundException: http://www.ct.com/entertainment/photos/wcct-swan-day-ct-20130331,0,267943.photogallery/

java.io.FileNotFoundException: http://www.hr.com/en/communities/ihr_compensation/job_analysis__evaluation_and_grading//en/communities/staffing_and_recruitment/online_staffing__and_sourcing/advanced_tools/search_001/

java.io.FileNotFoundException: http://www.hr.com/en/communities/ihr_compensation/job_analysis__evaluation_and_grading//en/communities/staffing_and_recruitment/online_staffing__and_sourcing/advanced_tools/mobile/

java.io.FileNotFoundException: http://www.hr.com/en/communities/ihr_compensation/job_analysis__evaluation_and_grading//en/communities/staffing_and_recruitment/online_staffing__and_sourcing/advanced_tools/other/

java.io.FileNotFoundException: http://www.hr.com/en/communities/ihr_compensation/job_analysis__evaluation_and_grading//en/communities/staffing_and_recruitment/online_staffing__and_sourcing/talent_pools/vertical/

java.io.FileNotFoundException: http://www.ct.com/entertainment/photos/wcct-swan-day-ct-20130331,0,267943.photogallery/entertainment/music

java.io.FileNotFoundException: http://www.hr.com/en/communities/ihr_compensation/job_analysis__evaluation_and_grading//en/communities/staffing_and_recruitment/online_staffing__and_sourcing/talent_pools/

java.io.FileNotFoundException: http://www.ct.com/entertainment/photos/wcct-swan-day-ct-20130331,0,267943.photogallery/entertainment/restaurants

java.io.FileNotFoundException: http://www.hr.com/en/communities/ihr_compensation/job_analysis__evaluation_and_grading//en/communities/staffing_and_recruitment/online_staffing__and_sourcing/talent_pools/hard_to_fill/

java.io.FileNotFoundException: http://www.hr.com/en/communities/ihr_compensation/job_analysis__evaluation_and_grading//en/communities/staffing_and_recruitment/online_staffing__and_sourcing/talent_pools/alumni/

java.io.FileNotFoundException: http://www.hr.com/en/communities/ihr_compensation/job_analysis__evaluation_and_grading//en/communities/staffing_and_recruitment/online_staffing__and_sourcing/screening/

java.io.FileNotFoundException: http://www.hr.com/en/communities/ihr_compensation/job_analysis__evaluation_and_grading//en/communities/staffing_and_recruitment/online_staffing__and_sourcing/screening/assessment/

java.io.FileNotFoundException: http://www.hr.com/en/communities/ihr_compensation/job_analysis__evaluation_and_grading//en/communities/staffing_and_recruitment/online_staffing__and_sourcing/screening/interviewing/

java.io.FileNotFoundException: http://www.hr.com/en/communities/ihr_compensation/job_analysis__evaluation_and_grading//en/communities/staffing_and_recruitment/online_staffing__and_sourcing/screening/reference/

java.io.FileNotFoundException: http://www.hr.com/en/communities/ihr_compensation/job_analysis__evaluation_and_grading//en/communities/staffing_and_recruitment/online_staffing__and_sourcing/screening/criminal_background_checking/

java.io.FileNotFoundException: http://www.ct.com/entertainment/photos/wcct-swan-day-ct-20130331,0,267943.photogallery/news/advocates

java.io.FileNotFoundException: http://www.hr.com/en/communities/ihr_compensation/job_analysis__evaluation_and_grading//en/communities/staffing_and_recruitment/online_staffing__and_sourcing/compliance/i9/

java.io.FileNotFoundException: http://www.hr.com/en/communities/ihr_compensation/job_analysis__evaluation_and_grading//en/communities/staffing_and_recruitment/online_staffing__and_sourcing/compliance/

java.io.FileNotFoundException: http://www.hr.com/en/communities/ihr_compensation/job_analysis__evaluation_and_grading//en/communities/staffing_and_recruitment/online_staffing__and_sourcing/compliance/eeo/

java.io.FileNotFoundException: http://www.hr.com/en/communities/ihr_hr_in_california//en/communities/leadership/leading_self/

java.io.FileNotFoundException: http://www.ct.com/entertainment/photos/wcct-swan-day-ct-20130331,0,267943.photogallery/entertainment/best-of-ct/

java.io.FileNotFoundException: http://www.ct.com/entertainment/photos/wcct-swan-day-ct-20130331,0,267943.photogallery/entertainment/tv/cw

java.io.FileNotFoundException: http://www.ct.com/entertainment/photos/wcct-swan-day-ct-20130331,0,267943.photogallery/promotions/contests

java.io.FileNotFoundException: http://www.ct.com/entertainment/photos/wcct-swan-day-ct-20130331,0,267943.photogallery/entertainment/photos/wcct-swan-day-ct-20130331,0,267943.photogallery?

java.io.FileNotFoundException: http://www.ct.com/entertainment/photos/wcct-swan-day-ct-20130331,0,267943.photogallery/entertainment/photos/wcct-swan-day-ct-20130331,0,267943.photogallery?index=wcct-swan-day-ct-20130331-028

java.io.FileNotFoundException: http://www.ct.com/entertainment/photos/wcct-swan-day-ct-20130331,0,267943.photogallery/entertainment/photos/wcct-swan-day-ct-20130331,0,267943.photogallery?index=wcct-swan-day-ct-20130331-027

java.io.FileNotFoundException: http://www.ct.com/entertainment/photos/wcct-swan-day-ct-20130331,0,267943.photogallery/entertainment/photos/wcct-swan-day-ct-20130331,0,267943.photogallery?index=wcct-swan-day-ct-20130331-054

java.io.FileNotFoundException: http://www.ct.com/entertainment/photos/wcct-swan-day-ct-20130331,0,267943.photogallery/entertainment/photos/wcct-swan-day-ct-20130331,0,267943.photogallery?index=wcct-swan-day-ct-20130331-050

java.io.FileNotFoundException: http://www.ct.com/entertainment/photos/wcct-swan-day-ct-20130331,0,267943.photogallery/entertainment/photos/wcct-swan-day-ct-20130331,0,267943.photogallery?index=wcct-swan-day-ct-20130331-056

java.io.FileNotFoundException: http://www.ct.com/entertainment/photos/wcct-swan-day-ct-20130331,0,267943.photogallery/entertainment/photos/wcct-swan-day-ct-20130331,0,267943.photogallery?index=wcct-swan-day-ct-20130331-055

java.io.FileNotFoundException: http://www.ct.com/entertainment/photos/wcct-swan-day-ct-20130331,0,267943.photogallery/entertainment/photos/wcct-swan-day-ct-20130331,0,267943.photogallery?index=wcct-swan-day-ct-20130331-026

java.io.FileNotFoundException: http://www.ct.com/entertainment/photos/wcct-swan-day-ct-20130331,0,267943.photogallery/entertainment/photos/wcct-swan-day-ct-20130331,0,267943.photogallery?index=wcct-swan-day-ct-20130331-029

java.io.FileNotFoundException: http://www.ct.com/entertainment/photos/wcct-swan-day-ct-20130331,0,267943.photogallery/entertainment/photos/wcct-swan-day-ct-20130331,0,267943.photogallery?index=wcct-swan-day-ct-20130331-025

java.io.FileNotFoundException: http://www.ct.com/entertainment/photos/wcct-swan-day-ct-20130331,0,267943.photogallery/entertainment/photos/wcct-swan-day-ct-20130331,0,267943.photogallery?index=wcct-swan-day-ct-20130331-053

java.io.FileNotFoundException: http://www.ct.com/entertainment/photos/wcct-swan-day-ct-20130331,0,267943.photogallery/entertainment/photos/wcct-swan-day-ct-20130331,0,267943.photogallery?index=wcct-swan-day-ct-20130331-052

java.io.IOException: Server returned HTTP response code: 400 for URL: http://www.facebook.com/share.php?&u=http://www.ct.com/entertainment/photos/wcct-swan-day-ct-20130331,0,267943.photogallery?index=wcct-swan-day-ct-20130331-028&t=Photos: SWAN Day CT

java.io.FileNotFoundException: http://www.ct.com/entertainment/photos/wcct-swan-day-ct-20130331,0,267943.photogallery/entertainment/photos/wcct-swan-day-ct-20130331,0,267943.photogallery?index=wcct-swan-day-ct-20130331-051

java.io.FileNotFoundException: http://www.ct.com/entertainment/photos/wcct-swan-day-ct-20130331,0,267943.photogallery/entertainment/photos/wcct-swan-day-ct-20130331,0,267943.photogallery?index=wcct-swan-day-ct-20130331-024

java.io.IOException: Server returned HTTP response code: 400 for URL: http://twitter.com/share?url=http://www.ct.com/entertainment/photos/wcct-swan-day-ct-20130331,0,267943.photogallery?index=wcct-swan-day-ct-20130331-028&text=Photos: SWAN Day CT

java.io.FileNotFoundException: http://www.ct.com/entertainment/photos/wcct-swan-day-ct-20130331,0,267943.photogallery/entertainment/photos/wcct-swan-day-ct-20130331,0,2410051,email.photogallery?index=wcct-swan-day-ct-20130331-028

java.io.FileNotFoundException: http://www.ct.com/entertainment/photos/wcct-swan-day-ct-20130331,0,267943.photogallery/entertainment/photos/wtxx-photos-zac-brown-band-at-the-comcast-theatre-20130903,0,2968062.photogallery

java.io.FileNotFoundException: http://www.ct.com/entertainment/photos/wcct-swan-day-ct-20130331,0,267943.photogallery/entertainment/photos/wtxx-photos-maroon-5-and-kelly-clarkson-at-the-comcast-theatre-20130901,0,2631515.photogallery

java.io.FileNotFoundException: http://www.ct.com/entertainment/photos/wcct-swan-day-ct-20130331,0,267943.photogallery/entertainment/photos/wtxx-30-funny-dennis-reynolds-quotes-20130830,0,2914621.photogallery

java.io.IOException: Server returned HTTP response code: 503 for URL: http://www.stumbleupon.com/submit?url=http://www.ct.com/entertainment/photos/wcct-swan-day-ct-20130331,0,267943.photogallery?index=wcct-swan-day-ct-20130331-028&title=Photos: SWAN Day CT

java.io.FileNotFoundException: http://www.ct.com/entertainment/photos/wcct-swan-day-ct-20130331,0,267943.photogallery/entertainment/photos/wtxx-photos-afropunk-festival-20130829,0,2469816.photogallery

java.io.FileNotFoundException: http://www.ct.com/entertainment/photos/wcct-swan-day-ct-20130331,0,267943.photogallery/entertainment/photos/wtxx-photos-toby-keith-at-the-comcast-theatre-20130826,0,2068060.photogallery

java.io.FileNotFoundException: http://www.ct.com/entertainment/photos/wcct-swan-day-ct-20130331,0,267943.photogallery/entertainment/photos/wtxx-photos-john-mayer-at-the-comcast-theatre-20130819,0,6538307.photogallery

java.io.FileNotFoundException: http://www.hr.com/en/communities/ihr_compensation/job_analysis__evaluation_and_grading//en/communities/staffing_and_recruitment/online_staffing__and_sourcing/compliance/privacy/

java.io.FileNotFoundException: http://www.ct.com/entertainment/photos/wcct-swan-day-ct-20130331,0,267943.photogallery/entertainment/photos/wtxx-photos-john-mayer-performing-at-the-comcast-theatre-20130819,0,155400.photogallery

java.io.FileNotFoundException: http://www.ct.com/entertainment/photos/wcct-swan-day-ct-20130331,0,267943.photogallery/entertainment/photos/wtxx-photos-rockstar-energy-drink-uproar-festival-2013-20130813,0,5213107.photogallery

java.io.FileNotFoundException: http://www.hr.com/en/communities/ihr_compensation/job_analysis__evaluation_and_grading//en/communities/staffing_and_recruitment/online_staffing__and_sourcing/compliance/social_media/

java.io.FileNotFoundException: http://www.ct.com/entertainment/photos/wcct-swan-day-ct-20130331,0,267943.photogallery/entertainment/photos/wtxx-photos-rockstar-energy-drink-uproar-festival-2013-performers-20130813,0,7369410.photogallery

java.io.FileNotFoundException: http://www.hr.com/en/communities/ihr_compensation/job_analysis__evaluation_and_grading//en/communities/staffing_and_recruitment/online_staffing__and_sourcing/online_staffing_sourcing_metrics/

java.io.FileNotFoundException: http://www.hr.com/en/communities/ihr_compensation/job_analysis__evaluation_and_grading//en/communities/staffing_and_recruitment/privacy_and_security/

java.io.FileNotFoundException: http://www.hr.com/en/communities/ihr_compensation/job_analysis__evaluation_and_grading//en/communities/staffing_and_recruitment/recruitment_process_outsourcing/

java.io.FileNotFoundException: http://www.hr.com/en/communities/ihr_compensation/job_analysis__evaluation_and_grading//en/communities/staffing_and_recruitment/relocation/

java.io.FileNotFoundException: http://www.ct.com/entertainment/photos/wcct-swan-day-ct-20130331,0,267943.photogallery/entertainment/photos/hc-electric-run-5k-20130811,0,6790488.photogallery

java.io.FileNotFoundException: http://www.hr.com/en/communities/ihr_compensation/job_analysis__evaluation_and_grading//en/communities/staffing_and_recruitment/retention/

java.io.FileNotFoundException: http://www.ct.com/entertainment/photos/wcct-liquid-lounge-shamrocks-leprechauns-20130318,0,4565540.photogallery/

java.io.FileNotFoundException: http://www.hr.com/en/communities/ihr_compensation/job_analysis__evaluation_and_grading//en/communities/staffing_and_recruitment/roi_on_investment_in_staffing_technology/

java.io.FileNotFoundException: http://www.ct.com/entertainment/photos/wcct-liquid-lounge-shamrocks-leprechauns-20130318,0,4565540.photogallery/wheretogo

java.io.FileNotFoundException: http://www.hr.com/en/communities/ihr_compensation/job_analysis__evaluation_and_grading//en/communities/staffing_and_recruitment/staffing_technology/

java.io.FileNotFoundException: http://www.hr.com/en/communities/ihr_compensation/job_analysis__evaluation_and_grading//en/communities/staffing_and_recruitment/staffing_technology/applications_resume_profile_ivr/

java.io.FileNotFoundException: http://www.ct.com/entertainment/photos/wcct-liquid-lounge-shamrocks-leprechauns-20130318,0,4565540.photogallery/whattodo

java.io.FileNotFoundException: http://www.hr.com/en/communities/ihr_compensation/job_analysis__evaluation_and_grading//en/communities/staffing_and_recruitment/staffing_technology/applications_resume_profile_ivr/employee_referral_systems_/

java.io.FileNotFoundException: http://www.hr.com/en/communities/ihr_compensation/job_analysis__evaluation_and_grading//en/communities/staffing_and_recruitment/staffing_technology/global_talent_management_and_development_f2000/

java.io.FileNotFoundException: http://www.hr.com/en/communities/ihr_compensation/job_analysis__evaluation_and_grading//en/communities/staffing_and_recruitment/staffing_technology/talent_management_and_development__sme_/

java.io.FileNotFoundException: http://www.hr.com/en/communities/ihr_compensation/job_analysis__evaluation_and_grading//en/communities/staffing_and_recruitment/staffing_technology/tms/

java.io.FileNotFoundException: http://www.hr.com/en/communities/ihr_compensation/job_analysis__evaluation_and_grading//en/communities/staffing_and_recruitment/staffing_technology/vendor_management_systems/

java.io.FileNotFoundException: http://www.hr.com/en/communities/ihr_compensation/job_analysis__evaluation_and_grading//en/communities/staffing_and_recruitment/staffing_metrics/

java.io.FileNotFoundException: http://www.ct.com/entertainment/photos/wcct-liquid-lounge-shamrocks-leprechauns-20130318,0,4565540.photogallery/entertainment/restaurants

java.io.FileNotFoundException: http://www.hr.com/en/communities/ihr_compensation/job_analysis__evaluation_and_grading//en/communities/staffing_and_recruitment/workforce_planning/

java.io.FileNotFoundException: http://www.hr.com/en/communities/ihr_compensation/job_analysis__evaluation_and_grading//en/communities/staffing_and_recruitment/simulations_and_work_samples/

java.io.FileNotFoundException: http://www.hr.com/en/communities/ihr_compensation/job_analysis__evaluation_and_grading//en/communities/staffing_and_recruitment/workforce_planning/executive_search/

java.io.FileNotFoundException: http://www.ct.com/entertainment/photos/wcct-liquid-lounge-shamrocks-leprechauns-20130318,0,4565540.photogallery/entertainment/music

java.io.FileNotFoundException: http://www.hr.com/en/communities/ihr_compensation/job_analysis__evaluation_and_grading//en/communities/staffing_and_recruitment/workforce_planning/internet_recruiting/

java.io.FileNotFoundException: http://www.hr.com/en/communities/ihr_compensation/job_analysis__evaluation_and_grading//en/communities/learning_management_systems_and_elearning/

java.io.FileNotFoundException: http://www.ct.com/entertainment/photos/wcct-liquid-lounge-shamrocks-leprechauns-20130318,0,4565540.photogallery/entertainment/best-of-ct/

java.io.FileNotFoundException: http://www.ct.com/entertainment/photos/wcct-liquid-lounge-shamrocks-leprechauns-20130318,0,4565540.photogallery/news/advocates

java.io.FileNotFoundException: http://www.hr.com/en/communities/ihr_compensation/job_analysis__evaluation_and_grading//en/communities/ihr_quality_of_hire/

java.io.FileNotFoundException: http://www.hr.com/en/communities/ihr_compensation/job_analysis__evaluation_and_grading//en/communities/training_and_development/

java.io.FileNotFoundException: http://www.hr.com/en/communities/ihr_compensation/job_analysis__evaluation_and_grading//en/communities/training_and_development/approaches_and_systems__not_software_/

java.io.FileNotFoundException: http://www.hr.com/en/communities/ihr_compensation/job_analysis__evaluation_and_grading//en/communities/training_and_development/classroom/

java.io.FileNotFoundException: http://www.hr.com/en/communities/ihr_compensation/job_analysis__evaluation_and_grading//en/communities/training_and_development/corporate_learning/

java.io.FileNotFoundException: http://www.hr.com/en/communities/ihr_compensation/job_analysis__evaluation_and_grading//en/communities/training_and_development/corporate_learning/analytics_and_measurement/

java.io.FileNotFoundException: http://www.hr.com/en/communities/ihr_compensation/job_analysis__evaluation_and_grading//en/communities/training_and_development/corporate_learning/blended_learning/

java.io.FileNotFoundException: http://www.hr.com/en/communities/ihr_compensation/job_analysis__evaluation_and_grading//en/communities/training_and_development/corporate_learning/authoring_tools/

java.io.FileNotFoundException: http://www.ct.com/entertainment/photos/wcct-liquid-lounge-shamrocks-leprechauns-20130318,0,4565540.photogallery/entertainment/tv/cw

java.io.FileNotFoundException: http://www.hr.com/en/communities/ihr_compensation/job_analysis__evaluation_and_grading//en/communities/training_and_development/corporate_learning/content_development/

java.io.FileNotFoundException: http://www.hr.com/en/communities/ihr_compensation/job_analysis__evaluation_and_grading//en/communities/training_and_development/corporate_learning/implementation/

java.io.FileNotFoundException: http://www.hr.com/en/communities/ihr_compensation/job_analysis__evaluation_and_grading//en/communities/training_and_development/corporate_learning/outsourcing_training/

java.io.FileNotFoundException: http://www.hr.com/en/communities/ihr_compensation/job_analysis__evaluation_and_grading//en/communities/training_and_development/corporate_learning/learning_content_management_systems/

java.io.FileNotFoundException: http://www.hr.com/en/communities/ihr_compensation/job_analysis__evaluation_and_grading//en/communities/training_and_development/corporate_learning/learning_management_systems/

java.io.FileNotFoundException: http://www.hr.com/en/communities/ihr_compensation/job_analysis__evaluation_and_grading//en/communities/training_and_development/corporate_learning/planning_and_strategy/

java.io.FileNotFoundException: http://www.hr.com/en/communities/ihr_compensation/job_analysis__evaluation_and_grading//en/communities/training_and_development/corporate_learning/simulations/

java.io.FileNotFoundException: http://www.hr.com/en/communities/ihr_compensation/job_analysis__evaluation_and_grading//en/communities/training_and_development/elearning/

java.io.FileNotFoundException: http://www.hr.com/en/communities/ihr_compensation/job_analysis__evaluation_and_grading//en/communities/training_and_development/evaluations/

java.io.FileNotFoundException: http://www.hr.com/en/communities/ihr_compensation/job_analysis__evaluation_and_grading//en/communities/training_and_development/games/

java.io.FileNotFoundException: http://www.ct.com/entertainment/photos/wcct-liquid-lounge-shamrocks-leprechauns-20130318,0,4565540.photogallery/promotions/contests

java.io.FileNotFoundException: http://www.ct.com/entertainment/photos/wcct-liquid-lounge-shamrocks-leprechauns-20130318,0,4565540.photogallery/entertainment/photos/wcct-liquid-lounge-shamrocks-leprechauns-20130318,0,4565540.photogallery?

java.io.FileNotFoundException: http://www.ct.com/entertainment/photos/wcct-liquid-lounge-shamrocks-leprechauns-20130318,0,4565540.photogallery/entertainment/photos/wcct-liquid-lounge-shamrocks-leprechauns-20130318,0,4565540.photogallery?index=wcct-liquid-lounge-shamrocks-leprechauns-20130-044

java.io.FileNotFoundException: http://www.ct.com/entertainment/photos/wcct-liquid-lounge-shamrocks-leprechauns-20130318,0,4565540.photogallery/entertainment/photos/wcct-liquid-lounge-shamrocks-leprechauns-20130318,0,4565540.photogallery?index=wcct-liquid-lounge-shamrocks-leprechauns-20130-046

java.io.FileNotFoundException: http://www.ct.com/entertainment/photos/wcct-liquid-lounge-shamrocks-leprechauns-20130318,0,4565540.photogallery/entertainment/photos/wcct-liquid-lounge-shamrocks-leprechauns-20130318,0,4565540.photogallery?index=wcct-liquid-lounge-shamrocks-leprechauns-20130-045

java.io.FileNotFoundException: http://www.ct.com/entertainment/photos/wcct-liquid-lounge-shamrocks-leprechauns-20130318,0,4565540.photogallery/entertainment/photos/wcct-liquid-lounge-shamrocks-leprechauns-20130318,0,4565540.photogallery?index=wcct-liquid-lounge-shamrocks-leprechauns-20130-043

java.io.FileNotFoundException: http://www.ct.com/entertainment/photos/wcct-liquid-lounge-shamrocks-leprechauns-20130318,0,4565540.photogallery/entertainment/photos/wcct-liquid-lounge-shamrocks-leprechauns-20130318,0,4565540.photogallery?index=wcct-liquid-lounge-shamrocks-leprechauns-20130-042

java.io.FileNotFoundException: http://www.ct.com/entertainment/photos/wcct-liquid-lounge-shamrocks-leprechauns-20130318,0,4565540.photogallery/entertainment/photos/wcct-liquid-lounge-shamrocks-leprechauns-20130318,0,4565540.photogallery?index=wcct-liquid-lounge-shamrocks-leprechauns-20130-041

java.io.FileNotFoundException: http://www.ct.com/entertainment/photos/wcct-liquid-lounge-shamrocks-leprechauns-20130318,0,4565540.photogallery/entertainment/photos/wcct-liquid-lounge-shamrocks-leprechauns-20130318,0,4565540.photogallery?index=wcct-liquid-lounge-shamrocks-leprechauns-20130-040

java.io.FileNotFoundException: http://www.ct.com/entertainment/photos/wcct-liquid-lounge-shamrocks-leprechauns-20130318,0,4565540.photogallery/entertainment/photos/wcct-liquid-lounge-shamrocks-leprechauns-20130318,0,4565540.photogallery?index=wcct-liquid-lounge-shamrocks-leprechauns-20130-039

java.io.FileNotFoundException: http://www.ct.com/entertainment/photos/wcct-liquid-lounge-shamrocks-leprechauns-20130318,0,4565540.photogallery/entertainment/photos/wcct-liquid-lounge-shamrocks-leprechauns-20130318,0,4565540.photogallery?index=wcct-liquid-lounge-shamrocks-leprechauns-20130-038

java.io.FileNotFoundException: http://www.ct.com/entertainment/photos/wcct-liquid-lounge-shamrocks-leprechauns-20130318,0,4565540.photogallery/entertainment/photos/wcct-liquid-lounge-shamrocks-leprechauns-20130318,0,4565540.photogallery?index=wcct-liquid-lounge-shamrocks-leprechauns-20130-037

java.io.FileNotFoundException: http://www.ct.com/entertainment/photos/wcct-liquid-lounge-shamrocks-leprechauns-20130318,0,4565540.photogallery/entertainment/photos/wcct-liquid-lounge-shamrocks-leprechauns-20130318,0,4565540.photogallery?index=wcct-liquid-lounge-shamrocks-leprechauns-20130-035

java.io.FileNotFoundException: http://www.ct.com/entertainment/photos/wcct-liquid-lounge-shamrocks-leprechauns-20130318,0,4565540.photogallery/entertainment/photos/wcct-liquid-lounge-shamrocks-leprechauns-20130318,0,4565540.photogallery?index=wcct-liquid-lounge-shamrocks-leprechauns-20130-036

java.io.FileNotFoundException: http://www.ct.com/entertainment/photos/wcct-liquid-lounge-shamrocks-leprechauns-20130318,0,4565540.photogallery/entertainment/photos/wcct-liquid-lounge-shamrocks-leprechauns-20130318,0,4565540.photogallery?index=wcct-liquid-lounge-shamrocks-leprechauns-20130-034

java.io.IOException: Server returned HTTP response code: 400 for URL: http://www.facebook.com/share.php?&u=http://www.ct.com/entertainment/photos/wcct-liquid-lounge-shamrocks-leprechauns-20130318,0,4565540.photogallery?index=wcct-liquid-lounge-shamrocks-leprechauns-20130-044&t=Photos: Liquid Lounge - Shamrocks & Leprechauns

java.io.IOException: Server returned HTTP response code: 400 for URL: http://twitter.com/share?url=http://www.ct.com/entertainment/photos/wcct-liquid-lounge-shamrocks-leprechauns-20130318,0,4565540.photogallery?index=wcct-liquid-lounge-shamrocks-leprechauns-20130-044&text=Photos: Liquid Lounge - Shamrocks & Leprechauns

java.io.IOException: Server returned HTTP response code: 503 for URL: http://www.stumbleupon.com/submit?url=http://www.ct.com/entertainment/photos/wcct-liquid-lounge-shamrocks-leprechauns-20130318,0,4565540.photogallery?index=wcct-liquid-lounge-shamrocks-leprechauns-20130-044&title=Photos: Liquid Lounge - Shamrocks & Leprechauns

java.io.FileNotFoundException: http://www.ct.com/entertainment/photos/wcct-liquid-lounge-shamrocks-leprechauns-20130318,0,4565540.photogallery/entertainment/photos/wcct-liquid-lounge-shamrocks-leprechauns-20130318,0,1445016,email.photogallery?index=wcct-liquid-lounge-shamrocks-leprechauns-20130-044

java.io.FileNotFoundException: http://www.hr.com/en/communities/ihr_compensation/job_analysis__evaluation_and_grading//en/communities/training_and_development/online_collaboration_tools/

java.io.FileNotFoundException: http://www.ct.com/entertainment/photos/wcct-liquid-lounge-shamrocks-leprechauns-20130318,0,4565540.photogallery/entertainment/photos/wtxx-photos-zac-brown-band-at-the-comcast-theatre-20130903,0,2968062.photogallery

java.io.FileNotFoundException: http://www.ct.com/entertainment/photos/wcct-liquid-lounge-shamrocks-leprechauns-20130318,0,4565540.photogallery/entertainment/photos/wtxx-photos-maroon-5-and-kelly-clarkson-at-the-comcast-theatre-20130901,0,2631515.photogallery

java.io.FileNotFoundException: http://www.ct.com/entertainment/photos/wcct-liquid-lounge-shamrocks-leprechauns-20130318,0,4565540.photogallery/entertainment/photos/wtxx-30-funny-dennis-reynolds-quotes-20130830,0,2914621.photogallery

java.io.FileNotFoundException: http://www.hr.com/en/communities/ihr_compensation/job_analysis__evaluation_and_grading//en/communities/training_and_development/online_collaboration_tools/video_conferencing/

java.io.FileNotFoundException: http://www.ct.com/entertainment/photos/wcct-liquid-lounge-shamrocks-leprechauns-20130318,0,4565540.photogallery/entertainment/photos/wtxx-photos-afropunk-festival-20130829,0,2469816.photogallery

java.io.FileNotFoundException: http://www.hr.com/en/communities/ihr_compensation/job_analysis__evaluation_and_grading//en/communities/training_and_development/online_collaboration_tools/web_based/

java.io.FileNotFoundException: http://www.ct.com/entertainment/photos/wcct-liquid-lounge-shamrocks-leprechauns-20130318,0,4565540.photogallery/entertainment/photos/wtxx-photos-toby-keith-at-the-comcast-theatre-20130826,0,2068060.photogallery

java.io.FileNotFoundException: http://www.ct.com/entertainment/photos/wcct-liquid-lounge-shamrocks-leprechauns-20130318,0,4565540.photogallery/entertainment/photos/wtxx-photos-john-mayer-at-the-comcast-theatre-20130819,0,6538307.photogallery

java.io.FileNotFoundException: http://www.hr.com/en/communities/ihr_compensation/job_analysis__evaluation_and_grading//en/communities/training_and_development/orientation/

java.io.FileNotFoundException: http://www.hr.com/en/communities/ihr_compensation/job_analysis__evaluation_and_grading//en/communities/training_and_development/presentation_tips/

java.io.FileNotFoundException: http://www.ct.com/entertainment/photos/wcct-liquid-lounge-shamrocks-leprechauns-20130318,0,4565540.photogallery/entertainment/photos/wtxx-photos-john-mayer-performing-at-the-comcast-theatre-20130819,0,155400.photogallery

java.io.FileNotFoundException: http://www.ct.com/entertainment/photos/wcct-liquid-lounge-shamrocks-leprechauns-20130318,0,4565540.photogallery/entertainment/photos/wtxx-photos-rockstar-energy-drink-uproar-festival-2013-20130813,0,5213107.photogallery

java.io.FileNotFoundException: http://www.hr.com/en/communities/ihr_compensation/job_analysis__evaluation_and_grading//en/communities/workforce_management_001/

java.net.MalformedURLException: no protocol: ?screen=128

java.io.FileNotFoundException: http://www.hr.com/en/communities/ihr_compensation/job_analysis__evaluation_and_grading//en/communities/workforce_planning_and_analytics/hr_metrics_implementation/

java.io.FileNotFoundException: http://www.hr.com/en/communities/ihr_compensation/job_analysis__evaluation_and_grading//en/communities/workforce_planning_and_analytics/

java.io.FileNotFoundException: http://www.ct.com/entertainment/photos/wcct-liquid-lounge-shamrocks-leprechauns-20130318,0,4565540.photogallery/entertainment/photos/wtxx-photos-rockstar-energy-drink-uproar-festival-2013-performers-20130813,0,7369410.photogallery

java.io.FileNotFoundException: http://www.ct.com/entertainment/photos/wcct-liquid-lounge-shamrocks-leprechauns-20130318,0,4565540.photogallery/entertainment/photos/hc-electric-run-5k-20130811,0,6790488.photogallery

java.io.FileNotFoundException: http://www.hr.com/en/communities/ihr_compensation/job_analysis__evaluation_and_grading//en/communities/workforce_planning_and_analytics/hr_scorecards/

java.io.FileNotFoundException: http://www.hr.com/en/communities/ihr_compensation/job_analysis__evaluation_and_grading//en/communities/workforce_planning_and_analytics/predictive_models/

java.io.FileNotFoundException: http://www.hr.com/en/communities/ihr_compensation/job_analysis__evaluation_and_grading//en/communities/workforce_planning_and_analytics/labor_supply_demographics/

java.io.FileNotFoundException: http://www.ct.com/entertainment/photos/wtxx-photos-sxsw-2013-20130316,0,7560798.photogallery/

java.io.FileNotFoundException: http://www.hr.com/en/communities/ihr_compensation/job_analysis__evaluation_and_grading//en/communities/workforce_planning_and_analytics/external_factors/

java.io.FileNotFoundException: http://www.hr.com/en/communities/ihr_compensation/job_analysis__evaluation_and_grading//en/communities/workforce_planning_and_analytics/consulting/

java.io.FileNotFoundException: http://www.hr.com/en/communities/ihr_compensation/job_analysis__evaluation_and_grading//en/communities/workforce_planning_and_analytics/data_cleansing/

java.io.FileNotFoundException: http://www.ct.com/entertainment/photos/wtxx-photos-sxsw-2013-20130316,0,7560798.photogallery/wheretogo

java.io.FileNotFoundException: http://www.hr.com/en/communities/ihr_compensation/job_analysis__evaluation_and_grading//en/communities/workforce_planning_and_analytics/workforce_planning_analytics_change_management/

java.io.FileNotFoundException: http://www.hr.com/en/communities/ihr_compensation/job_analysis__evaluation_and_grading//en/communities/workforce_planning_and_analytics/internal_mobility/

java.io.FileNotFoundException: http://www.ct.com/entertainment/photos/wtxx-photos-sxsw-2013-20130316,0,7560798.photogallery/whattodo

java.io.FileNotFoundException: http://www.hr.com/en/communities/ihr_compensation/job_analysis__evaluation_and_grading//en/communities/workforce_planning_and_analytics/downsizing/

java.io.FileNotFoundException: http://www.hr.com/en/communities/ihr_compensation/job_analysis__evaluation_and_grading//en/communities/workforce_planning_and_analytics/mergers_acquisitions/

java.io.FileNotFoundException: http://www.hr.com/en/communities/ihr_compensation/job_analysis__evaluation_and_grading//en/communities/workforce_planning_and_analytics/surveys_organization/

java.io.FileNotFoundException: http://www.hr.com/en/communities/ihr_compensation/job_analysis__evaluation_and_grading//en/communities/workforce_planning_and_analytics/surveys_organization/polls/

java.io.FileNotFoundException: http://www.hr.com/en/communities/ihr_compensation/job_analysis__evaluation_and_grading//en/communities/workforce_planning_and_analytics/surveys_organization/enterprise_surveys/

java.io.FileNotFoundException: http://www.hr.com/en/communities/ihr_compensation/job_analysis__evaluation_and_grading//en/communities/workforce_planning_and_analytics/surveys_organization/market_research/

java.io.FileNotFoundException: http://www.hr.com/en/communities/ihr_compensation/job_analysis__evaluation_and_grading//en/communities/workforce_planning_and_analytics/modelling/

java.io.FileNotFoundException: http://www.hr.com/en/communities/ihr_compensation/job_analysis__evaluation_and_grading//en/communities/workforce_planning_and_analytics/modelling/location_modelling/

java.io.FileNotFoundException: http://www.ct.com/entertainment/photos/wtxx-photos-sxsw-2013-20130316,0,7560798.photogallery/entertainment/restaurants

java.io.FileNotFoundException: http://www.hr.com/en/communities/ihr_compensation/job_analysis__evaluation_and_grading//en/communities/workforce_planning_and_analytics/modelling/business_modelling/

java.io.FileNotFoundException: http://www.hr.com/en/communities/ihr_compensation/job_analysis__evaluation_and_grading//en/communities/workforce_planning_and_analytics/modelling/org_charting/

java.net.MalformedURLException: no protocol: ?screen=127

java.io.FileNotFoundException: http://www.ct.com/entertainment/photos/wtxx-photos-sxsw-2013-20130316,0,7560798.photogallery/entertainment/music

java.io.FileNotFoundException: http://www.hr.com/en/communities/ihr_compensation/job_analysis__evaluation_and_grading//en/communities/workforce_planning_and_analytics/benchmarking/

java.io.FileNotFoundException: http://www.ct.com/entertainment/photos/wtxx-photos-sxsw-2013-20130316,0,7560798.photogallery/news/advocates

java.io.FileNotFoundException: http://www.hr.com/en/communities/ihr_compensation/job_analysis__evaluation_and_grading//en/communities/workforce_planning_and_analytics/benchmarking/internal/

java.io.FileNotFoundException: http://www.ct.com/entertainment/photos/wtxx-photos-sxsw-2013-20130316,0,7560798.photogallery/entertainment/best-of-ct/

java.io.FileNotFoundException: http://www.hr.com/en/communities/ihr_compensation/job_analysis__evaluation_and_grading//en/communities/workforce_planning_and_analytics/benchmarking/external/

java.io.FileNotFoundException: http://www.ct.com/entertainment/photos/wtxx-photos-sxsw-2013-20130316,0,7560798.photogallery/entertainment/tv/cw

java.io.FileNotFoundException: http://www.hr.com/en/communities/ihr_compensation/job_analysis__evaluation_and_grading//en/webcasts_events/

java.io.FileNotFoundException: http://www.hr.com/en/communities/ihr_compensation/job_analysis__evaluation_and_grading//en/communities/workforce_planning_and_analytics/workforce_planning_analytics_technology/

java.io.FileNotFoundException: http://www.hr.com/en/communities/ihr_compensation/job_analysis__evaluation_and_grading//en/webcasts_events/webcasts/

java.io.FileNotFoundException: http://www.hr.com/en/communities/ihr_compensation/job_analysis__evaluation_and_grading//en/webcasts_events/webcasts/upcoming_webcasts/

java.io.FileNotFoundException: http://www.hr.com/en/communities/ihr_compensation/job_analysis__evaluation_and_grading//en/webcasts_events/webcasts/archived_webcasts_and_podcasts/

java.io.FileNotFoundException: http://www.hr.com/en/communities/ihr_compensation/job_analysis__evaluation_and_grading//en/webcasts_events/webcasts/archived_vlogs/

java.io.FileNotFoundException: http://www.hr.com/en/communities/ihr_compensation/job_analysis__evaluation_and_grading//en/webcasts_events/webcasts/sponsor_a_webcast/

java.io.FileNotFoundException: http://www.hr.com/en/communities/ihr_compensation/job_analysis__evaluation_and_grading//en/webcasts_events/webcasts/webcast_testimonials/

java.io.FileNotFoundException: http://www.hr.com/en/communities/ihr_compensation/job_analysis__evaluation_and_grading//en/webcasts_events/webcasts/call_for_speakers/

java.io.FileNotFoundException: http://www.ct.com/entertainment/photos/wtxx-photos-sxsw-2013-20130316,0,7560798.photogallery/promotions/contests

java.io.FileNotFoundException: http://www.ct.com/entertainment/photos/wtxx-photos-sxsw-2013-20130316,0,7560798.photogallery/entertainment/photos/wtxx-photos-sxsw-2013-20130316,0,7560798.photogallery?

java.io.FileNotFoundException: http://www.ct.com/entertainment/photos/wtxx-photos-sxsw-2013-20130316,0,7560798.photogallery/entertainment/photos/wtxx-photos-sxsw-2013-20130316,0,7560798.photogallery?index=wtxx-photos-sxsw-2013-20130316-007

java.io.FileNotFoundException: http://www.ct.com/entertainment/photos/wtxx-photos-sxsw-2013-20130316,0,7560798.photogallery/entertainment/photos/wtxx-photos-sxsw-2013-20130316,0,7560798.photogallery?index=wtxx-photos-sxsw-2013-20130316-004

java.io.FileNotFoundException: http://www.ct.com/entertainment/photos/wtxx-photos-sxsw-2013-20130316,0,7560798.photogallery/entertainment/photos/wtxx-photos-sxsw-2013-20130316,0,7560798.photogallery?index=wtxx-photos-sxsw-2013-20130316-006

java.io.FileNotFoundException: http://www.ct.com/entertainment/photos/wtxx-photos-sxsw-2013-20130316,0,7560798.photogallery/entertainment/photos/wtxx-photos-sxsw-2013-20130316,0,7560798.photogallery?index=wtxx-photos-sxsw-2013-20130316-005

java.io.FileNotFoundException: http://www.ct.com/entertainment/photos/wtxx-photos-sxsw-2013-20130316,0,7560798.photogallery/entertainment/photos/wtxx-photos-sxsw-2013-20130316,0,7560798.photogallery?index=wtxx-photos-sxsw-2013-20130316-002

java.io.IOException: Server returned HTTP response code: 400 for URL: http://www.facebook.com/share.php?&u=http://www.ct.com/entertainment/photos/wtxx-photos-sxsw-2013-20130316,0,7560798.photogallery?index=wtxx-photos-sxsw-2013-20130316-007&t=Photos: SXSW 2013

java.io.IOException: Server returned HTTP response code: 400 for URL: http://twitter.com/share?url=http://www.ct.com/entertainment/photos/wtxx-photos-sxsw-2013-20130316,0,7560798.photogallery?index=wtxx-photos-sxsw-2013-20130316-007&text=Photos: SXSW 2013

java.net.UnknownHostException: www.guardian.co.uk

java.io.FileNotFoundException: http://www.ct.com/entertainment/photos/wtxx-photos-sxsw-2013-20130316,0,7560798.photogallery/entertainment/photos/wtxx-photos-sxsw-2013-20130316,0,7560798.photogallery?index=wtxx-photos-sxsw-2013-20130316-001

java.io.IOException: Server returned HTTP response code: 503 for URL: http://www.stumbleupon.com/submit?url=http://www.ct.com/entertainment/photos/wtxx-photos-sxsw-2013-20130316,0,7560798.photogallery?index=wtxx-photos-sxsw-2013-20130316-007&title=Photos: SXSW 2013

java.io.FileNotFoundException: http://www.ct.com/entertainment/photos/wtxx-photos-sxsw-2013-20130316,0,7560798.photogallery/entertainment/photos/wtxx-photos-sxsw-2013-20130316,0,7068785,email.photogallery?index=wtxx-photos-sxsw-2013-20130316-007

java.io.FileNotFoundException: http://www.ct.com/entertainment/photos/wtxx-photos-sxsw-2013-20130316,0,7560798.photogallery/entertainment/photos/wtxx-photos-sxsw-2013-20130316,0,7560798.photogallery?index=wtxx-photos-sxsw-2013-20130316-003

java.net.MalformedURLException: no protocol: ?screen=126

java.io.FileNotFoundException: http://www.ct.com/entertainment/photos/wtxx-photos-sxsw-2013-20130316,0,7560798.photogallery/entertainment/photos/wtxx-photos-zac-brown-band-at-the-comcast-theatre-20130903,0,2968062.photogallery

java.io.FileNotFoundException: http://www.ct.com/entertainment/photos/wtxx-photos-sxsw-2013-20130316,0,7560798.photogallery/entertainment/photos/wtxx-photos-maroon-5-and-kelly-clarkson-at-the-comcast-theatre-20130901,0,2631515.photogallery

java.io.FileNotFoundException: http://www.ct.com/entertainment/photos/wcct-photos-girls-night-out-the-aqua-turf-20130311,0,7635266.photogallery/entertainment/music

java.io.FileNotFoundException: http://www.hr.com/en/communities/ihr_compensation/job_analysis__evaluation_and_grading//en/webcasts_events/webcasts/call_for_speakers_third_party/

java.io.FileNotFoundException: http://www.hr.com/en/communities/ihr_compensation/job_analysis__evaluation_and_grading//en/webcasts_events/webcasts/call_for_speakers_demo_days/

java.io.FileNotFoundException: http://www.ct.com/entertainment/photos/wtxx-photos-sxsw-2013-20130316,0,7560798.photogallery/entertainment/photos/wtxx-30-funny-dennis-reynolds-quotes-20130830,0,2914621.photogallery

java.io.FileNotFoundException: http://www.ct.com/entertainment/photos/wtxx-photos-sxsw-2013-20130316,0,7560798.photogallery/entertainment/photos/wtxx-photos-afropunk-festival-20130829,0,2469816.photogallery

java.net.UnknownHostException: news.yahoo.com

java.io.FileNotFoundException: http://www.hr.com/en/communities/ihr_compensation/job_analysis__evaluation_and_grading//en/webcasts_events/virtual_events/

java.io.FileNotFoundException: http://www.ct.com/entertainment/photos/wtxx-photos-sxsw-2013-20130316,0,7560798.photogallery/entertainment/photos/wtxx-photos-toby-keith-at-the-comcast-theatre-20130826,0,2068060.photogallery

java.io.FileNotFoundException: http://www.hr.com/en/communities/ihr_compensation/job_analysis__evaluation_and_grading//en/webcasts_events/virtual_events/upcoming_virtual_events/

java.io.FileNotFoundException: http://www.ct.com/entertainment/photos/wtxx-photos-sxsw-2013-20130316,0,7560798.photogallery/entertainment/photos/wtxx-photos-john-mayer-at-the-comcast-theatre-20130819,0,6538307.photogallery

java.io.FileNotFoundException: http://www.ct.com/entertainment/photos/wtxx-photos-sxsw-2013-20130316,0,7560798.photogallery/entertainment/photos/wtxx-photos-john-mayer-performing-at-the-comcast-theatre-20130819,0,155400.photogallery

java.io.FileNotFoundException: http://www.ct.com/entertainment/photos/wtxx-photos-sxsw-2013-20130316,0,7560798.photogallery/entertainment/photos/wtxx-photos-rockstar-energy-drink-uproar-festival-2013-20130813,0,5213107.photogallery

java.io.FileNotFoundException: http://www.hr.com/en/communities/ihr_compensation/job_analysis__evaluation_and_grading//en/webcasts_events/virtual_events/archived_virtual_events/

java.io.FileNotFoundException: http://www.ct.com/entertainment/photos/wtxx-photos-sxsw-2013-20130316,0,7560798.photogallery/entertainment/photos/wtxx-photos-rockstar-energy-drink-uproar-festival-2013-performers-20130813,0,7369410.photogallery

java.io.FileNotFoundException: http://www.hr.com/en/communities/ihr_compensation/job_analysis__evaluation_and_grading//en/webcasts_events/virtual_events/host_your_own_virtual_event/

java.io.FileNotFoundException: http://www.ct.com/entertainment/photos/wtxx-photos-sxsw-2013-20130316,0,7560798.photogallery/entertainment/photos/hc-electric-run-5k-20130811,0,6790488.photogallery

java.io.FileNotFoundException: http://www.hr.com/en/communities/ihr_compensation/job_analysis__evaluation_and_grading//en/webcasts_events/virtual_events/sponsor_a_virtual_event/

java.io.FileNotFoundException: http://www.hr.com/en/communities/ihr_compensation/job_analysis__evaluation_and_grading//en/webcasts_events/virtual_events/booth_training/

java.io.FileNotFoundException: http://www.hr.com/en/communities/ihr_compensation/job_analysis__evaluation_and_grading//en/webcasts_events/live_upcoming_events/

java.io.FileNotFoundException: http://www.hr.com/en/communities/ihr_compensation/job_analysis__evaluation_and_grading//en/webcasts_events/live_upcoming_events/hcm_investors_forum_2014/

java.io.FileNotFoundException: http://www.ct.com/entertainment/photos/wcct-photos-girls-night-out-the-aqua-turf-20130311,0,7635266.photogallery/

java.io.FileNotFoundException: http://www.hr.com/en/communities/ihr_compensation/job_analysis__evaluation_and_grading//en/webcasts_events/live_upcoming_events/strategic_hcm_partnerships_2014/

java.io.FileNotFoundException: http://www.ct.com/entertainment/photos/wcct-photos-girls-night-out-the-aqua-turf-20130311,0,7635266.photogallery/wheretogo

java.io.FileNotFoundException: http://www.hr.com/en/communities/ihr_compensation/job_analysis__evaluation_and_grading//en/webcasts_events/live_upcoming_events/strategic_hcm_analyst_forum_2014/

java.io.FileNotFoundException: http://www.hr.com/en/communities/ihr_compensation/job_analysis__evaluation_and_grading//en/resources/surveys/

java.io.FileNotFoundException: http://www.hr.com/en/communities/ihr_compensation/job_analysis__evaluation_and_grading//en/webcasts_events/speaker_training/

java.io.FileNotFoundException: http://www.hr.com/en/communities/ihr_compensation/job_analysis__evaluation_and_grading//en/webcasts_events/live_upcoming_events/talent_acquisition_excellence_forum_2014/

java.net.UnknownHostException: www.guardian.co.uk

java.io.FileNotFoundException: http://www.hr.com/en/communities/ihr_compensation/job_analysis__evaluation_and_grading//en/resources/

java.io.FileNotFoundException: http://www.ct.com/entertainment/photos/wcct-photos-girls-night-out-the-aqua-turf-20130311,0,7635266.photogallery/whattodo

java.io.FileNotFoundException: http://www.hr.com/en/communities/ihr_compensation/job_analysis__evaluation_and_grading//en/resources/surveys/about_hr_market_intelligence/

java.net.UnknownHostException: news.yahoo.com

java.io.FileNotFoundException: http://www.hr.com/en/communities/ihr_compensation/job_analysis__evaluation_and_grading//en/resources/surveys/past_surveys/

java.net.UnknownHostException: news.yahoo.com

java.net.UnknownHostException: www.guardian.co.uk

java.io.FileNotFoundException: http://www.ct.com/entertainment/photos/wcct-photos-girls-night-out-the-aqua-turf-20130311,0,7635266.photogallery/entertainment/restaurants

java.io.FileNotFoundException: http://content.time.com/time/asia/2003/journey/afghanistan.html

java.io.IOException: Server returned HTTP response code: 403 for URL: http://www.ademocracyisborn.com/

java.io.FileNotFoundException: http://www.hr.com/en/communities/ihr_compensation/job_analysis__evaluation_and_grading//en/resources/free_forms/compliance_posters/

java.io.FileNotFoundException: http://www.csmonitor.com/2002/0610/p01s03e-wosc.html

java.io.FileNotFoundException: http://www.hr.com/en/communities/ihr_compensation/job_analysis__evaluation_and_grading//en/resources/wikis/

java.io.FileNotFoundException: http://www.hr.com/en/communities/ihr_compensation/job_analysis__evaluation_and_grading//en/hr_careers/

java.io.FileNotFoundException: http://www.hr.com/en/communities/ihr_compensation/job_analysis__evaluation_and_grading//en/certifications/

java.io.FileNotFoundException: http://www.hr.com/en/communities/ihr_compensation/job_analysis__evaluation_and_grading//en/certifications/ihr_certification/

java.io.FileNotFoundException: http://www.hr.com/en/communities/ihr_compensation/job_analysis__evaluation_and_grading//en/certifications/ihr_certification/training_testing/

java.io.FileNotFoundException: http://www.hr.com/en/communities/ihr_compensation/job_analysis__evaluation_and_grading//en/certifications/ihr_certification/faq/

java.io.FileNotFoundException: http://www.hr.com/en/communities/ihr_compensation/job_analysis__evaluation_and_grading//en/certifications/programs_offered/

java.io.FileNotFoundException: http://www.hr.com/en/communities/ihr_compensation/job_analysis__evaluation_and_grading//en/certifications/hrci/

java.io.FileNotFoundException: http://www.hr.com/en/communities/ihr_compensation/job_analysis__evaluation_and_grading//en/certifications/worldatwork/

java.io.IOException: Server returned HTTP response code: 502 for URL: http://in.reuters.com/article/2007/09/09/idINIndia-29427920070909

java.io.FileNotFoundException: http://www.hr.com/en/communities/ihr_compensation/job_analysis__evaluation_and_grading//en/certifications/call_for_speakers/

java.io.FileNotFoundException: http://www.ct.com/entertainment/photos/wcct-photos-girls-night-out-the-aqua-turf-20130311,0,7635266.photogallery/entertainment/best-of-ct/

java.io.FileNotFoundException: http://www.ct.com/entertainment/photos/wcct-photos-girls-night-out-the-aqua-turf-20130311,0,7635266.photogallery/news/advocates

java.io.FileNotFoundException: http://www.hr.com/en/communities/ihr_compensation/job_analysis__evaluation_and_grading//en/certifications/sponsorships/

java.io.FileNotFoundException: http://www.hr.com/en/communities/ihr_compensation/job_analysis__evaluation_and_grading//en/certifications/why_certify_demo/

java.io.FileNotFoundException: http://www.hr.com/en/communities/ihr_compensation/job_analysis__evaluation_and_grading//en/certifications/phr_sphr_certification_prep_course/

java.io.FileNotFoundException: http://www.ct.com/entertainment/photos/wcct-photos-girls-night-out-the-aqua-turf-20130311,0,7635266.photogallery/entertainment/tv/cw

java.io.FileNotFoundException: http://www.hr.com/en/communities/ihr_compensation/job_analysis__evaluation_and_grading//en/hr_com_store/

java.io.FileNotFoundException: http://www.hr.com/en/communities/ihr_compensation/job_analysis__evaluation_and_grading//en/topleaders/

java.io.FileNotFoundException: http://www.hr.com/en/communities/ihr_compensation/job_analysis__evaluation_and_grading//en/topleaders/top_leaders_in_leadership/

java.io.FileNotFoundException: http://www.sfgate.com/cgi-bin/article.cgi?f=/n/a/2008/09/09/international/i004147D73.DTL

java.io.FileNotFoundException: http://www.hr.com/en/communities/ihr_compensation/job_analysis__evaluation_and_grading//en/topleaders/top_leaders_in_leadership/leadership_excellence_essentials/

java.io.FileNotFoundException: http://www.hr.com/en/communities/ihr_compensation/job_analysis__evaluation_and_grading//en/topleaders/top_leaders_in_leadership/personal_excellence_essentials/

java.io.FileNotFoundException: http://www.hr.com/en/communities/ihr_compensation/job_analysis__evaluation_and_grading//en/topleaders/top_leaders_in_leadership/sales_service_excellence_essentials/

java.io.FileNotFoundException: http://news.yahoo.com/s/csm/20101026/wl_csm/334638_1/

java.io.FileNotFoundException: http://news.yahoo.com/s/ap/20101026/ap_on_re_as/as_afghan_iran_11/

java.io.IOException: Server returned HTTP response code: 403 for URL: http://www.news.com.au/story/0,23599,22195371-23109,00.html

java.io.FileNotFoundException: http://www.pajhwok.com/en/viewstory.asp?lng=eng&id=47628

java.io.FileNotFoundException: http://www.pajhwok.com/en/viewstory.asp?lng=eng&id=47687

java.io.FileNotFoundException: http://english.farsnews.com/newstext.php?nn=8607280722

java.io.IOException: Server returned HTTP response code: 502 for URL: http://news.yahoo.com/s/ap/20091013/ap_on_re_as/us_us_afghanistan_karzai

java.io.FileNotFoundException: http://news.yahoo.com/karzai-reassures-pakistan-over-india-alliance-152948013.html

java.net.MalformedURLException: no protocol: ?screen=125

java.io.FileNotFoundException: http://www.ct.com/entertainment/photos/wcct-photos-girls-night-out-the-aqua-turf-20130311,0,7635266.photogallery/promotions/contests

java.io.FileNotFoundException: http://www.hr.com/en/communities/ihr_compensation/job_analysis__evaluation_and_grading//en/topleaders/top_leaders_in_leadership/about_us/

java.io.FileNotFoundException: http://news.yahoo.com/s/afp/20100619/wl_sthasia_afp/japanafghanistandiplomacynuclearwwii_20100619063609/

java.io.FileNotFoundException: http://www.hr.com/en/communities/ihr_compensation/job_analysis__evaluation_and_grading//en/topleaders/top_leaders_in_leadership/awards/

java.io.FileNotFoundException: http://www.hr.com/en/communities/ihr_compensation/job_analysis__evaluation_and_grading//en/topleaders/top_leaders_in_leadership/forum/

java.io.FileNotFoundException: http://www.hr.com/en/communities/ihr_compensation/job_analysis__evaluation_and_grading//en/topleaders/top_leaders_in_leadership/contact_us/

java.io.FileNotFoundException: http://www.hr.com/en/communities/ihr_compensation/job_analysis__evaluation_and_grading//en/topleaders/all_articles/

java.io.FileNotFoundException: http://www.ct.com/entertainment/photos/wcct-photos-girls-night-out-the-aqua-turf-20130311,0,7635266.photogallery/entertainment/photos/wcct-photos-girls-night-out-the-aqua-turf-20130311,0,7635266.photogallery?

java.io.FileNotFoundException: http://www.ct.com/entertainment/photos/wcct-photos-girls-night-out-the-aqua-turf-20130311,0,7635266.photogallery/entertainment/photos/wcct-photos-girls-night-out-the-aqua-turf-20130311,0,7635266.photogallery?index=wcct-photos-girls-night-out-the-aqua-turf-2013-017

java.io.FileNotFoundException: http://www.ct.com/entertainment/photos/wcct-photos-girls-night-out-the-aqua-turf-20130311,0,7635266.photogallery/entertainment/photos/wcct-photos-girls-night-out-the-aqua-turf-20130311,0,7635266.photogallery?index=wcct-photos-girls-night-out-the-aqua-turf-2013-010

java.io.FileNotFoundException: http://www.ct.com/entertainment/photos/wcct-photos-girls-night-out-the-aqua-turf-20130311,0,7635266.photogallery/entertainment/photos/wcct-photos-girls-night-out-the-aqua-turf-20130311,0,7635266.photogallery?index=wcct-photos-girls-night-out-the-aqua-turf-2013-026

java.io.FileNotFoundException: http://www.ct.com/entertainment/photos/wcct-photos-girls-night-out-the-aqua-turf-20130311,0,7635266.photogallery/entertainment/photos/wcct-photos-girls-night-out-the-aqua-turf-20130311,0,7635266.photogallery?index=wcct-photos-girls-night-out-the-aqua-turf-2013-029

java.io.FileNotFoundException: http://www.ct.com/entertainment/photos/wcct-photos-girls-night-out-the-aqua-turf-20130311,0,7635266.photogallery/entertainment/photos/wcct-photos-girls-night-out-the-aqua-turf-20130311,0,7635266.photogallery?index=wcct-photos-girls-night-out-the-aqua-turf-2013-001

java.io.FileNotFoundException: http://www.ct.com/entertainment/photos/wcct-photos-girls-night-out-the-aqua-turf-20130311,0,7635266.photogallery/entertainment/photos/wcct-photos-girls-night-out-the-aqua-turf-20130311,0,7635266.photogallery?index=wcct-photos-girls-night-out-the-aqua-turf-2013-021

java.io.FileNotFoundException: http://www.ct.com/entertainment/photos/wcct-photos-girls-night-out-the-aqua-turf-20130311,0,7635266.photogallery/entertainment/photos/wcct-photos-girls-night-out-the-aqua-turf-20130311,0,7635266.photogallery?index=wcct-photos-girls-night-out-the-aqua-turf-2013-002

java.io.FileNotFoundException: http://www.ct.com/entertainment/photos/wcct-photos-girls-night-out-the-aqua-turf-20130311,0,7635266.photogallery/entertainment/photos/wcct-photos-girls-night-out-the-aqua-turf-20130311,0,7635266.photogallery?index=wcct-photos-girls-night-out-the-aqua-turf-2013-003

java.io.FileNotFoundException: http://www.ct.com/entertainment/photos/wcct-photos-girls-night-out-the-aqua-turf-20130311,0,7635266.photogallery/entertainment/photos/wcct-photos-girls-night-out-the-aqua-turf-20130311,0,7635266.photogallery?index=wcct-photos-girls-night-out-the-aqua-turf-2013-004

java.io.FileNotFoundException: http://www.ct.com/entertainment/photos/wcct-photos-girls-night-out-the-aqua-turf-20130311,0,7635266.photogallery/entertainment/photos/wcct-photos-girls-night-out-the-aqua-turf-20130311,0,7635266.photogallery?index=wcct-photos-girls-night-out-the-aqua-turf-2013-030

java.io.FileNotFoundException: http://www.ct.com/entertainment/photos/wcct-photos-girls-night-out-the-aqua-turf-20130311,0,7635266.photogallery/entertainment/photos/wcct-photos-girls-night-out-the-aqua-turf-20130311,0,7635266.photogallery?index=wcct-photos-girls-night-out-the-aqua-turf-2013-008

java.io.IOException: Server returned HTTP response code: 400 for URL: http://www.facebook.com/share.php?&u=http://www.ct.com/entertainment/photos/wcct-photos-girls-night-out-the-aqua-turf-20130311,0,7635266.photogallery?index=wcct-photos-girls-night-out-the-aqua-turf-2013-017&t=Photos: Girls' Night Out @ the Aqua Turf

java.io.FileNotFoundException: http://www.ct.com/entertainment/photos/wcct-photos-girls-night-out-the-aqua-turf-20130311,0,7635266.photogallery/entertainment/photos/wcct-photos-girls-night-out-the-aqua-turf-20130311,0,7635266.photogallery?index=wcct-photos-girls-night-out-the-aqua-turf-2013-005

java.io.IOException: Server returned HTTP response code: 400 for URL: http://twitter.com/share?url=http://www.ct.com/entertainment/photos/wcct-photos-girls-night-out-the-aqua-turf-20130311,0,7635266.photogallery?index=wcct-photos-girls-night-out-the-aqua-turf-2013-017&text=Photos: Girls' Night Out @ the Aqua Turf

java.io.IOException: Server returned HTTP response code: 503 for URL: http://www.stumbleupon.com/submit?url=http://www.ct.com/entertainment/photos/wcct-photos-girls-night-out-the-aqua-turf-20130311,0,7635266.photogallery?index=wcct-photos-girls-night-out-the-aqua-turf-2013-017&title=Photos: Girls' Night Out @ the Aqua Turf

java.io.FileNotFoundException: http://www.ct.com/entertainment/photos/wcct-photos-girls-night-out-the-aqua-turf-20130311,0,7635266.photogallery/entertainment/photos/wcct-photos-girls-night-out-the-aqua-turf-20130311,0,7635266.photogallery?index=wcct-photos-girls-night-out-the-aqua-turf-2013-006

java.io.FileNotFoundException: http://www.ct.com/entertainment/photos/wcct-photos-girls-night-out-the-aqua-turf-20130311,0,7635266.photogallery/entertainment/photos/wcct-photos-girls-night-out-the-aqua-turf-20130311,0,5024000,email.photogallery?index=wcct-photos-girls-night-out-the-aqua-turf-2013-017

java.io.FileNotFoundException: http://www.pajhwok.com/en/2011/10/08/presidential-palace-denies-guards-involvement-kill-karzai

java.io.FileNotFoundException: http://www.ct.com/entertainment/photos/wcct-photos-girls-night-out-the-aqua-turf-20130311,0,7635266.photogallery/entertainment/photos/wtxx-photos-zac-brown-band-at-the-comcast-theatre-20130903,0,2968062.photogallery

java.io.FileNotFoundException: http://in.news.yahoo.com/plot-kill-afghan-president-foiled-agency-151347731.html

java.io.FileNotFoundException: http://www.ct.com/entertainment/photos/wcct-photos-girls-night-out-the-aqua-turf-20130311,0,7635266.photogallery/entertainment/photos/wtxx-photos-maroon-5-and-kelly-clarkson-at-the-comcast-theatre-20130901,0,2631515.photogallery

java.io.FileNotFoundException: http://www.ct.com/entertainment/photos/wcct-photos-girls-night-out-the-aqua-turf-20130311,0,7635266.photogallery/entertainment/photos/wtxx-30-funny-dennis-reynolds-quotes-20130830,0,2914621.photogallery

java.io.FileNotFoundException: http://www.ct.com/entertainment/photos/wcct-photos-girls-night-out-the-aqua-turf-20130311,0,7635266.photogallery/entertainment/photos/wtxx-photos-afropunk-festival-20130829,0,2469816.photogallery

java.io.FileNotFoundException: http://www.hr.com/en/communities/ihr_compensation/job_analysis__evaluation_and_grading//en/topleaders/essentials/

java.io.FileNotFoundException: http://www.hr.com/en/communities/hr_in_canada/canadian_masters_in_hr_strategy_execution//en/communities/leadership/leadership_competencies/communication/

java.io.FileNotFoundException: http://www.ct.com/entertainment/photos/wcct-photos-girls-night-out-the-aqua-turf-20130311,0,7635266.photogallery/entertainment/photos/wtxx-photos-toby-keith-at-the-comcast-theatre-20130826,0,2068060.photogallery

java.io.FileNotFoundException: http://www.hr.com/en/communities/ihr_compensation/job_analysis__evaluation_and_grading//en/topleaders/interactive_content/

java.io.FileNotFoundException: http://www.ct.com/entertainment/photos/wcct-photos-girls-night-out-the-aqua-turf-20130311,0,7635266.photogallery/entertainment/photos/wtxx-photos-john-mayer-at-the-comcast-theatre-20130819,0,6538307.photogallery

java.io.FileNotFoundException: http://www.ct.com/entertainment/photos/wcct-photos-girls-night-out-the-aqua-turf-20130311,0,7635266.photogallery/entertainment/photos/wtxx-photos-john-mayer-performing-at-the-comcast-theatre-20130819,0,155400.photogallery

java.io.FileNotFoundException: http://www.ct.com/entertainment/photos/wcct-photos-girls-night-out-the-aqua-turf-20130311,0,7635266.photogallery/entertainment/photos/wtxx-photos-rockstar-energy-drink-uproar-festival-2013-20130813,0,5213107.photogallery

java.io.FileNotFoundException: http://www.ct.com/entertainment/photos/wcct-photos-girls-night-out-the-aqua-turf-20130311,0,7635266.photogallery/entertainment/photos/wtxx-photos-rockstar-energy-drink-uproar-festival-2013-performers-20130813,0,7369410.photogallery

java.io.FileNotFoundException: http://www.ct.com/entertainment/photos/wcct-photos-girls-night-out-the-aqua-turf-20130311,0,7635266.photogallery/entertainment/photos/hc-electric-run-5k-20130811,0,6790488.photogallery

java.io.IOException: Server returned HTTP response code: 403 for URL: http://www.hr.com/en/communities/ihr_compensation/job_analysis__evaluation_and_grading//en?t=/network/search/index&s=AujVT6CkDmAiuLFYwe&online=1&special=1

java.io.FileNotFoundException: http://www.ct.com/entertainment/photos/wcct-ct-rollergirls-doubleheader-20130312,0,5411964.photogallery/

java.io.FileNotFoundException: http://www.industryweek.com/procurement/midyear-service-centers-shipments-declining/iw-best-plants/upstate-sc-alliance-2013-iw-best-plants-conference

java.io.FileNotFoundException: http://www.ct.com/entertainment/photos/wcct-ct-rollergirls-doubleheader-20130312,0,5411964.photogallery/wheretogo

java.io.FileNotFoundException: http://www.ct.com/entertainment/photos/wcct-ct-rollergirls-doubleheader-20130312,0,5411964.photogallery/whattodo

java.io.FileNotFoundException: http://www.hr.com/en/communities/ihr_hr_in_california//en/communities/leadership/leading_self/flexibility_adaptability/

java.io.FileNotFoundException: http://www.hr.com/en/communities/ihr_hr_in_california//en/communities/leadership/leading_self/stress/

java.io.FileNotFoundException: http://news.yahoo.com/s/nm/20100620/india_nm/india494713/

java.io.FileNotFoundException: http://www.hr.com/en/communities/ihr_hr_in_california//en/communities/leadership/leading_self/worklife_balance/

java.io.FileNotFoundException: http://www.theglobalist.com/StoryId.aspx?StoryId=3528

java.io.FileNotFoundException: http://www.ct.com/entertainment/photos/wcct-ct-rollergirls-doubleheader-20130312,0,5411964.photogallery/entertainment/restaurants

java.io.FileNotFoundException: http://www.hr.com/en/communities/ihr_hr_in_california//en/communities/leadership/selection/

java.io.FileNotFoundException: http://www.hr.com/en/communities/ihr_hr_in_california//en/communities/leadership/succession_planning/

java.io.FileNotFoundException: http://www.tribalanalysiscenter.com/freePDF/Pashtun%20Cultural%20Factors%20Limiting%20Warlord%20Development.pdf

java.io.FileNotFoundException: http://www.hr.com/en/communities/ihr_hr_in_california//en/communities/leadership/strategic_decision_making/

java.io.FileNotFoundException: http://www.hr.com/en/communities/ihr_hr_in_california//en/communities/leadership/measurement_and_metrics/

java.io.FileNotFoundException: http://www.infurmation.com/press_detail.php?id=99

java.io.FileNotFoundException: http://www.hr.com/en/communities/ihr_hr_in_california//en/communities/leadership/trends/

java.io.FileNotFoundException: http://www.ct.com/entertainment/photos/wcct-ct-rollergirls-doubleheader-20130312,0,5411964.photogallery/entertainment/music

java.io.FileNotFoundException: http://www.hr.com/en/communities/ihr_hr_in_california//en/communities/leadership/vision__values_and_mission/

java.io.FileNotFoundException: http://www.hr.com/en/communities/ihr_hr_in_california//en/communities/legal/

java.io.FileNotFoundException: http://www.hr.com/en/communities/ihr_hr_in_california//en/communities/legal/benefits_and_compensation_law/

java.net.MalformedURLException: no protocol: ?screen=124

java.io.FileNotFoundException: http://www.hr.com/en/communities/hr_in_canada/canadian_masters_in_hr_strategy_execution//en/communities/leadership/leadership_competencies/delegation/

java.io.FileNotFoundException: http://www.ct.com/entertainment/photos/wcct-ct-rollergirls-doubleheader-20130312,0,5411964.photogallery/news/advocates

java.io.FileNotFoundException: http://www.hr.com/en/communities/hr_in_canada/canadian_masters_in_hr_strategy_execution//en/communities/leadership/leadership_competencies/developing_and_coaching_others/

java.io.FileNotFoundException: http://www.hr.com/en/communities/hr_in_canada/canadian_masters_in_hr_strategy_execution//en/communities/leadership/leadership_competencies/motivating/

java.io.FileNotFoundException: http://www.hr.com/en/communities/hr_in_canada/canadian_masters_in_hr_strategy_execution//en/communities/leadership/leadership_competencies/negotiation/

java.io.FileNotFoundException: http://www.hr.com/en/communities/hr_in_canada/canadian_masters_in_hr_strategy_execution//en/communities/leadership/leadership_models/

java.io.IOException: Server returned HTTP response code: 403 for URL: http://www.globalsecurity.org/military/world/afghanistan/karzai.htm

java.io.FileNotFoundException: http://www.hr.com/en/communities/hr_in_canada/canadian_masters_in_hr_strategy_execution//en/communities/leadership/leadership_philosophies/

java.io.FileNotFoundException: http://www.hr.com/en/communities/hr_in_canada/canadian_masters_in_hr_strategy_execution//en/communities/leadership/leadership_training_and_development/

java.io.FileNotFoundException: http://www.hr.com/en/communities/hr_in_canada/canadian_masters_in_hr_strategy_execution//en/communities/leadership/leadership_retention/

java.io.FileNotFoundException: http://www.ct.com/entertainment/photos/wcct-ct-rollergirls-doubleheader-20130312,0,5411964.photogallery/entertainment/best-of-ct/

java.io.FileNotFoundException: http://www.hr.com/en/communities/hr_in_canada/canadian_masters_in_hr_strategy_execution//en/communities/leadership/leadership_training_and_development/action_learning/

java.io.FileNotFoundException: http://www.ct.com/entertainment/photos/wcct-ct-rollergirls-doubleheader-20130312,0,5411964.photogallery/entertainment/tv/cw

java.io.FileNotFoundException: http://www.hr.com/en/communities/hr_in_canada/canadian_masters_in_hr_strategy_execution//en/communities/leadership/leadership_training_and_development/executive_coaching/

java.io.FileNotFoundException: http://cambodia.usembassy.gov/definition.html

java.io.FileNotFoundException: http://www.hr.com/en/communities/hr_in_canada/canadian_masters_in_hr_strategy_execution//en/communities/leadership/leadership_training_and_development/executive_education_programs__university_/

java.io.FileNotFoundException: http://www.hr.com/en/communities/hr_in_canada/canadian_masters_in_hr_strategy_execution//en/communities/leadership/leadership_training_and_development/mentoring/

java.io.FileNotFoundException: http://www.hr.com/en/communities/hr_in_canada/canadian_masters_in_hr_strategy_execution//en/communities/leadership/leadership_training_and_development/train_your_leaders/

java.io.FileNotFoundException: http://www.hr.com/en/communities/hr_in_canada/canadian_masters_in_hr_strategy_execution//en/communities/leadership/leading_change/

java.io.FileNotFoundException: http://www.hr.com/en/communities/hr_in_canada/canadian_masters_in_hr_strategy_execution//en/communities/leadership/leading_change/empowerment/

java.io.FileNotFoundException: http://www.hr.com/en/communities/hr_in_canada/canadian_masters_in_hr_strategy_execution//en/communities/leadership/leading_others/

java.io.FileNotFoundException: http://www.hr.com/en/communities/hr_in_canada/canadian_masters_in_hr_strategy_execution//en/communities/leadership/leading_self/

java.io.FileNotFoundException: http://www.ct.com/entertainment/photos/wcct-ct-rollergirls-doubleheader-20130312,0,5411964.photogallery/promotions/contests

java.io.FileNotFoundException: http://www.ct.com/entertainment/photos/wcct-ct-rollergirls-doubleheader-20130312,0,5411964.photogallery/entertainment/photos/wcct-ct-rollergirls-doubleheader-20130312,0,5411964.photogallery?

java.io.FileNotFoundException: http://www.ct.com/entertainment/photos/wcct-ct-rollergirls-doubleheader-20130312,0,5411964.photogallery/entertainment/photos/wcct-ct-rollergirls-doubleheader-20130312,0,5411964.photogallery?index=wcct-ct-rollergirls-doubleheader-20130312-015

java.io.FileNotFoundException: http://www.ct.com/entertainment/photos/wcct-ct-rollergirls-doubleheader-20130312,0,5411964.photogallery/entertainment/photos/wcct-ct-rollergirls-doubleheader-20130312,0,5411964.photogallery?index=wcct-ct-rollergirls-doubleheader-20130312-023

java.io.FileNotFoundException: http://www.embassyofafghanistan.org/president.html

java.io.FileNotFoundException: http://www.ct.com/entertainment/photos/wcct-ct-rollergirls-doubleheader-20130312,0,5411964.photogallery/entertainment/photos/wcct-ct-rollergirls-doubleheader-20130312,0,5411964.photogallery?index=wcct-ct-rollergirls-doubleheader-20130312-016

java.io.FileNotFoundException: http://www.ct.com/entertainment/photos/wcct-ct-rollergirls-doubleheader-20130312,0,5411964.photogallery/entertainment/photos/wcct-ct-rollergirls-doubleheader-20130312,0,5411964.photogallery?index=wcct-ct-rollergirls-doubleheader-20130312-030

java.io.FileNotFoundException: http://www.ct.com/entertainment/photos/wcct-ct-rollergirls-doubleheader-20130312,0,5411964.photogallery/entertainment/photos/wcct-ct-rollergirls-doubleheader-20130312,0,5411964.photogallery?index=wcct-ct-rollergirls-doubleheader-20130312-004

java.io.FileNotFoundException: http://www.ct.com/entertainment/photos/wcct-ct-rollergirls-doubleheader-20130312,0,5411964.photogallery/entertainment/photos/wcct-ct-rollergirls-doubleheader-20130312,0,5411964.photogallery?index=wcct-ct-rollergirls-doubleheader-20130312-003

java.io.FileNotFoundException: http://www.ct.com/entertainment/photos/wcct-ct-rollergirls-doubleheader-20130312,0,5411964.photogallery/entertainment/photos/wcct-ct-rollergirls-doubleheader-20130312,0,5411964.photogallery?index=wcct-ct-rollergirls-doubleheader-20130312-028

java.io.FileNotFoundException: http://www.ct.com/entertainment/photos/wcct-ct-rollergirls-doubleheader-20130312,0,5411964.photogallery/entertainment/photos/wcct-ct-rollergirls-doubleheader-20130312,0,5411964.photogallery?index=wcct-ct-rollergirls-doubleheader-20130312-037

java.io.FileNotFoundException: http://www.ct.com/entertainment/photos/wcct-ct-rollergirls-doubleheader-20130312,0,5411964.photogallery/entertainment/photos/wcct-ct-rollergirls-doubleheader-20130312,0,5411964.photogallery?index=wcct-ct-rollergirls-doubleheader-20130312-036

java.io.FileNotFoundException: http://www.ct.com/entertainment/photos/wcct-ct-rollergirls-doubleheader-20130312,0,5411964.photogallery/entertainment/photos/wcct-ct-rollergirls-doubleheader-20130312,0,5411964.photogallery?index=wcct-ct-rollergirls-doubleheader-20130312-029

java.io.IOException: Server returned HTTP response code: 400 for URL: http://www.facebook.com/share.php?&u=http://www.ct.com/entertainment/photos/wcct-ct-rollergirls-doubleheader-20130312,0,5411964.photogallery?index=wcct-ct-rollergirls-doubleheader-20130312-015&t=Photos: CT Rollergirls Doubleheader

java.io.FileNotFoundException: http://www.ct.com/entertainment/photos/wcct-ct-rollergirls-doubleheader-20130312,0,5411964.photogallery/entertainment/photos/wcct-ct-rollergirls-doubleheader-20130312,0,5411964.photogallery?index=wcct-ct-rollergirls-doubleheader-20130312-035

java.io.IOException: Server returned HTTP response code: 400 for URL: http://twitter.com/share?url=http://www.ct.com/entertainment/photos/wcct-ct-rollergirls-doubleheader-20130312,0,5411964.photogallery?index=wcct-ct-rollergirls-doubleheader-20130312-015&text=Photos: CT Rollergirls Doubleheader

java.io.FileNotFoundException: http://www.ct.com/entertainment/photos/wcct-ct-rollergirls-doubleheader-20130312,0,5411964.photogallery/entertainment/photos/wcct-ct-rollergirls-doubleheader-20130312,0,5411964.photogallery?index=wcct-ct-rollergirls-doubleheader-20130312-012

java.io.FileNotFoundException: http://www.ct.com/entertainment/photos/wcct-ct-rollergirls-doubleheader-20130312,0,5411964.photogallery/entertainment/photos/wcct-ct-rollergirls-doubleheader-20130312,0,5411964.photogallery?index=wcct-ct-rollergirls-doubleheader-20130312-034

java.io.IOException: Server returned HTTP response code: 503 for URL: http://www.stumbleupon.com/submit?url=http://www.ct.com/entertainment/photos/wcct-ct-rollergirls-doubleheader-20130312,0,5411964.photogallery?index=wcct-ct-rollergirls-doubleheader-20130312-015&title=Photos: CT Rollergirls Doubleheader

java.io.FileNotFoundException: http://www.ct.com/entertainment/photos/wcct-ct-rollergirls-doubleheader-20130312,0,5411964.photogallery/entertainment/photos/wcct-ct-rollergirls-doubleheader-20130312,0,4328787,email.photogallery?index=wcct-ct-rollergirls-doubleheader-20130312-015

java.io.FileNotFoundException: http://www.hr.com/en/communities/ihr_compensation/job_analysis__evaluation_and_grading/compensation_salary_surveys//en/communities/

java.io.FileNotFoundException: http://www.ct.com/entertainment/photos/wcct-ct-rollergirls-doubleheader-20130312,0,5411964.photogallery/entertainment/photos/wtxx-photos-zac-brown-band-at-the-comcast-theatre-20130903,0,2968062.photogallery

java.io.FileNotFoundException: http://www.hr.com/en/communities/ihr_compensation/job_analysis__evaluation_and_grading/compensation_salary_surveys//en/communities/ihr_compensation/

java.io.FileNotFoundException: http://www.hr.com/en/communities/ihr_compensation/job_analysis__evaluation_and_grading/compensation_salary_surveys//en/communities/ihr_compensation/job_analysis__evaluation_and_grading/

java.io.FileNotFoundException: http://www.hr.com/en/communities/ihr_compensation/job_analysis__evaluation_and_grading/compensation_salary_surveys//en/communities/ihr_compensation/job_analysis__evaluation_and_grading/compensation_salary_surveys/

java.io.FileNotFoundException: http://www.ct.com/entertainment/photos/wcct-ct-rollergirls-doubleheader-20130312,0,5411964.photogallery/entertainment/photos/wtxx-30-funny-dennis-reynolds-quotes-20130830,0,2914621.photogallery

java.io.FileNotFoundException: http://www.ct.com/entertainment/photos/wcct-ct-rollergirls-doubleheader-20130312,0,5411964.photogallery/entertainment/photos/wtxx-photos-toby-keith-at-the-comcast-theatre-20130826,0,2068060.photogallery

java.io.FileNotFoundException: http://www.ct.com/entertainment/photos/wcct-ct-rollergirls-doubleheader-20130312,0,5411964.photogallery/entertainment/photos/wtxx-photos-afropunk-festival-20130829,0,2469816.photogallery

java.io.FileNotFoundException: http://www.ct.com/entertainment/photos/wcct-ct-rollergirls-doubleheader-20130312,0,5411964.photogallery/entertainment/photos/wtxx-photos-maroon-5-and-kelly-clarkson-at-the-comcast-theatre-20130901,0,2631515.photogallery

java.io.FileNotFoundException: http://www.ct.com/entertainment/photos/wcct-ct-rollergirls-doubleheader-20130312,0,5411964.photogallery/entertainment/photos/wtxx-photos-john-mayer-at-the-comcast-theatre-20130819,0,6538307.photogallery

java.net.MalformedURLException: no protocol: ?screen=123

java.io.FileNotFoundException: http://www.hr.com/en/communities/ihr_compensation/job_analysis__evaluation_and_grading/compensation_salary_surveys//en/app/passwordLookup

java.io.FileNotFoundException: http://www.hr.com/en/communities/ihr_compensation/job_analysis__evaluation_and_grading/compensation_salary_surveys//en/app/blog

java.io.FileNotFoundException: http://www.ct.com/entertainment/photos/wcct-ct-rollergirls-doubleheader-20130312,0,5411964.photogallery/entertainment/photos/wtxx-photos-john-mayer-performing-at-the-comcast-theatre-20130819,0,155400.photogallery

java.io.FileNotFoundException: http://www.ct.com/entertainment/photos/wcct-ct-rollergirls-doubleheader-20130312,0,5411964.photogallery/entertainment/photos/wtxx-photos-rockstar-energy-drink-uproar-festival-2013-20130813,0,5213107.photogallery

java.io.FileNotFoundException: http://www.ct.com/entertainment/photos/wcct-ct-rollergirls-doubleheader-20130312,0,5411964.photogallery/entertainment/photos/wtxx-photos-rockstar-energy-drink-uproar-festival-2013-performers-20130813,0,7369410.photogallery

java.io.FileNotFoundException: http://www.industryweek.com/procurement/midyear-service-centers-shipments-declining/iw-best-plants/transportation-insight-2013-iw-best-plants-conference

java.io.FileNotFoundException: http://www.hr.com/en/communities/ihr_compensation/job_analysis__evaluation_and_grading/compensation_salary_surveys//en/app/file

java.io.FileNotFoundException: http://www.ct.com/entertainment/photos/wcct-ct-rollergirls-doubleheader-20130312,0,5411964.photogallery/entertainment/photos/hc-electric-run-5k-20130811,0,6790488.photogallery

java.io.FileNotFoundException: http://www.hr.com/en/communities/ihr_compensation/job_analysis__evaluation_and_grading/compensation_salary_surveys//en/app/group

java.io.FileNotFoundException: http://www.ct.com/entertainment/photos/wcct-new-haven-stpatricks-day-parade-20130310,0,7100838.photogallery/

java.io.FileNotFoundException: http://www.hr.com/en/communities/ihr_compensation/job_analysis__evaluation_and_grading/compensation_salary_surveys//en/app/network/search/newest

java.io.FileNotFoundException: http://www.ct.com/entertainment/photos/wcct-new-haven-stpatricks-day-parade-20130310,0,7100838.photogallery/wheretogo

java.io.FileNotFoundException: http://www.ct.com/entertainment/photos/wcct-new-haven-stpatricks-day-parade-20130310,0,7100838.photogallery/whattodo

java.io.FileNotFoundException: http://www.hr.com/en/communities/ihr_compensation/job_analysis__evaluation_and_grading/compensation_salary_surveys//en/webcasts_events/webcasts/upcoming_webcasts/when-is-a-job-like-a-prius--when-it%e2%80%99s-a-hybrid_hitt1ccr.html

java.io.FileNotFoundException: http://www.ct.com/entertainment/photos/wcct-new-haven-stpatricks-day-parade-20130310,0,7100838.photogallery/entertainment/restaurants

java.io.IOException: Server returned HTTP response code: 403 for URL: http://yoro.olx.hn

java.io.FileNotFoundException: http://www.ct.com/entertainment/photos/wcct-new-haven-stpatricks-day-parade-20130310,0,7100838.photogallery/entertainment/music

java.io.FileNotFoundException: http://www.ct.com/entertainment/photos/wcct-new-haven-stpatricks-day-parade-20130310,0,7100838.photogallery/news/advocates

java.io.FileNotFoundException: http://www.hr.com/en/communities/ihr_compensation/job_analysis__evaluation_and_grading/compensation_surveys//en/app/blog

java.io.FileNotFoundException: http://www.hr.com/en/communities/ihr_compensation/job_analysis__evaluation_and_grading/compensation_salary_surveys//en/webcasts_events/webcasts/archived_webcasts_and_podcasts/if-you-build-it-will-they-come-how-to-create-user-_gn7uu35f.html

java.io.FileNotFoundException: http://www.hr.com/en/communities/ihr_compensation/job_analysis__evaluation_and_grading/compensation_salary_surveys//en/webcasts_events/webcasts/archived_webcasts_and_podcasts/trends-in-compensation-and-best-practices-in-the-c_gz4x62za.html

java.io.FileNotFoundException: http://www.ct.com/entertainment/photos/wcct-new-haven-stpatricks-day-parade-20130310,0,7100838.photogallery/entertainment/best-of-ct/

java.io.FileNotFoundException: http://www.hr.com/en/communities/ihr_hr_in_california//en/communities/legal/business_and_finance/

java.io.FileNotFoundException: http://www.ct.com/entertainment/photos/wcct-new-haven-stpatricks-day-parade-20130310,0,7100838.photogallery/entertainment/tv/cw

java.io.FileNotFoundException: http://www.ct.com/entertainment/photos/wcct-new-haven-stpatricks-day-parade-20130310,0,7100838.photogallery/promotions/contests

java.io.FileNotFoundException: http://www.ct.com/entertainment/photos/wcct-new-haven-stpatricks-day-parade-20130310,0,7100838.photogallery/entertainment/photos/wcct-new-haven-stpatricks-day-parade-20130310,0,7100838.photogallery?

java.io.FileNotFoundException: http://www.ct.com/entertainment/photos/wcct-new-haven-stpatricks-day-parade-20130310,0,7100838.photogallery/entertainment/photos/wcct-new-haven-stpatricks-day-parade-20130310,0,7100838.photogallery?index=wcct-new-haven-stpatricks-day-parade-20130310-001

java.io.FileNotFoundException: http://www.ct.com/entertainment/photos/wcct-new-haven-stpatricks-day-parade-20130310,0,7100838.photogallery/entertainment/photos/wcct-new-haven-stpatricks-day-parade-20130310,0,7100838.photogallery?index=wcct-new-haven-stpatricks-day-parade-20130310-061

java.io.FileNotFoundException: http://www.ct.com/entertainment/photos/wcct-new-haven-stpatricks-day-parade-20130310,0,7100838.photogallery/entertainment/photos/wcct-new-haven-stpatricks-day-parade-20130310,0,7100838.photogallery?index=wcct-new-haven-stpatricks-day-parade-20130310-042

java.io.FileNotFoundException: http://www.ct.com/entertainment/photos/wcct-new-haven-stpatricks-day-parade-20130310,0,7100838.photogallery/entertainment/photos/wcct-new-haven-stpatricks-day-parade-20130310,0,7100838.photogallery?index=wcct-new-haven-stpatricks-day-parade-20130310-029

java.io.FileNotFoundException: http://www.ct.com/entertainment/photos/wcct-new-haven-stpatricks-day-parade-20130310,0,7100838.photogallery/entertainment/photos/wcct-new-haven-stpatricks-day-parade-20130310,0,7100838.photogallery?index=wcct-new-haven-stpatricks-day-parade-20130310-031

java.io.FileNotFoundException: http://www.ct.com/entertainment/photos/wcct-new-haven-stpatricks-day-parade-20130310,0,7100838.photogallery/entertainment/photos/wcct-new-haven-stpatricks-day-parade-20130310,0,7100838.photogallery?index=wcct-new-haven-stpatricks-day-parade-20130310-064

java.io.FileNotFoundException: http://www.ct.com/entertainment/photos/wcct-new-haven-stpatricks-day-parade-20130310,0,7100838.photogallery/entertainment/photos/wcct-new-haven-stpatricks-day-parade-20130310,0,7100838.photogallery?index=wcct-new-haven-stpatricks-day-parade-20130310-063

java.io.FileNotFoundException: http://www.ct.com/entertainment/photos/wcct-new-haven-stpatricks-day-parade-20130310,0,7100838.photogallery/entertainment/photos/wcct-new-haven-stpatricks-day-parade-20130310,0,7100838.photogallery?index=wcct-new-haven-stpatricks-day-parade-20130310-062

java.io.FileNotFoundException: http://www.ct.com/entertainment/photos/wcct-new-haven-stpatricks-day-parade-20130310,0,7100838.photogallery/entertainment/photos/wcct-new-haven-stpatricks-day-parade-20130310,0,7100838.photogallery?index=wcct-new-haven-stpatricks-day-parade-20130310-060

java.io.FileNotFoundException: http://www.ct.com/entertainment/photos/wcct-new-haven-stpatricks-day-parade-20130310,0,7100838.photogallery/entertainment/photos/wcct-new-haven-stpatricks-day-parade-20130310,0,7100838.photogallery?index=wcct-new-haven-stpatricks-day-parade-20130310-059

java.io.FileNotFoundException: http://www.hr.com/en/communities/ihr_compensation/job_analysis__evaluation_and_grading/compensation_salary_surveys//en/communities/forty-nine-percent-of-workers-do-not-negotiate-job_hkn9c33p.html

java.io.FileNotFoundException: http://www.ct.com/entertainment/photos/wcct-new-haven-stpatricks-day-parade-20130310,0,7100838.photogallery/entertainment/photos/wcct-new-haven-stpatricks-day-parade-20130310,0,7100838.photogallery?index=wcct-new-haven-stpatricks-day-parade-20130310-058

java.io.IOException: Server returned HTTP response code: 400 for URL: http://twitter.com/share?url=http://www.ct.com/entertainment/photos/wcct-new-haven-stpatricks-day-parade-20130310,0,7100838.photogallery?index=wcct-new-haven-stpatricks-day-parade-20130310-001&text=Photos: New Haven St. Patrick's Day Parade

java.io.FileNotFoundException: http://www.ct.com/entertainment/photos/wcct-new-haven-stpatricks-day-parade-20130310,0,7100838.photogallery/entertainment/photos/wcct-new-haven-stpatricks-day-parade-20130310,0,7100838.photogallery?index=wcct-new-haven-stpatricks-day-parade-20130310-057

java.io.IOException: Server returned HTTP response code: 400 for URL: http://www.facebook.com/share.php?&u=http://www.ct.com/entertainment/photos/wcct-new-haven-stpatricks-day-parade-20130310,0,7100838.photogallery?index=wcct-new-haven-stpatricks-day-parade-20130310-001&t=Photos: New Haven St. Patrick's Day Parade

java.io.FileNotFoundException: http://www.ct.com/entertainment/photos/wcct-new-haven-stpatricks-day-parade-20130310,0,7100838.photogallery/entertainment/photos/wcct-new-haven-stpatricks-day-parade-20130310,0,7100838.photogallery?index=wcct-new-haven-stpatricks-day-parade-20130310-056

java.io.IOException: Server returned HTTP response code: 503 for URL: http://www.stumbleupon.com/submit?url=http://www.ct.com/entertainment/photos/wcct-new-haven-stpatricks-day-parade-20130310,0,7100838.photogallery?index=wcct-new-haven-stpatricks-day-parade-20130310-001&title=Photos: New Haven St. Patrick's Day Parade

java.io.FileNotFoundException: http://www.ct.com/entertainment/photos/wcct-new-haven-stpatricks-day-parade-20130310,0,7100838.photogallery/entertainment/photos/wcct-new-haven-stpatricks-day-parade-20130310,0,5236952,email.photogallery?index=wcct-new-haven-stpatricks-day-parade-20130310-001

java.io.FileNotFoundException: http://www.hr.com/en/communities/ihr_hr_in_california//en/communities/legal/contract_disputes/

java.io.FileNotFoundException: http://www.ct.com/entertainment/photos/wcct-new-haven-stpatricks-day-parade-20130310,0,7100838.photogallery/entertainment/photos/wtxx-photos-zac-brown-band-at-the-comcast-theatre-20130903,0,2968062.photogallery

java.io.FileNotFoundException: http://www.ct.com/entertainment/photos/wcct-new-haven-stpatricks-day-parade-20130310,0,7100838.photogallery/entertainment/photos/wtxx-photos-maroon-5-and-kelly-clarkson-at-the-comcast-theatre-20130901,0,2631515.photogallery

java.io.FileNotFoundException: http://www.ct.com/entertainment/photos/wcct-new-haven-stpatricks-day-parade-20130310,0,7100838.photogallery/entertainment/photos/wtxx-30-funny-dennis-reynolds-quotes-20130830,0,2914621.photogallery

java.io.FileNotFoundException: http://www.ct.com/entertainment/photos/wcct-new-haven-stpatricks-day-parade-20130310,0,7100838.photogallery/entertainment/photos/wtxx-photos-afropunk-festival-20130829,0,2469816.photogallery

java.io.FileNotFoundException: http://www.ct.com/entertainment/photos/wcct-new-haven-stpatricks-day-parade-20130310,0,7100838.photogallery/entertainment/photos/wtxx-photos-toby-keith-at-the-comcast-theatre-20130826,0,2068060.photogallery

java.io.FileNotFoundException: http://www.ct.com/entertainment/photos/wcct-new-haven-stpatricks-day-parade-20130310,0,7100838.photogallery/entertainment/photos/wtxx-photos-john-mayer-at-the-comcast-theatre-20130819,0,6538307.photogallery

java.io.FileNotFoundException: http://www.ct.com/entertainment/photos/wcct-new-haven-stpatricks-day-parade-20130310,0,7100838.photogallery/entertainment/photos/wtxx-photos-john-mayer-performing-at-the-comcast-theatre-20130819,0,155400.photogallery

java.io.FileNotFoundException: http://www.ct.com/entertainment/photos/wcct-new-haven-stpatricks-day-parade-20130310,0,7100838.photogallery/entertainment/photos/wtxx-photos-rockstar-energy-drink-uproar-festival-2013-20130813,0,5213107.photogallery

java.io.FileNotFoundException: http://www.hr.com/en/communities/ihr_compensation/job_analysis__evaluation_and_grading/compensation_salary_surveys//en/communities/cri-releases-its-2013-2014-annual-salary-budget-pl_hjk6sk28.html

java.io.FileNotFoundException: http://www.ct.com/entertainment/photos/wcct-new-haven-stpatricks-day-parade-20130310,0,7100838.photogallery/entertainment/photos/wtxx-photos-rockstar-energy-drink-uproar-festival-2013-performers-20130813,0,7369410.photogallery

java.io.FileNotFoundException: http://www.hr.com/en/communities/ihr_compensation/job_analysis__evaluation_and_grading/compensation_salary_surveys//en/communities/compensation-and-benefits-results-from-grant-thorn_hif9jsb4.html

java.io.FileNotFoundException: http://www.ct.com/entertainment/photos/wcct-new-haven-stpatricks-day-parade-20130310,0,7100838.photogallery/entertainment/photos/hc-electric-run-5k-20130811,0,6790488.photogallery

java.io.FileNotFoundException: http://www.hr.com/en/communities/ihr_compensation/job_analysis__evaluation_and_grading/compensation_salary_surveys//en/communities/execunet-survey-reveals-recruiters-predictions_hat5anrh.html

java.io.FileNotFoundException: http://www.hr.com/en/communities/ihr_compensation/job_analysis__evaluation_and_grading/compensation_salary_surveys//en/communities/robert-half-legal-releases-annual-salary-guide_h9h8w0lr.html

java.io.FileNotFoundException: http://www.ct.com/entertainment/photos/wcct-hartford-st-patricks-day-parade-20130309,0,6562753.photogallery/

java.io.FileNotFoundException: http://www.ct.com/entertainment/photos/wcct-hartford-st-patricks-day-parade-20130309,0,6562753.photogallery/wheretogo

java.io.FileNotFoundException: http://www.hr.com/en/communities/ihr_compensation/job_analysis__evaluation_and_grading/compensation_salary_surveys//en/app/profile/patricia.muller/

java.io.FileNotFoundException: http://www.hr.com/en/communities/ihr_compensation/job_analysis__evaluation_and_grading/compensation_salary_surveys//en/app/profile/mindi

java.io.FileNotFoundException: http://www.ct.com/entertainment/photos/wcct-hartford-st-patricks-day-parade-20130309,0,6562753.photogallery/whattodo

java.io.FileNotFoundException: http://www.hr.com/en/communities/ihr_compensation/job_analysis__evaluation_and_grading/compensation_salary_surveys//en/app/profile/ingalls.lindsay/

java.io.FileNotFoundException: http://www.hr.com/en/communities/ihr_compensation/job_analysis__evaluation_and_grading/compensation_salary_surveys//en/app/profile/natasha.vandesluis/

java.io.FileNotFoundException: http://www.hr.com/en/communities/ihr_compensation/job_analysis__evaluation_and_grading/compensation_salary_surveys//en/app/profile/nancy.granja/

java.io.FileNotFoundException: http://www.hr.com/en/communities/ihr_compensation/job_analysis__evaluation_and_grading/compensation_salary_surveys//en/app/profile/erataj@cbiz.com/

java.io.FileNotFoundException: http://www.hr.com/en/communities/ihr_compensation/job_analysis__evaluation_and_grading/compensation_salary_surveys//en/app/profile/Tincup/

java.io.FileNotFoundException: http://www.hr.com/en/communities/ihr_compensation/job_analysis__evaluation_and_grading/compensation_salary_surveys//en/app/profile/jvilet/

java.io.FileNotFoundException: http://www.hr.com/en/communities/ihr_compensation/job_analysis__evaluation_and_grading/compensation_salary_surveys//en/app/profile/alisonfrench/

java.io.FileNotFoundException: http://www.ct.com/entertainment/photos/wcct-hartford-st-patricks-day-parade-20130309,0,6562753.photogallery/entertainment/restaurants

java.io.FileNotFoundException: http://www.hr.com/en/communities/ihr_compensation/job_analysis__evaluation_and_grading/compensation_salary_surveys//en/app/profile/1119477667206/

java.io.FileNotFoundException: http://www.hr.com/en/communities/ihr_compensation/job_analysis__evaluation_and_grading/compensation_salary_surveys//en/app/blog/2013/09/hr-data-and-analytics-what-does-your-organization-_hl7yaj60.html

java.io.FileNotFoundException: http://www.hr.com/en/communities/ihr_compensation/job_analysis__evaluation_and_grading/compensation_salary_surveys//en/app/blog/2013/08/strategic-hr-partnerships-how-to-develop-and-maint_hju6rxwp.html

java.io.FileNotFoundException: http://www.hr.com/en/communities/ihr_compensation/job_analysis__evaluation_and_grading/compensation_salary_surveys//en/app/blog/2013/08/hr-bartender-sharlyn-lauby-strategic-hr-partnershi_hkmj7hoi.html

java.io.FileNotFoundException: http://www.hr.com/en/communities/ihr_compensation/job_analysis__evaluation_and_grading/compensation_salary_surveys//en/app/blog/2013/07/what-university-trends-are-taking-place-game-devel_hjjmuq7r.html

java.io.FileNotFoundException: http://www.hr.com/en/communities/ihr_compensation/job_analysis__evaluation_and_grading/compensation_salary_surveys//buyersguide/company/view/culpepper_and_associates_inc.

java.io.FileNotFoundException: http://www.hr.com/en/communities/ihr_compensation/job_analysis__evaluation_and_grading/compensation_salary_surveys//en/app/blog/2013/07/leadership%e2%80%94%e2%80%8ahow-is-it-at-your-organization_hjilyml2.html

java.io.FileNotFoundException: http://www.ct.com/entertainment/photos/wcct-hartford-st-patricks-day-parade-20130309,0,6562753.photogallery/entertainment/music

java.io.FileNotFoundException: http://www.ct.com/entertainment/photos/wcct-hartford-st-patricks-day-parade-20130309,0,6562753.photogallery/news/advocates

java.io.FileNotFoundException: http://www.hr.com/en/communities/ihr_compensation/job_analysis__evaluation_and_grading/compensation_salary_surveys//buyersguide/product/rate/1292946889661

java.net.MalformedURLException: no protocol: ?screen=122

java.io.FileNotFoundException: http://www.ct.com/entertainment/photos/wcct-hartford-st-patricks-day-parade-20130309,0,6562753.photogallery/entertainment/best-of-ct/

java.io.FileNotFoundException: http://www.hr.com/en/communities/ihr_compensation/job_analysis__evaluation_and_grading/compensation_salary_surveys//buyersguide/company/view/clayton_wallis_company_the

java.io.FileNotFoundException: http://www.ct.com/entertainment/photos/wcct-hartford-st-patricks-day-parade-20130309,0,6562753.photogallery/entertainment/tv/cw

java.io.FileNotFoundException: http://www.industryweek.com/procurement/midyear-service-centers-shipments-declining/iw-best-plants/siemens-2013-iw-best-plants-conference

java.io.FileNotFoundException: http://www.hr.com/en/communities/ihr_compensation/job_analysis__evaluation_and_grading/compensation_salary_surveys//buyersguide/company/view/culpepper_and_associates_inc.

java.io.FileNotFoundException: http://www.hr.com/en/communities/ihr_compensation/job_analysis__evaluation_and_grading/compensation_salary_surveys//buyersguide/product/rate/1295285718995

java.io.FileNotFoundException: http://www.hr.com/en/communities/ihr_compensation/job_analysis__evaluation_and_grading/compensation_salary_surveys//buyersguide/product/rate/1329335103083

java.io.FileNotFoundException: http://www.hr.com/en/communities/ihr_compensation/job_analysis__evaluation_and_grading/compensation_salary_surveys//buyersguide/company/view/lawrence_associates

java.io.FileNotFoundException: http://www.hr.com/en/communities/ihr_compensation/job_analysis__evaluation_and_grading/compensation_salary_surveys//buyersguide/product/rate/1346002504759

java.io.FileNotFoundException: http://www.industryweek.com/procurement/midyear-service-centers-shipments-declining//ad.doubleclick.net/N3834/jump/iw.home/supply_chain/procurement%3bpos=splink_1%3bptype=article%3bpage=/procurement/midyear-service-centers-shipments-declining%3bsz=2x2%3btile=4%3bord=123456789?

java.io.FileNotFoundException: http://www.ct.com/entertainment/photos/wcct-hartford-st-patricks-day-parade-20130309,0,6562753.photogallery/promotions/contests

java.io.FileNotFoundException: http://www.seattlepi.com/business/press-releases/article/SmartBug-Media-Continues-to-Expand-Its-Talented-4808145.php

java.io.FileNotFoundException: http://www.ct.com/entertainment/photos/wcct-hartford-st-patricks-day-parade-20130309,0,6562753.photogallery/entertainment/photos/wcct-hartford-st-patricks-day-parade-20130309,0,6562753.photogallery?

java.io.FileNotFoundException: http://www.ct.com/entertainment/photos/wcct-hartford-st-patricks-day-parade-20130309,0,6562753.photogallery/entertainment/photos/wcct-hartford-st-patricks-day-parade-20130309,0,6562753.photogallery?index=wcct-hartford-st-patricks-day-parade-20130309-095

java.io.FileNotFoundException: http://www.ct.com/entertainment/photos/wcct-hartford-st-patricks-day-parade-20130309,0,6562753.photogallery/entertainment/photos/wcct-hartford-st-patricks-day-parade-20130309,0,6562753.photogallery?index=wcct-hartford-st-patricks-day-parade-20130309-077

java.io.FileNotFoundException: http://www.ct.com/entertainment/photos/wcct-hartford-st-patricks-day-parade-20130309,0,6562753.photogallery/entertainment/photos/wcct-hartford-st-patricks-day-parade-20130309,0,6562753.photogallery?index=wcct-hartford-st-patricks-day-parade-20130309-098

java.io.FileNotFoundException: http://www.ct.com/entertainment/photos/wcct-hartford-st-patricks-day-parade-20130309,0,6562753.photogallery/entertainment/photos/wcct-hartford-st-patricks-day-parade-20130309,0,6562753.photogallery?index=wcct-hartford-st-patricks-day-parade-20130309-073

java.io.FileNotFoundException: http://www.ct.com/entertainment/photos/wcct-hartford-st-patricks-day-parade-20130309,0,6562753.photogallery/entertainment/photos/wcct-hartford-st-patricks-day-parade-20130309,0,6562753.photogallery?index=wcct-hartford-st-patricks-day-parade-20130309-097

java.io.FileNotFoundException: http://www.ct.com/entertainment/photos/wcct-hartford-st-patricks-day-parade-20130309,0,6562753.photogallery/entertainment/photos/wcct-hartford-st-patricks-day-parade-20130309,0,6562753.photogallery?index=wcct-hartford-st-patricks-day-parade-20130309-094

java.io.FileNotFoundException: http://www.ct.com/entertainment/photos/wcct-hartford-st-patricks-day-parade-20130309,0,6562753.photogallery/entertainment/photos/wcct-hartford-st-patricks-day-parade-20130309,0,6562753.photogallery?index=wcct-hartford-st-patricks-day-parade-20130309-096

java.io.FileNotFoundException: http://www.ct.com/entertainment/photos/wcct-hartford-st-patricks-day-parade-20130309,0,6562753.photogallery/entertainment/photos/wcct-hartford-st-patricks-day-parade-20130309,0,6562753.photogallery?index=wcct-hartford-st-patricks-day-parade-20130309-093

java.io.FileNotFoundException: http://www.ct.com/entertainment/photos/wcct-hartford-st-patricks-day-parade-20130309,0,6562753.photogallery/entertainment/photos/wcct-hartford-st-patricks-day-parade-20130309,0,6562753.photogallery?index=wcct-hartford-st-patricks-day-parade-20130309-072

java.io.FileNotFoundException: http://www.ct.com/entertainment/photos/wcct-hartford-st-patricks-day-parade-20130309,0,6562753.photogallery/entertainment/photos/wcct-hartford-st-patricks-day-parade-20130309,0,6562753.photogallery?index=wcct-hartford-st-patricks-day-parade-20130309-092

java.io.FileNotFoundException: http://www.ct.com/entertainment/photos/wcct-hartford-st-patricks-day-parade-20130309,0,6562753.photogallery/entertainment/photos/wcct-hartford-st-patricks-day-parade-20130309,0,6562753.photogallery?index=wcct-hartford-st-patricks-day-parade-20130309-091

java.io.FileNotFoundException: http://www.ct.com/entertainment/photos/wcct-hartford-st-patricks-day-parade-20130309,0,6562753.photogallery/entertainment/photos/wcct-hartford-st-patricks-day-parade-20130309,0,6562753.photogallery?index=wcct-hartford-st-patricks-day-parade-20130309-090

java.io.IOException: Server returned HTTP response code: 400 for URL: http://www.facebook.com/share.php?&u=http://www.ct.com/entertainment/photos/wcct-hartford-st-patricks-day-parade-20130309,0,6562753.photogallery?index=wcct-hartford-st-patricks-day-parade-20130309-095&t=Photos: Hartford St. Patrick's Day Parade

java.io.IOException: Server returned HTTP response code: 400 for URL: http://twitter.com/share?url=http://www.ct.com/entertainment/photos/wcct-hartford-st-patricks-day-parade-20130309,0,6562753.photogallery?index=wcct-hartford-st-patricks-day-parade-20130309-095&text=Photos: Hartford St. Patrick's Day Parade

java.io.FileNotFoundException: http://www.ct.com/entertainment/photos/wcct-hartford-st-patricks-day-parade-20130309,0,6562753.photogallery/entertainment/photos/wcct-hartford-st-patricks-day-parade-20130309,0,6562753.photogallery?index=wcct-hartford-st-patricks-day-parade-20130309-071

java.io.IOException: Server returned HTTP response code: 503 for URL: http://www.stumbleupon.com/submit?url=http://www.ct.com/entertainment/photos/wcct-hartford-st-patricks-day-parade-20130309,0,6562753.photogallery?index=wcct-hartford-st-patricks-day-parade-20130309-095&title=Photos: Hartford St. Patrick's Day Parade

java.io.FileNotFoundException: http://www.ct.com/entertainment/photos/wcct-hartford-st-patricks-day-parade-20130309,0,6562753.photogallery/entertainment/photos/wcct-hartford-st-patricks-day-parade-20130309,0,6664947,email.photogallery?index=wcct-hartford-st-patricks-day-parade-20130309-095

java.io.FileNotFoundException: http://www.ct.com/entertainment/photos/wcct-hartford-st-patricks-day-parade-20130309,0,6562753.photogallery/entertainment/photos/wtxx-photos-zac-brown-band-at-the-comcast-theatre-20130903,0,2968062.photogallery

java.io.FileNotFoundException: http://www.ct.com/entertainment/photos/wcct-hartford-st-patricks-day-parade-20130309,0,6562753.photogallery/entertainment/photos/wtxx-photos-maroon-5-and-kelly-clarkson-at-the-comcast-theatre-20130901,0,2631515.photogallery

java.io.FileNotFoundException: http://www.ct.com/entertainment/photos/wcct-hartford-st-patricks-day-parade-20130309,0,6562753.photogallery/entertainment/photos/wtxx-30-funny-dennis-reynolds-quotes-20130830,0,2914621.photogallery

java.io.FileNotFoundException: http://www.ct.com/entertainment/photos/wcct-hartford-st-patricks-day-parade-20130309,0,6562753.photogallery/entertainment/photos/wtxx-photos-afropunk-festival-20130829,0,2469816.photogallery

java.io.FileNotFoundException: http://www.ct.com/entertainment/photos/wcct-hartford-st-patricks-day-parade-20130309,0,6562753.photogallery/entertainment/photos/wtxx-photos-toby-keith-at-the-comcast-theatre-20130826,0,2068060.photogallery

java.io.FileNotFoundException: http://www.hr.com/en/communities/ihr_compensation/job_analysis__evaluation_and_grading/compensation_salary_surveys//en/

java.io.FileNotFoundException: http://www.ct.com/entertainment/photos/wcct-hartford-st-patricks-day-parade-20130309,0,6562753.photogallery/entertainment/photos/wtxx-photos-john-mayer-at-the-comcast-theatre-20130819,0,6538307.photogallery

java.io.FileNotFoundException: http://www.ct.com/entertainment/photos/wcct-hartford-st-patricks-day-parade-20130309,0,6562753.photogallery/entertainment/photos/wtxx-photos-john-mayer-performing-at-the-comcast-theatre-20130819,0,155400.photogallery

java.io.FileNotFoundException: http://www.ct.com/entertainment/photos/wcct-hartford-st-patricks-day-parade-20130309,0,6562753.photogallery/entertainment/photos/wtxx-photos-rockstar-energy-drink-uproar-festival-2013-20130813,0,5213107.photogallery

java.io.FileNotFoundException: http://www.transfermarkt.co.uk/en/morocco-algeria/index/spielbericht_1028582.html

java.io.FileNotFoundException: http://www.ct.com/entertainment/photos/wcct-hartford-st-patricks-day-parade-20130309,0,6562753.photogallery/entertainment/photos/wtxx-photos-rockstar-energy-drink-uproar-festival-2013-performers-20130813,0,7369410.photogallery

java.io.FileNotFoundException: http://www.ct.com/entertainment/photos/wcct-hartford-st-patricks-day-parade-20130309,0,6562753.photogallery/entertainment/photos/hc-electric-run-5k-20130811,0,6790488.photogallery

java.io.FileNotFoundException: http://www.hr.com/en/communities/ihr_compensation/job_analysis__evaluation_and_grading/compensation_salary_surveys//en

java.io.FileNotFoundException: http://www.hr.com/en/communities/ihr_compensation/job_analysis__evaluation_and_grading/compensation_salary_surveys//en/about_us/

java.io.FileNotFoundException: http://www.hr.com/en/communities/ihr_compensation/job_analysis__evaluation_and_grading/compensation_salary_surveys//en/about_us/hr_com_team/

java.io.FileNotFoundException: http://www.hr.com/en/communities/ihr_compensation/job_analysis__evaluation_and_grading/compensation_salary_surveys//en/about_us/the_hr_com_manifesto/

java.io.FileNotFoundException: http://www.hr.com/en/communities/ihr_compensation/job_analysis__evaluation_and_grading/compensation_surveys//en/communities/

java.io.FileNotFoundException: http://www.hr.com/en/communities/ihr_compensation/job_analysis__evaluation_and_grading/compensation_surveys//en/communities/ihr_compensation/

java.io.FileNotFoundException: http://www.hr.com/en/communities/ihr_compensation/job_analysis__evaluation_and_grading/compensation_surveys//en/communities/ihr_compensation/job_analysis__evaluation_and_grading/

java.io.FileNotFoundException: http://www.hr.com/en/communities/ihr_compensation/job_analysis__evaluation_and_grading/compensation_surveys//en/communities/ihr_compensation/job_analysis__evaluation_and_grading/compensation_surveys/

java.io.FileNotFoundException: http://www.ct.com/entertainment/photos/wcct-bands-of-emerge-festival-20130304,0,1478623.photogallery/

java.io.FileNotFoundException: http://www.hr.com/en/communities/ihr_compensation/job_analysis__evaluation_and_grading/compensation_surveys//en/app/passwordLookup

java.io.FileNotFoundException: http://www.ct.com/entertainment/photos/wcct-bands-of-emerge-festival-20130304,0,1478623.photogallery/wheretogo

java.net.ConnectException: Connection timed out

java.io.FileNotFoundException: http://www.hr.com/en/communities/ihr_compensation/job_analysis__evaluation_and_grading/compensation_surveys//en/app/file

java.io.FileNotFoundException: http://www.ct.com/entertainment/photos/wcct-bands-of-emerge-festival-20130304,0,1478623.photogallery/whattodo

java.io.FileNotFoundException: http://www.industryweek.com/procurement/midyear-service-centers-shipments-declining//ad.doubleclick.net/N3834/jump/iw.home/supply_chain/procurement%3bpos=splink_2%3bptype=article%3bpage=/procurement/midyear-service-centers-shipments-declining%3bsz=2x2%3btile=5%3bord=123456789?

java.io.FileNotFoundException: http://www.hr.com/en/communities/ihr_compensation/job_analysis__evaluation_and_grading/compensation_surveys//en/app/group

java.io.FileNotFoundException: http://www.hr.com/en/communities/ihr_compensation/job_analysis__evaluation_and_grading/compensation_surveys//en/app/network/search/newest

java.io.FileNotFoundException: http://www.hr.com/en/communities/ihr_compensation/job_analysis__evaluation_and_grading/compensation_surveys//en/webcasts_events/webcasts/archived_webcasts_and_podcasts/i-need-a-comp-plan-for-a-new-country--i-don%e2%80%99t-know_h4te3sww.html

java.io.FileNotFoundException: http://www.hr.com/en/communities/ihr_compensation/job_analysis__evaluation_and_grading/compensation_surveys//en/webcasts_events/webcasts/archived_webcasts_and_podcasts/trends-in-compensation-and-best-practices-in-the-c_gz4x62za.html

java.io.FileNotFoundException: http://www.hr.com/en/communities/ihr_compensation/job_analysis__evaluation_and_grading/compensation_surveys//en/webcasts_events/webcasts/archived_webcasts_and_podcasts/if-you-build-it-will-they-come-how-to-create-user-_gn7uu35f.html

java.io.FileNotFoundException: http://www.ct.com/entertainment/photos/wcct-bands-of-emerge-festival-20130304,0,1478623.photogallery/entertainment/restaurants

java.io.FileNotFoundException: http://www.ct.com/entertainment/photos/wcct-bands-of-emerge-festival-20130304,0,1478623.photogallery/entertainment/music

java.io.FileNotFoundException: http://www.ct.com/entertainment/photos/wcct-bands-of-emerge-festival-20130304,0,1478623.photogallery/news/advocates

java.io.FileNotFoundException: http://www.ct.com/entertainment/photos/wcct-bands-of-emerge-festival-20130304,0,1478623.photogallery/entertainment/best-of-ct/

java.io.IOException: Server returned HTTP response code: 403 for URL: http://allafrica.com/stories/201309130346.html

java.io.FileNotFoundException: http://www.ct.com/entertainment/photos/wcct-bands-of-emerge-festival-20130304,0,1478623.photogallery/entertainment/tv/cw

java.io.FileNotFoundException: http://www.hr.com/en/communities/ihr_compensation/job_analysis__evaluation_and_grading/compensation_salary_surveys//en/about_us/syndicated_content/

java.io.FileNotFoundException: http://www.hr.com/en/communities/ihr_compensation/job_analysis__evaluation_and_grading/compensation_salary_surveys//en/about_us/faq/

java.io.FileNotFoundException: http://www.hr.com/en/communities/ihr_compensation/job_analysis__evaluation_and_grading/compensation_salary_surveys//en/about_us/fun_box/

java.io.FileNotFoundException: http://www.hr.com/en/communities/ihr_compensation/job_analysis__evaluation_and_grading/compensation_salary_surveys//en/about_us/fun_box/crossword_puzzles/

java.net.MalformedURLException: no protocol: ?screen=121

java.io.FileNotFoundException: http://www.hr.com/en/communities/ihr_compensation/job_analysis__evaluation_and_grading/compensation_salary_surveys//en/about_us/fun_box/office_humor/

java.io.FileNotFoundException: http://www.hr.com/en/communities/ihr_compensation/job_analysis__evaluation_and_grading/compensation_salary_surveys//en/about_us/fun_box/my_cubicle/

java.io.FileNotFoundException: http://www.nbcnews.com/id/52997141/

java.io.FileNotFoundException: http://www.nbcnews.com/id/52997010/

java.io.FileNotFoundException: http://www.hr.com/en/communities/ihr_compensation/job_analysis__evaluation_and_grading/compensation_salary_surveys//en/about_us/fun_box/lose_it_for_charity/

java.io.FileNotFoundException: http://www.hr.com/en/communities/ihr_compensation/job_analysis__evaluation_and_grading/compensation_salary_surveys//en/about_us/fun_box/grow/

java.io.FileNotFoundException: http://www.hr.com/en/communities/ihr_compensation/job_analysis__evaluation_and_grading/compensation_salary_surveys//en/about_us/fun_box/footprint/

java.net.UnknownHostException: www.BillQuick.co.uk

java.io.FileNotFoundException: http://www.ct.com/entertainment/photos/wcct-bands-of-emerge-festival-20130304,0,1478623.photogallery/entertainment/photos/wcct-bands-of-emerge-festival-20130304,0,1478623.photogallery?index=wcct-bands-of-emerge-festival-20130304-065

java.io.FileNotFoundException: http://www.ct.com/entertainment/photos/wcct-bands-of-emerge-festival-20130304,0,1478623.photogallery/entertainment/photos/wcct-bands-of-emerge-festival-20130304,0,1478623.photogallery?index=wcct-bands-of-emerge-festival-20130304-070

java.io.FileNotFoundException: http://www.ct.com/entertainment/photos/wcct-bands-of-emerge-festival-20130304,0,1478623.photogallery/entertainment/photos/wcct-bands-of-emerge-festival-20130304,0,1478623.photogallery?index=wcct-bands-of-emerge-festival-20130304-069

java.io.FileNotFoundException: http://www.ct.com/entertainment/photos/wcct-bands-of-emerge-festival-20130304,0,1478623.photogallery/promotions/contests

java.io.FileNotFoundException: http://www.ct.com/entertainment/photos/wcct-bands-of-emerge-festival-20130304,0,1478623.photogallery/entertainment/photos/wcct-bands-of-emerge-festival-20130304,0,1478623.photogallery?

java.io.FileNotFoundException: http://www.ct.com/entertainment/photos/wcct-bands-of-emerge-festival-20130304,0,1478623.photogallery/entertainment/photos/wcct-bands-of-emerge-festival-20130304,0,1478623.photogallery?index=wcct-bands-of-emerge-festival-20130304-068

java.io.FileNotFoundException: http://www.ct.com/entertainment/photos/wcct-bands-of-emerge-festival-20130304,0,1478623.photogallery/entertainment/photos/wcct-bands-of-emerge-festival-20130304,0,1478623.photogallery?index=wcct-bands-of-emerge-festival-20130304-064

java.io.FileNotFoundException: http://www.ct.com/entertainment/photos/wcct-bands-of-emerge-festival-20130304,0,1478623.photogallery/entertainment/photos/wcct-bands-of-emerge-festival-20130304,0,1478623.photogallery?index=wcct-bands-of-emerge-festival-20130304-067

java.io.FileNotFoundException: http://www.ct.com/entertainment/photos/wcct-bands-of-emerge-festival-20130304,0,1478623.photogallery/entertainment/photos/wcct-bands-of-emerge-festival-20130304,0,1478623.photogallery?index=wcct-bands-of-emerge-festival-20130304-063

java.io.FileNotFoundException: http://www.ct.com/entertainment/photos/wcct-bands-of-emerge-festival-20130304,0,1478623.photogallery/entertainment/photos/wcct-bands-of-emerge-festival-20130304,0,1478623.photogallery?index=wcct-bands-of-emerge-festival-20130304-066

java.io.FileNotFoundException: http://www.ct.com/entertainment/photos/wcct-bands-of-emerge-festival-20130304,0,1478623.photogallery/entertainment/photos/wcct-bands-of-emerge-festival-20130304,0,1478623.photogallery?index=wcct-bands-of-emerge-festival-20130304-062

java.io.FileNotFoundException: http://www.ct.com/entertainment/photos/wcct-bands-of-emerge-festival-20130304,0,1478623.photogallery/entertainment/photos/wcct-bands-of-emerge-festival-20130304,0,1478623.photogallery?index=wcct-bands-of-emerge-festival-20130304-061

java.io.FileNotFoundException: http://www.ct.com/entertainment/photos/wcct-bands-of-emerge-festival-20130304,0,1478623.photogallery/entertainment/photos/wcct-bands-of-emerge-festival-20130304,0,1478623.photogallery?index=wcct-bands-of-emerge-festival-20130304-060

java.io.FileNotFoundException: http://www.ct.com/entertainment/photos/wcct-bands-of-emerge-festival-20130304,0,1478623.photogallery/entertainment/photos/wcct-bands-of-emerge-festival-20130304,0,1478623.photogallery?index=wcct-bands-of-emerge-festival-20130304-059

java.io.FileNotFoundException: http://www.hr.com/en/communities/ihr_compensation/job_analysis__evaluation_and_grading/compensation_salary_surveys//en/about_us/fun_box/happy_holidays/

java.io.IOException: Server returned HTTP response code: 400 for URL: http://www.facebook.com/share.php?&u=http://www.ct.com/entertainment/photos/wcct-bands-of-emerge-festival-20130304,0,1478623.photogallery?index=wcct-bands-of-emerge-festival-20130304-070&t=Emerge Festival

java.io.IOException: Server returned HTTP response code: 400 for URL: http://twitter.com/share?url=http://www.ct.com/entertainment/photos/wcct-bands-of-emerge-festival-20130304,0,1478623.photogallery?index=wcct-bands-of-emerge-festival-20130304-070&text=Emerge Festival

java.io.IOException: Server returned HTTP response code: 503 for URL: http://www.stumbleupon.com/submit?url=http://www.ct.com/entertainment/photos/wcct-bands-of-emerge-festival-20130304,0,1478623.photogallery?index=wcct-bands-of-emerge-festival-20130304-070&title=Emerge Festival

java.io.FileNotFoundException: http://www.ct.com/entertainment/photos/wcct-bands-of-emerge-festival-20130304,0,1478623.photogallery/entertainment/photos/wcct-bands-of-emerge-festival-20130304,0,3966702,email.photogallery?index=wcct-bands-of-emerge-festival-20130304-070

java.io.FileNotFoundException: http://www.ct.com/entertainment/photos/wcct-bands-of-emerge-festival-20130304,0,1478623.photogallery/entertainment/photos/wcct-bands-of-emerge-festival-20130304,0,1478623.photogallery?index=wcct-bands-of-emerge-festival-20130304-058

java.io.FileNotFoundException: http://www.hr.com/en/communities/ihr_compensation/job_analysis__evaluation_and_grading/compensation_salary_surveys//en/about_us/fun_box/hr_magic/

java.io.FileNotFoundException: http://www.ct.com/entertainment/photos/wcct-bands-of-emerge-festival-20130304,0,1478623.photogallery/entertainment/photos/wtxx-photos-zac-brown-band-at-the-comcast-theatre-20130903,0,2968062.photogallery

java.io.FileNotFoundException: http://www.ct.com/entertainment/photos/wcct-bands-of-emerge-festival-20130304,0,1478623.photogallery/entertainment/photos/wtxx-photos-maroon-5-and-kelly-clarkson-at-the-comcast-theatre-20130901,0,2631515.photogallery

java.io.FileNotFoundException: http://www.ct.com/entertainment/photos/wcct-bands-of-emerge-festival-20130304,0,1478623.photogallery/entertainment/photos/wtxx-30-funny-dennis-reynolds-quotes-20130830,0,2914621.photogallery

java.io.FileNotFoundException: http://www.hr.com/en/communities/ihr_compensation/job_analysis__evaluation_and_grading/compensation_salary_surveys//en/about_us/fun_box/politically_incorrect/

java.io.FileNotFoundException: http://www.hr.com/en/communities/ihr_compensation/job_analysis__evaluation_and_grading/compensation_salary_surveys//en/about_us/fun_box/hr_in_the_new_economy/

java.io.FileNotFoundException: http://www.ct.com/entertainment/photos/wcct-bands-of-emerge-festival-20130304,0,1478623.photogallery/entertainment/photos/wtxx-photos-afropunk-festival-20130829,0,2469816.photogallery

java.io.FileNotFoundException: http://www.ct.com/entertainment/photos/wcct-bands-of-emerge-festival-20130304,0,1478623.photogallery/entertainment/photos/wtxx-photos-toby-keith-at-the-comcast-theatre-20130826,0,2068060.photogallery

java.io.FileNotFoundException: http://www.ct.com/entertainment/photos/wcct-bands-of-emerge-festival-20130304,0,1478623.photogallery/entertainment/photos/wtxx-photos-john-mayer-at-the-comcast-theatre-20130819,0,6538307.photogallery

java.io.FileNotFoundException: http://www.hr.com/en/communities/ihr_compensation/job_analysis__evaluation_and_grading/compensation_salary_surveys//en/about_us/fun_box/famous_quotes/

java.io.FileNotFoundException: http://www.hr.com/en/communities/ihr_compensation/job_analysis__evaluation_and_grading/compensation_salary_surveys//en/about_us/fun_box/photo_contests/

java.io.FileNotFoundException: http://www.hr.com/en/communities/ihr_compensation/job_analysis__evaluation_and_grading/compensation_salary_surveys//en/about_us/privacy_information/

java.io.FileNotFoundException: http://www.ct.com/entertainment/photos/wcct-bands-of-emerge-festival-20130304,0,1478623.photogallery/entertainment/photos/wtxx-photos-rockstar-energy-drink-uproar-festival-2013-20130813,0,5213107.photogallery

java.io.FileNotFoundException: http://www.ct.com/entertainment/photos/wcct-bands-of-emerge-festival-20130304,0,1478623.photogallery/entertainment/photos/wtxx-photos-john-mayer-performing-at-the-comcast-theatre-20130819,0,155400.photogallery

java.io.FileNotFoundException: http://www.hr.com/en/communities/ihr_compensation/job_analysis__evaluation_and_grading/compensation_salary_surveys//en/about_us/legal_information/

java.io.FileNotFoundException: http://www.ct.com/entertainment/photos/wcct-bands-of-emerge-festival-20130304,0,1478623.photogallery/entertainment/photos/wtxx-photos-rockstar-energy-drink-uproar-festival-2013-performers-20130813,0,7369410.photogallery

java.io.FileNotFoundException: http://www.ct.com/entertainment/photos/wcct-bands-of-emerge-festival-20130304,0,1478623.photogallery/entertainment/photos/hc-electric-run-5k-20130811,0,6790488.photogallery

java.io.FileNotFoundException: http://www.hr.com/en/communities/ihr_compensation/job_analysis__evaluation_and_grading/compensation_salary_surveys//en/about_us/hr_com_newsletters/

java.io.FileNotFoundException: http://www.ct.com/entertainment/photos/wcct-photos-emerge-festival-20130304,0,7243551.photogallery/

java.io.FileNotFoundException: http://www.ct.com/entertainment/photos/wcct-photos-emerge-festival-20130304,0,7243551.photogallery/wheretogo

java.io.FileNotFoundException: http://www.ct.com/entertainment/photos/wcct-photos-emerge-festival-20130304,0,7243551.photogallery/whattodo

java.io.FileNotFoundException: http://www.hr.com/en/communities/ihr_compensation/job_analysis__evaluation_and_grading/compensation_salary_surveys//en/about_us/hr_com_newsletters/hr_com_whitepapers/

java.io.FileNotFoundException: http://www.hr.com/en/communities/ihr_compensation/job_analysis__evaluation_and_grading/compensation_salary_surveys//en/about_us/hr_com_newsletters/hr_communication/

java.io.FileNotFoundException: http://www.hr.com/en/communities/ihr_compensation/job_analysis__evaluation_and_grading/compensation_salary_surveys//en/about_us/hr_com_newsletters/thought_leaders/

java.io.FileNotFoundException: http://www.hr.com/en/communities/ihr_compensation/job_analysis__evaluation_and_grading/compensation_salary_surveys//en/about_us/hr_com_newsletters/reality_hr/

java.io.FileNotFoundException: http://www.hr.com/en/communities/ihr_compensation/job_analysis__evaluation_and_grading/compensation_salary_surveys//en/about_us/hr_com_newsletters/vendor_newsletters/

java.io.FileNotFoundException: http://www.hr.com/en/communities/ihr_compensation/job_analysis__evaluation_and_grading/compensation_salary_surveys//en/about_us/terms_content_policy/

java.io.FileNotFoundException: http://www.hr.com/en/communities/ihr_compensation/job_analysis__evaluation_and_grading/compensation_salary_surveys//en/about_us/hr_com_press_releases/

java.io.FileNotFoundException: http://www.hr.com/en/communities/ihr_compensation/job_analysis__evaluation_and_grading/compensation_salary_surveys//en/about_us/terms_content_policy/blog_terms_and_conditions/

java.io.FileNotFoundException: http://www.hr.com/en/communities/ihr_compensation/job_analysis__evaluation_and_grading/compensation_salary_surveys//en/about_us/contact_us/

java.io.FileNotFoundException: http://www.ct.com/entertainment/photos/wcct-photos-emerge-festival-20130304,0,7243551.photogallery/entertainment/restaurants

java.io.FileNotFoundException: http://www.hr.com/en/communities/ihr_compensation/job_analysis__evaluation_and_grading/compensation_salary_surveys//en/about_us/become_a_regular_contributor/

java.io.FileNotFoundException: http://www.hr.com/en/communities/ihr_compensation/job_analysis__evaluation_and_grading/compensation_salary_surveys//en/about_us/advertise/

java.io.FileNotFoundException: http://www.hr.com/en/communities/ihr_compensation/job_analysis__evaluation_and_grading/compensation_salary_surveys//en/about_us/how_to_contribute/

java.io.FileNotFoundException: http://www.hr.com/en/communities/ihr_compensation/job_analysis__evaluation_and_grading/compensation_salary_surveys//en/memberships/

java.io.FileNotFoundException: http://www.hr.com/en/communities/ihr_compensation/job_analysis__evaluation_and_grading/compensation_salary_surveys//en/communities/ihr/

java.io.FileNotFoundException: http://www.hr.com/en/communities/ihr_compensation/job_analysis__evaluation_and_grading/compensation_salary_surveys//en/communities/benefits/

java.io.FileNotFoundException: http://www.hr.com/en/communities/ihr_compensation/job_analysis__evaluation_and_grading/compensation_salary_surveys//en/communities/benefits/ihr_benefits_cost_containment_audits_legal_risks/

java.io.FileNotFoundException: http://www.hr.com/en/communities/ihr_compensation/job_analysis__evaluation_and_grading/compensation_salary_surveys//en/communities/benefits/design_and_technology/benefits_administration/

java.io.FileNotFoundException: http://www.hr.com/en/communities/ihr_compensation/job_analysis__evaluation_and_grading/compensation_salary_surveys//en/communities/benefits/design_and_technology/

java.io.FileNotFoundException: http://www.ct.com/entertainment/photos/wcct-photos-emerge-festival-20130304,0,7243551.photogallery/entertainment/music

java.io.FileNotFoundException: http://www.ct.com/entertainment/photos/wcct-photos-emerge-festival-20130304,0,7243551.photogallery/news/advocates

java.io.FileNotFoundException: http://www.ct.com/entertainment/photos/wcct-photos-emerge-festival-20130304,0,7243551.photogallery/entertainment/best-of-ct/

java.io.FileNotFoundException: http://www.ct.com/entertainment/photos/wcct-photos-emerge-festival-20130304,0,7243551.photogallery/entertainment/tv/cw

java.io.FileNotFoundException: http://www.youtube.com/v/8rlz_0cA4pw&autoplay=1

java.io.FileNotFoundException: http://www.ct.com/entertainment/photos/wcct-photos-emerge-festival-20130304,0,7243551.photogallery/promotions/contests

java.io.FileNotFoundException: http://www.hr.com/en/communities/ihr_hr_in_california//en/communities/legal/court_cases/

java.io.FileNotFoundException: http://www.ct.com/entertainment/photos/wcct-photos-emerge-festival-20130304,0,7243551.photogallery/entertainment/photos/wcct-photos-emerge-festival-20130304,0,7243551.photogallery?

java.io.FileNotFoundException: http://www.ct.com/entertainment/photos/wcct-photos-emerge-festival-20130304,0,7243551.photogallery/entertainment/photos/wcct-photos-emerge-festival-20130304,0,7243551.photogallery?index=wcct-photos-emerge-festival-20130304-040

java.io.FileNotFoundException: http://www.ct.com/entertainment/photos/wcct-photos-emerge-festival-20130304,0,7243551.photogallery/entertainment/photos/wcct-photos-emerge-festival-20130304,0,7243551.photogallery?index=wcct-photos-emerge-festival-20130304-008

java.io.FileNotFoundException: http://www.ct.com/entertainment/photos/wcct-photos-emerge-festival-20130304,0,7243551.photogallery/entertainment/photos/wcct-photos-emerge-festival-20130304,0,7243551.photogallery?index=wcct-photos-emerge-festival-20130304-039

java.io.FileNotFoundException: http://www.ct.com/entertainment/photos/wcct-photos-emerge-festival-20130304,0,7243551.photogallery/entertainment/photos/wcct-photos-emerge-festival-20130304,0,7243551.photogallery?index=wcct-photos-emerge-festival-20130304-033

java.io.FileNotFoundException: http://www.ct.com/entertainment/photos/wcct-photos-emerge-festival-20130304,0,7243551.photogallery/entertainment/photos/wcct-photos-emerge-festival-20130304,0,7243551.photogallery?index=wcct-photos-emerge-festival-20130304-022

java.io.FileNotFoundException: http://www.ct.com/entertainment/photos/wcct-photos-emerge-festival-20130304,0,7243551.photogallery/entertainment/photos/wcct-photos-emerge-festival-20130304,0,7243551.photogallery?index=wcct-photos-emerge-festival-20130304-013

java.io.FileNotFoundException: http://www.ct.com/entertainment/photos/wcct-photos-emerge-festival-20130304,0,7243551.photogallery/entertainment/photos/wcct-photos-emerge-festival-20130304,0,7243551.photogallery?index=wcct-photos-emerge-festival-20130304-041

java.io.FileNotFoundException: http://www.ct.com/entertainment/photos/wcct-photos-emerge-festival-20130304,0,7243551.photogallery/entertainment/photos/wcct-photos-emerge-festival-20130304,0,7243551.photogallery?index=wcct-photos-emerge-festival-20130304-038

java.io.FileNotFoundException: http://www.ct.com/entertainment/photos/wcct-photos-emerge-festival-20130304,0,7243551.photogallery/entertainment/photos/wcct-photos-emerge-festival-20130304,0,7243551.photogallery?index=wcct-photos-emerge-festival-20130304-037

java.io.IOException: Server returned HTTP response code: 400 for URL: http://twitter.com/share?url=http://www.ct.com/entertainment/photos/wcct-photos-emerge-festival-20130304,0,7243551.photogallery?index=wcct-photos-emerge-festival-20130304-040&text=Photos: Emerge Festival

java.io.IOException: Server returned HTTP response code: 400 for URL: http://www.facebook.com/share.php?&u=http://www.ct.com/entertainment/photos/wcct-photos-emerge-festival-20130304,0,7243551.photogallery?index=wcct-photos-emerge-festival-20130304-040&t=Photos: Emerge Festival

java.io.FileNotFoundException: http://www.ct.com/entertainment/photos/wcct-photos-emerge-festival-20130304,0,7243551.photogallery/entertainment/photos/wcct-photos-emerge-festival-20130304,0,7243551.photogallery?index=wcct-photos-emerge-festival-20130304-036

java.io.FileNotFoundException: http://www.ct.com/entertainment/photos/wcct-photos-emerge-festival-20130304,0,7243551.photogallery/entertainment/photos/wcct-photos-emerge-festival-20130304,0,7243551.photogallery?index=wcct-photos-emerge-festival-20130304-035

java.io.IOException: Server returned HTTP response code: 503 for URL: http://www.stumbleupon.com/submit?url=http://www.ct.com/entertainment/photos/wcct-photos-emerge-festival-20130304,0,7243551.photogallery?index=wcct-photos-emerge-festival-20130304-040&title=Photos: Emerge Festival

java.io.FileNotFoundException: http://www.ct.com/entertainment/photos/wcct-photos-emerge-festival-20130304,0,7243551.photogallery/entertainment/photos/wcct-photos-emerge-festival-20130304,0,7243551.photogallery?index=wcct-photos-emerge-festival-20130304-034

java.io.FileNotFoundException: http://www.ct.com/entertainment/photos/wcct-photos-emerge-festival-20130304,0,7243551.photogallery/entertainment/photos/wcct-photos-emerge-festival-20130304,0,7243551.photogallery?index=wcct-photos-emerge-festival-20130304-032

java.io.FileNotFoundException: http://www.ct.com/entertainment/photos/wcct-photos-emerge-festival-20130304,0,7243551.photogallery/entertainment/photos/wcct-photos-emerge-festival-20130304,0,6014482,email.photogallery?index=wcct-photos-emerge-festival-20130304-040

java.io.FileNotFoundException: http://www.ct.com/entertainment/photos/wcct-photos-emerge-festival-20130304,0,7243551.photogallery/entertainment/photos/wtxx-photos-afropunk-festival-20130829,3,3528706.photogallery

java.io.FileNotFoundException: http://www.ct.com/entertainment/photos/wcct-photos-emerge-festival-20130304,0,7243551.photogallery/entertainment/photos/wtxx-photos-maroon-5-and-kelly-clarkson-at-the-comcast-theatre-20130901,3,6831419.photogallery

java.io.FileNotFoundException: http://www.ct.com/entertainment/photos/wcct-photos-emerge-festival-20130304,0,7243551.photogallery/entertainment/photos/wtxx-30-funny-dennis-reynolds-quotes-20130830,3,1076019.photogallery

java.io.FileNotFoundException: http://www.ct.com/entertainment/photos/wcct-photos-emerge-festival-20130304,0,7243551.photogallery/entertainment/photos/wtxx-photos-zac-brown-band-at-the-comcast-theatre-20130903,3,7142717.photogallery

java.io.FileNotFoundException: http://www.ct.com/entertainment/photos/wcct-photos-emerge-festival-20130304,0,7243551.photogallery/entertainment/photos/wtxx-photos-toby-keith-at-the-comcast-theatre-20130826,3,7631547.photogallery

java.io.FileNotFoundException: http://www.ct.com/entertainment/photos/wcct-photos-emerge-festival-20130304,0,7243551.photogallery/entertainment/photos/wtxx-photos-john-mayer-at-the-comcast-theatre-20130819,3,4101801.photogallery

java.io.FileNotFoundException: http://www.ct.com/entertainment/photos/wcct-photos-emerge-festival-20130304,0,7243551.photogallery/entertainment/photos/wtxx-photos-john-mayer-performing-at-the-comcast-theatre-20130819,3,7420571.photogallery

java.io.FileNotFoundException: http://www.ct.com/entertainment/photos/wcct-photos-emerge-festival-20130304,0,7243551.photogallery/entertainment/photos/wtxx-photos-rockstar-energy-drink-uproar-festival-2013-20130813,3,166712.photogallery

java.io.FileNotFoundException: http://www.ct.com/entertainment/photos/wcct-photos-emerge-festival-20130304,0,7243551.photogallery/entertainment/photos/wtxx-photos-rockstar-energy-drink-uproar-festival-2013-performers-20130813,3,48676.photogallery

java.io.IOException: Server returned HTTP response code: 403 for URL: http://www.kpcc.org.in

java.io.FileNotFoundException: http://www.ct.com/entertainment/photos/wcct-photos-emerge-festival-20130304,0,7243551.photogallery/entertainment/photos/hc-electric-run-5k-20130811,3,4135709.photogallery

java.io.FileNotFoundException: http://www.ct.com/entertainment/photos/wtxx-photos-second-annual-winter-brew-fest-at-city-steam-20130301,0,899247.photogallery/

java.io.FileNotFoundException: http://www.ct.com/entertainment/photos/wtxx-photos-second-annual-winter-brew-fest-at-city-steam-20130301,0,899247.photogallery/wheretogo

java.io.FileNotFoundException: http://www.ct.com/entertainment/photos/wtxx-photos-second-annual-winter-brew-fest-at-city-steam-20130301,0,899247.photogallery/whattodo

java.io.FileNotFoundException: http://www.hr.com/en/communities/ihr_compensation/job_analysis__evaluation_and_grading/compensation_surveys//en/communities/pay-increase-budgets-remain-stable-as-healthcare-e_hibww22q.html

java.io.FileNotFoundException: http://www.hr.com/en/communities/ihr_compensation/job_analysis__evaluation_and_grading/compensation_surveys//en/communities/majority-of-workers-plan-to-work-after-retiring-ca_hdrfrvs0.html

java.io.FileNotFoundException: http://www.hr.com/en/communities/ihr_compensation/job_analysis__evaluation_and_grading/compensation_surveys//en/communities/grant-thornton-survey-compensation-and-benefits-re_hd6463mx.html

java.io.FileNotFoundException: http://www.hr.com/en/communities/ihr_compensation/job_analysis__evaluation_and_grading/compensation_surveys//en/communities/compensation-and-benefits-selected-results-from-th_hcy8gekj.html

java.io.FileNotFoundException: http://www.hr.com/en/communities/ihr_compensation/job_analysis__evaluation_and_grading/compensation_surveys//en/communities/integrated-healthcare-strategies-to-launch-its-201_hc0ph68i.html

java.io.FileNotFoundException: http://www.hr.com/en/communities/ihr_compensation/job_analysis__evaluation_and_grading/compensation_surveys//en/app/profile/patricia.muller/

java.io.FileNotFoundException: http://www.hr.com/en/communities/ihr_compensation/job_analysis__evaluation_and_grading/compensation_surveys//en/app/profile/natasha.vandesluis/

java.io.FileNotFoundException: http://www.hr.com/en/communities/ihr_compensation/job_analysis__evaluation_and_grading/compensation_salary_surveys//en/communities/benefits/design_and_technology/self_service/

java.io.FileNotFoundException: http://www.hr.com/en/communities/ihr_compensation/job_analysis__evaluation_and_grading/compensation_salary_surveys//en/communities/benefits/healthcare_legislation_and_compliance/

java.io.FileNotFoundException: http://www.ct.com/entertainment/photos/wtxx-photos-second-annual-winter-brew-fest-at-city-steam-20130301,0,899247.photogallery/entertainment/restaurants

java.io.FileNotFoundException: http://www.hr.com/en/communities/ihr_compensation/job_analysis__evaluation_and_grading/compensation_salary_surveys//en/communities/benefits/healthcare_legislation_and_compliance/erisa/

java.io.FileNotFoundException: http://www.hr.com/en/communities/ihr_compensation/job_analysis__evaluation_and_grading/compensation_salary_surveys//en/communities/benefits/healthcare_legislation_and_compliance/cobra/

java.io.FileNotFoundException: http://www.youtube.com/embed/AFsBphNqdlg

java.net.MalformedURLException: no protocol: ?screen=120

java.io.FileNotFoundException: http://www.hr.com/en/communities/ihr_compensation/job_analysis__evaluation_and_grading/compensation_salary_surveys//en/communities/benefits/healthcare_legislation_and_compliance/hipaa/

java.io.FileNotFoundException: http://www.hr.com/en/communities/ihr_compensation/job_analysis__evaluation_and_grading/compensation_salary_surveys//en/communities/benefits/leave_benefits/

java.io.FileNotFoundException: http://www.hr.com/en/communities/ihr_compensation/job_analysis__evaluation_and_grading/compensation_salary_surveys//en/communities/benefits/leave_benefits/family_medical_and_leave_act/

java.io.FileNotFoundException: http://www.hr.com/en/communities/ihr_compensation/job_analysis__evaluation_and_grading/compensation_salary_surveys//en/communities/benefits/leave_benefits/paid_time_off__pto_/

java.io.FileNotFoundException: http://www.ct.com/entertainment/photos/wtxx-photos-second-annual-winter-brew-fest-at-city-steam-20130301,0,899247.photogallery/entertainment/music

java.io.FileNotFoundException: http://www.hr.com/en/communities/ihr_compensation/job_analysis__evaluation_and_grading/compensation_salary_surveys//en/communities/benefits/leave_benefits/parental_leave/

java.io.FileNotFoundException: http://www.hr.com/en/communities/ihr_compensation/job_analysis__evaluation_and_grading/compensation_salary_surveys//en/communities/benefits/leave_benefits/sick_leave/

java.io.FileNotFoundException: http://www.hr.com/en/communities/ihr_compensation/job_analysis__evaluation_and_grading/compensation_salary_surveys//en/communities/benefits/medical_benefits/

java.io.FileNotFoundException: http://www.hr.com/en/communities/ihr_compensation/job_analysis__evaluation_and_grading/compensation_salary_surveys//en/communities/benefits/medical_benefits/aids_policies/

java.io.FileNotFoundException: http://www.hr.com/en/communities/ihr_compensation/job_analysis__evaluation_and_grading/compensation_salary_surveys//en/communities/benefits/medical_benefits/consumer_directed_healthcare__cdh_/

java.io.FileNotFoundException: http://www.ct.com/entertainment/photos/wtxx-photos-second-annual-winter-brew-fest-at-city-steam-20130301,0,899247.photogallery/news/advocates

java.io.FileNotFoundException: http://www.ct.com/entertainment/photos/wtxx-photos-second-annual-winter-brew-fest-at-city-steam-20130301,0,899247.photogallery/entertainment/best-of-ct/

java.io.FileNotFoundException: http://www.apur.org/article/apur-medias-dernieres-actualites/donnees/communication-donnees-publiques

java.io.FileNotFoundException: http://www.ct.com/entertainment/photos/wtxx-photos-second-annual-winter-brew-fest-at-city-steam-20130301,0,899247.photogallery/entertainment/tv/cw

java.io.FileNotFoundException: http://www.nbcnews.com/id/16241337/site/newsweek/

java.net.UnknownHostException: living.oneindia.in

java.io.FileNotFoundException: http://www.hr.com/en/communities/ihr_compensation/job_analysis__evaluation_and_grading/compensation_salary_surveys//en/communities/benefits/medical_benefits/consumer_directed_healthcare__cdh_/self_directed_healthcare__sdh_/

java.io.FileNotFoundException: http://india.gov.in/govt/loksabhampbiodata.php?mpcode=4074

java.io.FileNotFoundException: http://www.hr.com/en/communities/ihr_compensation/job_analysis__evaluation_and_grading/compensation_salary_surveys//en/communities/benefits/medical_benefits/health_maintenance_organizations__hmos_/

java.io.FileNotFoundException: http://www.hr.com/en/communities/ihr_compensation/job_analysis__evaluation_and_grading/compensation_salary_surveys//en/communities/benefits/medical_benefits/flexible_savings_accounts__fsas_/

java.io.FileNotFoundException: http://www.hr.com/en/communities/ihr_compensation/job_analysis__evaluation_and_grading/compensation_salary_surveys//en/communities/benefits/medical_benefits/health_maintenance_organizations__hmos_/private_fee_for_service__pffs_/

java.io.FileNotFoundException: http://www.ct.com/entertainment/photos/wtxx-photos-second-annual-winter-brew-fest-at-city-steam-20130301,0,899247.photogallery/promotions/contests

java.io.FileNotFoundException: http://www.thehindu.com/fline/fl1503/15030150.htm

java.io.FileNotFoundException: http://www.hr.com/en/communities/ihr_compensation/job_analysis__evaluation_and_grading/compensation_surveys//en/about_us/hr_com_newsletters/reality_hr/

java.io.FileNotFoundException: http://www.ct.com/entertainment/photos/wtxx-photos-second-annual-winter-brew-fest-at-city-steam-20130301,0,899247.photogallery/entertainment/photos/wtxx-photos-second-annual-winter-brew-fest-at-city-steam-20130301,0,899247.photogallery?

java.io.FileNotFoundException: http://www.ct.com/entertainment/photos/wtxx-photos-second-annual-winter-brew-fest-at-city-steam-20130301,0,899247.photogallery/entertainment/photos/wtxx-photos-second-annual-winter-brew-fest-at-city-steam-20130301,0,899247.photogallery?index=wtxx-photos-second-annual-winter-brew-fest-at--008

java.io.FileNotFoundException: http://www.ct.com/entertainment/photos/wtxx-photos-second-annual-winter-brew-fest-at-city-steam-20130301,0,899247.photogallery/entertainment/photos/wtxx-photos-second-annual-winter-brew-fest-at-city-steam-20130301,0,899247.photogallery?index=wtxx-photos-second-annual-winter-brew-fest-at--017

java.io.FileNotFoundException: http://www.ct.com/entertainment/photos/wtxx-photos-second-annual-winter-brew-fest-at-city-steam-20130301,0,899247.photogallery/entertainment/photos/wtxx-photos-second-annual-winter-brew-fest-at-city-steam-20130301,0,899247.photogallery?index=wtxx-photos-second-annual-winter-brew-fest-at--002

java.io.FileNotFoundException: http://www.ct.com/entertainment/photos/wtxx-photos-second-annual-winter-brew-fest-at-city-steam-20130301,0,899247.photogallery/entertainment/photos/wtxx-photos-second-annual-winter-brew-fest-at-city-steam-20130301,0,899247.photogallery?index=wtxx-photos-second-annual-winter-brew-fest-at--033

java.io.FileNotFoundException: http://www.ct.com/entertainment/photos/wtxx-photos-second-annual-winter-brew-fest-at-city-steam-20130301,0,899247.photogallery/entertainment/photos/wtxx-photos-second-annual-winter-brew-fest-at-city-steam-20130301,0,899247.photogallery?index=wtxx-photos-second-annual-winter-brew-fest-at--020

java.io.FileNotFoundException: http://www.ct.com/entertainment/photos/wtxx-photos-second-annual-winter-brew-fest-at-city-steam-20130301,0,899247.photogallery/entertainment/photos/wtxx-photos-second-annual-winter-brew-fest-at-city-steam-20130301,0,899247.photogallery?index=wtxx-photos-second-annual-winter-brew-fest-at--003

java.io.FileNotFoundException: http://www.ct.com/entertainment/photos/wtxx-photos-second-annual-winter-brew-fest-at-city-steam-20130301,0,899247.photogallery/entertainment/photos/wtxx-photos-second-annual-winter-brew-fest-at-city-steam-20130301,0,899247.photogallery?index=wtxx-photos-second-annual-winter-brew-fest-at--004

java.io.FileNotFoundException: http://www.ct.com/entertainment/photos/wtxx-photos-second-annual-winter-brew-fest-at-city-steam-20130301,0,899247.photogallery/entertainment/photos/wtxx-photos-second-annual-winter-brew-fest-at-city-steam-20130301,0,899247.photogallery?index=wtxx-photos-second-annual-winter-brew-fest-at--029

java.io.FileNotFoundException: http://www.ct.com/entertainment/photos/wtxx-photos-second-annual-winter-brew-fest-at-city-steam-20130301,0,899247.photogallery/entertainment/photos/wtxx-photos-second-annual-winter-brew-fest-at-city-steam-20130301,0,899247.photogallery?index=wtxx-photos-second-annual-winter-brew-fest-at--005

java.io.IOException: Server returned HTTP response code: 400 for URL: http://www.facebook.com/share.php?&u=http://www.ct.com/entertainment/photos/wtxx-photos-second-annual-winter-brew-fest-at-city-steam-20130301,0,899247.photogallery?index=wtxx-photos-second-annual-winter-brew-fest-at--008&t=Photos: Second Annual Winter Brew Fest At City Steam

java.io.FileNotFoundException: http://www.ct.com/entertainment/photos/wtxx-photos-second-annual-winter-brew-fest-at-city-steam-20130301,0,899247.photogallery/entertainment/photos/wtxx-photos-second-annual-winter-brew-fest-at-city-steam-20130301,0,899247.photogallery?index=wtxx-photos-second-annual-winter-brew-fest-at--024

java.io.IOException: Server returned HTTP response code: 400 for URL: http://twitter.com/share?url=http://www.ct.com/entertainment/photos/wtxx-photos-second-annual-winter-brew-fest-at-city-steam-20130301,0,899247.photogallery?index=wtxx-photos-second-annual-winter-brew-fest-at--008&text=Photos: Second Annual Winter Brew Fest At City Steam

java.io.FileNotFoundException: http://www.ct.com/entertainment/photos/wtxx-photos-second-annual-winter-brew-fest-at-city-steam-20130301,0,899247.photogallery/entertainment/photos/wtxx-photos-second-annual-winter-brew-fest-at-city-steam-20130301,0,899247.photogallery?index=wtxx-photos-second-annual-winter-brew-fest-at--006

java.io.FileNotFoundException: http://www.ct.com/entertainment/photos/wtxx-photos-second-annual-winter-brew-fest-at-city-steam-20130301,0,899247.photogallery/entertainment/photos/wtxx-photos-second-annual-winter-brew-fest-at-city-steam-20130301,0,899247.photogallery?index=wtxx-photos-second-annual-winter-brew-fest-at--034

java.io.FileNotFoundException: http://www.ct.com/entertainment/photos/wtxx-photos-second-annual-winter-brew-fest-at-city-steam-20130301,0,899247.photogallery/entertainment/photos/wtxx-photos-second-annual-winter-brew-fest-at-city-steam-20130301,0,899247.photogallery?index=wtxx-photos-second-annual-winter-brew-fest-at--007

java.io.IOException: Server returned HTTP response code: 503 for URL: http://www.stumbleupon.com/submit?url=http://www.ct.com/entertainment/photos/wtxx-photos-second-annual-winter-brew-fest-at-city-steam-20130301,0,899247.photogallery?index=wtxx-photos-second-annual-winter-brew-fest-at--008&title=Photos: Second Annual Winter Brew Fest At City Steam

java.io.FileNotFoundException: http://www.ct.com/entertainment/photos/wtxx-photos-second-annual-winter-brew-fest-at-city-steam-20130301,0,899247.photogallery/entertainment/photos/wtxx-photos-second-annual-winter-brew-fest-at-city-steam-20130301,0,4429848,email.photogallery?index=wtxx-photos-second-annual-winter-brew-fest-at--008

java.io.FileNotFoundException: http://www.tribuneindia.com/2004/20040822/main1.htm

java.io.FileNotFoundException: http://www.hr.com/en/communities/ihr_compensation/job_analysis__evaluation_and_grading/compensation_surveys//en/app/profile/nancy.granja/

java.io.FileNotFoundException: http://www.ct.com/entertainment/photos/wtxx-photos-second-annual-winter-brew-fest-at-city-steam-20130301,0,899247.photogallery/entertainment/photos/wtxx-photos-zac-brown-band-at-the-comcast-theatre-20130903,0,2968062.photogallery

java.io.FileNotFoundException: http://www.ct.com/entertainment/photos/wtxx-photos-second-annual-winter-brew-fest-at-city-steam-20130301,0,899247.photogallery/entertainment/photos/wtxx-photos-maroon-5-and-kelly-clarkson-at-the-comcast-theatre-20130901,0,2631515.photogallery

java.io.FileNotFoundException: http://www.ct.com/entertainment/photos/wtxx-photos-second-annual-winter-brew-fest-at-city-steam-20130301,0,899247.photogallery/entertainment/photos/wtxx-30-funny-dennis-reynolds-quotes-20130830,0,2914621.photogallery

java.io.FileNotFoundException: http://www.ct.com/entertainment/photos/wtxx-photos-second-annual-winter-brew-fest-at-city-steam-20130301,0,899247.photogallery/entertainment/photos/wtxx-photos-afropunk-festival-20130829,0,2469816.photogallery

java.io.FileNotFoundException: http://www.ct.com/entertainment/photos/wtxx-photos-second-annual-winter-brew-fest-at-city-steam-20130301,0,899247.photogallery/entertainment/photos/wtxx-photos-toby-keith-at-the-comcast-theatre-20130826,0,2068060.photogallery

java.io.FileNotFoundException: http://www.ct.com/entertainment/photos/wtxx-photos-second-annual-winter-brew-fest-at-city-steam-20130301,0,899247.photogallery/entertainment/photos/wtxx-photos-john-mayer-at-the-comcast-theatre-20130819,0,6538307.photogallery

java.io.FileNotFoundException: http://www.ct.com/entertainment/photos/wtxx-photos-second-annual-winter-brew-fest-at-city-steam-20130301,0,899247.photogallery/entertainment/photos/wtxx-photos-john-mayer-performing-at-the-comcast-theatre-20130819,0,155400.photogallery

java.io.FileNotFoundException: http://www.hr.com/en/communities/ihr_compensation/job_analysis__evaluation_and_grading/compensation_surveys//en/app/profile/brigitte.milian/

java.io.FileNotFoundException: http://www.ct.com/entertainment/photos/wtxx-photos-second-annual-winter-brew-fest-at-city-steam-20130301,0,899247.photogallery/entertainment/photos/wtxx-photos-rockstar-energy-drink-uproar-festival-2013-20130813,0,5213107.photogallery

java.io.FileNotFoundException: http://www.hr.com/en/communities/ihr_compensation/job_analysis__evaluation_and_grading/compensation_surveys//en/app/profile/ziegler.cherie/

java.io.FileNotFoundException: http://www.ct.com/entertainment/photos/wtxx-photos-second-annual-winter-brew-fest-at-city-steam-20130301,0,899247.photogallery/entertainment/photos/wtxx-photos-rockstar-energy-drink-uproar-festival-2013-performers-20130813,0,7369410.photogallery

java.io.FileNotFoundException: http://www.ct.com/entertainment/photos/wtxx-photos-second-annual-winter-brew-fest-at-city-steam-20130301,0,899247.photogallery/entertainment/photos/hc-electric-run-5k-20130811,0,6790488.photogallery

java.io.FileNotFoundException: http://www.ct.com/entertainment/photos/wcct-oscar-experience-hartford-20130225,0,941732.photogallery/

java.io.FileNotFoundException: http://www.hr.com/en/communities/ihr_compensation/job_analysis__evaluation_and_grading/compensation_surveys//en/app/profile/erataj@cbiz.com/

java.io.FileNotFoundException: http://www.ct.com/entertainment/photos/wcct-oscar-experience-hartford-20130225,0,941732.photogallery/wheretogo

java.io.FileNotFoundException: http://www.hr.com/en/communities/ihr_compensation/job_analysis__evaluation_and_grading/compensation_surveys//en/app/profile/jvilet/

java.io.FileNotFoundException: http://www.ct.com/entertainment/photos/wcct-oscar-experience-hartford-20130225,0,941732.photogallery/whattodo

java.io.FileNotFoundException: http://www.hr.com/en/communities/ihr_compensation/job_analysis__evaluation_and_grading/compensation_surveys//en/app/profile/Tincup/

java.io.FileNotFoundException: http://www.hr.com/en/communities/ihr_compensation/job_analysis__evaluation_and_grading/compensation_surveys//en/app/profile/alisonfrench/

java.io.FileNotFoundException: http://www.hr.com/en/communities/ihr_compensation/job_analysis__evaluation_and_grading/compensation_surveys//en/app/profile/1119477667206/

java.io.FileNotFoundException: http://www.hr.com/en/communities/ihr_compensation/job_analysis__evaluation_and_grading/compensation_surveys//en/app/blog/2013/09/hr-data-and-analytics-what-does-your-organization-_hl7yaj60.html

java.io.FileNotFoundException: http://www.hr.com/en/communities/ihr_hr_in_california//en/communities/legal/employment_discrimination/

java.net.UnknownHostException: in.news.yahoo.com

java.io.FileNotFoundException: http://economictimes.indiatimes.com/PoliticsNation/Rahul_Gandhis_secret_talent_hunt/articleshow/3684740.cms

java.io.FileNotFoundException: http://www.ndtv.com/election/assembly-2012/

java.io.FileNotFoundException: http://www.hr.com/en/communities/ihr_compensation/job_analysis__evaluation_and_grading/compensation_salary_surveys//en/communities/benefits/medical_benefits/health_maintenance_organizations__hmos_/preferred_provider_organizations__ppo_/

java.io.FileNotFoundException: http://www.ct.com/entertainment/photos/wcct-oscar-experience-hartford-20130225,0,941732.photogallery/entertainment/restaurants

java.io.FileNotFoundException: http://www.hr.com/en/communities/ihr_compensation/job_analysis__evaluation_and_grading/compensation_salary_surveys//en/communities/benefits/medical_benefits/health_reimbursement_accounts__hras_/

java.io.FileNotFoundException: http://www.hr.com/en/communities/ihr_compensation/job_analysis__evaluation_and_grading/compensation_salary_surveys//en/communities/benefits/medical_benefits/health_savings_accounts__hsas_/

java.io.FileNotFoundException: http://www.hr.com/en/communities/ihr_compensation/job_analysis__evaluation_and_grading/compensation_salary_surveys//en/communities/benefits/medical_benefits/insurance/

java.io.FileNotFoundException: http://www.hr.com/en/communities/ihr_compensation/job_analysis__evaluation_and_grading/compensation_salary_surveys//en/communities/benefits/medical_benefits/insurance/accident/

java.io.FileNotFoundException: http://www.ct.com/entertainment/photos/wcct-oscar-experience-hartford-20130225,0,941732.photogallery/entertainment/music

java.io.FileNotFoundException: http://www.hr.com/en/communities/ihr_compensation/job_analysis__evaluation_and_grading/compensation_salary_surveys//en/communities/benefits/medical_benefits/insurance/dental/

java.io.FileNotFoundException: http://www.hr.com/en/communities/ihr_compensation/job_analysis__evaluation_and_grading/compensation_salary_surveys//en/communities/benefits/medical_benefits/insurance/health/

java.io.FileNotFoundException: http://www.hr.com/en/communities/ihr_compensation/job_analysis__evaluation_and_grading/compensation_salary_surveys//en/communities/benefits/medical_benefits/insurance/vision/

java.io.FileNotFoundException: http://www.hr.com/en/communities/ihr_compensation/job_analysis__evaluation_and_grading/compensation_salary_surveys//en/communities/benefits/medical_benefits/insurance/life/

java.io.FileNotFoundException: http://www.hr.com/en/communities/ihr_compensation/job_analysis__evaluation_and_grading/compensation_salary_surveys//en/communities/benefits/medical_benefits/long_term_disability/

java.io.FileNotFoundException: http://www.hr.com/en/communities/ihr_compensation/job_analysis__evaluation_and_grading/compensation_salary_surveys//en/communities/benefits/medical_benefits/topical_health_issues/

java.io.FileNotFoundException: http://www.ct.com/entertainment/photos/wcct-oscar-experience-hartford-20130225,0,941732.photogallery/news/advocates

java.io.FileNotFoundException: http://www.hr.com/en/communities/ihr_compensation/job_analysis__evaluation_and_grading/compensation_salary_surveys//en/communities/benefits/outsourcing_benefits/

java.io.FileNotFoundException: http://www.hr.com/en/communities/ihr_compensation/job_analysis__evaluation_and_grading/compensation_salary_surveys//en/communities/benefits/retirement_benefits/

java.io.FileNotFoundException: http://www.hr.com/en/communities/ihr_compensation/job_analysis__evaluation_and_grading/compensation_salary_surveys//en/communities/benefits/retirement_benefits/medicare/

java.io.FileNotFoundException: http://www.hr.com/en/communities/ihr_compensation/job_analysis__evaluation_and_grading/compensation_salary_surveys//en/communities/benefits/retirement_benefits/medicaid/

java.io.FileNotFoundException: http://www.hr.com/en/communities/ihr_compensation/job_analysis__evaluation_and_grading/compensation_salary_surveys//en/communities/benefits/retirement_benefits/health_and_wellness/

java.io.FileNotFoundException: http://www.hr.com/en/communities/ihr_compensation/job_analysis__evaluation_and_grading/compensation_salary_surveys//en/communities/benefits/retirement_benefits/401_k_/

java.io.FileNotFoundException: http://www.hr.com/en/communities/ihr_compensation/job_analysis__evaluation_and_grading/compensation_salary_surveys//en/communities/benefits/retirement_benefits/plan_options/

java.io.FileNotFoundException: http://www.ct.com/entertainment/photos/wcct-oscar-experience-hartford-20130225,0,941732.photogallery/entertainment/best-of-ct/

java.io.FileNotFoundException: http://www.ct.com/entertainment/photos/wcct-oscar-experience-hartford-20130225,0,941732.photogallery/entertainment/tv/cw

java.io.FileNotFoundException: http://www.ct.com/entertainment/photos/wcct-oscar-experience-hartford-20130225,0,941732.photogallery/promotions/contests

java.io.FileNotFoundException: http://www.hr.com/en/communities/ihr_compensation/job_analysis__evaluation_and_grading/compensation_surveys//en/app/blog/2013/08/hr-bartender-sharlyn-lauby-strategic-hr-partnershi_hkmj7hoi.html

java.io.FileNotFoundException: http://www.hr.com/en/communities/ihr_compensation/job_analysis__evaluation_and_grading/compensation_surveys//en/app/blog/2013/08/strategic-hr-partnerships-how-to-develop-and-maint_hju6rxwp.html

java.io.FileNotFoundException: http://www.hr.com/en/communities/ihr_compensation/job_analysis__evaluation_and_grading/compensation_surveys//en/app/blog/2013/07/what-university-trends-are-taking-place-game-devel_hjjmuq7r.html

java.io.FileNotFoundException: http://www.hr.com/en/communities/ihr_compensation/job_analysis__evaluation_and_grading/compensation_surveys//en/app/blog/2013/07/leadership%e2%80%94%e2%80%8ahow-is-it-at-your-organization_hjilyml2.html

java.io.FileNotFoundException: http://www.hr.com/en/communities/ihr_compensation/job_analysis__evaluation_and_grading/compensation_surveys//en/about_us/hr_com_newsletters/vendor_newsletters/

java.io.FileNotFoundException: http://www.ct.com/entertainment/photos/wcct-oscar-experience-hartford-20130225,0,941732.photogallery/entertainment/photos/wcct-oscar-experience-hartford-20130225,0,941732.photogallery?

java.io.FileNotFoundException: http://www.ct.com/entertainment/photos/wcct-oscar-experience-hartford-20130225,0,941732.photogallery/entertainment/photos/wcct-oscar-experience-hartford-20130225,0,941732.photogallery?index=wcct-oscar-experience-hartford-20130225-051

java.io.FileNotFoundException: http://www.ct.com/entertainment/photos/wcct-oscar-experience-hartford-20130225,0,941732.photogallery/entertainment/photos/wcct-oscar-experience-hartford-20130225,0,941732.photogallery?index=wcct-oscar-experience-hartford-20130225-047

java.io.FileNotFoundException: http://www.ct.com/entertainment/photos/wcct-oscar-experience-hartford-20130225,0,941732.photogallery/entertainment/photos/wcct-oscar-experience-hartford-20130225,0,941732.photogallery?index=wcct-oscar-experience-hartford-20130225-059

java.io.FileNotFoundException: http://www.ct.com/entertainment/photos/wcct-oscar-experience-hartford-20130225,0,941732.photogallery/entertainment/photos/wcct-oscar-experience-hartford-20130225,0,941732.photogallery?index=wcct-oscar-experience-hartford-20130225-063

java.io.FileNotFoundException: http://www.ct.com/entertainment/photos/wcct-oscar-experience-hartford-20130225,0,941732.photogallery/entertainment/photos/wcct-oscar-experience-hartford-20130225,0,941732.photogallery?index=wcct-oscar-experience-hartford-20130225-036

java.io.FileNotFoundException: http://www.ct.com/entertainment/photos/wcct-oscar-experience-hartford-20130225,0,941732.photogallery/entertainment/photos/wcct-oscar-experience-hartford-20130225,0,941732.photogallery?index=wcct-oscar-experience-hartford-20130225-027

java.io.FileNotFoundException: http://www.ct.com/entertainment/photos/wcct-oscar-experience-hartford-20130225,0,941732.photogallery/entertainment/photos/wcct-oscar-experience-hartford-20130225,0,941732.photogallery?index=wcct-oscar-experience-hartford-20130225-062

java.io.FileNotFoundException: http://www.ct.com/entertainment/photos/wcct-oscar-experience-hartford-20130225,0,941732.photogallery/entertainment/photos/wcct-oscar-experience-hartford-20130225,0,941732.photogallery?index=wcct-oscar-experience-hartford-20130225-061

java.io.FileNotFoundException: http://www.ct.com/entertainment/photos/wcct-oscar-experience-hartford-20130225,0,941732.photogallery/entertainment/photos/wcct-oscar-experience-hartford-20130225,0,941732.photogallery?index=wcct-oscar-experience-hartford-20130225-060

java.io.FileNotFoundException: http://www.ct.com/entertainment/photos/wcct-oscar-experience-hartford-20130225,0,941732.photogallery/entertainment/photos/wcct-oscar-experience-hartford-20130225,0,941732.photogallery?index=wcct-oscar-experience-hartford-20130225-058

java.io.FileNotFoundException: http://www.ct.com/entertainment/photos/wcct-oscar-experience-hartford-20130225,0,941732.photogallery/entertainment/photos/wcct-oscar-experience-hartford-20130225,0,941732.photogallery?index=wcct-oscar-experience-hartford-20130225-056

java.io.IOException: Server returned HTTP response code: 400 for URL: http://twitter.com/share?url=http://www.ct.com/entertainment/photos/wcct-oscar-experience-hartford-20130225,0,941732.photogallery?index=wcct-oscar-experience-hartford-20130225-047&text=Photos: Oscar Experience Hartford

java.io.FileNotFoundException: http://www.ct.com/entertainment/photos/wcct-oscar-experience-hartford-20130225,0,941732.photogallery/entertainment/photos/wcct-oscar-experience-hartford-20130225,0,941732.photogallery?index=wcct-oscar-experience-hartford-20130225-057

java.io.FileNotFoundException: http://www.ct.com/entertainment/photos/wcct-oscar-experience-hartford-20130225,0,941732.photogallery/entertainment/photos/wcct-oscar-experience-hartford-20130225,0,941732.photogallery?index=wcct-oscar-experience-hartford-20130225-055

java.io.IOException: Server returned HTTP response code: 400 for URL: http://www.facebook.com/share.php?&u=http://www.ct.com/entertainment/photos/wcct-oscar-experience-hartford-20130225,0,941732.photogallery?index=wcct-oscar-experience-hartford-20130225-047&t=Photos: Oscar Experience Hartford

java.io.IOException: Server returned HTTP response code: 503 for URL: http://www.stumbleupon.com/submit?url=http://www.ct.com/entertainment/photos/wcct-oscar-experience-hartford-20130225,0,941732.photogallery?index=wcct-oscar-experience-hartford-20130225-047&title=Photos: Oscar Experience Hartford

java.io.FileNotFoundException: http://www.ct.com/entertainment/photos/wcct-oscar-experience-hartford-20130225,0,941732.photogallery/entertainment/photos/wcct-oscar-experience-hartford-20130225,0,2016747,email.photogallery?index=wcct-oscar-experience-hartford-20130225-047

java.io.FileNotFoundException: http://www.ct.com/entertainment/photos/wcct-oscar-experience-hartford-20130225,0,941732.photogallery/entertainment/photos/wtxx-photos-zac-brown-band-at-the-comcast-theatre-20130903,0,2968062.photogallery

java.io.FileNotFoundException: http://www.hr.com/en/communities/ihr_compensation/job_analysis__evaluation_and_grading/compensation_surveys//buyersguide/company/view/culpepper_and_associates_inc.

java.io.FileNotFoundException: http://www.ct.com/entertainment/photos/wcct-oscar-experience-hartford-20130225,0,941732.photogallery/entertainment/photos/wtxx-photos-maroon-5-and-kelly-clarkson-at-the-comcast-theatre-20130901,0,2631515.photogallery

java.io.FileNotFoundException: http://www.ct.com/entertainment/photos/wcct-oscar-experience-hartford-20130225,0,941732.photogallery/entertainment/photos/wtxx-30-funny-dennis-reynolds-quotes-20130830,0,2914621.photogallery

java.io.FileNotFoundException: http://www.ct.com/entertainment/photos/wcct-oscar-experience-hartford-20130225,0,941732.photogallery/entertainment/photos/wtxx-photos-afropunk-festival-20130829,0,2469816.photogallery

java.io.FileNotFoundException: http://www.ct.com/entertainment/photos/wcct-oscar-experience-hartford-20130225,0,941732.photogallery/entertainment/photos/wtxx-photos-toby-keith-at-the-comcast-theatre-20130826,0,2068060.photogallery

java.net.MalformedURLException: no protocol: ?screen=119

java.io.FileNotFoundException: http://www.hr.com/en/communities/ihr_compensation/job_analysis__evaluation_and_grading/compensation_surveys//buyersguide/product/rate/1292946889661

java.io.FileNotFoundException: http://www.hr.com/en/communities/ihr_compensation/job_analysis__evaluation_and_grading/compensation_surveys//buyersguide/company/view/compdata_surveys_dolan_technologies_corp

java.io.FileNotFoundException: http://www.industryweek.com/procurement/midyear-service-centers-shipments-declining//ad.doubleclick.net/N3834/jump/iw.home/supply_chain/procurement%3bpos=splink_3%3bptype=article%3bpage=/procurement/midyear-service-centers-shipments-declining%3bsz=2x2%3btile=6%3bord=123456789?

java.io.FileNotFoundException: http://www.ct.com/entertainment/photos/wcct-oscar-experience-hartford-20130225,0,941732.photogallery/entertainment/photos/wtxx-photos-john-mayer-at-the-comcast-theatre-20130819,0,6538307.photogallery

java.io.FileNotFoundException: http://www.ct.com/entertainment/photos/wcct-oscar-experience-hartford-20130225,0,941732.photogallery/entertainment/photos/wtxx-photos-john-mayer-performing-at-the-comcast-theatre-20130819,0,155400.photogallery

java.io.FileNotFoundException: http://www.hr.com/en/communities/ihr_compensation/job_analysis__evaluation_and_grading/compensation_surveys//en/about_us/terms_content_policy/

java.io.FileNotFoundException: http://www.ct.com/entertainment/photos/wcct-oscar-experience-hartford-20130225,0,941732.photogallery/entertainment/photos/wtxx-photos-rockstar-energy-drink-uproar-festival-2013-20130813,0,5213107.photogallery

java.io.FileNotFoundException: http://www.hr.com/en/communities/ihr_compensation/job_analysis__evaluation_and_grading/compensation_surveys//buyersguide/product/rate/1292947071648

java.io.FileNotFoundException: http://www.ct.com/entertainment/photos/wcct-oscar-experience-hartford-20130225,0,941732.photogallery/entertainment/photos/wtxx-photos-rockstar-energy-drink-uproar-festival-2013-performers-20130813,0,7369410.photogallery

java.io.FileNotFoundException: http://www.hr.com/en/communities/ihr_compensation/job_analysis__evaluation_and_grading/compensation_surveys//buyersguide/company/view/compdata_surveys_dolan_technologies_corp

java.io.FileNotFoundException: http://www.hr.com/en/communities/ihr_compensation/job_analysis__evaluation_and_grading/compensation_surveys//buyersguide/product/rate/1292947312212

java.io.FileNotFoundException: http://www.ct.com/entertainment/photos/wcct-oscar-experience-hartford-20130225,0,941732.photogallery/entertainment/photos/hc-electric-run-5k-20130811,0,6790488.photogallery

java.io.FileNotFoundException: http://www.ct.com/entertainment/photos/wcct-photos-dudefest-20130218,0,7984076.photogallery/

java.io.FileNotFoundException: http://www.industryweek.com/procurement/midyear-service-centers-shipments-declining//ad.doubleclick.net/N3834/jump/iw.home/supply_chain/procurement%3bpos=splink_5%3bptype=article%3bpage=/procurement/midyear-service-centers-shipments-declining%3bsz=2x2%3btile=8%3bord=123456789?

java.io.FileNotFoundException: http://www.hr.com/en/communities/ihr_compensation/job_analysis__evaluation_and_grading/compensation_surveys//buyersguide/company/view/corporate_compensation_partners_llc

java.io.FileNotFoundException: http://www.hr.com/en/communities/ihr_compensation/job_analysis__evaluation_and_grading/compensation_surveys//buyersguide/product/rate/1295288064156

java.io.FileNotFoundException: http://www.hr.com/en/communities/ihr_compensation/job_analysis__evaluation_and_grading/compensation_surveys//buyersguide/company/view/effective_compensation_inc

java.io.FileNotFoundException: http://www.ct.com/entertainment/photos/wcct-photos-dudefest-20130218,0,7984076.photogallery/wheretogo

java.io.FileNotFoundException: http://www.industryweek.com/procurement/midyear-service-centers-shipments-declining//ad.doubleclick.net/N3834/jump/iw.home/supply_chain/procurement%3bpos=splink_4%3bptype=article%3bpage=/procurement/midyear-service-centers-shipments-declining%3bsz=2x2%3btile=7%3bord=123456789?

java.io.FileNotFoundException: http://www.hr.com/en/communities/ihr_compensation/job_analysis__evaluation_and_grading/compensation_surveys//buyersguide/product/rate/1295288755503

java.io.FileNotFoundException: http://www.hr.com/en/communities/ihr_compensation/job_analysis__evaluation_and_grading/compensation_surveys//buyersguide/company/view/equilar_inc

java.io.FileNotFoundException: http://www.ct.com/entertainment/photos/wcct-photos-dudefest-20130218,0,7984076.photogallery/whattodo

java.io.FileNotFoundException: http://www.hr.com/en/communities/ihr_compensation/job_analysis__evaluation_and_grading/compensation_surveys//buyersguide/product/rate/1295291212367

java.io.FileNotFoundException: http://www.hr.com/en/communities/ihr_compensation/job_analysis__evaluation_and_grading/compensation_surveys//en/

java.io.FileNotFoundException: http://www.hr.com/en/communities/ihr_compensation/job_analysis__evaluation_and_grading/compensation_salary_surveys//en/communities/benefits/work_life_programs_and_employee_assistance_programs__eaps_/

java.io.FileNotFoundException: http://www.hr.com/en/communities/ihr_compensation/job_analysis__evaluation_and_grading/compensation_salary_surveys//en/communities/benefits/voluntary_benefits/

java.io.FileNotFoundException: http://www.hr.com/en/communities/ihr_compensation/job_analysis__evaluation_and_grading/compensation_salary_surveys//en/communities/benefits/work_life_programs_and_employee_assistance_programs__eaps_/childcare_eldercare/

java.io.FileNotFoundException: http://www.ct.com/entertainment/photos/wcct-photos-dudefest-20130218,0,7984076.photogallery/entertainment/restaurants

java.io.FileNotFoundException: http://www.ct.com/entertainment/photos/wcct-photos-dudefest-20130218,0,7984076.photogallery/entertainment/music

java.io.FileNotFoundException: http://www.hr.com/en/communities/ihr_compensation/job_analysis__evaluation_and_grading/compensation_salary_surveys//en/communities/benefits/work_life_programs_and_employee_assistance_programs__eaps_/concierge/

java.io.FileNotFoundException: http://www.hr.com/en/communities/ihr_compensation/job_analysis__evaluation_and_grading/compensation_salary_surveys//en/communities/benefits/work_life_programs_and_employee_assistance_programs__eaps_/dress_code/

java.net.MalformedURLException: no protocol: ?screen=118

java.io.FileNotFoundException: http://www.ct.com/entertainment/photos/wcct-photos-dudefest-20130218,0,7984076.photogallery/news/advocates

java.io.FileNotFoundException: http://www.hr.com/en/communities/ihr_compensation/job_analysis__evaluation_and_grading/compensation_salary_surveys//en/communities/benefits/work_life_programs_and_employee_assistance_programs__eaps_/flextime/

java.io.FileNotFoundException: http://www.hr.com/en/communities/ihr_compensation/job_analysis__evaluation_and_grading/compensation_salary_surveys//en/communities/benefits/work_life_programs_and_employee_assistance_programs__eaps_/healthcare_wellness/

java.io.FileNotFoundException: http://www.hr.com/en/communities/ihr_compensation/job_analysis__evaluation_and_grading/compensation_salary_surveys//en/communities/benefits/work_life_programs_and_employee_assistance_programs__eaps_/job_sharing/

java.io.FileNotFoundException: http://www.hr.com/en/communities/ihr_compensation/job_analysis__evaluation_and_grading/compensation_salary_surveys//en/communities/benefits/work_life_programs_and_employee_assistance_programs__eaps_/telecommuting/

java.io.FileNotFoundException: http://www.hr.com/en/communities/ihr_compensation/job_analysis__evaluation_and_grading/compensation_salary_surveys//en/communities/benefits/work_life_programs_and_employee_assistance_programs__eaps_/academic_referral/

java.io.FileNotFoundException: http://www.hr.com/en/communities/ihr_compensation/job_analysis__evaluation_and_grading/compensation_salary_surveys//en/communities/benefits/work_life_programs_and_employee_assistance_programs__eaps_/addiction_therapy/

java.io.FileNotFoundException: http://www.hr.com/en/communities/ihr_compensation/job_analysis__evaluation_and_grading/compensation_salary_surveys//en/communities/benefits/work_life_programs_and_employee_assistance_programs__eaps_/financial_advisement/

java.io.FileNotFoundException: http://www.hr.com/en/communities/ihr_compensation/job_analysis__evaluation_and_grading/compensation_salary_surveys//en/communities/benefits/work_life_programs_and_employee_assistance_programs__eaps_/legal_and_employee_counseling/

java.io.FileNotFoundException: http://www.ct.com/entertainment/photos/wcct-photos-dudefest-20130218,0,7984076.photogallery/entertainment/best-of-ct/

java.io.FileNotFoundException: http://www.hr.com/en/communities/ihr_compensation/job_analysis__evaluation_and_grading/compensation_salary_surveys//en/communities/benefits/work_life_programs_and_employee_assistance_programs__eaps_/parenting_resources/

java.io.FileNotFoundException: http://www.hr.com/en/communities/ihr_compensation/job_analysis__evaluation_and_grading/compensation_salary_surveys//en/communities/benefits/work_life_programs_and_employee_assistance_programs__eaps_/pet_insurance/

java.io.FileNotFoundException: http://www.hr.com/en/communities/ihr_compensation/job_analysis__evaluation_and_grading/compensation_salary_surveys//en/communities/ihr_compensation/board_of_directors_pay/

java.io.FileNotFoundException: http://www.hr.com/en/communities/ihr_compensation/job_analysis__evaluation_and_grading/compensation_salary_surveys//en/communities/benefits/work_life_programs_and_employee_assistance_programs__eaps_/relocation_services/

java.io.FileNotFoundException: http://www.hr.com/en/communities/ihr_compensation/job_analysis__evaluation_and_grading/compensation_salary_surveys//en/communities/ihr_compensation/compensation_modeling_and_forecasting/

java.io.FileNotFoundException: http://www.hr.com/en/communities/ihr_compensation/job_analysis__evaluation_and_grading/compensation_salary_surveys//en/communities/ihr_compensation/compensation_planning_and_management/compliance_in_compensation_management/

java.io.IOException: Server returned HTTP response code: 500 for URL: http://investor.abm.com/releasedetail.cfm?releaseid=788476/common/download/download.cfm?companyid=ABM&fileid=688318&filekey=b34b0c6a-931f-4a7f-9b20-2eb92e019ab8&filename=788476.pdf

java.io.FileNotFoundException: http://www.hr.com/en/communities/ihr_compensation/job_analysis__evaluation_and_grading/compensation_salary_surveys//en/communities/ihr_compensation/compensation_planning_and_management/

java.io.FileNotFoundException: http://www.hr.com/en/communities/ihr_compensation/job_analysis__evaluation_and_grading/compensation_salary_surveys//en/communities/ihr_compensation/compensation_planning_and_management/executive_compensation_management/

java.io.FileNotFoundException: http://www.hr.com/en/communities/ihr_compensation/job_analysis__evaluation_and_grading/compensation_salary_surveys//en/communities/ihr_compensation/compensation_planning_and_management/stock_planning_and_administration/

java.io.FileNotFoundException: http://www.hr.com/en/communities/ihr_compensation/job_analysis__evaluation_and_grading/compensation_salary_surveys//en/communities/ihr_compensation/compensation_planning_and_management/salary_survey_planning_and_management/

java.io.FileNotFoundException: http://www.hr.com/en/communities/ihr_compensation/job_analysis__evaluation_and_grading/compensation_salary_surveys//en/communities/ihr_compensation/compensation_planning_and_management/pay_for_performance_planning_and_management/

java.io.FileNotFoundException: http://www.ct.com/entertainment/photos/wcct-photos-dudefest-20130218,0,7984076.photogallery/entertainment/tv/cw

java.io.FileNotFoundException: http://www.ct.com/entertainment/photos/wcct-photos-dudefest-20130218,0,7984076.photogallery/promotions/contests

java.io.FileNotFoundException: http://www.ct.com/entertainment/photos/wcct-photos-dudefest-20130218,0,7984076.photogallery/entertainment/photos/wcct-photos-dudefest-20130218,0,7984076.photogallery?

java.io.FileNotFoundException: http://www.ct.com/entertainment/photos/wcct-photos-dudefest-20130218,0,7984076.photogallery/entertainment/photos/wcct-photos-dudefest-20130218,0,7984076.photogallery?index=wcct-photos-dudefest-20130218-042

java.io.FileNotFoundException: http://www.ct.com/entertainment/photos/wcct-photos-dudefest-20130218,0,7984076.photogallery/entertainment/photos/wcct-photos-dudefest-20130218,0,7984076.photogallery?index=wcct-photos-dudefest-20130218-041

java.io.FileNotFoundException: http://www.ct.com/entertainment/photos/wcct-photos-dudefest-20130218,0,7984076.photogallery/entertainment/photos/wcct-photos-dudefest-20130218,0,7984076.photogallery?index=wcct-photos-dudefest-20130218-039

java.io.FileNotFoundException: http://www.ct.com/entertainment/photos/wcct-photos-dudefest-20130218,0,7984076.photogallery/entertainment/photos/wcct-photos-dudefest-20130218,0,7984076.photogallery?index=wcct-photos-dudefest-20130218-040

java.io.FileNotFoundException: http://www.ct.com/entertainment/photos/wcct-photos-dudefest-20130218,0,7984076.photogallery/entertainment/photos/wcct-photos-dudefest-20130218,0,7984076.photogallery?index=wcct-photos-dudefest-20130218-037

java.io.FileNotFoundException: http://www.ct.com/entertainment/photos/wcct-photos-dudefest-20130218,0,7984076.photogallery/entertainment/photos/wcct-photos-dudefest-20130218,0,7984076.photogallery?index=wcct-photos-dudefest-20130218-036

java.io.FileNotFoundException: http://www.ct.com/entertainment/photos/wcct-photos-dudefest-20130218,0,7984076.photogallery/entertainment/photos/wcct-photos-dudefest-20130218,0,7984076.photogallery?index=wcct-photos-dudefest-20130218-034

java.net.MalformedURLException: no protocol: confirm.cfm?destination=/releasedetail.cfm&addFile=688318&wshRemove=yes&ReleaseID=788476

java.io.FileNotFoundException: http://www.ct.com/entertainment/photos/wcct-photos-dudefest-20130218,0,7984076.photogallery/entertainment/photos/wcct-photos-dudefest-20130218,0,7984076.photogallery?index=wcct-photos-dudefest-20130218-035

java.io.FileNotFoundException: http://www.ct.com/entertainment/photos/wcct-photos-dudefest-20130218,0,7984076.photogallery/entertainment/photos/wcct-photos-dudefest-20130218,0,7984076.photogallery?index=wcct-photos-dudefest-20130218-033

java.io.FileNotFoundException: http://www.ct.com/entertainment/photos/wcct-photos-dudefest-20130218,0,7984076.photogallery/entertainment/photos/wcct-photos-dudefest-20130218,0,7984076.photogallery?index=wcct-photos-dudefest-20130218-032

java.io.FileNotFoundException: http://www.ct.com/entertainment/photos/wcct-photos-dudefest-20130218,0,7984076.photogallery/entertainment/photos/wcct-photos-dudefest-20130218,0,7984076.photogallery?index=wcct-photos-dudefest-20130218-038

java.io.FileNotFoundException: http://www.ct.com/entertainment/photos/wcct-photos-dudefest-20130218,0,7984076.photogallery/entertainment/photos/wcct-photos-dudefest-20130218,0,7984076.photogallery?index=wcct-photos-dudefest-20130218-031

java.io.IOException: Server returned HTTP response code: 400 for URL: http://www.facebook.com/share.php?&u=http://www.ct.com/entertainment/photos/wcct-photos-dudefest-20130218,0,7984076.photogallery?index=wcct-photos-dudefest-20130218-042&t=Photos: DudeFest

java.io.IOException: Server returned HTTP response code: 400 for URL: http://twitter.com/share?url=http://www.ct.com/entertainment/photos/wcct-photos-dudefest-20130218,0,7984076.photogallery?index=wcct-photos-dudefest-20130218-042&text=Photos: DudeFest

java.io.FileNotFoundException: http://www.ct.com/entertainment/photos/wcct-photos-dudefest-20130218,0,7984076.photogallery/entertainment/photos/wcct-photos-dudefest-20130218,0,7984076.photogallery?index=wcct-photos-dudefest-20130218-030

java.io.IOException: Server returned HTTP response code: 503 for URL: http://www.stumbleupon.com/submit?url=http://www.ct.com/entertainment/photos/wcct-photos-dudefest-20130218,0,7984076.photogallery?index=wcct-photos-dudefest-20130218-042&title=Photos: DudeFest

java.io.FileNotFoundException: http://www.ct.com/entertainment/photos/wcct-photos-dudefest-20130218,0,7984076.photogallery/entertainment/photos/wcct-photos-dudefest-20130218,0,7932411,email.photogallery?index=wcct-photos-dudefest-20130218-042

java.io.FileNotFoundException: http://www.ct.com/entertainment/photos/wcct-photos-dudefest-20130218,0,7984076.photogallery/entertainment/photos/wtxx-photos-zac-brown-band-at-the-comcast-theatre-20130903,0,2968062.photogallery

java.io.FileNotFoundException: http://www.ct.com/entertainment/photos/wcct-photos-dudefest-20130218,0,7984076.photogallery/entertainment/photos/wtxx-photos-maroon-5-and-kelly-clarkson-at-the-comcast-theatre-20130901,0,2631515.photogallery

java.io.FileNotFoundException: http://www.ct.com/entertainment/photos/wcct-photos-dudefest-20130218,0,7984076.photogallery/entertainment/photos/wtxx-30-funny-dennis-reynolds-quotes-20130830,0,2914621.photogallery

java.io.FileNotFoundException: http://www.ct.com/entertainment/photos/wcct-photos-dudefest-20130218,0,7984076.photogallery/entertainment/photos/wtxx-photos-afropunk-festival-20130829,0,2469816.photogallery

java.io.FileNotFoundException: http://www.ct.com/entertainment/photos/wcct-photos-dudefest-20130218,0,7984076.photogallery/entertainment/photos/wtxx-photos-toby-keith-at-the-comcast-theatre-20130826,0,2068060.photogallery

java.io.FileNotFoundException: http://www.hr.com/en/communities/ihr_compensation/job_analysis__evaluation_and_grading/compensation_surveys//en

java.io.FileNotFoundException: http://www.ct.com/entertainment/photos/wcct-photos-dudefest-20130218,0,7984076.photogallery/entertainment/photos/wtxx-photos-john-mayer-at-the-comcast-theatre-20130819,0,6538307.photogallery

java.io.FileNotFoundException: http://www.hr.com/en/communities/ihr_compensation/job_analysis__evaluation_and_grading/compensation_surveys//en/about_us/

java.io.FileNotFoundException: http://www.ct.com/entertainment/photos/wcct-photos-dudefest-20130218,0,7984076.photogallery/entertainment/photos/wtxx-photos-john-mayer-performing-at-the-comcast-theatre-20130819,0,155400.photogallery

java.io.FileNotFoundException: http://www.hr.com/en/communities/ihr_compensation/job_analysis__evaluation_and_grading/compensation_surveys//en/about_us/hr_com_team/

java.io.FileNotFoundException: http://www.ct.com/entertainment/photos/wcct-photos-dudefest-20130218,0,7984076.photogallery/entertainment/photos/wtxx-photos-rockstar-energy-drink-uproar-festival-2013-20130813,0,5213107.photogallery

java.io.FileNotFoundException: http://www.hr.com/en/communities/ihr_compensation/job_analysis__evaluation_and_grading/compensation_surveys//en/about_us/the_hr_com_manifesto/

java.io.FileNotFoundException: http://www.hr.com/en/communities/ihr_compensation/job_analysis__evaluation_and_grading/compensation_surveys//en/about_us/syndicated_content/

java.io.FileNotFoundException: http://www.ct.com/entertainment/photos/wcct-photos-dudefest-20130218,0,7984076.photogallery/entertainment/photos/wtxx-photos-rockstar-energy-drink-uproar-festival-2013-performers-20130813,0,7369410.photogallery

java.io.FileNotFoundException: http://www.ct.com/entertainment/photos/wcct-photos-dudefest-20130218,0,7984076.photogallery/entertainment/photos/hc-electric-run-5k-20130811,0,6790488.photogallery

java.io.FileNotFoundException: http://www.hr.com/en/communities/ihr_compensation/job_analysis__evaluation_and_grading/compensation_surveys//en/about_us/faq/

java.io.FileNotFoundException: http://www.hr.com/en/communities/ihr_compensation/job_analysis__evaluation_and_grading/compensation_surveys//en/about_us/fun_box/

java.io.FileNotFoundException: http://www.hr.com/en/communities/ihr_compensation/job_analysis__evaluation_and_grading/compensation_surveys//en/about_us/fun_box/crossword_puzzles/

java.io.FileNotFoundException: http://www.hr.com/en/communities/ihr_compensation/job_analysis__evaluation_and_grading/compensation_surveys//en/about_us/fun_box/office_humor/

java.io.FileNotFoundException: http://www.hr.com/en/communities/ihr_compensation/job_analysis__evaluation_and_grading/compensation_salary_surveys//en/communities/ihr_compensation/compensation_trends/

java.io.FileNotFoundException: http://www.hr.com/en/communities/ihr_hr_in_california//en/communities/legal/employment_contracts_and_non_competes/

java.io.FileNotFoundException: http://www.hr.com/en/communities/ihr_compensation/job_analysis__evaluation_and_grading/compensation_surveys//en/about_us/fun_box/my_cubicle/

java.io.FileNotFoundException: http://www.hr.com/en/communities/ihr_compensation/job_analysis__evaluation_and_grading/compensation_salary_surveys//en/communities/ihr_compensation/ecs_enterprise_compensation_solutions/

java.io.FileNotFoundException: http://www.hr.com/en/communities/ihr_compensation/job_analysis__evaluation_and_grading/compensation_salary_surveys//en/communities/ihr_compensation/compensation_measurement__reporting_and_analysis/

java.io.FileNotFoundException: http://www.hr.com/en/communities/ihr_compensation/job_analysis__evaluation_and_grading/compensation_salary_surveys//en/communities/ihr_compensation/executive_compensation/

java.io.FileNotFoundException: http://www.hr.com/en/communities/ihr_compensation/job_analysis__evaluation_and_grading/compensation_salary_surveys//en/communities/ihr_compensation/incentives__rewards_and_recognition/gift_cards/

java.io.FileNotFoundException: http://www.hr.com/en/communities/ihr_compensation/job_analysis__evaluation_and_grading/compensation_salary_surveys//en/communities/ihr_compensation/incentives__rewards_and_recognition/

java.io.FileNotFoundException: http://www.hr.com/en/communities/ihr_compensation/job_analysis__evaluation_and_grading/compensation_salary_surveys//en/communities/ihr_compensation/incentives__rewards_and_recognition/recognition_programs/

java.io.FileNotFoundException: http://www.ct.com/entertainment/photos/wtxx-concept-albums-in-their-own-words-20130215,0,2733964.photogallery/

java.io.FileNotFoundException: http://www.hr.com/en/communities/ihr_compensation/job_analysis__evaluation_and_grading/compensation_salary_surveys//en/communities/ihr_compensation/incentives_measurement__reporting_and_analysis/

java.io.FileNotFoundException: http://www.ct.com/entertainment/photos/wtxx-concept-albums-in-their-own-words-20130215,0,2733964.photogallery/wheretogo

java.io.FileNotFoundException: http://www.ct.com/entertainment/photos/wtxx-concept-albums-in-their-own-words-20130215,0,2733964.photogallery/whattodo

java.io.FileNotFoundException: http://www.hr.com/en/communities/ihr_compensation/job_analysis__evaluation_and_grading/compensation_salary_surveys//en/communities/ihr_compensation/job_analysis__evaluation_and_grading/compensation_surveys/

java.io.FileNotFoundException: http://www.hr.com/en/communities/ihr_compensation/job_analysis__evaluation_and_grading/compensation_salary_surveys//en/communities/ihr_compensation/pay_strategies/

java.io.FileNotFoundException: http://www.hr.com/en/communities/ihr_compensation/job_analysis__evaluation_and_grading/compensation_salary_surveys//en/communities/ihr_compensation/incentives_measurement__reporting_and_analysis/incentives_planning_and_management/

java.io.FileNotFoundException: http://www.hr.com/en/communities/ihr_compensation/job_analysis__evaluation_and_grading/compensation_salary_surveys//en/communities/ihr_compensation/pay_strategies/base_pay/

java.io.FileNotFoundException: http://www.hr.com/en/communities/ihr_compensation/job_analysis__evaluation_and_grading/compensation_salary_surveys//en/communities/ihr_compensation/pay_strategies/pay_for_performance/

java.io.FileNotFoundException: http://www.hr.com/en/communities/ihr_compensation/job_analysis__evaluation_and_grading/compensation_salary_surveys//en/communities/ihr_compensation/pay_strategies/skill_competency_based_pay/

java.io.FileNotFoundException: http://www.hr.com/en/communities/ihr_compensation/job_analysis__evaluation_and_grading/compensation_salary_surveys//en/communities/ihr_compensation/pay_strategies/variable_pay/

java.io.FileNotFoundException: http://www.hr.com/en/communities/ihr_compensation/job_analysis__evaluation_and_grading/compensation_salary_surveys//en/communities/ihr_compensation/pay_strategies/variable_pay/equity_based_compensation/

java.io.FileNotFoundException: http://www.hr.com/en/communities/ihr_compensation/job_analysis__evaluation_and_grading/compensation_salary_surveys//en/communities/ihr_compensation/pay_equity/

java.io.FileNotFoundException: http://www.hr.com/en/communities/ihr_compensation/job_analysis__evaluation_and_grading/compensation_salary_surveys//en/communities/ihr_compensation/pay_strategies/variable_pay/gainsharing/

java.io.FileNotFoundException: http://www.hr.com/en/communities/ihr_compensation/job_analysis__evaluation_and_grading/compensation_salary_surveys//en/communities/ihr_compensation/pay_strategies/variable_pay/profit_sharing/

java.io.FileNotFoundException: http://www.hr.com/en/communities/ihr_compensation/job_analysis__evaluation_and_grading/compensation_salary_surveys//en/communities/ihr_compensation/payroll/

java.io.FileNotFoundException: http://www.hr.com/en/communities/ihr_compensation/job_analysis__evaluation_and_grading/compensation_salary_surveys//en/communities/ihr_compensation/rfp_rfi_development/

java.io.FileNotFoundException: http://www.hr.com/en/communities/ihr_compensation/job_analysis__evaluation_and_grading/compensation_salary_surveys//en/communities/ihr_compensation/payroll_001/

java.io.FileNotFoundException: http://www.hr.com/en/communities/ihr_compensation/job_analysis__evaluation_and_grading/compensation_salary_surveys//en/communities/ihr_compensation/severance_pay/

java.io.FileNotFoundException: http://www.hr.com/en/communities/ihr_compensation/job_analysis__evaluation_and_grading/compensation_salary_surveys//en/communities/ihr_compensation/sales_force_compensation/

java.io.FileNotFoundException: http://www.hr.com/en/communities/ihr_compensation/job_analysis__evaluation_and_grading/compensation_salary_surveys//en/communities/ihr_contract_workforce_talent_exchange/

java.io.FileNotFoundException: http://www.hr.com/en/communities/ihr_compensation/job_analysis__evaluation_and_grading/compensation_salary_surveys//en/communities/ihr_contract_workforce_talent_exchange/vendor_management_solutions/

java.io.FileNotFoundException: http://www.hr.com/en/communities/ihr_compensation/job_analysis__evaluation_and_grading/compensation_salary_surveys//en/communities/ihr_contract_workforce_talent_exchange/talent_exchanges/

java.io.FileNotFoundException: http://www.hr.com/en/communities/ihr_compensation/job_analysis__evaluation_and_grading/compensation_salary_surveys//en/communities/ihr_contract_workforce_talent_exchange/rpo_services/

java.io.FileNotFoundException: http://www.ct.com/entertainment/photos/wtxx-concept-albums-in-their-own-words-20130215,0,2733964.photogallery/entertainment/restaurants

java.io.FileNotFoundException: http://www.hr.com/en/communities/ihr_compensation/job_analysis__evaluation_and_grading/compensation_surveys//en/about_us/fun_box/lose_it_for_charity/

java.io.FileNotFoundException: http://www.ct.com/entertainment/photos/wtxx-concept-albums-in-their-own-words-20130215,0,2733964.photogallery/entertainment/music

java.io.FileNotFoundException: http://www.ct.com/entertainment/photos/wtxx-concept-albums-in-their-own-words-20130215,0,2733964.photogallery/news/advocates

java.io.FileNotFoundException: http://www.hr.com/en/communities/ihr_compensation/job_analysis__evaluation_and_grading/compensation_surveys//en/about_us/fun_box/grow/

java.io.FileNotFoundException: http://www.ct.com/entertainment/photos/wtxx-concept-albums-in-their-own-words-20130215,0,2733964.photogallery/entertainment/best-of-ct/

java.io.FileNotFoundException: http://www.ct.com/entertainment/photos/wtxx-concept-albums-in-their-own-words-20130215,0,2733964.photogallery/entertainment/tv/cw

java.io.FileNotFoundException: http://www.hr.com/en/communities/ihr_compensation/job_analysis__evaluation_and_grading/compensation_surveys//en/about_us/fun_box/footprint/

java.io.FileNotFoundException: http://www.hr.com/en/communities/ihr_compensation/job_analysis__evaluation_and_grading/compensation_surveys//en/about_us/fun_box/happy_holidays/

java.io.FileNotFoundException: http://www.hr.com/en/communities/ihr_compensation/job_analysis__evaluation_and_grading/compensation_surveys//en/about_us/fun_box/hr_magic/

java.io.FileNotFoundException: http://www.hr.com/en/communities/ihr_compensation/job_analysis__evaluation_and_grading/compensation_surveys//en/about_us/fun_box/politically_incorrect/

java.io.FileNotFoundException: http://www.hr.com/en/communities/ihr_compensation/job_analysis__evaluation_and_grading/compensation_surveys//en/about_us/fun_box/hr_in_the_new_economy/

java.io.FileNotFoundException: http://www.hr.com/en/communities/ihr_compensation/job_analysis__evaluation_and_grading/compensation_surveys//en/about_us/fun_box/famous_quotes/

java.io.FileNotFoundException: http://www.hr.com/en/communities/ihr_compensation/job_analysis__evaluation_and_grading/compensation_surveys//en/about_us/fun_box/photo_contests/

java.io.FileNotFoundException: http://www.hr.com/en/communities/ihr_compensation/job_analysis__evaluation_and_grading/compensation_surveys//en/about_us/privacy_information/

java.io.FileNotFoundException: http://www.hr.com/en/communities/ihr_compensation/job_analysis__evaluation_and_grading/compensation_surveys//en/about_us/legal_information/

java.io.FileNotFoundException: http://www.hr.com/en/communities/ihr_compensation/job_analysis__evaluation_and_grading/compensation_surveys//en/about_us/hr_com_newsletters/

java.io.FileNotFoundException: http://www.hr.com/en/communities/ihr_compensation/job_analysis__evaluation_and_grading/compensation_surveys//en/about_us/hr_com_newsletters/hr_communication/

java.io.FileNotFoundException: http://www.hr.com/en/communities/ihr_compensation/job_analysis__evaluation_and_grading/compensation_surveys//en/about_us/hr_com_newsletters/thought_leaders/

java.io.FileNotFoundException: http://www.hr.com/en/communities/ihr_compensation/job_analysis__evaluation_and_grading/compensation_surveys//en/about_us/terms_content_policy/blog_terms_and_conditions/

java.io.FileNotFoundException: http://www.hr.com/en/communities/ihr_compensation/job_analysis__evaluation_and_grading/compensation_surveys//en/about_us/hr_com_newsletters/hr_com_whitepapers/

java.io.FileNotFoundException: http://www.hr.com/en/communities/ihr_compensation/job_analysis__evaluation_and_grading/compensation_surveys//en/about_us/hr_com_press_releases/

java.io.FileNotFoundException: http://www.ct.com/entertainment/photos/wtxx-raw-hartford-presents-discovery-20130212,0,2501918.photogallery/promotions/contests

java.io.FileNotFoundException: http://www.hr.com/en/communities/ihr_compensation/job_analysis__evaluation_and_grading/compensation_surveys//en/about_us/contact_us/

java.io.FileNotFoundException: http://www.hr.com/en/communities/ihr_compensation/job_analysis__evaluation_and_grading/compensation_surveys//en/about_us/become_a_regular_contributor/

java.io.FileNotFoundException: http://www.hr.com/en/communities/ihr_hr_in_california//en/communities/legal/environmental/

java.io.FileNotFoundException: http://www.hr.com/en/communities/ihr_compensation/job_analysis__evaluation_and_grading/compensation_surveys//en/about_us/advertise/

java.io.FileNotFoundException: http://www.ct.com/entertainment/photos/wtxx-concept-albums-in-their-own-words-20130215,0,2733964.photogallery/promotions/contests

java.io.FileNotFoundException: http://www.ct.com/entertainment/photos/wtxx-concept-albums-in-their-own-words-20130215,0,2733964.photogallery/entertainment/photos/wtxx-concept-albums-in-their-own-words-20130215,0,2733964.photogallery?

java.io.FileNotFoundException: http://www.ct.com/entertainment/photos/wtxx-concept-albums-in-their-own-words-20130215,0,2733964.photogallery/entertainment/photos/wtxx-concept-albums-in-their-own-words-20130215,0,2733964.photogallery?index=wtxx-concept-albums-in-their-own-words-2013021-011

java.io.FileNotFoundException: http://www.ct.com/entertainment/photos/wtxx-concept-albums-in-their-own-words-20130215,0,2733964.photogallery/entertainment/photos/wtxx-concept-albums-in-their-own-words-20130215,0,2733964.photogallery?index=wtxx-concept-albums-in-their-own-words-2013021-001

java.io.FileNotFoundException: http://www.ct.com/entertainment/photos/wtxx-concept-albums-in-their-own-words-20130215,0,2733964.photogallery/entertainment/photos/wtxx-concept-albums-in-their-own-words-20130215,0,2733964.photogallery?index=wtxx-concept-albums-in-their-own-words-2013021-006

java.io.FileNotFoundException: http://www.ct.com/entertainment/photos/wtxx-concept-albums-in-their-own-words-20130215,0,2733964.photogallery/entertainment/photos/wtxx-concept-albums-in-their-own-words-20130215,0,2733964.photogallery?index=wtxx-concept-albums-in-their-own-words-2013021-003

java.io.FileNotFoundException: http://www.ct.com/entertainment/photos/wtxx-concept-albums-in-their-own-words-20130215,0,2733964.photogallery/entertainment/photos/wtxx-concept-albums-in-their-own-words-20130215,0,2733964.photogallery?index=wtxx-concept-albums-in-their-own-words-2013021-005

java.io.FileNotFoundException: http://www.ct.com/entertainment/photos/wtxx-concept-albums-in-their-own-words-20130215,0,2733964.photogallery/entertainment/photos/wtxx-concept-albums-in-their-own-words-20130215,0,2733964.photogallery?index=wtxx-concept-albums-in-their-own-words-2013021-002

java.io.FileNotFoundException: http://www.ct.com/entertainment/photos/wtxx-concept-albums-in-their-own-words-20130215,0,2733964.photogallery/entertainment/photos/wtxx-concept-albums-in-their-own-words-20130215,0,2733964.photogallery?index=wtxx-concept-albums-in-their-own-words-2013021-009

java.io.FileNotFoundException: http://www.ct.com/entertainment/photos/wtxx-concept-albums-in-their-own-words-20130215,0,2733964.photogallery/entertainment/photos/wtxx-concept-albums-in-their-own-words-20130215,0,2733964.photogallery?index=wtxx-concept-albums-in-their-own-words-2013021-007

java.io.FileNotFoundException: http://www.ct.com/entertainment/photos/wtxx-concept-albums-in-their-own-words-20130215,0,2733964.photogallery/entertainment/photos/wtxx-concept-albums-in-their-own-words-20130215,0,2733964.photogallery?index=wtxx-concept-albums-in-their-own-words-2013021-008

java.io.FileNotFoundException: http://www.ct.com/entertainment/photos/wtxx-concept-albums-in-their-own-words-20130215,0,2733964.photogallery/entertainment/photos/wtxx-concept-albums-in-their-own-words-20130215,0,2733964.photogallery?index=wtxx-concept-albums-in-their-own-words-2013021-010

java.io.FileNotFoundException: http://www.ct.com/entertainment/photos/wtxx-concept-albums-in-their-own-words-20130215,0,2733964.photogallery/entertainment/photos/wtxx-concept-albums-in-their-own-words-20130215,0,2733964.photogallery?index=wtxx-concept-albums-in-their-own-words-2013021-004

java.io.FileNotFoundException: http://www.hr.com/en/communities/ihr_compensation/job_analysis__evaluation_and_grading/compensation_salary_surveys//en/communities/ihr_contract_workforce_talent_exchange/contract_worker_payroll/

java.io.IOException: Server returned HTTP response code: 400 for URL: http://twitter.com/share?url=http://www.ct.com/entertainment/photos/wtxx-concept-albums-in-their-own-words-20130215,0,2733964.photogallery?index=wtxx-concept-albums-in-their-own-words-2013021-011&text=Concept Albums, in Their Own Words

java.io.IOException: Server returned HTTP response code: 400 for URL: http://www.facebook.com/share.php?&u=http://www.ct.com/entertainment/photos/wtxx-concept-albums-in-their-own-words-20130215,0,2733964.photogallery?index=wtxx-concept-albums-in-their-own-words-2013021-011&t=Concept Albums, in Their Own Words

java.io.FileNotFoundException: http://www.ct.com/entertainment/photos/wtxx-concept-albums-in-their-own-words-20130215,0,2733964.photogallery/entertainment/photos/wtxx-concept-albums-in-their-own-words-20130215,0,2733964.photogallery?index=wcct-more-photos-end-gallery-slide-photo

java.io.IOException: Server returned HTTP response code: 503 for URL: http://www.stumbleupon.com/submit?url=http://www.ct.com/entertainment/photos/wtxx-concept-albums-in-their-own-words-20130215,0,2733964.photogallery?index=wtxx-concept-albums-in-their-own-words-2013021-011&title=Concept Albums, in Their Own Words

java.io.FileNotFoundException: http://www.hr.com/en/communities/ihr_compensation/job_analysis__evaluation_and_grading/compensation_salary_surveys//en/communities/ihr_contract_workforce_talent_exchange/contract_workforce_talent_exchanges_templates_forms_contracts/

java.io.FileNotFoundException: http://www.hr.com/en/communities/ihr_compensation/job_analysis__evaluation_and_grading/compensation_salary_surveys//en/communities/ihr_contract_workforce_talent_exchange/temporary_staffing_solutions/

java.io.FileNotFoundException: http://www.ct.com/entertainment/photos/wtxx-concept-albums-in-their-own-words-20130215,0,2733964.photogallery/entertainment/photos/wtxx-concept-albums-in-their-own-words-20130215,0,6156716,email.photogallery?index=wtxx-concept-albums-in-their-own-words-2013021-011

java.io.FileNotFoundException: http://www.hr.com/en/communities/ihr_compensation/job_analysis__evaluation_and_grading/compensation_salary_surveys//en/communities/ihr_contract_workforce_talent_exchange/managed_service_provider/

java.io.FileNotFoundException: http://www.ct.com/entertainment/photos/wtxx-concept-albums-in-their-own-words-20130215,0,2733964.photogallery/entertainment/photos/wtxx-photos-zac-brown-band-at-the-comcast-theatre-20130903,0,2968062.photogallery

java.io.FileNotFoundException: http://www.ct.com/entertainment/photos/wtxx-concept-albums-in-their-own-words-20130215,0,2733964.photogallery/entertainment/photos/wtxx-photos-maroon-5-and-kelly-clarkson-at-the-comcast-theatre-20130901,0,2631515.photogallery

java.io.FileNotFoundException: http://www.ct.com/entertainment/photos/wtxx-concept-albums-in-their-own-words-20130215,0,2733964.photogallery/entertainment/photos/wtxx-30-funny-dennis-reynolds-quotes-20130830,0,2914621.photogallery

java.io.FileNotFoundException: http://www.hr.com/en/communities/ihr_compensation/job_analysis__evaluation_and_grading/compensation_salary_surveys//en/communities/ihr_contract_workforce_talent_exchange/contract_workforce_talent_exchanges_metrics/

java.io.FileNotFoundException: http://www.ct.com/entertainment/photos/wtxx-concept-albums-in-their-own-words-20130215,0,2733964.photogallery/entertainment/photos/wtxx-photos-afropunk-festival-20130829,0,2469816.photogallery

java.io.FileNotFoundException: http://www.hr.com/en/communities/ihr_compensation/job_analysis__evaluation_and_grading/compensation_salary_surveys//en/communities/ihr_contract_workforce_talent_exchange/contract_workforce_talent_exchanges_tools_technology/

java.io.FileNotFoundException: http://www.hr.com/en/communities/ihr_compensation/job_analysis__evaluation_and_grading/compensation_salary_surveys//en/communities/ihr_contract_workforce_talent_exchange/contract_workforce_talent_exchanges_legal_compliance/

java.io.FileNotFoundException: http://www.ct.com/entertainment/photos/wtxx-concept-albums-in-their-own-words-20130215,0,2733964.photogallery/entertainment/photos/wtxx-photos-toby-keith-at-the-comcast-theatre-20130826,0,2068060.photogallery

java.io.FileNotFoundException: http://www.ct.com/entertainment/photos/wtxx-concept-albums-in-their-own-words-20130215,0,2733964.photogallery/entertainment/photos/wtxx-photos-john-mayer-at-the-comcast-theatre-20130819,0,6538307.photogallery

java.io.FileNotFoundException: http://www.hr.com/en/communities/ihr_compensation/job_analysis__evaluation_and_grading/compensation_salary_surveys//en/communities/ihr_employee_wellness/

java.io.FileNotFoundException: http://www.ct.com/entertainment/photos/wtxx-concept-albums-in-their-own-words-20130215,0,2733964.photogallery/entertainment/photos/wtxx-photos-john-mayer-performing-at-the-comcast-theatre-20130819,0,155400.photogallery

java.io.FileNotFoundException: http://www.hr.com/en/communities/ihr_compensation/job_analysis__evaluation_and_grading/compensation_salary_surveys//en/communities/ihr_employee_wellness/productivity/

java.io.FileNotFoundException: http://www.hr.com/en/communities/ihr_compensation/job_analysis__evaluation_and_grading/compensation_salary_surveys//en/communities/ihr_employee_wellness/employee_health/

java.io.FileNotFoundException: http://www.ct.com/entertainment/photos/wtxx-concept-albums-in-their-own-words-20130215,0,2733964.photogallery/entertainment/photos/wtxx-photos-rockstar-energy-drink-uproar-festival-2013-20130813,0,5213107.photogallery

java.io.FileNotFoundException: http://www.ct.com/entertainment/photos/wtxx-concept-albums-in-their-own-words-20130215,0,2733964.photogallery/entertainment/photos/wtxx-photos-rockstar-energy-drink-uproar-festival-2013-performers-20130813,0,7369410.photogallery

java.io.FileNotFoundException: http://www.ct.com/entertainment/photos/wtxx-concept-albums-in-their-own-words-20130215,0,2733964.photogallery/entertainment/photos/hc-electric-run-5k-20130811,0,6790488.photogallery

java.io.FileNotFoundException: http://www.hr.com/en/communities/ihr_compensation/job_analysis__evaluation_and_grading/compensation_salary_surveys//en/communities/ihr_employee_wellness/culture_of_health/

java.io.FileNotFoundException: http://www.hr.com/en/communities/ihr_compensation/job_analysis__evaluation_and_grading/compensation_salary_surveys//en/communities/ihr_employee_wellness/prevention/

java.io.FileNotFoundException: http://www.hr.com/en/communities/ihr_compensation/job_analysis__evaluation_and_grading/compensation_salary_surveys//en/communities/ihr_employee_wellness/employee_wellness_templates_forms_contracts/

java.io.FileNotFoundException: http://www.hr.com/en/communities/ihr_compensation/job_analysis__evaluation_and_grading/compensation_salary_surveys//en/communities/ihr_employee_wellness/employee_wellness_legal_compliance/

java.io.FileNotFoundException: http://www.ct.com/entertainment/photos/wtxx-raw-hartford-presents-discovery-20130212,0,2501918.photogallery/

java.io.FileNotFoundException: http://www.hr.com/en/communities/ihr_compensation/job_analysis__evaluation_and_grading/compensation_surveys//en/about_us/how_to_contribute/

java.io.FileNotFoundException: http://www.hr.com/en/communities/ihr_compensation/job_analysis__evaluation_and_grading/compensation_surveys//en/memberships/

java.io.FileNotFoundException: http://www.ct.com/entertainment/photos/wtxx-raw-hartford-presents-discovery-20130212,0,2501918.photogallery/wheretogo

java.io.FileNotFoundException: http://www.hr.com/en/communities/ihr_compensation/job_analysis__evaluation_and_grading/compensation_surveys//en/communities/ihr/

java.io.FileNotFoundException: http://www.cam.com/cam/SWEETLILBITCH/

java.io.FileNotFoundException: http://www.ct.com/entertainment/photos/wtxx-raw-hartford-presents-discovery-20130212,0,2501918.photogallery/whattodo

java.io.FileNotFoundException: http://www.hr.com/en/communities/ihr_compensation/job_analysis__evaluation_and_grading/compensation_surveys//en/communities/benefits/ihr_benefits_cost_containment_audits_legal_risks/

java.io.FileNotFoundException: http://www.hr.com/en/communities/ihr_compensation/job_analysis__evaluation_and_grading/compensation_surveys//en/communities/benefits/

java.io.FileNotFoundException: http://www.hr.com/en/communities/ihr_compensation/job_analysis__evaluation_and_grading/compensation_surveys//en/communities/benefits/design_and_technology/benefits_administration/

java.io.FileNotFoundException: http://www.hr.com/en/communities/ihr_compensation/job_analysis__evaluation_and_grading/compensation_surveys//en/communities/benefits/design_and_technology/self_service/

java.io.FileNotFoundException: http://www.hr.com/en/communities/ihr_compensation/job_analysis__evaluation_and_grading/compensation_surveys//en/communities/benefits/design_and_technology/

java.io.FileNotFoundException: http://www.hr.com/en/communities/ihr_compensation/job_analysis__evaluation_and_grading/compensation_surveys//en/communities/benefits/healthcare_legislation_and_compliance/

java.io.FileNotFoundException: http://www.hr.com/en/communities/ihr_compensation/job_analysis__evaluation_and_grading/compensation_surveys//en/communities/benefits/healthcare_legislation_and_compliance/cobra/

java.io.FileNotFoundException: http://www.hr.com/en/communities/ihr_compensation/job_analysis__evaluation_and_grading/compensation_surveys//en/communities/benefits/healthcare_legislation_and_compliance/erisa/

java.net.MalformedURLException: no protocol: ?screen=117

java.io.FileNotFoundException: http://www.hr.com/en/communities/ihr_compensation/job_analysis__evaluation_and_grading/compensation_surveys//en/communities/benefits/leave_benefits/

java.io.FileNotFoundException: http://www.hr.com/en/communities/ihr_compensation/job_analysis__evaluation_and_grading/compensation_surveys//en/communities/benefits/healthcare_legislation_and_compliance/hipaa/

java.io.FileNotFoundException: http://www.hr.com/en/communities/ihr_compensation/job_analysis__evaluation_and_grading/compensation_surveys//en/communities/benefits/leave_benefits/family_medical_and_leave_act/

java.io.FileNotFoundException: http://www.hr.com/en/communities/ihr_compensation/job_analysis__evaluation_and_grading/compensation_surveys//en/communities/benefits/leave_benefits/paid_time_off__pto_/

java.io.FileNotFoundException: http://www.hr.com/en/communities/ihr_compensation/job_analysis__evaluation_and_grading/compensation_surveys//en/communities/benefits/leave_benefits/sick_leave/

java.io.FileNotFoundException: http://www.hr.com/en/communities/ihr_compensation/job_analysis__evaluation_and_grading/compensation_surveys//en/communities/benefits/leave_benefits/parental_leave/

java.io.FileNotFoundException: http://www.hr.com/en/communities/ihr_compensation/job_analysis__evaluation_and_grading/compensation_surveys//en/communities/benefits/medical_benefits/

java.io.FileNotFoundException: http://www.hr.com/en/communities/ihr_compensation/job_analysis__evaluation_and_grading/compensation_surveys//en/communities/benefits/medical_benefits/aids_policies/

java.io.FileNotFoundException: http://www.ct.com/entertainment/photos/wtxx-raw-hartford-presents-discovery-20130212,0,2501918.photogallery/entertainment/restaurants

java.io.FileNotFoundException: http://www.hr.com/en/communities/ihr_compensation/job_analysis__evaluation_and_grading/compensation_surveys//en/communities/benefits/medical_benefits/health_maintenance_organizations__hmos_/

java.io.FileNotFoundException: http://www.hr.com/en/communities/ihr_compensation/job_analysis__evaluation_and_grading/compensation_surveys//en/communities/benefits/medical_benefits/consumer_directed_healthcare__cdh_/

java.io.FileNotFoundException: http://www.hr.com/en/communities/ihr_compensation/job_analysis__evaluation_and_grading/compensation_surveys//en/communities/benefits/medical_benefits/consumer_directed_healthcare__cdh_/self_directed_healthcare__sdh_/

java.io.FileNotFoundException: http://www.hr.com/en/communities/ihr_compensation/job_analysis__evaluation_and_grading/compensation_surveys//en/communities/benefits/medical_benefits/flexible_savings_accounts__fsas_/

java.io.FileNotFoundException: http://www.hr.com/en/communities/ihr_compensation/job_analysis__evaluation_and_grading/compensation_surveys//en/communities/benefits/medical_benefits/health_maintenance_organizations__hmos_/preferred_provider_organizations__ppo_/

java.io.FileNotFoundException: http://www.hr.com/en/communities/ihr_compensation/job_analysis__evaluation_and_grading/compensation_surveys//en/communities/benefits/medical_benefits/health_maintenance_organizations__hmos_/private_fee_for_service__pffs_/

java.io.FileNotFoundException: http://www.hr.com/en/communities/ihr_compensation/job_analysis__evaluation_and_grading/compensation_surveys//en/communities/benefits/medical_benefits/health_reimbursement_accounts__hras_/

java.io.FileNotFoundException: http://www.hr.com/en/communities/ihr_compensation/job_analysis__evaluation_and_grading/compensation_surveys//en/communities/benefits/medical_benefits/health_savings_accounts__hsas_/

java.io.FileNotFoundException: http://www.hr.com/en/communities/ihr_compensation/job_analysis__evaluation_and_grading/compensation_surveys//en/communities/benefits/medical_benefits/insurance/

java.io.FileNotFoundException: http://www.hr.com/en/communities/ihr_compensation/job_analysis__evaluation_and_grading/compensation_surveys//en/communities/benefits/medical_benefits/insurance/accident/

java.io.FileNotFoundException: http://www.hr.com/en/communities/ihr_compensation/job_analysis__evaluation_and_grading/compensation_surveys//en/communities/benefits/medical_benefits/insurance/dental/

java.io.FileNotFoundException: http://www.hr.com/en/communities/ihr_compensation/job_analysis__evaluation_and_grading/compensation_surveys//en/communities/benefits/medical_benefits/insurance/health/

java.io.FileNotFoundException: http://www.ct.com/entertainment/photos/wtxx-raw-hartford-presents-discovery-20130212,0,2501918.photogallery/entertainment/music

java.io.FileNotFoundException: http://www.hr.com/en/communities/ihr_hr_in_california//en/communities/legal/internet_related/

java.io.FileNotFoundException: http://www.hr.com/en/communities/ihr_compensation/job_analysis__evaluation_and_grading/compensation_salary_surveys//en/communities/ihr_employee_wellness/financial_wellness/

java.io.FileNotFoundException: http://www.hr.com/en/communities/ihr_compensation/job_analysis__evaluation_and_grading/compensation_salary_surveys//en/communities/ihr_employee_wellness/employee_cost/

java.io.FileNotFoundException: http://www.ct.com/entertainment/photos/wtxx-raw-hartford-presents-discovery-20130212,0,2501918.photogallery/news/advocates

java.io.FileNotFoundException: http://www.hr.com/en/communities/ihr_compensation/job_analysis__evaluation_and_grading/compensation_salary_surveys//en/communities/ihr_employee_wellness/employee_cost/reimbursement_plans/

java.io.FileNotFoundException: http://www.ct.com/entertainment/photos/wtxx-raw-hartford-presents-discovery-20130212,0,2501918.photogallery/entertainment/best-of-ct/

java.io.FileNotFoundException: http://www.ct.com/entertainment/photos/wtxx-raw-hartford-presents-discovery-20130212,0,2501918.photogallery/entertainment/tv/cw

java.io.FileNotFoundException: http://www.hr.com/en/communities/ihr_compensation/job_analysis__evaluation_and_grading/compensation_salary_surveys//en/communities/ihr_employee_wellness/employee_cost/incentives/

java.io.FileNotFoundException: http://www.hr.com/en/communities/ihr_compensation/job_analysis__evaluation_and_grading/compensation_salary_surveys//en/communities/ihr_employee_wellness/employee_communication/

java.io.FileNotFoundException: http://www.hr.com/en/communities/ihr_compensation/job_analysis__evaluation_and_grading/compensation_salary_surveys//en/communities/ihr_employee_wellness/onsite_testing/health_fairs/

java.io.FileNotFoundException: http://www.hr.com/en/communities/ihr_compensation/job_analysis__evaluation_and_grading/compensation_salary_surveys//en/communities/ihr_employee_wellness/employee_communication/wellness_portals/

java.io.FileNotFoundException: http://www.hr.com/en/communities/ihr_compensation/job_analysis__evaluation_and_grading/compensation_salary_surveys//en/communities/ihr_employee_wellness/onsite_testing/

java.io.FileNotFoundException: http://www.hr.com/en/communities/ihr_compensation/job_analysis__evaluation_and_grading/compensation_salary_surveys//en/communities/ihr_employee_wellness/onsite_testing/clinics/

java.io.FileNotFoundException: http://www.hr.com/en/communities/ihr_compensation/job_analysis__evaluation_and_grading/compensation_salary_surveys//en/communities/ihr_employee_wellness/employee_communication/identification_of_troubled_areas/

java.io.FileNotFoundException: http://www.hr.com/en/communities/ihr_compensation/job_analysis__evaluation_and_grading/compensation_salary_surveys//en/communities/ihr_employee_wellness/employee_communication/hra/

java.io.FileNotFoundException: http://www.hr.com/en/communities/ihr_compensation/job_analysis__evaluation_and_grading/compensation_salary_surveys//en/communities/ihr_employee_wellness/benefit_healthcare_cost_containment/reduction_in_drug_expense/

java.io.FileNotFoundException: http://www.hr.com/en/communities/ihr_compensation/job_analysis__evaluation_and_grading/compensation_salary_surveys//en/communities/ihr_employee_wellness/benefit_healthcare_cost_containment/

java.io.FileNotFoundException: http://www.hr.com/en/communities/ihr_compensation/job_analysis__evaluation_and_grading/compensation_salary_surveys//en/communities/ihr_employee_wellness/weight_management/

java.io.FileNotFoundException: http://www.hr.com/en/communities/ihr_compensation/job_analysis__evaluation_and_grading/compensation_salary_surveys//en/communities/ihr_employee_wellness/benefit_healthcare_cost_containment/reduction_in_doctor_visits/

java.io.FileNotFoundException: http://www.hr.com/en/communities/ihr_compensation/job_analysis__evaluation_and_grading/compensation_salary_surveys//en/communities/ihr_employee_wellness/weight_management/exercise_programs/

java.io.FileNotFoundException: http://www.hr.com/en/communities/ihr_compensation/job_analysis__evaluation_and_grading/compensation_salary_surveys//en/communities/ihr_employee_wellness/weight_management/support_management/

java.io.FileNotFoundException: http://www.hr.com/en/communities/ihr_compensation/job_analysis__evaluation_and_grading/compensation_salary_surveys//en/communities/ihr_employee_wellness/weight_management/internal_programs/

java.io.FileNotFoundException: http://www.ct.com/entertainment/photos/wtxx-raw-hartford-presents-discovery-20130212,0,2501918.photogallery/entertainment/photos/wtxx-raw-hartford-presents-discovery-20130212,0,2501918.photogallery?

java.io.FileNotFoundException: http://www.ct.com/entertainment/photos/wtxx-raw-hartford-presents-discovery-20130212,0,2501918.photogallery/entertainment/photos/wtxx-raw-hartford-presents-discovery-20130212,0,2501918.photogallery?index=wtxx-raw-hartford-presents-discovery-20130212-001

java.io.FileNotFoundException: http://www.ct.com/entertainment/photos/wtxx-raw-hartford-presents-discovery-20130212,0,2501918.photogallery/entertainment/photos/wtxx-raw-hartford-presents-discovery-20130212,0,2501918.photogallery?index=wtxx-raw-hartford-presents-discovery-20130212-002

java.io.FileNotFoundException: http://www.ct.com/entertainment/photos/wtxx-raw-hartford-presents-discovery-20130212,0,2501918.photogallery/entertainment/photos/wtxx-raw-hartford-presents-discovery-20130212,0,2501918.photogallery?index=wtxx-raw-hartford-presents-discovery-20130212-004

java.io.FileNotFoundException: http://www.ct.com/entertainment/photos/wcct-photos-big-red-for-the-arts-20130207,0,934718.photogallery/

java.io.FileNotFoundException: http://www.ct.com/entertainment/photos/wtxx-raw-hartford-presents-discovery-20130212,0,2501918.photogallery/entertainment/photos/wtxx-raw-hartford-presents-discovery-20130212,0,2501918.photogallery?index=wtxx-raw-hartford-presents-discovery-20130212-003

java.io.FileNotFoundException: http://www.ct.com/entertainment/photos/wtxx-raw-hartford-presents-discovery-20130212,0,2501918.photogallery/entertainment/photos/wtxx-raw-hartford-presents-discovery-20130212,0,2501918.photogallery?index=wtxx-raw-hartford-presents-discovery-20130212-005

java.io.FileNotFoundException: http://www.ct.com/entertainment/photos/wtxx-raw-hartford-presents-discovery-20130212,0,2501918.photogallery/entertainment/photos/wtxx-raw-hartford-presents-discovery-20130212,0,2501918.photogallery?index=wtxx-raw-hartford-presents-discovery-20130212-006

java.io.FileNotFoundException: http://www.ct.com/entertainment/photos/wtxx-raw-hartford-presents-discovery-20130212,0,2501918.photogallery/entertainment/photos/wtxx-raw-hartford-presents-discovery-20130212,0,2501918.photogallery?index=wtxx-raw-hartford-presents-discovery-20130212-007

java.io.FileNotFoundException: http://www.ct.com/entertainment/photos/wtxx-raw-hartford-presents-discovery-20130212,0,2501918.photogallery/entertainment/photos/wtxx-raw-hartford-presents-discovery-20130212,0,2501918.photogallery?index=wtxx-raw-hartford-presents-discovery-20130212-008

java.io.FileNotFoundException: http://www.ct.com/entertainment/photos/wtxx-raw-hartford-presents-discovery-20130212,0,2501918.photogallery/entertainment/photos/wtxx-raw-hartford-presents-discovery-20130212,0,2501918.photogallery?index=wtxx-raw-hartford-presents-discovery-20130212-009

java.io.FileNotFoundException: http://www.ct.com/entertainment/photos/wtxx-raw-hartford-presents-discovery-20130212,0,2501918.photogallery/entertainment/photos/wtxx-raw-hartford-presents-discovery-20130212,0,2501918.photogallery?index=wtxx-raw-hartford-presents-discovery-20130212-010

java.io.FileNotFoundException: http://www.ct.com/entertainment/photos/wtxx-raw-hartford-presents-discovery-20130212,0,2501918.photogallery/entertainment/photos/wtxx-raw-hartford-presents-discovery-20130212,0,2501918.photogallery?index=wtxx-raw-hartford-presents-discovery-20130212-011

java.io.FileNotFoundException: http://www.ct.com/entertainment/photos/wcct-photos-big-red-for-the-arts-20130207,0,934718.photogallery/wheretogo

java.io.IOException: Server returned HTTP response code: 400 for URL: http://www.facebook.com/share.php?&u=http://www.ct.com/entertainment/photos/wtxx-raw-hartford-presents-discovery-20130212,0,2501918.photogallery?index=wtxx-raw-hartford-presents-discovery-20130212-001&t=Photos: RAW Hartford Presents: Discovery

java.io.FileNotFoundException: http://www.hr.com/en/communities/ihr_compensation/job_analysis__evaluation_and_grading/compensation_salary_surveys//en/communities/ihr_employee_wellness/cessation_reduction/

java.io.IOException: Server returned HTTP response code: 400 for URL: http://twitter.com/share?url=http://www.ct.com/entertainment/photos/wtxx-raw-hartford-presents-discovery-20130212,0,2501918.photogallery?index=wtxx-raw-hartford-presents-discovery-20130212-001&text=Photos: RAW Hartford Presents: Discovery

java.io.IOException: Server returned HTTP response code: 503 for URL: http://www.stumbleupon.com/submit?url=http://www.ct.com/entertainment/photos/wtxx-raw-hartford-presents-discovery-20130212,0,2501918.photogallery?index=wtxx-raw-hartford-presents-discovery-20130212-001&title=Photos: RAW Hartford Presents: Discovery

java.io.FileNotFoundException: http://www.ct.com/entertainment/photos/wtxx-raw-hartford-presents-discovery-20130212,0,2501918.photogallery/entertainment/photos/wtxx-raw-hartford-presents-discovery-20130212,0,2501918.photogallery?index=wtxx-raw-hartford-presents-discovery-20130212-012

java.io.FileNotFoundException: http://www.ct.com/entertainment/photos/wtxx-raw-hartford-presents-discovery-20130212,0,2501918.photogallery/entertainment/photos/wtxx-raw-hartford-presents-discovery-20130212,0,2501918.photogallery?index=wtxx-raw-hartford-presents-discovery-20130212-013

java.io.FileNotFoundException: http://www.ct.com/entertainment/photos/wtxx-raw-hartford-presents-discovery-20130212,0,2501918.photogallery/entertainment/photos/wtxx-raw-hartford-presents-discovery-20130212,0,4739194,email.photogallery?index=wtxx-raw-hartford-presents-discovery-20130212-001

java.io.FileNotFoundException: http://www.hr.com/en/communities/ihr_compensation/job_analysis__evaluation_and_grading/compensation_salary_surveys//en/communities/ihr_employee_wellness/cessation_reduction/drug_alcohol_dependence/

java.io.FileNotFoundException: http://www.ct.com/entertainment/photos/wtxx-raw-hartford-presents-discovery-20130212,0,2501918.photogallery/entertainment/photos/wtxx-photos-zac-brown-band-at-the-comcast-theatre-20130903,0,2968062.photogallery

java.io.FileNotFoundException: http://www.hr.com/en/communities/ihr_compensation/job_analysis__evaluation_and_grading/compensation_salary_surveys//en/communities/ihr_employee_wellness/cessation_reduction/smoking/

java.io.FileNotFoundException: http://www.hr.com/en/communities/ihr_compensation/job_analysis__evaluation_and_grading/compensation_salary_surveys//en/communities/ihr_employee_wellness/cessation_reduction/eating_disorders/

java.io.FileNotFoundException: http://www.ct.com/entertainment/photos/wtxx-raw-hartford-presents-discovery-20130212,0,2501918.photogallery/entertainment/photos/wtxx-photos-maroon-5-and-kelly-clarkson-at-the-comcast-theatre-20130901,0,2631515.photogallery

java.io.FileNotFoundException: http://www.ct.com/entertainment/photos/wtxx-raw-hartford-presents-discovery-20130212,0,2501918.photogallery/entertainment/photos/wtxx-30-funny-dennis-reynolds-quotes-20130830,0,2914621.photogallery

java.io.FileNotFoundException: http://www.hr.com/en/communities/ihr_compensation/job_analysis__evaluation_and_grading/compensation_salary_surveys//en/communities/ihr_employee_wellness/absenteeism/

java.io.FileNotFoundException: http://www.ct.com/entertainment/photos/wtxx-raw-hartford-presents-discovery-20130212,0,2501918.photogallery/entertainment/photos/wtxx-photos-afropunk-festival-20130829,0,2469816.photogallery

java.io.FileNotFoundException: http://www.hr.com/en/communities/ihr_compensation/job_analysis__evaluation_and_grading/compensation_salary_surveys//en/communities/ihr_employee_wellness/absenteeism/reduction/

java.io.FileNotFoundException: http://www.hr.com/en/communities/ihr_compensation/job_analysis__evaluation_and_grading/compensation_salary_surveys//en/communities/ihr_employee_wellness/absenteeism/cost/

java.io.FileNotFoundException: http://www.ct.com/entertainment/photos/wtxx-raw-hartford-presents-discovery-20130212,0,2501918.photogallery/entertainment/photos/wtxx-photos-toby-keith-at-the-comcast-theatre-20130826,0,2068060.photogallery

java.io.FileNotFoundException: http://www.ct.com/entertainment/photos/wtxx-raw-hartford-presents-discovery-20130212,0,2501918.photogallery/entertainment/photos/wtxx-photos-john-mayer-at-the-comcast-theatre-20130819,0,6538307.photogallery

java.io.FileNotFoundException: http://www.hr.com/en/communities/ihr_compensation/job_analysis__evaluation_and_grading/compensation_salary_surveys//en/communities/ihr_employee_wellness/absenteeism/measurement/

java.io.FileNotFoundException: http://www.ct.com/entertainment/photos/wtxx-raw-hartford-presents-discovery-20130212,0,2501918.photogallery/entertainment/photos/wtxx-photos-john-mayer-performing-at-the-comcast-theatre-20130819,0,155400.photogallery

java.io.FileNotFoundException: http://www.hr.com/en/communities/ihr_compensation/job_analysis__evaluation_and_grading/compensation_salary_surveys//en/communities/ihr_employee_wellness/absenteeism/presenters/

java.io.FileNotFoundException: http://www.ct.com/entertainment/photos/wtxx-raw-hartford-presents-discovery-20130212,0,2501918.photogallery/entertainment/photos/wtxx-photos-rockstar-energy-drink-uproar-festival-2013-20130813,0,5213107.photogallery

java.io.FileNotFoundException: http://www.hr.com/en/communities/ihr_compensation/job_analysis__evaluation_and_grading/compensation_salary_surveys//en/communities/ihr_employee_wellness/absenteeism/long_term_rehabilitation/

java.io.FileNotFoundException: http://www.ct.com/entertainment/photos/wtxx-raw-hartford-presents-discovery-20130212,0,2501918.photogallery/entertainment/photos/wtxx-photos-rockstar-energy-drink-uproar-festival-2013-performers-20130813,0,7369410.photogallery

java.io.FileNotFoundException: http://www.hr.com/en/communities/ihr_compensation/job_analysis__evaluation_and_grading/compensation_salary_surveys//en/communities/ihr_employee_wellness/absenteeism/accommodation_at_work/

java.io.FileNotFoundException: http://www.hr.com/en/communities/ihr_compensation/job_analysis__evaluation_and_grading/compensation_salary_surveys//en/communities/ihr_employee_wellness/employee_wellness_metrics/

java.io.FileNotFoundException: http://www.hr.com/en/communities/ihr_compensation/job_analysis__evaluation_and_grading/compensation_salary_surveys//en/communities/ihr_employee_wellness/employee_wellness_tools_technology/

java.io.FileNotFoundException: http://www.ct.com/entertainment/photos/wtxx-raw-hartford-presents-discovery-20130212,0,2501918.photogallery/entertainment/photos/hc-electric-run-5k-20130811,0,6790488.photogallery

java.io.FileNotFoundException: http://www.hr.com/en/communities/ihr_compensation/job_analysis__evaluation_and_grading/compensation_salary_surveys//en/communities/hr_in_canada/

java.io.FileNotFoundException: http://www.hr.com/en/communities/ihr_compensation/job_analysis__evaluation_and_grading/compensation_salary_surveys//en/communities/hr_in_canada/canadian_masters_in_hr_strategy_execution/

java.io.FileNotFoundException: http://www.hr.com/en/communities/ihr_compensation/job_analysis__evaluation_and_grading/compensation_surveys//en/communities/benefits/medical_benefits/insurance/life/

java.io.FileNotFoundException: http://www.hr.com/en/communities/ihr_compensation/job_analysis__evaluation_and_grading/compensation_salary_surveys//en/communities/ihr_health_safety/

java.io.FileNotFoundException: http://www.hr.com/en/communities/ihr_compensation/job_analysis__evaluation_and_grading/compensation_salary_surveys//en/communities/ihr_hr_in_california/

java.io.FileNotFoundException: http://www.hr.com/en/communities/ihr_compensation/job_analysis__evaluation_and_grading/compensation_surveys//en/communities/benefits/medical_benefits/insurance/vision/

java.io.FileNotFoundException: http://www.hr.com/en/communities/ihr_hr_in_california//en/communities/legal/legal_trends/

java.io.FileNotFoundException: http://www.hr.com/en/communities/ihr_compensation/job_analysis__evaluation_and_grading/compensation_surveys//en/communities/benefits/medical_benefits/long_term_disability/

java.io.FileNotFoundException: http://www.ct.com/entertainment/photos/wcct-photos-big-red-for-the-arts-20130207,0,934718.photogallery/whattodo

java.io.FileNotFoundException: http://www.hr.com/en/communities/ihr_compensation/job_analysis__evaluation_and_grading/compensation_surveys//en/communities/benefits/retirement_benefits/

java.io.FileNotFoundException: http://www.hr.com/en/communities/ihr_compensation/job_analysis__evaluation_and_grading/compensation_surveys//en/communities/benefits/medical_benefits/topical_health_issues/

java.io.FileNotFoundException: http://www.hr.com/en/communities/ihr_compensation/job_analysis__evaluation_and_grading/compensation_surveys//en/communities/benefits/outsourcing_benefits/

java.io.FileNotFoundException: http://www.hr.com/en/communities/ihr_compensation/job_analysis__evaluation_and_grading/compensation_surveys//en/communities/benefits/retirement_benefits/medicare/

java.io.FileNotFoundException: http://www.hr.com/en/communities/ihr_compensation/job_analysis__evaluation_and_grading/compensation_surveys//en/communities/benefits/retirement_benefits/medicaid/

java.io.FileNotFoundException: http://www.hr.com/en/communities/ihr_compensation/job_analysis__evaluation_and_grading/compensation_surveys//en/communities/benefits/retirement_benefits/health_and_wellness/

java.io.FileNotFoundException: http://www.hr.com/en/communities/ihr_compensation/job_analysis__evaluation_and_grading/compensation_surveys//en/communities/benefits/retirement_benefits/401_k_/

java.io.FileNotFoundException: http://www.hr.com/en/communities/ihr_compensation/job_analysis__evaluation_and_grading/compensation_surveys//en/communities/benefits/work_life_programs_and_employee_assistance_programs__eaps_/

java.io.FileNotFoundException: http://www.hr.com/en/communities/ihr_compensation/job_analysis__evaluation_and_grading/compensation_surveys//en/communities/benefits/retirement_benefits/plan_options/

java.io.FileNotFoundException: http://www.hr.com/en/communities/ihr_compensation/job_analysis__evaluation_and_grading/compensation_surveys//en/communities/benefits/voluntary_benefits/

java.io.FileNotFoundException: http://www.hr.com/en/communities/ihr_compensation/job_analysis__evaluation_and_grading/compensation_surveys//en/communities/benefits/work_life_programs_and_employee_assistance_programs__eaps_/childcare_eldercare/

java.io.FileNotFoundException: http://www.hr.com/en/communities/ihr_compensation/job_analysis__evaluation_and_grading/compensation_surveys//en/communities/benefits/work_life_programs_and_employee_assistance_programs__eaps_/concierge/

java.io.FileNotFoundException: http://www.hr.com/en/communities/ihr_compensation/job_analysis__evaluation_and_grading/compensation_surveys//en/communities/benefits/work_life_programs_and_employee_assistance_programs__eaps_/dress_code/

java.io.FileNotFoundException: http://www.hr.com/en/communities/ihr_compensation/job_analysis__evaluation_and_grading/compensation_surveys//en/communities/benefits/work_life_programs_and_employee_assistance_programs__eaps_/flextime/

java.io.FileNotFoundException: http://www.hr.com/en/communities/ihr_compensation/job_analysis__evaluation_and_grading/compensation_surveys//en/communities/benefits/work_life_programs_and_employee_assistance_programs__eaps_/healthcare_wellness/

java.io.FileNotFoundException: http://www.hr.com/en/communities/ihr_compensation/job_analysis__evaluation_and_grading/compensation_salary_surveys//en/communities/labor_relations/recreation/

java.io.FileNotFoundException: http://www.hr.com/en/communities/ihr_compensation/job_analysis__evaluation_and_grading/compensation_surveys//en/communities/benefits/work_life_programs_and_employee_assistance_programs__eaps_/job_sharing/

java.io.FileNotFoundException: http://www.hr.com/en/communities/ihr_compensation/job_analysis__evaluation_and_grading/compensation_surveys//en/communities/benefits/work_life_programs_and_employee_assistance_programs__eaps_/telecommuting/

java.io.FileNotFoundException: http://www.hr.com/en/communities/ihr_compensation/job_analysis__evaluation_and_grading/compensation_surveys//en/communities/benefits/work_life_programs_and_employee_assistance_programs__eaps_/academic_referral/

java.io.FileNotFoundException: http://www.ct.com/entertainment/photos/wcct-photos-big-red-for-the-arts-20130207,0,934718.photogallery/entertainment/restaurants

java.io.FileNotFoundException: http://www.hr.com/en/communities/ihr_compensation/job_analysis__evaluation_and_grading/compensation_surveys//en/communities/benefits/work_life_programs_and_employee_assistance_programs__eaps_/addiction_therapy/

java.io.FileNotFoundException: http://www.hr.com/en/communities/ihr_compensation/job_analysis__evaluation_and_grading/compensation_surveys//en/communities/benefits/work_life_programs_and_employee_assistance_programs__eaps_/legal_and_employee_counseling/

java.io.FileNotFoundException: http://www.hr.com/en/communities/ihr_compensation/job_analysis__evaluation_and_grading/compensation_surveys//en/communities/benefits/work_life_programs_and_employee_assistance_programs__eaps_/financial_advisement/

java.io.FileNotFoundException: http://www.hr.com/en/communities/ihr_compensation/job_analysis__evaluation_and_grading/compensation_surveys//en/communities/benefits/work_life_programs_and_employee_assistance_programs__eaps_/parenting_resources/

java.io.FileNotFoundException: http://www.hr.com/en/communities/ihr_compensation/job_analysis__evaluation_and_grading/compensation_surveys//en/communities/benefits/work_life_programs_and_employee_assistance_programs__eaps_/pet_insurance/

java.io.FileNotFoundException: http://www.hr.com/en/communities/ihr_compensation/job_analysis__evaluation_and_grading/compensation_surveys//en/communities/benefits/work_life_programs_and_employee_assistance_programs__eaps_/relocation_services/

java.io.FileNotFoundException: http://www.hr.com/en/communities/ihr_compensation/job_analysis__evaluation_and_grading/compensation_surveys//en/communities/ihr_compensation/board_of_directors_pay/

java.io.FileNotFoundException: http://www.hr.com/en/communities/ihr_compensation/job_analysis__evaluation_and_grading/compensation_surveys//en/communities/ihr_compensation/compensation_modeling_and_forecasting/

java.io.FileNotFoundException: http://www.hr.com/en/communities/ihr_hr_in_california//en/communities/legal/legislation/

java.io.FileNotFoundException: http://www.ct.com/entertainment/photos/wcct-photos-big-red-for-the-arts-20130207,0,934718.photogallery/entertainment/music

java.io.FileNotFoundException: http://www.ct.com/entertainment/photos/wcct-photos-big-red-for-the-arts-20130207,0,934718.photogallery/news/advocates

java.io.FileNotFoundException: http://www.hr.com/en/communities/ihr_compensation/job_analysis__evaluation_and_grading/compensation_salary_surveys//en/communities/ihr_health_safety/unions/

java.io.FileNotFoundException: http://www.hr.com/en/communities/ihr_compensation/job_analysis__evaluation_and_grading/compensation_salary_surveys//en/communities/ihr_health_safety/health_safety_legal_compliance/

java.io.FileNotFoundException: http://www.ct.com/entertainment/photos/wcct-photos-big-red-for-the-arts-20130207,0,934718.photogallery/entertainment/best-of-ct/

java.io.FileNotFoundException: http://www.ct.com/entertainment/photos/wcct-photos-big-red-for-the-arts-20130207,0,934718.photogallery/entertainment/tv/cw

java.io.FileNotFoundException: http://www.hr.com/en/communities/ihr_compensation/job_analysis__evaluation_and_grading/compensation_salary_surveys//en/communities/ihr_health_safety/health_safety_legal_compliance/audits/

java.io.FileNotFoundException: http://www.hr.com/en/communities/ihr_compensation/job_analysis__evaluation_and_grading/compensation_salary_surveys//en/communities/ihr_health_safety/health_safety_legal_compliance/risk_management/

java.io.FileNotFoundException: http://www.hr.com/en/communities/ihr_compensation/job_analysis__evaluation_and_grading/compensation_salary_surveys//en/communities/ihr_health_safety/health_safety_legal_compliance/occupational_health_safety_act/

java.io.FileNotFoundException: http://www.hr.com/en/communities/ihr_compensation/job_analysis__evaluation_and_grading/compensation_salary_surveys//en/communities/ihr_health_safety/health_safety_legal_compliance/osha/

java.io.FileNotFoundException: http://www.hr.com/en/communities/ihr_compensation/job_analysis__evaluation_and_grading/compensation_salary_surveys//en/communities/ihr_health_safety/health_safety_legal_compliance/hipaa/

java.io.FileNotFoundException: http://www.hr.com/en/communities/ihr_compensation/job_analysis__evaluation_and_grading/compensation_salary_surveys//en/communities/ihr_health_safety/employee_wellness/

java.io.FileNotFoundException: http://www.hr.com/en/communities/ihr_compensation/job_analysis__evaluation_and_grading/compensation_salary_surveys//en/communities/ihr_health_safety/standardization/

java.io.FileNotFoundException: http://www.hr.com/en/communities/ihr_compensation/job_analysis__evaluation_and_grading/compensation_salary_surveys//en/communities/ihr_health_safety/workers_compensation/

java.io.FileNotFoundException: http://www.hr.com/en/communities/ihr_compensation/job_analysis__evaluation_and_grading/compensation_salary_surveys//en/communities/ihr_health_safety/standardization/iso_international_organization_for_standardization/

java.io.FileNotFoundException: http://www.hr.com/en/communities/ihr_compensation/job_analysis__evaluation_and_grading/compensation_salary_surveys//en/communities/ihr_health_safety/health_safety_templates_forms_and_contracts/

java.io.FileNotFoundException: http://www.hr.com/en/communities/ihr_compensation/job_analysis__evaluation_and_grading/compensation_salary_surveys//en/communities/ihr_health_safety/health_safety_templates_forms_and_contracts/msds_material_safety_data_sheets/

java.io.FileNotFoundException: http://www.hr.com/en/communities/ihr_compensation/job_analysis__evaluation_and_grading/compensation_salary_surveys//en/communities/ihr_health_safety/health_safety_training/

java.io.FileNotFoundException: http://www.hr.com/en/communities/ihr_compensation/job_analysis__evaluation_and_grading/compensation_salary_surveys//en/communities/ihr_health_safety/health_safety_training/global/

java.net.MalformedURLException: no protocol: ?screen=116

java.io.FileNotFoundException: http://www.ct.com/entertainment/photos/wcct-photos-big-red-for-the-arts-20130207,0,934718.photogallery/promotions/contests

java.io.FileNotFoundException: http://www.ct.com/entertainment/photos/wcct-photos-big-red-for-the-arts-20130207,0,934718.photogallery/entertainment/photos/wcct-photos-big-red-for-the-arts-20130207,0,934718.photogallery?

java.io.FileNotFoundException: http://www.ct.com/entertainment/photos/wcct-photos-big-red-for-the-arts-20130207,0,934718.photogallery/entertainment/photos/wcct-photos-big-red-for-the-arts-20130207,0,934718.photogallery?index=wcct-photos-big-red-for-the-arts-20130207-031

java.io.FileNotFoundException: http://www.ct.com/entertainment/photos/wcct-photos-big-red-for-the-arts-20130207,0,934718.photogallery/entertainment/photos/wcct-photos-big-red-for-the-arts-20130207,0,934718.photogallery?index=wcct-photos-big-red-for-the-arts-20130207-052

java.io.FileNotFoundException: http://www.ct.com/entertainment/photos/wcct-photos-big-red-for-the-arts-20130207,0,934718.photogallery/entertainment/photos/wcct-photos-big-red-for-the-arts-20130207,0,934718.photogallery?index=wcct-photos-big-red-for-the-arts-20130207-023

java.io.FileNotFoundException: http://www.ct.com/entertainment/photos/wcct-photos-big-red-for-the-arts-20130207,0,934718.photogallery/entertainment/photos/wcct-photos-big-red-for-the-arts-20130207,0,934718.photogallery?index=wcct-photos-big-red-for-the-arts-20130207-047

java.io.FileNotFoundException: http://www.ct.com/entertainment/photos/wcct-photos-big-red-for-the-arts-20130207,0,934718.photogallery/entertainment/photos/wcct-photos-big-red-for-the-arts-20130207,0,934718.photogallery?index=wcct-photos-big-red-for-the-arts-20130207-030

java.io.FileNotFoundException: http://www.ct.com/entertainment/photos/wcct-photos-big-red-for-the-arts-20130207,0,934718.photogallery/entertainment/photos/wcct-photos-big-red-for-the-arts-20130207,0,934718.photogallery?index=wcct-photos-big-red-for-the-arts-20130207-053

java.io.FileNotFoundException: http://www.ct.com/entertainment/photos/wcct-photos-big-red-for-the-arts-20130207,0,934718.photogallery/entertainment/photos/wcct-photos-big-red-for-the-arts-20130207,0,934718.photogallery?index=wcct-photos-big-red-for-the-arts-20130207-051

java.io.FileNotFoundException: http://www.ct.com/entertainment/photos/wcct-photos-big-red-for-the-arts-20130207,0,934718.photogallery/entertainment/photos/wcct-photos-big-red-for-the-arts-20130207,0,934718.photogallery?index=wcct-photos-big-red-for-the-arts-20130207-050

java.io.FileNotFoundException: http://www.ct.com/entertainment/photos/wcct-photos-big-red-for-the-arts-20130207,0,934718.photogallery/entertainment/photos/wcct-photos-big-red-for-the-arts-20130207,0,934718.photogallery?index=wcct-photos-big-red-for-the-arts-20130207-049

java.io.IOException: Server returned HTTP response code: 400 for URL: http://twitter.com/share?url=http://www.ct.com/entertainment/photos/wcct-photos-big-red-for-the-arts-20130207,0,934718.photogallery?index=wcct-photos-big-red-for-the-arts-20130207-031&text=Photos: Big Red For The Arts

java.io.IOException: Server returned HTTP response code: 400 for URL: http://www.facebook.com/share.php?&u=http://www.ct.com/entertainment/photos/wcct-photos-big-red-for-the-arts-20130207,0,934718.photogallery?index=wcct-photos-big-red-for-the-arts-20130207-031&t=Photos: Big Red For The Arts

java.io.FileNotFoundException: http://www.ct.com/entertainment/photos/wcct-photos-big-red-for-the-arts-20130207,0,934718.photogallery/entertainment/photos/wcct-photos-big-red-for-the-arts-20130207,0,934718.photogallery?index=wcct-photos-big-red-for-the-arts-20130207-048

java.io.FileNotFoundException: http://www.ct.com/entertainment/photos/wcct-photos-big-red-for-the-arts-20130207,0,934718.photogallery/entertainment/photos/wcct-photos-big-red-for-the-arts-20130207,0,934718.photogallery?index=wcct-photos-big-red-for-the-arts-20130207-046

java.io.FileNotFoundException: http://www.ct.com/entertainment/photos/wcct-photos-big-red-for-the-arts-20130207,0,934718.photogallery/entertainment/photos/wcct-photos-big-red-for-the-arts-20130207,0,934718.photogallery?index=wcct-photos-big-red-for-the-arts-20130207-045

java.io.IOException: Server returned HTTP response code: 503 for URL: http://www.stumbleupon.com/submit?url=http://www.ct.com/entertainment/photos/wcct-photos-big-red-for-the-arts-20130207,0,934718.photogallery?index=wcct-photos-big-red-for-the-arts-20130207-031&title=Photos: Big Red For The Arts

java.io.FileNotFoundException: http://www.ct.com/entertainment/photos/wcct-photos-big-red-for-the-arts-20130207,0,934718.photogallery/entertainment/photos/wcct-photos-big-red-for-the-arts-20130207,0,4687507,email.photogallery?index=wcct-photos-big-red-for-the-arts-20130207-031

java.io.FileNotFoundException: http://www.ct.com/entertainment/photos/wcct-photos-big-red-for-the-arts-20130207,0,934718.photogallery/entertainment/photos/wcct-photos-big-red-for-the-arts-20130207,0,934718.photogallery?index=wcct-photos-big-red-for-the-arts-20130207-044

java.io.FileNotFoundException: http://www.hr.com/en/communities/ihr_compensation/job_analysis__evaluation_and_grading/compensation_salary_surveys//en/communities/ihr_health_safety/health_safety_training/us_based/

java.io.FileNotFoundException: http://www.ct.com/entertainment/photos/wcct-photos-big-red-for-the-arts-20130207,0,934718.photogallery/entertainment/photos/wtxx-photos-maroon-5-and-kelly-clarkson-at-the-comcast-theatre-20130901,0,2631515.photogallery

java.io.FileNotFoundException: http://www.hr.com/en/communities/ihr_compensation/job_analysis__evaluation_and_grading/compensation_salary_surveys//en/communities/ihr_health_safety/health_safety_training/canadian_based/

java.io.FileNotFoundException: http://www.ct.com/entertainment/photos/wcct-photos-big-red-for-the-arts-20130207,0,934718.photogallery/entertainment/photos/wtxx-photos-zac-brown-band-at-the-comcast-theatre-20130903,0,2968062.photogallery

java.io.FileNotFoundException: http://www.hr.com/en/communities/ihr_compensation/job_analysis__evaluation_and_grading/compensation_salary_surveys//en/communities/ihr_health_safety/health_safety_training/consultants/

java.io.FileNotFoundException: http://www.ct.com/entertainment/photos/wcct-photos-big-red-for-the-arts-20130207,0,934718.photogallery/entertainment/photos/wtxx-30-funny-dennis-reynolds-quotes-20130830,0,2914621.photogallery

java.io.FileNotFoundException: http://www.hr.com/en/communities/ihr_compensation/job_analysis__evaluation_and_grading/compensation_salary_surveys//en/communities/ihr_health_safety/health_safety_training/whmis_workplace_hazardous_materials_information_system/

java.io.FileNotFoundException: http://www.ct.com/entertainment/photos/wcct-photos-big-red-for-the-arts-20130207,0,934718.photogallery/entertainment/photos/wtxx-photos-afropunk-festival-20130829,0,2469816.photogallery

java.io.FileNotFoundException: http://www.ct.com/entertainment/photos/wcct-photos-big-red-for-the-arts-20130207,0,934718.photogallery/entertainment/photos/wtxx-photos-toby-keith-at-the-comcast-theatre-20130826,0,2068060.photogallery

java.io.FileNotFoundException: http://www.hr.com/en/communities/ihr_compensation/job_analysis__evaluation_and_grading/compensation_salary_surveys//en/communities/ihr_health_safety/health_safety_tools_technology/

java.io.FileNotFoundException: http://www.hr.com/en/communities/ihr_compensation/job_analysis__evaluation_and_grading/compensation_salary_surveys//en/communities/ihr_health_safety/health_safety_metrics/

java.io.FileNotFoundException: http://www.ct.com/entertainment/photos/wcct-photos-big-red-for-the-arts-20130207,0,934718.photogallery/entertainment/photos/wtxx-photos-john-mayer-at-the-comcast-theatre-20130819,0,6538307.photogallery

java.io.FileNotFoundException: http://www.hr.com/en/communities/ihr_compensation/job_analysis__evaluation_and_grading/compensation_salary_surveys//en/communities/hr_industries/

java.io.FileNotFoundException: http://www.hr.com/en/communities/ihr_compensation/job_analysis__evaluation_and_grading/compensation_salary_surveys//en/communities/hr_industries/agriculture__forestry__fishing_and_mining/

java.io.FileNotFoundException: http://www.ct.com/entertainment/photos/wcct-photos-big-red-for-the-arts-20130207,0,934718.photogallery/entertainment/photos/wtxx-photos-john-mayer-performing-at-the-comcast-theatre-20130819,0,155400.photogallery

java.io.FileNotFoundException: http://www.ct.com/entertainment/photos/wcct-photos-big-red-for-the-arts-20130207,0,934718.photogallery/entertainment/photos/wtxx-photos-rockstar-energy-drink-uproar-festival-2013-20130813,0,5213107.photogallery

java.io.FileNotFoundException: http://www.hr.com/en/communities/ihr_compensation/job_analysis__evaluation_and_grading/compensation_salary_surveys//en/communities/hr_industries/computer_telecom/

java.io.FileNotFoundException: http://www.ct.com/entertainment/photos/wcct-photos-big-red-for-the-arts-20130207,0,934718.photogallery/entertainment/photos/wtxx-photos-rockstar-energy-drink-uproar-festival-2013-performers-20130813,0,7369410.photogallery

java.io.FileNotFoundException: http://www.hr.com/en/communities/ihr_compensation/job_analysis__evaluation_and_grading/compensation_salary_surveys//en/communities/hr_industries/construction/

java.io.FileNotFoundException: http://www.hr.com/en/communities/ihr_compensation/job_analysis__evaluation_and_grading/compensation_salary_surveys//en/communities/hr_industries/education/

java.io.FileNotFoundException: http://www.hr.com/en/communities/ihr_compensation/job_analysis__evaluation_and_grading/compensation_salary_surveys//en/communities/hr_industries/finance__insurance_and_real_estate/

java.io.FileNotFoundException: http://www.ct.com/entertainment/photos/wcct-photos-big-red-for-the-arts-20130207,0,934718.photogallery/entertainment/photos/hc-electric-run-5k-20130811,0,6790488.photogallery

java.io.FileNotFoundException: http://www.hr.com/en/communities/ihr_compensation/job_analysis__evaluation_and_grading/compensation_salary_surveys//en/communities/hr_industries/health_services/

java.io.FileNotFoundException: http://www.hr.com/en/communities/ihr_compensation/job_analysis__evaluation_and_grading/compensation_salary_surveys//en/communities/hr_industries/hospitality/

java.io.FileNotFoundException: http://www.ct.com/entertainment/photos/wcct-live-local-arch-street-tavern-20130204,0,7212405.photogallery/

java.io.FileNotFoundException: http://www.hr.com/en/communities/ihr_compensation/job_analysis__evaluation_and_grading/compensation_salary_surveys//en/communities/hr_industries/manufacturing/

java.io.FileNotFoundException: http://www.hr.com/en/communities/ihr_compensation/job_analysis__evaluation_and_grading/compensation_salary_surveys//en/communities/hr_industries/ihr_hr_in_government/

java.io.FileNotFoundException: http://www.hr.com/en/communities/ihr_compensation/job_analysis__evaluation_and_grading/compensation_salary_surveys//en/communities/hr_industries/ihr_hr_in_retail/

java.io.FileNotFoundException: http://www.hr.com/en/communities/ihr_compensation/job_analysis__evaluation_and_grading/compensation_salary_surveys//en/communities/hr_industries/media_entertainment/

java.io.FileNotFoundException: http://www.ct.com/entertainment/photos/wcct-live-local-arch-street-tavern-20130204,0,7212405.photogallery/wheretogo

java.io.FileNotFoundException: http://www.hr.com/en/communities/ihr_compensation/job_analysis__evaluation_and_grading/compensation_salary_surveys//en/communities/hr_industries/non_profit/

java.io.FileNotFoundException: http://www.hr.com/en/communities/ihr_compensation/job_analysis__evaluation_and_grading/compensation_salary_surveys//en/communities/hr_industries/services/

java.io.FileNotFoundException: http://www.ct.com/entertainment/photos/wcct-live-local-arch-street-tavern-20130204,0,7212405.photogallery/whattodo

java.io.FileNotFoundException: http://www.hr.com/en/communities/ihr_compensation/job_analysis__evaluation_and_grading/compensation_salary_surveys//en/communities/hr_industries/transportation_and_public_utilities/

java.io.FileNotFoundException: http://www.hr.com/en/communities/ihr_compensation/job_analysis__evaluation_and_grading/compensation_surveys//en/communities/ihr_compensation/compensation_planning_and_management/

java.io.FileNotFoundException: http://www.hr.com/en/communities/ihr_compensation/job_analysis__evaluation_and_grading/compensation_surveys//en/communities/ihr_compensation/compensation_planning_and_management/compliance_in_compensation_management/

java.io.FileNotFoundException: http://www.hr.com/en/communities/ihr_compensation/job_analysis__evaluation_and_grading/compensation_surveys//en/communities/ihr_compensation/compensation_planning_and_management/executive_compensation_management/

java.io.FileNotFoundException: http://www.hr.com/en/communities/ihr_compensation/job_analysis__evaluation_and_grading/compensation_surveys//en/communities/ihr_compensation/compensation_planning_and_management/salary_survey_planning_and_management/

java.io.FileNotFoundException: http://www.hr.com/en/communities/ihr_compensation/job_analysis__evaluation_and_grading/compensation_surveys//en/communities/ihr_compensation/compensation_planning_and_management/stock_planning_and_administration/

java.io.FileNotFoundException: http://www.hr.com/en/communities/ihr_compensation/job_analysis__evaluation_and_grading/compensation_surveys//en/communities/ihr_compensation/compensation_planning_and_management/pay_for_performance_planning_and_management/

java.io.FileNotFoundException: http://www.ct.com/entertainment/photos/wcct-live-local-arch-street-tavern-20130204,0,7212405.photogallery/entertainment/restaurants

java.io.FileNotFoundException: http://www.hr.com/en/communities/ihr_compensation/job_analysis__evaluation_and_grading/compensation_surveys//en/communities/ihr_compensation/compensation_measurement__reporting_and_analysis/

java.io.FileNotFoundException: http://www.hr.com/en/communities/ihr_compensation/job_analysis__evaluation_and_grading/compensation_surveys//en/communities/ihr_compensation/compensation_trends/

java.io.FileNotFoundException: http://www.hr.com/en/communities/ihr_compensation/job_analysis__evaluation_and_grading/compensation_surveys//en/communities/ihr_compensation/ecs_enterprise_compensation_solutions/

java.io.FileNotFoundException: http://www.hr.com/en/communities/ihr_compensation/job_analysis__evaluation_and_grading/compensation_surveys//en/communities/ihr_compensation/incentives__rewards_and_recognition/gift_cards/

java.io.FileNotFoundException: http://www.hr.com/en/communities/ihr_compensation/job_analysis__evaluation_and_grading/compensation_surveys//en/communities/ihr_compensation/incentives__rewards_and_recognition/

java.io.FileNotFoundException: http://www.hr.com/en/communities/ihr_compensation/job_analysis__evaluation_and_grading/compensation_surveys//en/communities/ihr_compensation/executive_compensation/

java.io.FileNotFoundException: http://www.hr.com/en/communities/ihr_compensation/job_analysis__evaluation_and_grading/compensation_surveys//en/communities/ihr_compensation/incentives__rewards_and_recognition/recognition_programs/

java.io.FileNotFoundException: http://www.hr.com/en/communities/ihr_compensation/job_analysis__evaluation_and_grading/compensation_surveys//en/communities/ihr_compensation/incentives_measurement__reporting_and_analysis/

java.io.FileNotFoundException: http://www.hr.com/en/communities/ihr_compensation/job_analysis__evaluation_and_grading/compensation_surveys//en/communities/ihr_compensation/incentives_measurement__reporting_and_analysis/incentives_planning_and_management/

java.io.FileNotFoundException: http://www.ct.com/entertainment/photos/wcct-live-local-arch-street-tavern-20130204,0,7212405.photogallery/entertainment/music

java.io.FileNotFoundException: http://www.hr.com/en/communities/ihr_compensation/job_analysis__evaluation_and_grading/compensation_surveys//en/communities/ihr_compensation/job_analysis__evaluation_and_grading/compensation_salary_surveys/

java.io.FileNotFoundException: http://www.hr.com/en/communities/ihr_compensation/job_analysis__evaluation_and_grading/compensation_surveys//en/communities/ihr_compensation/pay_strategies/

java.io.FileNotFoundException: http://www.hr.com/en/communities/ihr_compensation/job_analysis__evaluation_and_grading/compensation_surveys//en/communities/ihr_compensation/pay_strategies/base_pay/

java.io.FileNotFoundException: http://www.hr.com/en/communities/ihr_compensation/job_analysis__evaluation_and_grading/compensation_surveys//en/communities/ihr_compensation/pay_strategies/pay_for_performance/

java.io.FileNotFoundException: http://www.hr.com/en/communities/ihr_compensation/job_analysis__evaluation_and_grading/compensation_surveys//en/communities/ihr_compensation/pay_strategies/skill_competency_based_pay/

java.io.FileNotFoundException: http://www.hr.com/en/communities/ihr_compensation/job_analysis__evaluation_and_grading/compensation_surveys//en/communities/ihr_compensation/pay_strategies/variable_pay/

java.io.FileNotFoundException: http://www.hr.com/en/communities/ihr_compensation/job_analysis__evaluation_and_grading/compensation_surveys//en/communities/ihr_compensation/pay_strategies/variable_pay/equity_based_compensation/

java.io.FileNotFoundException: http://www.ct.com/entertainment/photos/wcct-live-local-arch-street-tavern-20130204,0,7212405.photogallery/news/advocates

java.io.FileNotFoundException: http://www.hr.com/en/communities/ihr_compensation/job_analysis__evaluation_and_grading/compensation_surveys//en/communities/ihr_compensation/pay_strategies/variable_pay/gainsharing/

java.io.FileNotFoundException: http://www.hr.com/en/communities/ihr_compensation/job_analysis__evaluation_and_grading/compensation_surveys//en/communities/ihr_compensation/pay_strategies/variable_pay/profit_sharing/

java.net.MalformedURLException: no protocol: category.php?id=33&brand=959

java.io.FileNotFoundException: http://www.hr.com/en/communities/ihr_compensation/job_analysis__evaluation_and_grading/compensation_surveys//en/communities/ihr_compensation/pay_equity/

java.io.FileNotFoundException: http://www.industryweek.com/procurement/midyear-service-centers-shipments-declining/media

java.io.FileNotFoundException: http://www.ct.com/entertainment/photos/wcct-live-local-arch-street-tavern-20130204,0,7212405.photogallery/entertainment/best-of-ct/

java.io.FileNotFoundException: http://www.ct.com/entertainment/photos/wtxx-photos-downtown-rocks-for-newtown-20130129,0,4824295.photogallery/

java.io.FileNotFoundException: http://www.ct.com/entertainment/photos/wcct-live-local-arch-street-tavern-20130204,0,7212405.photogallery/entertainment/tv/cw

java.io.FileNotFoundException: http://www.hr.com/en/communities/ihr_compensation/job_analysis__evaluation_and_grading/compensation_salary_surveys//en/communities/hr_industries/travel__recreation_and_leisure/

java.io.FileNotFoundException: http://www.ct.com/entertainment/photos/wtxx-photos-downtown-rocks-for-newtown-20130129,0,4824295.photogallery/wheretogo

java.io.FileNotFoundException: http://www.hr.com/en/communities/ihr_compensation/job_analysis__evaluation_and_grading/compensation_salary_surveys//en/communities/hr_industries/wholesale_trade/

java.io.FileNotFoundException: http://www.hr.com/en/communities/ihr_compensation/job_analysis__evaluation_and_grading/compensation_salary_surveys//en/communities/ihr_hris_erp/

java.io.FileNotFoundException: http://www.hr.com/en/communities/ihr_compensation/job_analysis__evaluation_and_grading/compensation_salary_surveys//en/communities/ihr_hris_erp/erp_enterprise_resources_planning/

java.io.FileNotFoundException: http://www.hr.com/en/communities/ihr_compensation/job_analysis__evaluation_and_grading/compensation_salary_surveys//en/communities/ihr_hris_erp/erp_enterprise_resources_planning/call_centers/

java.io.FileNotFoundException: http://www.hr.com/en/communities/ihr_compensation/job_analysis__evaluation_and_grading/compensation_salary_surveys//en/communities/ihr_hris_erp/erp_enterprise_resources_planning/compliance_in_hcm/

java.io.FileNotFoundException: http://www.ct.com/entertainment/photos/wcct-live-local-arch-street-tavern-20130204,0,7212405.photogallery/promotions/contests

java.io.FileNotFoundException: http://www.ct.com/entertainment/photos/wcct-live-local-arch-street-tavern-20130204,0,7212405.photogallery/entertainment/photos/wcct-live-local-arch-street-tavern-20130204,0,7212405.photogallery?

java.io.FileNotFoundException: http://www.ct.com/entertainment/photos/wcct-live-local-arch-street-tavern-20130204,0,7212405.photogallery/entertainment/photos/wcct-live-local-arch-street-tavern-20130204,0,7212405.photogallery?index=wcct-live-local-arch-street-tavern-20130204-046

java.io.FileNotFoundException: http://www.ct.com/entertainment/photos/wcct-live-local-arch-street-tavern-20130204,0,7212405.photogallery/entertainment/photos/wcct-live-local-arch-street-tavern-20130204,0,7212405.photogallery?index=wcct-live-local-arch-street-tavern-20130204-044

java.io.FileNotFoundException: http://www.ct.com/entertainment/photos/wcct-live-local-arch-street-tavern-20130204,0,7212405.photogallery/entertainment/photos/wcct-live-local-arch-street-tavern-20130204,0,7212405.photogallery?index=wcct-live-local-arch-street-tavern-20130204-038

java.io.FileNotFoundException: http://www.ct.com/entertainment/photos/wcct-live-local-arch-street-tavern-20130204,0,7212405.photogallery/entertainment/photos/wcct-live-local-arch-street-tavern-20130204,0,7212405.photogallery?index=wcct-live-local-arch-street-tavern-20130204-047

java.io.FileNotFoundException: http://www.ct.com/entertainment/photos/wcct-live-local-arch-street-tavern-20130204,0,7212405.photogallery/entertainment/photos/wcct-live-local-arch-street-tavern-20130204,0,7212405.photogallery?index=wcct-live-local-arch-street-tavern-20130204-029

java.io.FileNotFoundException: http://www.ct.com/entertainment/photos/wcct-live-local-arch-street-tavern-20130204,0,7212405.photogallery/entertainment/photos/wcct-live-local-arch-street-tavern-20130204,0,7212405.photogallery?index=wcct-live-local-arch-street-tavern-20130204-045

java.io.FileNotFoundException: http://www.ct.com/entertainment/photos/wcct-live-local-arch-street-tavern-20130204,0,7212405.photogallery/entertainment/photos/wcct-live-local-arch-street-tavern-20130204,0,7212405.photogallery?index=wcct-live-local-arch-street-tavern-20130204-041

java.io.FileNotFoundException: http://www.ct.com/entertainment/photos/wcct-live-local-arch-street-tavern-20130204,0,7212405.photogallery/entertainment/photos/wcct-live-local-arch-street-tavern-20130204,0,7212405.photogallery?index=wcct-live-local-arch-street-tavern-20130204-043

java.io.FileNotFoundException: http://www.ct.com/entertainment/photos/wcct-live-local-arch-street-tavern-20130204,0,7212405.photogallery/entertainment/photos/wcct-live-local-arch-street-tavern-20130204,0,7212405.photogallery?index=wcct-live-local-arch-street-tavern-20130204-030

java.io.IOException: Server returned HTTP response code: 400 for URL: http://www.facebook.com/share.php?&u=http://www.ct.com/entertainment/photos/wcct-live-local-arch-street-tavern-20130204,0,7212405.photogallery?index=wcct-live-local-arch-street-tavern-20130204-046&t=Photos: Live & Local @ Arch Street Tavern

java.io.FileNotFoundException: http://www.ct.com/entertainment/photos/wcct-live-local-arch-street-tavern-20130204,0,7212405.photogallery/entertainment/photos/wcct-live-local-arch-street-tavern-20130204,0,7212405.photogallery?index=wcct-live-local-arch-street-tavern-20130204-042

java.io.FileNotFoundException: http://www.ct.com/entertainment/photos/wcct-live-local-arch-street-tavern-20130204,0,7212405.photogallery/entertainment/photos/wcct-live-local-arch-street-tavern-20130204,0,7212405.photogallery?index=wcct-live-local-arch-street-tavern-20130204-028

java.io.IOException: Server returned HTTP response code: 400 for URL: http://twitter.com/share?url=http://www.ct.com/entertainment/photos/wcct-live-local-arch-street-tavern-20130204,0,7212405.photogallery?index=wcct-live-local-arch-street-tavern-20130204-046&text=Photos: Live & Local @ Arch Street Tavern

java.io.FileNotFoundException: http://www.ct.com/entertainment/photos/wcct-live-local-arch-street-tavern-20130204,0,7212405.photogallery/entertainment/photos/wcct-live-local-arch-street-tavern-20130204,0,7212405.photogallery?index=wcct-live-local-arch-street-tavern-20130204-040

java.io.FileNotFoundException: http://www.ct.com/entertainment/photos/wcct-live-local-arch-street-tavern-20130204,0,7212405.photogallery/entertainment/photos/wcct-live-local-arch-street-tavern-20130204,0,7212405.photogallery?index=wcct-live-local-arch-street-tavern-20130204-039

java.io.IOException: Server returned HTTP response code: 503 for URL: http://www.stumbleupon.com/submit?url=http://www.ct.com/entertainment/photos/wcct-live-local-arch-street-tavern-20130204,0,7212405.photogallery?index=wcct-live-local-arch-street-tavern-20130204-046&title=Photos: Live & Local @ Arch Street Tavern

java.io.FileNotFoundException: http://www.ct.com/entertainment/photos/wcct-live-local-arch-street-tavern-20130204,0,7212405.photogallery/entertainment/photos/wcct-live-local-arch-street-tavern-20130204,0,2174063,email.photogallery?index=wcct-live-local-arch-street-tavern-20130204-046

java.io.IOException: Server returned HTTP response code: 400 for URL: http://delicious.com/save?v=5&amp;noui&jump=close&url=http://investor.abm.com/releasedetail.cfm?Releaseid=788476&title=ABM Industries Announces 2013 Third Quarter Financial Results - ABM Industries Incorporated

java.io.FileNotFoundException: http://www.hr.com/en/communities/ihr_compensation/job_analysis__evaluation_and_grading/compensation_salary_surveys//en/communities/ihr_hris_erp/erp_enterprise_resources_planning/hcm_and_integrated_financials/

java.io.FileNotFoundException: http://www.hr.com/en/communities/ihr_compensation/job_analysis__evaluation_and_grading/compensation_salary_surveys//en/communities/ihr_hris_erp/erp_enterprise_resources_planning/enterprise_learning/

java.io.FileNotFoundException: http://www.hr.com/en/communities/ihr_compensation/job_analysis__evaluation_and_grading/compensation_salary_surveys//en/communities/ihr_hris_erp/erp_enterprise_resources_planning/hcm_trends/

java.io.FileNotFoundException: http://www.hr.com/en/communities/ihr_compensation/job_analysis__evaluation_and_grading/compensation_salary_surveys//en/communities/ihr_hris_erp/erp_enterprise_resources_planning/hris_benefits/

java.io.FileNotFoundException: http://www.ct.com/entertainment/photos/wcct-live-local-arch-street-tavern-20130204,0,7212405.photogallery/entertainment/photos/wtxx-photos-zac-brown-band-at-the-comcast-theatre-20130903,0,2968062.photogallery

java.io.FileNotFoundException: http://www.ct.com/entertainment/photos/wtxx-photos-downtown-rocks-for-newtown-20130129,0,4824295.photogallery/whattodo

java.io.IOException: Server returned HTTP response code: 400 for URL: http://www.facebook.com/share.php?u=http://investor.abm.com/releasedetail.cfm?Releaseid=788476&t=ABM Industries Announces 2013 Third Quarter Financial Results - ABM Industries Incorporated

java.io.FileNotFoundException: http://www.hr.com/en/communities/ihr_compensation/job_analysis__evaluation_and_grading/compensation_salary_surveys//en/communities/ihr_hris_erp/erp_enterprise_resources_planning/rfp_rfi_development/

java.io.FileNotFoundException: http://www.hr.com/en/communities/ihr_compensation/job_analysis__evaluation_and_grading/compensation_salary_surveys//en/communities/ihr_hris_erp/erp_enterprise_resources_planning/pay_for_performance_planning_and_management/

java.io.FileNotFoundException: http://www.hr.com/en/communities/ihr_compensation/job_analysis__evaluation_and_grading/compensation_salary_surveys//en/communities/ihr_hris_erp/erp_enterprise_resources_planning/total_compensation_management/

java.io.FileNotFoundException: http://www.hr.com/en/communities/ihr_compensation/job_analysis__evaluation_and_grading/compensation_salary_surveys//en/communities/ihr_hris_erp/erp_enterprise_resources_planning/portals_and_employee_communications/

java.io.IOException: Server returned HTTP response code: 400 for URL: http://www.linkedin.com/shareArticle?mini=true&url=http://investor.abm.com/releasedetail.cfm?Releaseid=788476&title=ABM Industries Announces 2013 Third Quarter Financial Results - ABM Industries Incorporated

java.io.IOException: Server returned HTTP response code: 403 for URL: http://kowlooncity.haibao.hk

java.io.FileNotFoundException: http://www.hr.com/en/communities/ihr_compensation/job_analysis__evaluation_and_grading/compensation_salary_surveys//en/communities/ihr_hris_erp/erp_enterprise_resources_planning/workforce_analytics_strategic_hcm/

java.io.FileNotFoundException: http://www.hr.com/en/communities/ihr_compensation/job_analysis__evaluation_and_grading/compensation_salary_surveys//en/communities/ihr_hris_erp/hcm_global/

java.io.FileNotFoundException: http://www.ct.com/entertainment/photos/wtxx-photos-downtown-rocks-for-newtown-20130129,0,4824295.photogallery/entertainment/restaurants

java.io.FileNotFoundException: http://www.hr.com/en/communities/ihr_compensation/job_analysis__evaluation_and_grading/compensation_salary_surveys//en/communities/ihr_hris_erp/hcm_global/model__planning__mgmt_and_measurement/

java.io.FileNotFoundException: http://www.hr.com/en/communities/ihr_compensation/job_analysis__evaluation_and_grading/compensation_salary_surveys//en/communities/ihr_hris_erp/hcm_us_based/

java.io.FileNotFoundException: http://www.hr.com/en/communities/ihr_compensation/job_analysis__evaluation_and_grading/compensation_salary_surveys//en/communities/ihr_hris_erp/hcm_us_based/model__planning__mgmt_and_measurement/

java.io.IOException: Server returned HTTP response code: 500 for URL: http://investor.abm.com/releasedetail.cfm?releaseid=788476/releasedetail.cfm?releaseid=788411

java.io.FileNotFoundException: http://www.hr.com/en/communities/ihr_compensation/job_analysis__evaluation_and_grading/compensation_salary_surveys//en/communities/hr_outsourcing/

java.io.FileNotFoundException: http://www.hr.com/en/communities/ihr_compensation/job_analysis__evaluation_and_grading/compensation_salary_surveys//en/communities/hr_outsourcing/business_process_outsourcing/

java.io.FileNotFoundException: http://www.hr.com/en/communities/ihr_compensation/job_analysis__evaluation_and_grading/compensation_salary_surveys//en/communities/hr_outsourcing/call_center_outsourcing/

java.io.FileNotFoundException: http://www.hr.com/en/communities/ihr_compensation/job_analysis__evaluation_and_grading/compensation_salary_surveys//en/communities/hr_outsourcing/contract_negotiations/

java.io.FileNotFoundException: http://www.hr.com/en/communities/ihr_compensation/job_analysis__evaluation_and_grading/compensation_salary_surveys//en/communities/hr_outsourcing/cost_justification_techniques/

java.io.FileNotFoundException: http://www.hr.com/en/communities/ihr_compensation/job_analysis__evaluation_and_grading/compensation_salary_surveys//en/communities/hr_outsourcing/contract_negotiations/service_level_agreements/

java.io.FileNotFoundException: http://www.hr.com/en/communities/ihr_compensation/job_analysis__evaluation_and_grading/compensation_salary_surveys//en/communities/hr_outsourcing/contract_negotiations/other_contract_issues/

java.io.FileNotFoundException: http://www.ct.com/entertainment/photos/wtxx-photos-downtown-rocks-for-newtown-20130129,0,4824295.photogallery/entertainment/music

java.io.FileNotFoundException: http://www.ct.com/entertainment/photos/wtxx-photos-downtown-rocks-for-newtown-20130129,0,4824295.photogallery/news/advocates

java.io.FileNotFoundException: http://www.hr.com/en/communities/ihr_compensation/job_analysis__evaluation_and_grading/compensation_surveys//en/communities/ihr_compensation/payroll/

java.io.FileNotFoundException: http://www.ct.com/entertainment/photos/wtxx-photos-downtown-rocks-for-newtown-20130129,0,4824295.photogallery/entertainment/best-of-ct/

java.io.FileNotFoundException: http://www.ct.com/entertainment/photos/wtxx-photos-downtown-rocks-for-newtown-20130129,0,4824295.photogallery/entertainment/tv/cw

java.io.FileNotFoundException: http://www.hr.com/en/communities/ihr_compensation/job_analysis__evaluation_and_grading/compensation_surveys//en/communities/ihr_compensation/rfp_rfi_development/

java.io.FileNotFoundException: http://www.hr.com/en/communities/ihr_compensation/job_analysis__evaluation_and_grading/compensation_surveys//en/communities/ihr_compensation/severance_pay/

java.io.FileNotFoundException: http://www.hr.com/en/communities/ihr_compensation/job_analysis__evaluation_and_grading/compensation_surveys//en/communities/ihr_compensation/sales_force_compensation/

java.io.FileNotFoundException: http://www.hr.com/en/communities/ihr_compensation/job_analysis__evaluation_and_grading/compensation_surveys//en/communities/ihr_compensation/payroll_001/

java.io.FileNotFoundException: http://www.hr.com/en/communities/ihr_compensation/job_analysis__evaluation_and_grading/compensation_surveys//en/communities/ihr_contract_workforce_talent_exchange/

java.io.FileNotFoundException: http://www.hr.com/en/communities/ihr_compensation/job_analysis__evaluation_and_grading/compensation_surveys//en/communities/ihr_contract_workforce_talent_exchange/talent_exchanges/

java.io.FileNotFoundException: http://www.hr.com/en/communities/ihr_compensation/job_analysis__evaluation_and_grading/compensation_surveys//en/communities/ihr_contract_workforce_talent_exchange/vendor_management_solutions/

java.io.FileNotFoundException: http://www.hr.com/en/communities/ihr_compensation/job_analysis__evaluation_and_grading/compensation_surveys//en/communities/ihr_contract_workforce_talent_exchange/rpo_services/

java.io.FileNotFoundException: http://www.hr.com/en/communities/ihr_compensation/job_analysis__evaluation_and_grading/compensation_surveys//en/communities/ihr_contract_workforce_talent_exchange/contract_worker_payroll/

java.io.FileNotFoundException: http://www.hr.com/en/communities/ihr_compensation/job_analysis__evaluation_and_grading/compensation_surveys//en/communities/ihr_contract_workforce_talent_exchange/temporary_staffing_solutions/

java.io.FileNotFoundException: http://www.hr.com/en/communities/ihr_compensation/job_analysis__evaluation_and_grading/compensation_surveys//en/communities/ihr_contract_workforce_talent_exchange/contract_workforce_talent_exchanges_templates_forms_contracts/

java.io.FileNotFoundException: http://www.hr.com/en/communities/ihr_compensation/job_analysis__evaluation_and_grading/compensation_surveys//en/communities/ihr_contract_workforce_talent_exchange/managed_service_provider/

java.io.FileNotFoundException: http://www.hr.com/en/communities/ihr_compensation/job_analysis__evaluation_and_grading/compensation_surveys//en/communities/ihr_contract_workforce_talent_exchange/contract_workforce_talent_exchanges_metrics/

java.io.FileNotFoundException: http://www.hr.com/en/communities/ihr_compensation/job_analysis__evaluation_and_grading/compensation_surveys//en/communities/ihr_contract_workforce_talent_exchange/contract_workforce_talent_exchanges_tools_technology/

java.io.FileNotFoundException: http://www.hr.com/en/communities/ihr_compensation/job_analysis__evaluation_and_grading/compensation_surveys//en/communities/ihr_contract_workforce_talent_exchange/contract_workforce_talent_exchanges_legal_compliance/

java.io.FileNotFoundException: http://www.hr.com/en/communities/ihr_compensation/job_analysis__evaluation_and_grading/compensation_surveys//en/communities/ihr_employee_wellness/

java.io.FileNotFoundException: http://www.hr.com/en/communities/ihr_compensation/job_analysis__evaluation_and_grading/compensation_surveys//en/communities/ihr_employee_wellness/productivity/

java.io.FileNotFoundException: http://www.ct.com/entertainment/photos/wtxx-photos-downtown-rocks-for-newtown-20130129,0,4824295.photogallery/promotions/contests

java.io.FileNotFoundException: http://www.ct.com/entertainment/photos/wtxx-photos-downtown-rocks-for-newtown-20130129,0,4824295.photogallery/entertainment/photos/wtxx-photos-downtown-rocks-for-newtown-20130129,0,4824295.photogallery?

java.io.FileNotFoundException: http://www.ct.com/entertainment/photos/wtxx-photos-downtown-rocks-for-newtown-20130129,0,4824295.photogallery/entertainment/photos/wtxx-photos-downtown-rocks-for-newtown-20130129,0,4824295.photogallery?index=wtxx-photos-downtown-rocks-for-newtown-2013012-008

java.io.FileNotFoundException: http://www.ct.com/entertainment/photos/wtxx-photos-downtown-rocks-for-newtown-20130129,0,4824295.photogallery/entertainment/photos/wtxx-photos-downtown-rocks-for-newtown-20130129,0,4824295.photogallery?index=wtxx-photos-downtown-rocks-for-newtown-2013012-007

java.io.FileNotFoundException: http://www.ct.com/entertainment/photos/wtxx-photos-downtown-rocks-for-newtown-20130129,0,4824295.photogallery/entertainment/photos/wtxx-photos-downtown-rocks-for-newtown-20130129,0,4824295.photogallery?index=wtxx-photos-downtown-rocks-for-newtown-2013012-011

java.io.FileNotFoundException: http://www.ct.com/entertainment/photos/wtxx-photos-downtown-rocks-for-newtown-20130129,0,4824295.photogallery/entertainment/photos/wtxx-photos-downtown-rocks-for-newtown-20130129,0,4824295.photogallery?index=wtxx-photos-downtown-rocks-for-newtown-2013012-014

java.io.FileNotFoundException: http://www.ct.com/entertainment/photos/wtxx-photos-downtown-rocks-for-newtown-20130129,0,4824295.photogallery/entertainment/photos/wtxx-photos-downtown-rocks-for-newtown-20130129,0,4824295.photogallery?index=wtxx-photos-downtown-rocks-for-newtown-2013012-012

java.io.FileNotFoundException: http://www.ct.com/entertainment/photos/wtxx-photos-downtown-rocks-for-newtown-20130129,0,4824295.photogallery/entertainment/photos/wtxx-photos-downtown-rocks-for-newtown-20130129,0,4824295.photogallery?index=wtxx-photos-downtown-rocks-for-newtown-2013012-016

java.io.FileNotFoundException: http://www.ct.com/entertainment/photos/wtxx-photos-downtown-rocks-for-newtown-20130129,0,4824295.photogallery/entertainment/photos/wtxx-photos-downtown-rocks-for-newtown-20130129,0,4824295.photogallery?index=wtxx-photos-downtown-rocks-for-newtown-2013012-005

java.io.FileNotFoundException: http://www.ct.com/entertainment/photos/wtxx-photos-downtown-rocks-for-newtown-20130129,0,4824295.photogallery/entertainment/photos/wtxx-photos-downtown-rocks-for-newtown-20130129,0,4824295.photogallery?index=wtxx-photos-downtown-rocks-for-newtown-2013012-003

java.io.FileNotFoundException: http://www.hr.com/en/communities/ihr_compensation/job_analysis__evaluation_and_grading/compensation_salary_surveys//en/communities/hr_outsourcing/evaluation_of_hro_vendors/

java.io.FileNotFoundException: http://www.ct.com/entertainment/photos/wtxx-photos-downtown-rocks-for-newtown-20130129,0,4824295.photogallery/entertainment/photos/wtxx-photos-downtown-rocks-for-newtown-20130129,0,4824295.photogallery?index=wtxx-photos-downtown-rocks-for-newtown-2013012-009

java.io.FileNotFoundException: http://www.ct.com/entertainment/photos/wtxx-photos-downtown-rocks-for-newtown-20130129,0,4824295.photogallery/entertainment/photos/wtxx-photos-downtown-rocks-for-newtown-20130129,0,4824295.photogallery?index=wtxx-photos-downtown-rocks-for-newtown-2013012-002

java.io.FileNotFoundException: http://www.ct.com/entertainment/photos/wtxx-photos-downtown-rocks-for-newtown-20130129,0,4824295.photogallery/entertainment/photos/wtxx-photos-downtown-rocks-for-newtown-20130129,0,4824295.photogallery?index=wtxx-photos-downtown-rocks-for-newtown-2013012-015

java.io.FileNotFoundException: http://www.hr.com/en/communities/ihr_compensation/job_analysis__evaluation_and_grading/compensation_salary_surveys//en/communities/hr_outsourcing/evaluation_of_hro_vendors/evaluation_methodologies/

java.io.FileNotFoundException: http://www.ct.com/entertainment/photos/wtxx-photos-downtown-rocks-for-newtown-20130129,0,4824295.photogallery/entertainment/photos/wtxx-photos-downtown-rocks-for-newtown-20130129,0,4824295.photogallery?index=wtxx-photos-downtown-rocks-for-newtown-2013012-001

java.io.FileNotFoundException: http://www.ct.com/entertainment/photos/wcct-live-local-arch-street-tavern-20130204,0,7212405.photogallery/entertainment/photos/wtxx-photos-maroon-5-and-kelly-clarkson-at-the-comcast-theatre-20130901,0,2631515.photogallery

java.io.FileNotFoundException: http://www.hr.com/en/communities/ihr_compensation/job_analysis__evaluation_and_grading/compensation_salary_surveys//en/communities/hr_outsourcing/evaluation_of_hro_vendors/rfi_rfp_content_and_structure/

java.io.FileNotFoundException: http://www.ct.com/entertainment/photos/wcct-live-local-arch-street-tavern-20130204,0,7212405.photogallery/entertainment/photos/wtxx-30-funny-dennis-reynolds-quotes-20130830,0,2914621.photogallery

java.io.FileNotFoundException: http://www.hr.com/en/communities/ihr_compensation/job_analysis__evaluation_and_grading/compensation_salary_surveys//en/communities/hr_outsourcing/full_service_outsourcing/

java.io.FileNotFoundException: http://www.hr.com/en/communities/ihr_compensation/job_analysis__evaluation_and_grading/compensation_salary_surveys//en/communities/hr_outsourcing/hro_and_change_management_culture_issues/

java.io.FileNotFoundException: http://www.ct.com/entertainment/photos/wcct-live-local-arch-street-tavern-20130204,0,7212405.photogallery/entertainment/photos/wtxx-photos-afropunk-festival-20130829,0,2469816.photogallery

java.io.FileNotFoundException: http://www.hr.com/en/communities/ihr_compensation/job_analysis__evaluation_and_grading/compensation_salary_surveys//en/communities/hr_outsourcing/hr_functions_available/

java.io.FileNotFoundException: http://www.ct.com/entertainment/photos/wcct-live-local-arch-street-tavern-20130204,0,7212405.photogallery/entertainment/photos/wtxx-photos-toby-keith-at-the-comcast-theatre-20130826,0,2068060.photogallery

java.io.FileNotFoundException: http://www.hr.com/en/communities/ihr_compensation/job_analysis__evaluation_and_grading/compensation_salary_surveys//en/communities/hr_outsourcing/hro_in_a_global_organization/

java.io.FileNotFoundException: http://www.ct.com/entertainment/photos/wcct-live-local-arch-street-tavern-20130204,0,7212405.photogallery/entertainment/photos/wtxx-photos-john-mayer-at-the-comcast-theatre-20130819,0,6538307.photogallery

java.io.FileNotFoundException: http://www.ct.com/entertainment/photos/wcct-live-local-arch-street-tavern-20130204,0,7212405.photogallery/entertainment/photos/wtxx-photos-john-mayer-performing-at-the-comcast-theatre-20130819,0,155400.photogallery

java.io.FileNotFoundException: http://www.hr.com/en/communities/ihr_compensation/job_analysis__evaluation_and_grading/compensation_salary_surveys//en/communities/hr_outsourcing/hro_in_a_global_organization/issues_related_to_off_shore_resource_use/

java.io.FileNotFoundException: http://www.hr.com/en/communities/ihr_compensation/job_analysis__evaluation_and_grading/compensation_salary_surveys//en/communities/hr_outsourcing/hro_in_a_global_organization/use_of_off_shore_resources/

java.io.FileNotFoundException: http://www.ct.com/entertainment/photos/wcct-live-local-arch-street-tavern-20130204,0,7212405.photogallery/entertainment/photos/wtxx-photos-rockstar-energy-drink-uproar-festival-2013-20130813,0,5213107.photogallery

java.net.MalformedURLException: no protocol: ?screen=115

java.io.FileNotFoundException: http://www.ct.com/entertainment/photos/wcct-live-local-arch-street-tavern-20130204,0,7212405.photogallery/entertainment/photos/wtxx-photos-rockstar-energy-drink-uproar-festival-2013-performers-20130813,0,7369410.photogallery

java.io.FileNotFoundException: http://www.hr.com/en/communities/ihr_compensation/job_analysis__evaluation_and_grading/compensation_salary_surveys//en/communities/hr_outsourcing/software_hosting__only_/

java.io.FileNotFoundException: http://www.ct.com/entertainment/photos/wcct-live-local-arch-street-tavern-20130204,0,7212405.photogallery/entertainment/photos/hc-electric-run-5k-20130811,0,6790488.photogallery

java.io.FileNotFoundException: http://www.hr.com/en/communities/ihr_compensation/job_analysis__evaluation_and_grading/compensation_salary_surveys//en/communities/hr_outsourcing/workforce_scheduling/

java.io.FileNotFoundException: http://www.hr.com/en/communities/ihr_compensation/job_analysis__evaluation_and_grading/compensation_salary_surveys//en/communities/human_resources_management/entrepreneurship/

java.io.FileNotFoundException: http://www.hr.com/en/communities/ihr_compensation/job_analysis__evaluation_and_grading/compensation_salary_surveys//en/communities/hr_outsourcing/time_and_attendance/

java.io.FileNotFoundException: http://www.hr.com/en/communities/ihr_compensation/job_analysis__evaluation_and_grading/compensation_salary_surveys//en/communities/hr_outsourcing/overall_trends/

java.io.FileNotFoundException: http://www.hr.com/en/communities/ihr_compensation/job_analysis__evaluation_and_grading/compensation_salary_surveys//en/communities/hr_outsourcing/proven_cost_savings/

java.io.FileNotFoundException: http://www.hr.com/en/communities/ihr_compensation/job_analysis__evaluation_and_grading/compensation_salary_surveys//en/communities/hr_outsourcing/vendor_marketplace/

java.io.FileNotFoundException: http://www.hr.com/en/communities/ihr_compensation/job_analysis__evaluation_and_grading/compensation_salary_surveys//en/communities/hr_outsourcing/shared_services/

java.io.FileNotFoundException: http://www.hr.com/en/communities/ihr_compensation/job_analysis__evaluation_and_grading/compensation_salary_surveys//en/communities/hr_outsourcing/payroll_outsourcing/

java.io.FileNotFoundException: http://www.hr.com/en/communities/ihr_compensation/job_analysis__evaluation_and_grading/compensation_salary_surveys//en/communities/human_resources_management/ethics/

java.io.FileNotFoundException: http://www.hr.com/en/communities/ihr_compensation/job_analysis__evaluation_and_grading/compensation_salary_surveys//en/communities/human_resources_management/

java.io.FileNotFoundException: http://www.hr.com/en/communities/ihr_compensation/job_analysis__evaluation_and_grading/compensation_salary_surveys//en/communities/human_resources_management/foundations_of_hr/

java.io.FileNotFoundException: http://www.hr.com/en/communities/ihr_compensation/job_analysis__evaluation_and_grading/compensation_salary_surveys//en/communities/human_resources_management/foundations_of_hr/history_of_hr/

java.io.FileNotFoundException: http://www.hr.com/en/communities/ihr_compensation/job_analysis__evaluation_and_grading/compensation_salary_surveys//en/communities/human_resources_management/foundations_of_hr/future_of_work/

java.io.FileNotFoundException: http://www.hr.com/en/communities/ihr_compensation/job_analysis__evaluation_and_grading/compensation_salary_surveys//en/communities/human_resources_management/hr_administration/

java.io.FileNotFoundException: http://www.hr.com/en/communities/ihr_compensation/job_analysis__evaluation_and_grading/compensation_salary_surveys//en/communities/human_resources_management/foundations_of_hr/present_trends/

java.io.FileNotFoundException: http://www.hr.com/en/communities/ihr_compensation/job_analysis__evaluation_and_grading/compensation_salary_surveys//en/communities/human_resources_management/hr_as_consultant/

java.io.IOException: Server returned HTTP response code: 400 for URL: http://twitter.com/share?url=http://www.ct.com/entertainment/photos/wtxx-photos-downtown-rocks-for-newtown-20130129,0,4824295.photogallery?index=wtxx-photos-downtown-rocks-for-newtown-2013012-011&text=Photos: Downtown Rocks For Newtown

java.io.FileNotFoundException: http://www.ct.com/entertainment/photos/wtxx-photos-downtown-rocks-for-newtown-20130129,0,4824295.photogallery/entertainment/photos/wtxx-photos-downtown-rocks-for-newtown-20130129,0,4824295.photogallery?index=wtxx-photos-downtown-rocks-for-newtown-2013012-004

java.io.IOException: Server returned HTTP response code: 503 for URL: http://www.stumbleupon.com/submit?url=http://www.ct.com/entertainment/photos/wtxx-photos-downtown-rocks-for-newtown-20130129,0,4824295.photogallery?index=wtxx-photos-downtown-rocks-for-newtown-2013012-011&title=Photos: Downtown Rocks For Newtown

java.io.IOException: Server returned HTTP response code: 400 for URL: http://www.facebook.com/share.php?&u=http://www.ct.com/entertainment/photos/wtxx-photos-downtown-rocks-for-newtown-20130129,0,4824295.photogallery?index=wtxx-photos-downtown-rocks-for-newtown-2013012-011&t=Photos: Downtown Rocks For Newtown

java.io.FileNotFoundException: http://www.industryweek.com/procurement/midyear-service-centers-shipments-declining/rss.xml

java.io.FileNotFoundException: http://www.ct.com/entertainment/photos/wtxx-photos-downtown-rocks-for-newtown-20130129,0,4824295.photogallery/entertainment/photos/wtxx-photos-downtown-rocks-for-newtown-20130129,0,5139249,email.photogallery?index=wtxx-photos-downtown-rocks-for-newtown-2013012-011

java.io.FileNotFoundException: http://www.ct.com/entertainment/photos/wtxx-photos-downtown-rocks-for-newtown-20130129,0,4824295.photogallery/entertainment/photos/wtxx-photos-zac-brown-band-at-the-comcast-theatre-20130903,0,2968062.photogallery

java.io.FileNotFoundException: http://www.hr.com/en/communities/ihr_compensation/job_analysis__evaluation_and_grading/compensation_surveys//en/communities/ihr_employee_wellness/employee_health/

java.io.FileNotFoundException: http://www.ct.com/entertainment/photos/wtxx-photos-downtown-rocks-for-newtown-20130129,0,4824295.photogallery/entertainment/photos/wtxx-photos-maroon-5-and-kelly-clarkson-at-the-comcast-theatre-20130901,0,2631515.photogallery

java.io.FileNotFoundException: http://www.ct.com/entertainment/photos/wtxx-photos-downtown-rocks-for-newtown-20130129,0,4824295.photogallery/entertainment/photos/wtxx-30-funny-dennis-reynolds-quotes-20130830,0,2914621.photogallery

java.io.FileNotFoundException: http://www.hr.com/en/communities/ihr_compensation/job_analysis__evaluation_and_grading/compensation_surveys//en/communities/ihr_employee_wellness/culture_of_health/

java.io.FileNotFoundException: http://www.ct.com/entertainment/photos/wtxx-photos-downtown-rocks-for-newtown-20130129,0,4824295.photogallery/entertainment/photos/wtxx-photos-afropunk-festival-20130829,0,2469816.photogallery

java.io.FileNotFoundException: http://www.hr.com/en/communities/ihr_compensation/job_analysis__evaluation_and_grading/compensation_surveys//en/communities/ihr_employee_wellness/prevention/

java.io.FileNotFoundException: http://www.hr.com/en/communities/ihr_compensation/job_analysis__evaluation_and_grading/compensation_surveys//en/communities/ihr_employee_wellness/employee_wellness_templates_forms_contracts/

java.io.FileNotFoundException: http://www.ct.com/entertainment/photos/wtxx-photos-downtown-rocks-for-newtown-20130129,0,4824295.photogallery/entertainment/photos/wtxx-photos-toby-keith-at-the-comcast-theatre-20130826,0,2068060.photogallery

java.io.FileNotFoundException: http://www.ct.com/entertainment/photos/wtxx-photos-downtown-rocks-for-newtown-20130129,0,4824295.photogallery/entertainment/photos/wtxx-photos-john-mayer-at-the-comcast-theatre-20130819,0,6538307.photogallery

java.io.FileNotFoundException: http://www.hr.com/en/communities/ihr_compensation/job_analysis__evaluation_and_grading/compensation_surveys//en/communities/ihr_employee_wellness/employee_wellness_legal_compliance/

java.io.FileNotFoundException: http://www.ct.com/entertainment/photos/wtxx-photos-downtown-rocks-for-newtown-20130129,0,4824295.photogallery/entertainment/photos/wtxx-photos-john-mayer-performing-at-the-comcast-theatre-20130819,0,155400.photogallery

java.io.FileNotFoundException: http://www.ct.com/entertainment/photos/wtxx-photos-downtown-rocks-for-newtown-20130129,0,4824295.photogallery/entertainment/photos/wtxx-photos-rockstar-energy-drink-uproar-festival-2013-20130813,0,5213107.photogallery

java.io.FileNotFoundException: http://www.hr.com/en/communities/ihr_compensation/job_analysis__evaluation_and_grading/compensation_surveys//en/communities/ihr_employee_wellness/financial_wellness/

java.io.FileNotFoundException: http://www.ct.com/entertainment/photos/wcct-first-annual-roller-polar-run-20130120,0,327685.photogallery/

java.io.FileNotFoundException: http://www.ct.com/entertainment/photos/wtxx-photos-downtown-rocks-for-newtown-20130129,0,4824295.photogallery/entertainment/photos/wtxx-photos-rockstar-energy-drink-uproar-festival-2013-performers-20130813,0,7369410.photogallery

java.io.FileNotFoundException: http://www.hr.com/en/communities/ihr_compensation/job_analysis__evaluation_and_grading/compensation_surveys//en/communities/ihr_employee_wellness/employee_cost/reimbursement_plans/

java.io.FileNotFoundException: http://www.hr.com/en/communities/ihr_compensation/job_analysis__evaluation_and_grading/compensation_surveys//en/communities/ihr_employee_wellness/employee_cost/

java.io.FileNotFoundException: http://www.ct.com/entertainment/photos/wtxx-photos-downtown-rocks-for-newtown-20130129,0,4824295.photogallery/entertainment/photos/hc-electric-run-5k-20130811,0,6790488.photogallery

java.io.FileNotFoundException: http://www.hr.com/en/communities/ihr_compensation/job_analysis__evaluation_and_grading/compensation_surveys//en/communities/ihr_employee_wellness/employee_cost/incentives/

java.io.FileNotFoundException: http://www.ct.com/entertainment/photos/wcct-the-rock-fix-2013-20130128,0,6883500.photogallery/

java.io.FileNotFoundException: http://www.hr.com/en/communities/ihr_compensation/job_analysis__evaluation_and_grading/compensation_surveys//en/communities/ihr_employee_wellness/onsite_testing/

java.io.FileNotFoundException: http://www.hr.com/en/communities/ihr_compensation/job_analysis__evaluation_and_grading/compensation_surveys//en/communities/ihr_employee_wellness/onsite_testing/clinics/

java.io.FileNotFoundException: http://www.ct.com/entertainment/photos/wcct-the-rock-fix-2013-20130128,0,6883500.photogallery/wheretogo

java.io.FileNotFoundException: http://www.hr.com/en/communities/ihr_compensation/job_analysis__evaluation_and_grading/compensation_surveys//en/communities/ihr_employee_wellness/employee_communication/

java.io.FileNotFoundException: http://www.ct.com/entertainment/photos/wcct-the-rock-fix-2013-20130128,0,6883500.photogallery/whattodo

java.io.FileNotFoundException: http://www.hr.com/en/communities/ihr_compensation/job_analysis__evaluation_and_grading/compensation_surveys//en/communities/ihr_employee_wellness/onsite_testing/health_fairs/

java.io.FileNotFoundException: http://www.hr.com/en/communities/ihr_compensation/job_analysis__evaluation_and_grading/compensation_surveys//en/communities/ihr_employee_wellness/employee_communication/wellness_portals/

java.io.FileNotFoundException: http://www.hr.com/en/communities/ihr_compensation/job_analysis__evaluation_and_grading/compensation_surveys//en/communities/ihr_employee_wellness/employee_communication/hra/

java.io.FileNotFoundException: http://www.ct.com/entertainment/photos/wcct-salsa-extravaganza-at-club-pyur-20130128,0,3333114.photogallery/

java.io.FileNotFoundException: http://www.hr.com/en/communities/ihr_compensation/job_analysis__evaluation_and_grading/compensation_surveys//en/communities/ihr_employee_wellness/benefit_healthcare_cost_containment/

java.io.FileNotFoundException: http://www.hr.com/en/communities/ihr_compensation/job_analysis__evaluation_and_grading/compensation_surveys//en/communities/ihr_employee_wellness/employee_communication/identification_of_troubled_areas/

java.io.FileNotFoundException: http://www.hr.com/en/communities/ihr_compensation/job_analysis__evaluation_and_grading/compensation_surveys//en/communities/ihr_employee_wellness/benefit_healthcare_cost_containment/reduction_in_doctor_visits/

java.io.FileNotFoundException: http://www.hr.com/en/communities/ihr_compensation/job_analysis__evaluation_and_grading/compensation_surveys//en/communities/ihr_employee_wellness/weight_management/support_management/

java.io.FileNotFoundException: http://www.hr.com/en/communities/ihr_compensation/job_analysis__evaluation_and_grading/compensation_surveys//en/communities/ihr_employee_wellness/weight_management/exercise_programs/

java.io.FileNotFoundException: http://www.hr.com/en/communities/ihr_compensation/job_analysis__evaluation_and_grading/compensation_surveys//en/communities/ihr_employee_wellness/benefit_healthcare_cost_containment/reduction_in_drug_expense/

java.io.FileNotFoundException: http://www.hr.com/en/communities/ihr_compensation/job_analysis__evaluation_and_grading/compensation_surveys//en/communities/ihr_employee_wellness/weight_management/

java.io.FileNotFoundException: http://www.hr.com/en/communities/ihr_compensation/job_analysis__evaluation_and_grading/compensation_surveys//en/communities/ihr_employee_wellness/weight_management/internal_programs/

java.io.FileNotFoundException: http://www.hr.com/en/communities/ihr_compensation/job_analysis__evaluation_and_grading/compensation_surveys//en/communities/ihr_employee_wellness/cessation_reduction/

java.io.FileNotFoundException: http://www.hr.com/en/communities/ihr_compensation/job_analysis__evaluation_and_grading/compensation_surveys//en/communities/ihr_employee_wellness/cessation_reduction/drug_alcohol_dependence/

java.io.FileNotFoundException: http://www.hr.com/en/communities/ihr_compensation/job_analysis__evaluation_and_grading/compensation_surveys//en/communities/ihr_employee_wellness/absenteeism/reduction/

java.io.FileNotFoundException: http://www.hr.com/en/communities/ihr_compensation/job_analysis__evaluation_and_grading/compensation_surveys//en/communities/ihr_employee_wellness/cessation_reduction/smoking/

java.io.FileNotFoundException: http://www.hr.com/en/communities/ihr_compensation/job_analysis__evaluation_and_grading/compensation_surveys//en/communities/ihr_employee_wellness/cessation_reduction/eating_disorders/

java.io.FileNotFoundException: http://www.hr.com/en/communities/ihr_compensation/job_analysis__evaluation_and_grading/compensation_surveys//en/communities/ihr_employee_wellness/absenteeism/

java.io.FileNotFoundException: http://www.hr.com/en/communities/ihr_compensation/job_analysis__evaluation_and_grading/compensation_surveys//en/communities/ihr_employee_wellness/absenteeism/cost/

java.io.FileNotFoundException: http://www.hr.com/en/communities/ihr_compensation/job_analysis__evaluation_and_grading/compensation_surveys//en/communities/ihr_employee_wellness/absenteeism/measurement/

java.io.FileNotFoundException: http://www.ct.com/entertainment/photos/wcct-the-rock-fix-2013-20130128,0,6883500.photogallery/entertainment/restaurants

java.io.FileNotFoundException: http://www.hr.com/en/communities/ihr_compensation/job_analysis__evaluation_and_grading/compensation_surveys//en/communities/ihr_employee_wellness/absenteeism/presenters/

java.io.FileNotFoundException: http://www.hr.com/en/communities/ihr_compensation/job_analysis__evaluation_and_grading/compensation_surveys//en/communities/hr_in_canada/canadian_masters_in_hr_strategy_execution/

java.io.FileNotFoundException: http://www.hr.com/en/communities/ihr_compensation/job_analysis__evaluation_and_grading/compensation_surveys//en/communities/hr_in_canada/

java.io.FileNotFoundException: http://www.hr.com/en/communities/ihr_compensation/job_analysis__evaluation_and_grading/compensation_surveys//en/communities/ihr_employee_wellness/employee_wellness_metrics/

java.io.FileNotFoundException: http://www.hr.com/en/communities/ihr_compensation/job_analysis__evaluation_and_grading/compensation_surveys//en/communities/ihr_employee_wellness/absenteeism/accommodation_at_work/

java.io.FileNotFoundException: http://www.hr.com/en/communities/ihr_compensation/job_analysis__evaluation_and_grading/compensation_surveys//en/communities/ihr_employee_wellness/absenteeism/long_term_rehabilitation/

java.io.FileNotFoundException: http://www.hr.com/en/communities/ihr_compensation/job_analysis__evaluation_and_grading/compensation_surveys//en/communities/ihr_hr_in_california/

java.io.FileNotFoundException: http://www.hr.com/en/communities/ihr_compensation/job_analysis__evaluation_and_grading/compensation_surveys//en/communities/ihr_employee_wellness/employee_wellness_tools_technology/

java.io.FileNotFoundException: http://www.hr.com/en/communities/ihr_compensation/job_analysis__evaluation_and_grading/compensation_surveys//en/communities/ihr_health_safety/

java.io.FileNotFoundException: http://www.hr.com/en/communities/ihr_compensation/job_analysis__evaluation_and_grading/compensation_surveys//en/communities/ihr_health_safety/unions/

java.io.FileNotFoundException: http://www.hr.com/en/communities/ihr_compensation/job_analysis__evaluation_and_grading/compensation_surveys//en/communities/ihr_health_safety/health_safety_legal_compliance/risk_management/

java.io.FileNotFoundException: http://www.hr.com/en/communities/ihr_compensation/job_analysis__evaluation_and_grading/compensation_surveys//en/communities/ihr_health_safety/health_safety_legal_compliance/audits/

java.io.FileNotFoundException: http://www.hr.com/en/communities/ihr_compensation/job_analysis__evaluation_and_grading/compensation_surveys//en/communities/ihr_health_safety/health_safety_legal_compliance/

java.io.FileNotFoundException: http://www.hr.com/en/communities/ihr_compensation/job_analysis__evaluation_and_grading/compensation_surveys//en/communities/ihr_health_safety/health_safety_legal_compliance/occupational_health_safety_act/

java.io.FileNotFoundException: http://www.hr.com/en/communities/ihr_compensation/job_analysis__evaluation_and_grading/compensation_surveys//en/communities/ihr_health_safety/health_safety_legal_compliance/osha/

java.io.FileNotFoundException: http://www.hr.com/en/communities/ihr_compensation/job_analysis__evaluation_and_grading/compensation_surveys//en/communities/ihr_health_safety/health_safety_legal_compliance/hipaa/

java.io.FileNotFoundException: http://www.ct.com/entertainment/photos/wcct-the-rock-fix-2013-20130128,0,6883500.photogallery/entertainment/music

java.io.FileNotFoundException: http://www.hr.com/en/communities/ihr_compensation/job_analysis__evaluation_and_grading/compensation_salary_surveys//en/communities/human_resources_management/hr_audit/

java.io.FileNotFoundException: http://www.hr.com/en/communities/ihr_compensation/job_analysis__evaluation_and_grading/compensation_salary_surveys//en/communities/human_resources_management/international_and_global_hr/

java.io.FileNotFoundException: http://www.hr.com/en/communities/ihr_compensation/job_analysis__evaluation_and_grading/compensation_salary_surveys//en/communities/human_resources_management/outsourcing/

java.io.FileNotFoundException: http://www.ct.com/entertainment/photos/wcct-the-rock-fix-2013-20130128,0,6883500.photogallery/news/advocates

java.io.FileNotFoundException: http://www.ct.com/entertainment/photos/wcct-the-rock-fix-2013-20130128,0,6883500.photogallery/entertainment/best-of-ct/

java.io.FileNotFoundException: http://www.ct.com/entertainment/photos/wcct-the-rock-fix-2013-20130128,0,6883500.photogallery/entertainment/tv/cw

java.io.FileNotFoundException: http://www.ct.com/entertainment/photos/wcct-salsa-extravaganza-at-club-pyur-20130128,0,3333114.photogallery/wheretogo

java.io.FileNotFoundException: http://www.hr.com/en/communities/ihr_compensation/job_analysis__evaluation_and_grading/compensation_salary_surveys//en/communities/human_resources_management/public_sector_and_non_profit/

java.io.FileNotFoundException: http://www.hr.com/en/communities/ihr_compensation/job_analysis__evaluation_and_grading/compensation_salary_surveys//en/communities/human_resources_management/small_business/

java.io.FileNotFoundException: http://www.hr.com/en/communities/ihr_compensation/job_analysis__evaluation_and_grading/compensation_salary_surveys//en/communities/human_resources_management/the_hr_practitioner/

java.io.FileNotFoundException: http://www.hr.com/en/communities/ihr_compensation/job_analysis__evaluation_and_grading/compensation_salary_surveys//en/communities/human_resources_management/structure_and_organization/

java.io.FileNotFoundException: http://www.hr.com/en/communities/ihr_compensation/job_analysis__evaluation_and_grading/compensation_salary_surveys//en/communities/human_resources_management/the_hr_practitioner/certification/

java.io.FileNotFoundException: http://www.hr.com/en/communities/ihr_compensation/job_analysis__evaluation_and_grading/compensation_salary_surveys//en/communities/human_resources_management/the_hr_practitioner/professional_associations/

java.io.FileNotFoundException: http://www.hr.com/en/communities/ihr_compensation/job_analysis__evaluation_and_grading/compensation_salary_surveys//en/communities/human_resources_management/the_hr_practitioner/skills_and_competencies/

java.io.FileNotFoundException: http://www.ct.com/entertainment/photos/wcct-salsa-extravaganza-at-club-pyur-20130128,0,3333114.photogallery/whattodo

java.io.FileNotFoundException: http://www.hr.com/en/communities/ihr_compensation/job_analysis__evaluation_and_grading/compensation_salary_surveys//en/communities/integrated_talent_management_001/

java.io.FileNotFoundException: http://www.hr.com/en/communities/ihr_compensation/job_analysis__evaluation_and_grading/compensation_salary_surveys//en/communities/labor_relations/absenteeism/

java.io.FileNotFoundException: http://www.hr.com/en/communities/ihr_compensation/job_analysis__evaluation_and_grading/compensation_salary_surveys//en/communities/labor_relations/

java.io.FileNotFoundException: http://www.hr.com/en/communities/ihr_compensation/job_analysis__evaluation_and_grading/compensation_salary_surveys//en/communities/labor_relations/discipline/

java.io.FileNotFoundException: http://www.hr.com/en/communities/ihr_compensation/job_analysis__evaluation_and_grading/compensation_salary_surveys//en/communities/labor_relations/conflict_and_dispute_resolution/

java.io.FileNotFoundException: http://www.hr.com/en/communities/ihr_compensation/job_analysis__evaluation_and_grading/compensation_salary_surveys//en/communities/labor_relations/discrimination/

java.io.FileNotFoundException: http://www.hr.com/en/communities/ihr_compensation/job_analysis__evaluation_and_grading/compensation_salary_surveys//en/communities/labor_relations/harassment/

java.net.MalformedURLException: no protocol: ?screen=114

java.io.FileNotFoundException: http://www.hr.com/en/communities/ihr_compensation/job_analysis__evaluation_and_grading/compensation_salary_surveys//en/communities/labor_relations/interpersonal_communications/

java.io.FileNotFoundException: http://www.hr.com/en/communities/ihr_compensation/job_analysis__evaluation_and_grading/compensation_salary_surveys//en/communities/labor_relations/law_and_legislation/

java.io.FileNotFoundException: http://www.hr.com/en/communities/ihr_compensation/job_analysis__evaluation_and_grading/compensation_salary_surveys//en/communities/labor_relations/internal_corporate_communications/

java.io.FileNotFoundException: http://www.hr.com/en/communities/ihr_compensation/job_analysis__evaluation_and_grading/compensation_salary_surveys//en/communities/labor_relations/lr_trends/

java.io.FileNotFoundException: http://www.hr.com/en/communities/ihr_compensation/job_analysis__evaluation_and_grading/compensation_salary_surveys//en/communities/labor_relations/outplacement/

java.io.FileNotFoundException: http://www.hr.com/en/communities/ihr_compensation/job_analysis__evaluation_and_grading/compensation_salary_surveys//en/communities/labor_relations/safety/

java.io.FileNotFoundException: http://www.hr.com/en/communities/ihr_compensation/job_analysis__evaluation_and_grading/compensation_salary_surveys//en/communities/leadership/

java.io.FileNotFoundException: http://www.ct.com/entertainment/photos/wcct-salsa-extravaganza-at-club-pyur-20130128,0,3333114.photogallery/entertainment/restaurants

java.io.FileNotFoundException: http://www.hr.com/en/communities/ihr_compensation/job_analysis__evaluation_and_grading/compensation_salary_surveys//en/communities/leadership/board_of_directors/

java.io.FileNotFoundException: http://www.hr.com/en/communities/ihr_compensation/job_analysis__evaluation_and_grading/compensation_salary_surveys//en/communities/leadership/corporate_culture/

java.io.FileNotFoundException: http://www.hr.com/en/communities/ihr_compensation/job_analysis__evaluation_and_grading/compensation_salary_surveys//en/communities/leadership/career_management/

java.io.FileNotFoundException: http://www.hr.com/en/communities/ihr_compensation/job_analysis__evaluation_and_grading/compensation_salary_surveys//en/communities/leadership/corporate_governance/

java.io.FileNotFoundException: http://www.industryweek.com/procurement/midyear-service-centers-shipments-declining/sitemap

java.io.FileNotFoundException: http://www.hr.com/en/communities/ihr_compensation/job_analysis__evaluation_and_grading/compensation_salary_surveys//en/communities/leadership/developing_organizational_leadership_capabilities/

java.io.FileNotFoundException: http://www.hr.com/en/communities/ihr_compensation/job_analysis__evaluation_and_grading/compensation_salary_surveys//en/communities/leadership/global_leadership/

java.io.FileNotFoundException: http://www.ct.com/entertainment/photos/wcct-salsa-extravaganza-at-club-pyur-20130128,0,3333114.photogallery/entertainment/music

java.io.FileNotFoundException: http://www.hr.com/en/communities/ihr_compensation/job_analysis__evaluation_and_grading/compensation_surveys//en/communities/ihr_health_safety/employee_wellness/

java.io.FileNotFoundException: http://www.hr.com/en/communities/ihr_compensation/job_analysis__evaluation_and_grading/compensation_surveys//en/communities/ihr_health_safety/workers_compensation/

java.io.FileNotFoundException: http://www.hr.com/en/communities/ihr_compensation/job_analysis__evaluation_and_grading/compensation_surveys//en/communities/ihr_health_safety/standardization/

java.io.FileNotFoundException: http://www.ct.com/entertainment/photos/wcct-salsa-extravaganza-at-club-pyur-20130128,0,3333114.photogallery/news/advocates

java.io.FileNotFoundException: http://www.ct.com/entertainment/photos/wcct-salsa-extravaganza-at-club-pyur-20130128,0,3333114.photogallery/entertainment/best-of-ct/

java.io.FileNotFoundException: http://www.ct.com/entertainment/photos/wcct-salsa-extravaganza-at-club-pyur-20130128,0,3333114.photogallery/entertainment/tv/cw

java.io.FileNotFoundException: http://www.hr.com/en/communities/ihr_compensation/job_analysis__evaluation_and_grading/compensation_surveys//en/communities/ihr_health_safety/health_safety_templates_forms_and_contracts/

java.io.FileNotFoundException: http://www.hr.com/en/communities/ihr_compensation/job_analysis__evaluation_and_grading/compensation_surveys//en/communities/ihr_health_safety/standardization/iso_international_organization_for_standardization/

java.io.FileNotFoundException: http://www.hr.com/en/communities/ihr_compensation/job_analysis__evaluation_and_grading/compensation_surveys//en/communities/ihr_health_safety/health_safety_templates_forms_and_contracts/msds_material_safety_data_sheets/

java.io.FileNotFoundException: http://www.hr.com/en/communities/ihr_compensation/job_analysis__evaluation_and_grading/compensation_surveys//en/communities/ihr_health_safety/health_safety_training/global/

java.io.FileNotFoundException: http://www.hr.com/en/communities/ihr_compensation/job_analysis__evaluation_and_grading/compensation_surveys//en/communities/ihr_health_safety/health_safety_training/

java.io.FileNotFoundException: http://www.hr.com/en/communities/ihr_compensation/job_analysis__evaluation_and_grading/compensation_surveys//en/communities/ihr_health_safety/health_safety_training/canadian_based/

java.io.FileNotFoundException: http://www.hr.com/en/communities/ihr_compensation/job_analysis__evaluation_and_grading/compensation_surveys//en/communities/ihr_health_safety/health_safety_training/us_based/

java.io.FileNotFoundException: http://www.hr.com/en/communities/ihr_compensation/job_analysis__evaluation_and_grading/compensation_surveys//en/communities/ihr_health_safety/health_safety_training/consultants/

java.io.FileNotFoundException: http://www.hr.com/en/communities/ihr_compensation/job_analysis__evaluation_and_grading/compensation_surveys//en/communities/ihr_health_safety/health_safety_training/whmis_workplace_hazardous_materials_information_system/

java.io.FileNotFoundException: http://www.hr.com/en/communities/ihr_compensation/job_analysis__evaluation_and_grading/compensation_surveys//en/communities/ihr_health_safety/health_safety_tools_technology/

java.io.FileNotFoundException: http://www.hr.com/en/communities/ihr_compensation/job_analysis__evaluation_and_grading/compensation_surveys//en/communities/ihr_health_safety/health_safety_metrics/

java.io.FileNotFoundException: http://www.hr.com/en/communities/ihr_compensation/job_analysis__evaluation_and_grading/compensation_surveys//en/communities/hr_industries/

java.io.FileNotFoundException: http://www.hr.com/en/communities/ihr_compensation/job_analysis__evaluation_and_grading/compensation_surveys//en/communities/hr_industries/agriculture__forestry__fishing_and_mining/

java.io.FileNotFoundException: http://www.hr.com/en/communities/ihr_compensation/job_analysis__evaluation_and_grading/compensation_surveys//en/communities/hr_industries/computer_telecom/

java.io.FileNotFoundException: http://www.ct.com/entertainment/photos/wcct-salsa-extravaganza-at-club-pyur-20130128,0,3333114.photogallery/entertainment/photos/wcct-salsa-extravaganza-at-club-pyur-20130128,0,3333114.photogallery?

java.io.FileNotFoundException: http://www.ct.com/entertainment/photos/wcct-salsa-extravaganza-at-club-pyur-20130128,0,3333114.photogallery/entertainment/photos/wcct-salsa-extravaganza-at-club-pyur-20130128,0,3333114.photogallery?index=wcct-salsa-extravaganza-at-club-pyur-20130128-043

java.io.FileNotFoundException: http://www.ct.com/entertainment/photos/wcct-salsa-extravaganza-at-club-pyur-20130128,0,3333114.photogallery/entertainment/photos/wcct-salsa-extravaganza-at-club-pyur-20130128,0,3333114.photogallery?index=wcct-salsa-extravaganza-at-club-pyur-20130128-030

java.io.FileNotFoundException: http://www.ct.com/entertainment/photos/wcct-salsa-extravaganza-at-club-pyur-20130128,0,3333114.photogallery/entertainment/photos/wcct-salsa-extravaganza-at-club-pyur-20130128,0,3333114.photogallery?index=wcct-salsa-extravaganza-at-club-pyur-20130128-041

java.io.FileNotFoundException: http://www.ct.com/entertainment/photos/wcct-salsa-extravaganza-at-club-pyur-20130128,0,3333114.photogallery/entertainment/photos/wcct-salsa-extravaganza-at-club-pyur-20130128,0,3333114.photogallery?index=wcct-salsa-extravaganza-at-club-pyur-20130128-040

java.io.FileNotFoundException: http://www.ct.com/entertainment/photos/wcct-salsa-extravaganza-at-club-pyur-20130128,0,3333114.photogallery/entertainment/photos/wcct-salsa-extravaganza-at-club-pyur-20130128,0,3333114.photogallery?index=wcct-salsa-extravaganza-at-club-pyur-20130128-039

java.io.FileNotFoundException: http://www.ct.com/entertainment/photos/wcct-salsa-extravaganza-at-club-pyur-20130128,0,3333114.photogallery/promotions/contests

java.io.FileNotFoundException: http://www.ct.com/entertainment/photos/wcct-salsa-extravaganza-at-club-pyur-20130128,0,3333114.photogallery/entertainment/photos/wcct-salsa-extravaganza-at-club-pyur-20130128,0,3333114.photogallery?index=wcct-salsa-extravaganza-at-club-pyur-20130128-038

java.io.FileNotFoundException: http://www.ct.com/entertainment/photos/wcct-salsa-extravaganza-at-club-pyur-20130128,0,3333114.photogallery/entertainment/photos/wcct-salsa-extravaganza-at-club-pyur-20130128,0,3333114.photogallery?index=wcct-salsa-extravaganza-at-club-pyur-20130128-037

java.io.FileNotFoundException: http://www.ct.com/entertainment/photos/wcct-salsa-extravaganza-at-club-pyur-20130128,0,3333114.photogallery/entertainment/photos/wcct-salsa-extravaganza-at-club-pyur-20130128,0,3333114.photogallery?index=wcct-salsa-extravaganza-at-club-pyur-20130128-036

java.io.FileNotFoundException: http://www.ct.com/entertainment/photos/wcct-salsa-extravaganza-at-club-pyur-20130128,0,3333114.photogallery/entertainment/photos/wcct-salsa-extravaganza-at-club-pyur-20130128,0,3333114.photogallery?index=wcct-salsa-extravaganza-at-club-pyur-20130128-035

java.io.FileNotFoundException: http://www.ct.com/entertainment/photos/wcct-salsa-extravaganza-at-club-pyur-20130128,0,3333114.photogallery/entertainment/photos/wcct-salsa-extravaganza-at-club-pyur-20130128,0,3333114.photogallery?index=wcct-salsa-extravaganza-at-club-pyur-20130128-034

java.io.FileNotFoundException: http://www.hr.com/en/communities/ihr_compensation/job_analysis__evaluation_and_grading/compensation_salary_surveys//en/communities/leadership/hr_leadership/

java.io.FileNotFoundException: http://www.ct.com/entertainment/photos/wcct-salsa-extravaganza-at-club-pyur-20130128,0,3333114.photogallery/entertainment/photos/wcct-salsa-extravaganza-at-club-pyur-20130128,0,3333114.photogallery?index=wcct-salsa-extravaganza-at-club-pyur-20130128-033

java.io.FileNotFoundException: http://www.hr.com/en/communities/ihr_compensation/job_analysis__evaluation_and_grading/compensation_salary_surveys//en/communities/leadership/hr_leadership/diversity_leadership/

java.io.FileNotFoundException: http://www.hr.com/en/communities/ihr_compensation/job_analysis__evaluation_and_grading/compensation_salary_surveys//en/communities/leadership/hr_leadership/managers_as_leaders/

java.io.FileNotFoundException: http://www.hr.com/en/communities/ihr_compensation/job_analysis__evaluation_and_grading/compensation_salary_surveys//en/communities/leadership/hr_leadership/women_in_leadership/

java.io.FileNotFoundException: http://www.ct.com/entertainment/photos/wcct-salsa-extravaganza-at-club-pyur-20130128,0,3333114.photogallery/entertainment/photos/wcct-salsa-extravaganza-at-club-pyur-20130128,0,3333114.photogallery?index=wcct-salsa-extravaganza-at-club-pyur-20130128-032

java.io.FileNotFoundException: http://www.hr.com/en/communities/ihr_compensation/job_analysis__evaluation_and_grading/compensation_salary_surveys//en/communities/leadership/leadership_assessments/

java.io.FileNotFoundException: http://www.hr.com/en/communities/ihr_compensation/job_analysis__evaluation_and_grading/compensation_salary_surveys//en/communities/leadership/leadership_competencies/

java.io.FileNotFoundException: http://www.hr.com/en/communities/ihr_compensation/job_analysis__evaluation_and_grading/compensation_salary_surveys//en/communities/leadership/leadership_competencies/collaboration/

java.io.FileNotFoundException: http://www.hr.com/en/communities/ihr_compensation/job_analysis__evaluation_and_grading/compensation_salary_surveys//en/communities/leadership/leadership_competencies/communication/

java.io.FileNotFoundException: http://www.hr.com/en/communities/ihr_compensation/job_analysis__evaluation_and_grading/compensation_salary_surveys//en/communities/leadership/leadership_competencies/delegation/

java.io.FileNotFoundException: http://www.hr.com/en/communities/ihr_compensation/job_analysis__evaluation_and_grading/compensation_salary_surveys//en/communities/leadership/leadership_competencies/developing_and_coaching_others/

java.io.FileNotFoundException: http://www.hr.com/en/communities/ihr_compensation/job_analysis__evaluation_and_grading/compensation_salary_surveys//en/communities/leadership/leadership_competencies/motivating/

java.io.FileNotFoundException: http://www.hr.com/en/communities/ihr_compensation/job_analysis__evaluation_and_grading/compensation_salary_surveys//en/communities/leadership/leadership_competencies/negotiation/

java.io.IOException: Server returned HTTP response code: 500 for URL: http://investor.abm.com/releasedetail.cfm?releaseid=788476/releasedetail.cfm?releaseid=790078

java.io.FileNotFoundException: http://www.hr.com/en/communities/ihr_compensation/job_analysis__evaluation_and_grading/compensation_salary_surveys//en/communities/leadership/leadership_models/

java.io.FileNotFoundException: http://www.ct.com/entertainment/photos/wcct-the-rock-fix-2013-20130128,0,6883500.photogallery/promotions/contests

java.io.FileNotFoundException: http://www.ct.com/entertainment/photos/wcct-the-rock-fix-2013-20130128,0,6883500.photogallery/entertainment/photos/wcct-the-rock-fix-2013-20130128,0,6883500.photogallery?

java.io.FileNotFoundException: http://www.ct.com/entertainment/photos/wcct-the-rock-fix-2013-20130128,0,6883500.photogallery/entertainment/photos/wcct-the-rock-fix-2013-20130128,0,6883500.photogallery?index=wcct-the-rock-fix-2013-20130128-029

java.io.FileNotFoundException: http://www.ct.com/entertainment/photos/wcct-the-rock-fix-2013-20130128,0,6883500.photogallery/entertainment/photos/wcct-the-rock-fix-2013-20130128,0,6883500.photogallery?index=wcct-the-rock-fix-2013-20130128-026

java.io.FileNotFoundException: http://www.ct.com/entertainment/photos/wcct-the-rock-fix-2013-20130128,0,6883500.photogallery/entertainment/photos/wcct-the-rock-fix-2013-20130128,0,6883500.photogallery?index=wcct-the-rock-fix-2013-20130128-032

java.io.FileNotFoundException: http://www.ct.com/entertainment/photos/wcct-the-rock-fix-2013-20130128,0,6883500.photogallery/entertainment/photos/wcct-the-rock-fix-2013-20130128,0,6883500.photogallery?index=wcct-the-rock-fix-2013-20130128-031

java.io.FileNotFoundException: http://www.ct.com/entertainment/photos/wcct-the-rock-fix-2013-20130128,0,6883500.photogallery/entertainment/photos/wcct-the-rock-fix-2013-20130128,0,6883500.photogallery?index=wcct-the-rock-fix-2013-20130128-027

java.io.FileNotFoundException: http://www.ct.com/entertainment/photos/wcct-the-rock-fix-2013-20130128,0,6883500.photogallery/entertainment/photos/wcct-the-rock-fix-2013-20130128,0,6883500.photogallery?index=wcct-the-rock-fix-2013-20130128-030

java.io.FileNotFoundException: http://www.ct.com/entertainment/photos/wcct-the-rock-fix-2013-20130128,0,6883500.photogallery/entertainment/photos/wcct-the-rock-fix-2013-20130128,0,6883500.photogallery?index=wcct-the-rock-fix-2013-20130128-028

java.io.FileNotFoundException: http://www.ct.com/entertainment/photos/wcct-the-rock-fix-2013-20130128,0,6883500.photogallery/entertainment/photos/wcct-the-rock-fix-2013-20130128,0,6883500.photogallery?index=wcct-the-rock-fix-2013-20130128-025

java.io.FileNotFoundException: http://www.ct.com/entertainment/photos/wcct-the-rock-fix-2013-20130128,0,6883500.photogallery/entertainment/photos/wcct-the-rock-fix-2013-20130128,0,6883500.photogallery?index=wcct-the-rock-fix-2013-20130128-024

java.io.FileNotFoundException: http://www.ct.com/entertainment/photos/wcct-the-rock-fix-2013-20130128,0,6883500.photogallery/entertainment/photos/wcct-the-rock-fix-2013-20130128,0,6883500.photogallery?index=wcct-the-rock-fix-2013-20130128-023

java.io.FileNotFoundException: http://www.ct.com/entertainment/photos/wcct-the-rock-fix-2013-20130128,0,6883500.photogallery/entertainment/photos/wcct-the-rock-fix-2013-20130128,0,6883500.photogallery?index=wcct-the-rock-fix-2013-20130128-019

java.io.IOException: Server returned HTTP response code: 400 for URL: http://twitter.com/share?url=http://www.ct.com/entertainment/photos/wcct-the-rock-fix-2013-20130128,0,6883500.photogallery?index=wcct-the-rock-fix-2013-20130128-029&text=Photos: The Rock Fix 2013

java.io.FileNotFoundException: http://www.ct.com/entertainment/photos/wcct-the-rock-fix-2013-20130128,0,6883500.photogallery/entertainment/photos/wcct-the-rock-fix-2013-20130128,0,4369073,email.photogallery?index=wcct-the-rock-fix-2013-20130128-029

java.io.FileNotFoundException: http://www.ct.com/entertainment/photos/wcct-the-rock-fix-2013-20130128,0,6883500.photogallery/entertainment/photos/wcct-the-rock-fix-2013-20130128,0,6883500.photogallery?index=wcct-the-rock-fix-2013-20130128-021

java.io.FileNotFoundException: http://www.ct.com/entertainment/photos/wcct-the-rock-fix-2013-20130128,0,6883500.photogallery/entertainment/photos/wcct-the-rock-fix-2013-20130128,0,6883500.photogallery?index=wcct-the-rock-fix-2013-20130128-022

java.io.IOException: Server returned HTTP response code: 400 for URL: http://www.facebook.com/share.php?&u=http://www.ct.com/entertainment/photos/wcct-the-rock-fix-2013-20130128,0,6883500.photogallery?index=wcct-the-rock-fix-2013-20130128-029&t=Photos: The Rock Fix 2013

java.io.IOException: Server returned HTTP response code: 503 for URL: http://www.stumbleupon.com/submit?url=http://www.ct.com/entertainment/photos/wcct-the-rock-fix-2013-20130128,0,6883500.photogallery?index=wcct-the-rock-fix-2013-20130128-029&title=Photos: The Rock Fix 2013

java.io.IOException: Server returned HTTP response code: 400 for URL: http://www.facebook.com/share.php?&u=http://www.ct.com/entertainment/photos/wcct-salsa-extravaganza-at-club-pyur-20130128,0,3333114.photogallery?index=wcct-salsa-extravaganza-at-club-pyur-20130128-043&t=Photos: Salsa Extravaganza at Club Pyur

java.io.IOException: Server returned HTTP response code: 400 for URL: http://twitter.com/share?url=http://www.ct.com/entertainment/photos/wcct-salsa-extravaganza-at-club-pyur-20130128,0,3333114.photogallery?index=wcct-salsa-extravaganza-at-club-pyur-20130128-043&text=Photos: Salsa Extravaganza at Club Pyur

java.io.IOException: Server returned HTTP response code: 503 for URL: http://www.stumbleupon.com/submit?url=http://www.ct.com/entertainment/photos/wcct-salsa-extravaganza-at-club-pyur-20130128,0,3333114.photogallery?index=wcct-salsa-extravaganza-at-club-pyur-20130128-043&title=Photos: Salsa Extravaganza at Club Pyur

java.io.FileNotFoundException: http://www.ct.com/entertainment/photos/wcct-salsa-extravaganza-at-club-pyur-20130128,0,3333114.photogallery/entertainment/photos/wcct-salsa-extravaganza-at-club-pyur-20130128,0,3333114.photogallery?index=wcct-salsa-extravaganza-at-club-pyur-20130128-031

java.io.FileNotFoundException: http://www.ct.com/entertainment/photos/wcct-the-rock-fix-2013-20130128,0,6883500.photogallery/entertainment/photos/wtxx-photos-zac-brown-band-at-the-comcast-theatre-20130903,0,2968062.photogallery

java.io.FileNotFoundException: http://www.ct.com/entertainment/photos/wcct-salsa-extravaganza-at-club-pyur-20130128,0,3333114.photogallery/entertainment/photos/wcct-salsa-extravaganza-at-club-pyur-20130128,0,4938035,email.photogallery?index=wcct-salsa-extravaganza-at-club-pyur-20130128-043

java.io.FileNotFoundException: http://www.hr.com/en/communities/ihr_compensation/job_analysis__evaluation_and_grading/compensation_surveys//en/communities/hr_industries/construction/

java.io.FileNotFoundException: http://www.ct.com/entertainment/photos/wcct-salsa-extravaganza-at-club-pyur-20130128,0,3333114.photogallery/entertainment/photos/wtxx-photos-zac-brown-band-at-the-comcast-theatre-20130903,0,2968062.photogallery

java.io.FileNotFoundException: http://www.hr.com/en/communities/ihr_compensation/job_analysis__evaluation_and_grading/compensation_surveys//en/communities/hr_industries/health_services/

java.io.FileNotFoundException: http://www.hr.com/en/communities/ihr_compensation/job_analysis__evaluation_and_grading/compensation_surveys//en/communities/hr_industries/education/

java.io.FileNotFoundException: http://www.ct.com/entertainment/photos/wcct-salsa-extravaganza-at-club-pyur-20130128,0,3333114.photogallery/entertainment/photos/wtxx-photos-maroon-5-and-kelly-clarkson-at-the-comcast-theatre-20130901,0,2631515.photogallery

java.io.FileNotFoundException: http://www.hr.com/en/communities/ihr_compensation/job_analysis__evaluation_and_grading/compensation_surveys//en/communities/hr_industries/finance__insurance_and_real_estate/

java.io.FileNotFoundException: http://www.hr.com/en/communities/ihr_compensation/job_analysis__evaluation_and_grading/compensation_surveys//en/communities/hr_industries/hospitality/

java.io.FileNotFoundException: http://www.ct.com/entertainment/photos/wcct-salsa-extravaganza-at-club-pyur-20130128,0,3333114.photogallery/entertainment/photos/wtxx-30-funny-dennis-reynolds-quotes-20130830,0,2914621.photogallery

java.io.FileNotFoundException: http://www.ct.com/entertainment/photos/wcct-salsa-extravaganza-at-club-pyur-20130128,0,3333114.photogallery/entertainment/photos/wtxx-photos-afropunk-festival-20130829,0,2469816.photogallery

java.io.FileNotFoundException: http://www.hr.com/en/communities/ihr_compensation/job_analysis__evaluation_and_grading/compensation_surveys//en/communities/hr_industries/ihr_hr_in_government/

java.io.FileNotFoundException: http://www.hr.com/en/communities/ihr_compensation/job_analysis__evaluation_and_grading/compensation_surveys//en/communities/hr_industries/ihr_hr_in_retail/

java.io.FileNotFoundException: http://www.ct.com/entertainment/photos/wcct-salsa-extravaganza-at-club-pyur-20130128,0,3333114.photogallery/entertainment/photos/wtxx-photos-toby-keith-at-the-comcast-theatre-20130826,0,2068060.photogallery

java.io.FileNotFoundException: http://www.hr.com/en/communities/ihr_compensation/job_analysis__evaluation_and_grading/compensation_surveys//en/communities/hr_industries/manufacturing/

java.net.MalformedURLException: no protocol: ?screen=113

java.io.FileNotFoundException: http://www.ct.com/entertainment/photos/wcct-salsa-extravaganza-at-club-pyur-20130128,0,3333114.photogallery/entertainment/photos/wtxx-photos-john-mayer-at-the-comcast-theatre-20130819,0,6538307.photogallery

java.io.FileNotFoundException: http://www.ct.com/entertainment/photos/wcct-salsa-extravaganza-at-club-pyur-20130128,0,3333114.photogallery/entertainment/photos/wtxx-photos-john-mayer-performing-at-the-comcast-theatre-20130819,0,155400.photogallery

java.io.FileNotFoundException: http://www.ct.com/entertainment/photos/wcct-salsa-extravaganza-at-club-pyur-20130128,0,3333114.photogallery/entertainment/photos/wtxx-photos-rockstar-energy-drink-uproar-festival-2013-20130813,0,5213107.photogallery

java.io.FileNotFoundException: http://www.hr.com/en/communities/ihr_compensation/job_analysis__evaluation_and_grading/compensation_surveys//en/communities/hr_industries/media_entertainment/

java.io.FileNotFoundException: http://www.hr.com/en/communities/ihr_compensation/job_analysis__evaluation_and_grading/compensation_surveys//en/communities/hr_industries/non_profit/

java.io.FileNotFoundException: http://www.hr.com/en/communities/ihr_compensation/job_analysis__evaluation_and_grading/compensation_surveys//en/communities/hr_industries/services/

java.io.FileNotFoundException: http://www.ct.com/entertainment/photos/wcct-salsa-extravaganza-at-club-pyur-20130128,0,3333114.photogallery/entertainment/photos/wtxx-photos-rockstar-energy-drink-uproar-festival-2013-performers-20130813,0,7369410.photogallery

java.io.FileNotFoundException: http://www.hr.com/en/communities/ihr_compensation/job_analysis__evaluation_and_grading/compensation_surveys//en/communities/hr_industries/transportation_and_public_utilities/

java.io.FileNotFoundException: http://www.ct.com/entertainment/photos/wcct-salsa-extravaganza-at-club-pyur-20130128,0,3333114.photogallery/entertainment/photos/hc-electric-run-5k-20130811,0,6790488.photogallery

java.io.FileNotFoundException: http://www.hr.com/en/communities/ihr_compensation/job_analysis__evaluation_and_grading/compensation_surveys//en/communities/hr_industries/wholesale_trade/

java.io.FileNotFoundException: http://www.hr.com/en/communities/ihr_compensation/job_analysis__evaluation_and_grading/compensation_surveys//en/communities/hr_industries/travel__recreation_and_leisure/

java.io.FileNotFoundException: http://www.hr.com/en/communities/ihr_compensation/job_analysis__evaluation_and_grading/compensation_surveys//en/communities/ihr_hris_erp/

java.io.FileNotFoundException: http://www.hr.com/en/communities/ihr_compensation/job_analysis__evaluation_and_grading/compensation_surveys//en/communities/ihr_hris_erp/erp_enterprise_resources_planning/

java.io.FileNotFoundException: http://www.hr.com/en/communities/ihr_compensation/job_analysis__evaluation_and_grading/compensation_surveys//en/communities/ihr_hris_erp/erp_enterprise_resources_planning/call_centers/

java.io.FileNotFoundException: http://www.hr.com/en/communities/ihr_compensation/job_analysis__evaluation_and_grading/compensation_surveys//en/communities/ihr_hris_erp/erp_enterprise_resources_planning/compliance_in_hcm/

java.io.FileNotFoundException: http://www.hr.com/en/communities/ihr_hr_in_california//en/communities/legal/legislation/canadian_legal_issues/

java.io.FileNotFoundException: http://www.hr.com/en/communities/ihr_compensation/job_analysis__evaluation_and_grading/compensation_salary_surveys//en/communities/leadership/leadership_philosophies/

java.io.FileNotFoundException: http://www.hr.com/en/communities/ihr_compensation/job_analysis__evaluation_and_grading/compensation_salary_surveys//en/communities/leadership/leadership_retention/

java.io.FileNotFoundException: http://www.ct.com/entertainment/photos/wcct-the-rock-fix-2013-20130128,0,6883500.photogallery/entertainment/photos/wtxx-photos-maroon-5-and-kelly-clarkson-at-the-comcast-theatre-20130901,0,2631515.photogallery

java.io.FileNotFoundException: http://www.ct.com/entertainment/photos/wcct-the-rock-fix-2013-20130128,0,6883500.photogallery/entertainment/photos/wtxx-30-funny-dennis-reynolds-quotes-20130830,0,2914621.photogallery

java.io.FileNotFoundException: http://www.hr.com/en/communities/ihr_compensation/job_analysis__evaluation_and_grading/compensation_salary_surveys//en/communities/leadership/leadership_training_and_development/

java.io.FileNotFoundException: http://www.hr.com/en/communities/ihr_compensation/job_analysis__evaluation_and_grading/compensation_salary_surveys//en/communities/leadership/leadership_training_and_development/action_learning/

java.io.FileNotFoundException: http://www.ct.com/entertainment/photos/wcct-the-rock-fix-2013-20130128,0,6883500.photogallery/entertainment/photos/wtxx-photos-afropunk-festival-20130829,0,2469816.photogallery

java.io.FileNotFoundException: http://www.hr.com/en/communities/ihr_compensation/job_analysis__evaluation_and_grading/compensation_salary_surveys//en/communities/leadership/leadership_training_and_development/executive_coaching/

java.io.FileNotFoundException: http://www.ct.com/entertainment/photos/wcct-the-rock-fix-2013-20130128,0,6883500.photogallery/entertainment/photos/wtxx-photos-toby-keith-at-the-comcast-theatre-20130826,0,2068060.photogallery

java.io.FileNotFoundException: http://www.hr.com/en/communities/ihr_compensation/job_analysis__evaluation_and_grading/compensation_salary_surveys//en/communities/leadership/leadership_training_and_development/executive_education_programs__university_/

java.io.FileNotFoundException: http://www.ct.com/entertainment/photos/wcct-the-rock-fix-2013-20130128,0,6883500.photogallery/entertainment/photos/wtxx-photos-john-mayer-at-the-comcast-theatre-20130819,0,6538307.photogallery

java.io.FileNotFoundException: http://www.hr.com/en/communities/ihr_compensation/job_analysis__evaluation_and_grading/compensation_salary_surveys//en/communities/leadership/leadership_training_and_development/mentoring/

java.io.FileNotFoundException: http://www.ct.com/entertainment/photos/wcct-the-rock-fix-2013-20130128,0,6883500.photogallery/entertainment/photos/wtxx-photos-john-mayer-performing-at-the-comcast-theatre-20130819,0,155400.photogallery

java.io.FileNotFoundException: http://www.hr.com/en/communities/ihr_compensation/job_analysis__evaluation_and_grading/compensation_salary_surveys//en/communities/leadership/leadership_training_and_development/train_your_leaders/

java.io.FileNotFoundException: http://www.ct.com/entertainment/photos/wcct-the-rock-fix-2013-20130128,0,6883500.photogallery/entertainment/photos/wtxx-photos-rockstar-energy-drink-uproar-festival-2013-performers-20130813,0,7369410.photogallery

java.io.FileNotFoundException: http://www.ct.com/entertainment/photos/wcct-the-rock-fix-2013-20130128,0,6883500.photogallery/entertainment/photos/wtxx-photos-rockstar-energy-drink-uproar-festival-2013-20130813,0,5213107.photogallery

java.io.FileNotFoundException: http://www.hr.com/en/communities/ihr_compensation/job_analysis__evaluation_and_grading/compensation_salary_surveys//en/communities/leadership/leading_change/

java.io.FileNotFoundException: http://www.hr.com/en/communities/ihr_compensation/job_analysis__evaluation_and_grading/compensation_salary_surveys//en/communities/leadership/leading_change/empowerment/

java.io.FileNotFoundException: http://www.hr.com/en/communities/ihr_compensation/job_analysis__evaluation_and_grading/compensation_salary_surveys//en/communities/leadership/leading_others/

java.io.FileNotFoundException: http://www.ct.com/entertainment/photos/wcct-the-rock-fix-2013-20130128,0,6883500.photogallery/entertainment/photos/hc-electric-run-5k-20130811,0,6790488.photogallery

java.io.FileNotFoundException: http://www.hr.com/en/communities/ihr_compensation/job_analysis__evaluation_and_grading/compensation_salary_surveys//en/communities/leadership/leading_self/

java.net.ConnectException: Connection timed out

java.io.FileNotFoundException: http://www.hr.com/en/communities/ihr_compensation/job_analysis__evaluation_and_grading/compensation_salary_surveys//en/communities/leadership/leading_self/stress/

java.io.FileNotFoundException: http://www.hr.com/en/communities/ihr_compensation/job_analysis__evaluation_and_grading/compensation_salary_surveys//en/communities/leadership/leading_self/flexibility_adaptability/

java.io.FileNotFoundException: http://www.hr.com/en/communities/ihr_compensation/job_analysis__evaluation_and_grading/compensation_salary_surveys//en/communities/leadership/leading_self/worklife_balance/

java.io.FileNotFoundException: http://www.ct.com/entertainment/photos/wcct-shag-frenzy-arch-street-tavern-20130121,0,2845639.photogallery/

java.io.FileNotFoundException: http://www.hr.com/en/communities/ihr_compensation/job_analysis__evaluation_and_grading/compensation_salary_surveys//en/communities/leadership/selection/

java.io.FileNotFoundException: http://www.ct.com/entertainment/photos/wcct-shag-frenzy-arch-street-tavern-20130121,0,2845639.photogallery/wheretogo

java.io.FileNotFoundException: http://www.hr.com/en/communities/ihr_compensation/job_analysis__evaluation_and_grading/compensation_salary_surveys//en/communities/leadership/succession_planning/

java.io.FileNotFoundException: http://www.hr.com/en/communities/ihr_compensation/job_analysis__evaluation_and_grading/compensation_salary_surveys//en/communities/leadership/strategic_decision_making/

java.io.FileNotFoundException: http://www.ct.com/entertainment/photos/wcct-shag-frenzy-arch-street-tavern-20130121,0,2845639.photogallery/whattodo

java.io.FileNotFoundException: http://www.hr.com/en/communities/ihr_compensation/job_analysis__evaluation_and_grading/compensation_salary_surveys//en/communities/leadership/measurement_and_metrics/

java.io.FileNotFoundException: http://www.hr.com/en/communities/ihr_compensation/job_analysis__evaluation_and_grading/compensation_salary_surveys//en/communities/leadership/vision__values_and_mission/

java.io.FileNotFoundException: http://www.hr.com/en/communities/ihr_compensation/job_analysis__evaluation_and_grading/compensation_salary_surveys//en/communities/legal/

java.io.FileNotFoundException: http://www.hr.com/en/communities/ihr_compensation/job_analysis__evaluation_and_grading/compensation_salary_surveys//en/communities/leadership/trends/

java.io.FileNotFoundException: http://www.hr.com/en/communities/ihr_compensation/job_analysis__evaluation_and_grading/compensation_salary_surveys//en/communities/legal/benefits_and_compensation_law/

java.io.FileNotFoundException: http://www.hr.com/en/communities/ihr_compensation/job_analysis__evaluation_and_grading/compensation_salary_surveys//en/communities/legal/business_and_finance/

java.io.FileNotFoundException: http://www.hr.com/en/communities/ihr_compensation/job_analysis__evaluation_and_grading/compensation_surveys//en/communities/ihr_hris_erp/erp_enterprise_resources_planning/enterprise_learning/

java.io.FileNotFoundException: http://www.hr.com/en/communities/ihr_compensation/job_analysis__evaluation_and_grading/compensation_surveys//en/communities/ihr_hris_erp/erp_enterprise_resources_planning/hcm_trends/

java.io.FileNotFoundException: http://www.hr.com/en/communities/ihr_compensation/job_analysis__evaluation_and_grading/compensation_surveys//en/communities/ihr_hris_erp/erp_enterprise_resources_planning/hcm_and_integrated_financials/

java.io.FileNotFoundException: http://www.ct.com/entertainment/photos/wcct-shag-frenzy-arch-street-tavern-20130121,0,2845639.photogallery/entertainment/restaurants

java.io.FileNotFoundException: http://www.hr.com/en/communities/ihr_compensation/job_analysis__evaluation_and_grading/compensation_surveys//en/communities/ihr_hris_erp/erp_enterprise_resources_planning/hris_benefits/

java.io.FileNotFoundException: http://www.hr.com/en/communities/ihr_compensation/job_analysis__evaluation_and_grading/compensation_surveys//en/communities/ihr_hris_erp/erp_enterprise_resources_planning/pay_for_performance_planning_and_management/

java.io.FileNotFoundException: http://www.ct.com/entertainment/photos/wcct-shag-frenzy-arch-street-tavern-20130121,0,2845639.photogallery/entertainment/music

java.io.FileNotFoundException: http://www.hr.com/en/communities/ihr_compensation/job_analysis__evaluation_and_grading/compensation_surveys//en/communities/ihr_hris_erp/erp_enterprise_resources_planning/workforce_analytics_strategic_hcm/

java.io.FileNotFoundException: http://www.hr.com/en/communities/ihr_compensation/job_analysis__evaluation_and_grading/compensation_surveys//en/communities/ihr_hris_erp/erp_enterprise_resources_planning/total_compensation_management/

java.io.FileNotFoundException: http://www.hr.com/en/communities/ihr_compensation/job_analysis__evaluation_and_grading/compensation_surveys//en/communities/ihr_hris_erp/erp_enterprise_resources_planning/portals_and_employee_communications/

java.io.FileNotFoundException: http://www.hr.com/en/communities/ihr_compensation/job_analysis__evaluation_and_grading/compensation_surveys//en/communities/ihr_hris_erp/hcm_global/

java.io.FileNotFoundException: http://www.hr.com/en/communities/ihr_compensation/job_analysis__evaluation_and_grading/compensation_surveys//en/communities/ihr_hris_erp/erp_enterprise_resources_planning/rfp_rfi_development/

java.io.FileNotFoundException: http://www.hr.com/en/communities/ihr_compensation/job_analysis__evaluation_and_grading/compensation_surveys//en/communities/ihr_hris_erp/hcm_global/model__planning__mgmt_and_measurement/

java.io.FileNotFoundException: http://www.hr.com/en/communities/ihr_compensation/job_analysis__evaluation_and_grading/compensation_surveys//en/communities/ihr_hris_erp/hcm_us_based/

java.io.FileNotFoundException: http://www.hr.com/en/communities/ihr_compensation/job_analysis__evaluation_and_grading/compensation_surveys//en/communities/ihr_hris_erp/hcm_us_based/model__planning__mgmt_and_measurement/

java.io.FileNotFoundException: http://www.hr.com/en/communities/ihr_compensation/job_analysis__evaluation_and_grading/compensation_surveys//en/communities/hr_outsourcing/call_center_outsourcing/

java.io.FileNotFoundException: http://www.hr.com/en/communities/ihr_compensation/job_analysis__evaluation_and_grading/compensation_surveys//en/communities/hr_outsourcing/business_process_outsourcing/

java.io.FileNotFoundException: http://www.hr.com/en/communities/ihr_compensation/job_analysis__evaluation_and_grading/compensation_surveys//en/communities/hr_outsourcing/contract_negotiations/

java.io.FileNotFoundException: http://www.hr.com/en/communities/ihr_compensation/job_analysis__evaluation_and_grading/compensation_surveys//en/communities/hr_outsourcing/

java.io.FileNotFoundException: http://www.hr.com/en/communities/ihr_compensation/job_analysis__evaluation_and_grading/compensation_surveys//en/communities/hr_outsourcing/contract_negotiations/other_contract_issues/

java.io.FileNotFoundException: http://www.ct.com/entertainment/photos/wcct-shag-frenzy-arch-street-tavern-20130121,0,2845639.photogallery/news/advocates

java.io.FileNotFoundException: http://www.hr.com/en/communities/ihr_compensation/job_analysis__evaluation_and_grading/compensation_surveys//en/communities/hr_outsourcing/contract_negotiations/service_level_agreements/

java.net.MalformedURLException: no protocol: ?screen=112

java.io.FileNotFoundException: http://www.hr.com/en/communities/ihr_compensation/job_analysis__evaluation_and_grading/compensation_surveys//en/communities/hr_outsourcing/cost_justification_techniques/

java.io.FileNotFoundException: http://www.hr.com/en/communities/ihr_compensation/job_analysis__evaluation_and_grading/compensation_surveys//en/communities/hr_outsourcing/evaluation_of_hro_vendors/

java.io.FileNotFoundException: http://www.hr.com/en/communities/ihr_compensation/job_analysis__evaluation_and_grading/compensation_surveys//en/communities/hr_outsourcing/evaluation_of_hro_vendors/rfi_rfp_content_and_structure/

java.io.FileNotFoundException: http://www.hr.com/en/communities/ihr_compensation/job_analysis__evaluation_and_grading/compensation_surveys//en/communities/hr_outsourcing/evaluation_of_hro_vendors/evaluation_methodologies/

java.io.FileNotFoundException: http://www.hr.com/en/communities/ihr_compensation/job_analysis__evaluation_and_grading/compensation_surveys//en/communities/hr_outsourcing/full_service_outsourcing/

java.io.FileNotFoundException: http://www.hr.com/en/communities/ihr_compensation/job_analysis__evaluation_and_grading/compensation_surveys//en/communities/hr_outsourcing/hro_and_change_management_culture_issues/

java.io.FileNotFoundException: http://www.hr.com/en/communities/ihr_compensation/job_analysis__evaluation_and_grading/compensation_surveys//en/communities/hr_outsourcing/hr_functions_available/

java.io.FileNotFoundException: http://www.ct.com/entertainment/photos/wcct-shag-frenzy-arch-street-tavern-20130121,0,2845639.photogallery/entertainment/best-of-ct/

java.io.FileNotFoundException: http://www.hr.com/en/communities/ihr_compensation/job_analysis__evaluation_and_grading/compensation_surveys//en/communities/hr_outsourcing/hro_in_a_global_organization/issues_related_to_off_shore_resource_use/

java.io.FileNotFoundException: http://www.hr.com/en/communities/ihr_compensation/job_analysis__evaluation_and_grading/compensation_surveys//en/communities/hr_outsourcing/hro_in_a_global_organization/

java.io.FileNotFoundException: http://www.hr.com/en/communities/ihr_compensation/job_analysis__evaluation_and_grading/compensation_surveys//en/communities/hr_outsourcing/hro_in_a_global_organization/use_of_off_shore_resources/

java.io.FileNotFoundException: http://www.hr.com/en/communities/ihr_compensation/job_analysis__evaluation_and_grading/compensation_salary_surveys//en/communities/legal/contract_disputes/

java.io.FileNotFoundException: http://www.hr.com/en/communities/ihr_compensation/job_analysis__evaluation_and_grading/compensation_salary_surveys//en/communities/legal/court_cases/

java.io.FileNotFoundException: http://www.hr.com/en/communities/ihr_compensation/job_analysis__evaluation_and_grading/compensation_salary_surveys//en/communities/legal/employment_discrimination/

java.io.FileNotFoundException: http://www.ct.com/entertainment/photos/wcct-shag-frenzy-arch-street-tavern-20130121,0,2845639.photogallery/entertainment/tv/cw

java.io.FileNotFoundException: http://www.hr.com/en/communities/ihr_compensation/job_analysis__evaluation_and_grading/compensation_salary_surveys//en/communities/legal/employment_contracts_and_non_competes/

java.io.FileNotFoundException: http://www.ct.com/entertainment/photos/wcct-shag-frenzy-arch-street-tavern-20130121,0,2845639.photogallery/promotions/contests

java.io.FileNotFoundException: http://www.ct.com/entertainment/photos/wcct-first-annual-roller-polar-run-20130120,0,327685.photogallery/wheretogo

java.io.FileNotFoundException: http://www.hr.com/en/communities/ihr_compensation/job_analysis__evaluation_and_grading/compensation_salary_surveys//en/communities/legal/environmental/

java.io.FileNotFoundException: http://www.hr.com/en/communities/ihr_compensation/job_analysis__evaluation_and_grading/compensation_salary_surveys//en/communities/legal/internet_related/

java.io.FileNotFoundException: http://www.hr.com/en/communities/ihr_compensation/job_analysis__evaluation_and_grading/compensation_salary_surveys//en/communities/legal/legal_trends/

java.io.FileNotFoundException: http://www.hr.com/en/communities/ihr_compensation/job_analysis__evaluation_and_grading/compensation_salary_surveys//en/communities/legal/legislation/

java.io.FileNotFoundException: http://www.hr.com/en/communities/ihr_compensation/job_analysis__evaluation_and_grading/compensation_salary_surveys//en/communities/legal/legislation/canadian_legal_issues/

java.io.FileNotFoundException: http://www.hr.com/en/communities/ihr_compensation/job_analysis__evaluation_and_grading/compensation_salary_surveys//en/communities/legal/legislation/international_legal_issues/

java.io.FileNotFoundException: http://www.ct.com/entertainment/photos/wcct-first-annual-roller-polar-run-20130120,0,327685.photogallery/whattodo

java.io.FileNotFoundException: http://www.hr.com/en/communities/ihr_compensation/job_analysis__evaluation_and_grading/compensation_salary_surveys//en/communities/legal/legislation/u_s__based_legal_issues/americans_with_disabilities_act/

java.io.FileNotFoundException: http://www.hr.com/en/communities/ihr_compensation/job_analysis__evaluation_and_grading/compensation_salary_surveys//en/communities/legal/legislation/u_s__based_legal_issues/

java.io.FileNotFoundException: http://www.hr.com/en/communities/ihr_compensation/job_analysis__evaluation_and_grading/compensation_salary_surveys//en/communities/legal/legislation/u_s__based_legal_issues/fmla/

java.io.FileNotFoundException: http://www.hr.com/en/communities/ihr_compensation/job_analysis__evaluation_and_grading/compensation_salary_surveys//en/communities/legal/legislation/u_s__based_legal_issues/wage_and_hour/

java.io.FileNotFoundException: http://www.hr.com/en/communities/ihr_compensation/job_analysis__evaluation_and_grading/compensation_salary_surveys//en/communities/legal/termination/

java.io.FileNotFoundException: http://www.hr.com/en/communities/ihr_compensation/job_analysis__evaluation_and_grading/compensation_salary_surveys//en/communities/legal/training_on_compliance/

java.io.FileNotFoundException: http://www.hr.com/en/communities/ihr_compensation/job_analysis__evaluation_and_grading/compensation_salary_surveys//en/communities/legal/privacy/

java.io.FileNotFoundException: http://www.hr.com/en/communities/ihr_compensation/job_analysis__evaluation_and_grading/compensation_salary_surveys//en/communities/legal/workplace_regulations/

java.io.FileNotFoundException: http://www.hr.com/en/communities/ihr_compensation/job_analysis__evaluation_and_grading/compensation_salary_surveys//en/communities/organizational_development/

java.io.FileNotFoundException: http://www.hr.com/en/communities/ihr_compensation/job_analysis__evaluation_and_grading/compensation_salary_surveys//en/communities/legal/legal_compliance_in_india/

java.io.FileNotFoundException: http://www.hr.com/en/communities/ihr_compensation/job_analysis__evaluation_and_grading/compensation_salary_surveys//en/communities/onboarding_001/

java.io.FileNotFoundException: http://www.hr.com/en/communities/ihr_compensation/job_analysis__evaluation_and_grading/compensation_salary_surveys//en/communities/organizational_development/change_management/

java.io.FileNotFoundException: http://www.hr.com/en/communities/ihr_compensation/job_analysis__evaluation_and_grading/compensation_salary_surveys//en/communities/organizational_development/communication_programs/

java.io.FileNotFoundException: http://www.hr.com/en/communities/ihr_compensation/job_analysis__evaluation_and_grading/compensation_salary_surveys//en/communities/organizational_development/career_and_succession_planning/

java.net.MalformedURLException: no protocol: ?screen=111

java.io.FileNotFoundException: http://www.hr.com/en/communities/ihr_compensation/job_analysis__evaluation_and_grading/compensation_salary_surveys//en/communities/organizational_development/decision_making/

java.io.FileNotFoundException: http://www.hr.com/en/communities/ihr_compensation/job_analysis__evaluation_and_grading/compensation_salary_surveys//en/communities/organizational_development/creativity_and_innovation/

java.io.FileNotFoundException: http://www.ct.com/entertainment/photos/wcct-first-annual-roller-polar-run-20130120,0,327685.photogallery/entertainment/restaurants

java.io.FileNotFoundException: http://www.hr.com/en/communities/ihr_compensation/job_analysis__evaluation_and_grading/compensation_salary_surveys//en/communities/organizational_development/diversity/

java.io.FileNotFoundException: http://www.hr.com/en/communities/ihr_compensation/job_analysis__evaluation_and_grading/compensation_salary_surveys//en/communities/organizational_development/employee_satisfaction_engagement/

java.io.FileNotFoundException: http://www.hr.com/en/communities/ihr_compensation/job_analysis__evaluation_and_grading/compensation_salary_surveys//en/communities/organizational_development/high_performing_teams/

java.io.FileNotFoundException: http://www.ct.com/entertainment/photos/wcct-first-annual-roller-polar-run-20130120,0,327685.photogallery/entertainment/music

java.io.FileNotFoundException: http://www.ct.com/entertainment/photos/wcct-first-annual-roller-polar-run-20130120,0,327685.photogallery/news/advocates

java.io.FileNotFoundException: http://www.ct.com/entertainment/photos/wcct-first-annual-roller-polar-run-20130120,0,327685.photogallery/entertainment/best-of-ct/

java.io.FileNotFoundException: http://www.ct.com/entertainment/photos/wcct-first-annual-roller-polar-run-20130120,0,327685.photogallery/entertainment/tv/cw

java.io.FileNotFoundException: http://www.hr.com/en/communities/ihr_compensation/job_analysis__evaluation_and_grading/compensation_surveys//en/communities/hr_outsourcing/overall_trends/

java.io.FileNotFoundException: http://www.hr.com/en/communities/ihr_compensation/job_analysis__evaluation_and_grading/compensation_surveys//en/communities/hr_outsourcing/proven_cost_savings/

java.io.FileNotFoundException: http://www.hr.com/en/communities/ihr_compensation/job_analysis__evaluation_and_grading/compensation_surveys//en/communities/hr_outsourcing/payroll_outsourcing/

java.io.FileNotFoundException: http://www.hr.com/en/communities/ihr_compensation/job_analysis__evaluation_and_grading/compensation_surveys//en/communities/hr_outsourcing/shared_services/

java.io.FileNotFoundException: http://www.hr.com/en/communities/ihr_compensation/job_analysis__evaluation_and_grading/compensation_surveys//en/communities/hr_outsourcing/software_hosting__only_/

java.io.FileNotFoundException: http://www.hr.com/en/communities/ihr_compensation/job_analysis__evaluation_and_grading/compensation_surveys//en/communities/hr_outsourcing/time_and_attendance/

java.io.FileNotFoundException: http://www.hr.com/en/communities/ihr_compensation/job_analysis__evaluation_and_grading/compensation_surveys//en/communities/hr_outsourcing/vendor_marketplace/

java.io.FileNotFoundException: http://www.hr.com/en/communities/ihr_compensation/job_analysis__evaluation_and_grading/compensation_surveys//en/communities/hr_outsourcing/workforce_scheduling/

java.io.FileNotFoundException: http://www.flickr.com/photos/topstreetwear/photos/topstreetwear/4811665245/

java.io.FileNotFoundException: http://www.ct.com/entertainment/photos/wcct-shag-frenzy-arch-street-tavern-20130121,0,2845639.photogallery/entertainment/photos/wcct-shag-frenzy-arch-street-tavern-20130121,0,2845639.photogallery?

java.io.FileNotFoundException: http://www.ct.com/entertainment/photos/wcct-shag-frenzy-arch-street-tavern-20130121,0,2845639.photogallery/entertainment/photos/wcct-shag-frenzy-arch-street-tavern-20130121,0,2845639.photogallery?index=wcct-shag-frenzy-arch-street-tavern-20130121-024

java.io.FileNotFoundException: http://www.ct.com/entertainment/photos/wcct-shag-frenzy-arch-street-tavern-20130121,0,2845639.photogallery/entertainment/photos/wcct-shag-frenzy-arch-street-tavern-20130121,0,2845639.photogallery?index=wcct-shag-frenzy-arch-street-tavern-20130121-023

java.io.FileNotFoundException: http://www.ct.com/entertainment/photos/wcct-shag-frenzy-arch-street-tavern-20130121,0,2845639.photogallery/entertainment/photos/wcct-shag-frenzy-arch-street-tavern-20130121,0,2845639.photogallery?index=wcct-shag-frenzy-arch-street-tavern-20130121-007

java.io.FileNotFoundException: http://www.ct.com/entertainment/photos/wcct-shag-frenzy-arch-street-tavern-20130121,0,2845639.photogallery/entertainment/photos/wcct-shag-frenzy-arch-street-tavern-20130121,0,2845639.photogallery?index=wcct-shag-frenzy-arch-street-tavern-20130121-022

java.io.FileNotFoundException: http://www.ct.com/entertainment/photos/wcct-shag-frenzy-arch-street-tavern-20130121,0,2845639.photogallery/entertainment/photos/wcct-shag-frenzy-arch-street-tavern-20130121,0,2845639.photogallery?index=wcct-shag-frenzy-arch-street-tavern-20130121-020

java.io.FileNotFoundException: http://www.ct.com/entertainment/photos/wcct-shag-frenzy-arch-street-tavern-20130121,0,2845639.photogallery/entertainment/photos/wcct-shag-frenzy-arch-street-tavern-20130121,0,2845639.photogallery?index=wcct-shag-frenzy-arch-street-tavern-20130121-021

java.io.FileNotFoundException: http://www.ct.com/entertainment/photos/wcct-shag-frenzy-arch-street-tavern-20130121,0,2845639.photogallery/entertainment/photos/wcct-shag-frenzy-arch-street-tavern-20130121,0,2845639.photogallery?index=wcct-shag-frenzy-arch-street-tavern-20130121-019

java.io.IOException: Server returned HTTP response code: 400 for URL: http://twitter.com/share?url=http://www.ct.com/entertainment/photos/wcct-shag-frenzy-arch-street-tavern-20130121,0,2845639.photogallery?index=wcct-shag-frenzy-arch-street-tavern-20130121-024&text=Photos: Shag Frenzy @ Arch Street Tavern

java.io.FileNotFoundException: http://www.ct.com/entertainment/photos/wcct-shag-frenzy-arch-street-tavern-20130121,0,2845639.photogallery/entertainment/photos/wcct-shag-frenzy-arch-street-tavern-20130121,0,2845639.photogallery?index=wcct-shag-frenzy-arch-street-tavern-20130121-018

java.io.FileNotFoundException: http://www.ct.com/entertainment/photos/wcct-shag-frenzy-arch-street-tavern-20130121,0,2845639.photogallery/entertainment/photos/wcct-shag-frenzy-arch-street-tavern-20130121,0,2845639.photogallery?index=wcct-shag-frenzy-arch-street-tavern-20130121-013

java.io.FileNotFoundException: http://www.hr.com/en/communities/ihr_compensation/job_analysis__evaluation_and_grading/compensation_surveys//en/communities/human_resources_management/

java.io.FileNotFoundException: http://www.ct.com/entertainment/photos/wcct-shag-frenzy-arch-street-tavern-20130121,0,2845639.photogallery/entertainment/photos/wcct-shag-frenzy-arch-street-tavern-20130121,0,2845639.photogallery?index=wcct-shag-frenzy-arch-street-tavern-20130121-017

java.io.IOException: Server returned HTTP response code: 400 for URL: http://www.facebook.com/share.php?&u=http://www.ct.com/entertainment/photos/wcct-shag-frenzy-arch-street-tavern-20130121,0,2845639.photogallery?index=wcct-shag-frenzy-arch-street-tavern-20130121-024&t=Photos: Shag Frenzy @ Arch Street Tavern

java.io.FileNotFoundException: http://www.ct.com/entertainment/photos/wcct-shag-frenzy-arch-street-tavern-20130121,0,2845639.photogallery/entertainment/photos/wcct-shag-frenzy-arch-street-tavern-20130121,0,2845639.photogallery?index=wcct-shag-frenzy-arch-street-tavern-20130121-016

java.io.FileNotFoundException: http://www.ct.com/entertainment/photos/wcct-shag-frenzy-arch-street-tavern-20130121,0,2845639.photogallery/entertainment/photos/wcct-shag-frenzy-arch-street-tavern-20130121,0,2845639.photogallery?index=wcct-shag-frenzy-arch-street-tavern-20130121-014

java.io.FileNotFoundException: http://www.ct.com/entertainment/photos/wcct-shag-frenzy-arch-street-tavern-20130121,0,2845639.photogallery/entertainment/photos/wcct-shag-frenzy-arch-street-tavern-20130121,0,2845639.photogallery?index=wcct-shag-frenzy-arch-street-tavern-20130121-015

java.io.IOException: Server returned HTTP response code: 503 for URL: http://www.stumbleupon.com/submit?url=http://www.ct.com/entertainment/photos/wcct-shag-frenzy-arch-street-tavern-20130121,0,2845639.photogallery?index=wcct-shag-frenzy-arch-street-tavern-20130121-024&title=Photos: Shag Frenzy @ Arch Street Tavern

java.io.FileNotFoundException: http://www.ct.com/entertainment/photos/wcct-shag-frenzy-arch-street-tavern-20130121,0,2845639.photogallery/entertainment/photos/wcct-shag-frenzy-arch-street-tavern-20130121,0,1061092,email.photogallery?index=wcct-shag-frenzy-arch-street-tavern-20130121-024

java.io.IOException: Server returned HTTP response code: 403 for URL: http://north.haibao.hk

java.io.FileNotFoundException: http://www.ct.com/entertainment/photos/wcct-shag-frenzy-arch-street-tavern-20130121,0,2845639.photogallery/entertainment/photos/wtxx-photos-zac-brown-band-at-the-comcast-theatre-20130903,0,2968062.photogallery

java.io.FileNotFoundException: http://www.hr.com/en/communities/ihr_compensation/job_analysis__evaluation_and_grading/compensation_surveys//en/communities/human_resources_management/foundations_of_hr/

java.io.FileNotFoundException: http://www.hr.com/en/communities/ihr_compensation/job_analysis__evaluation_and_grading/compensation_surveys//en/communities/human_resources_management/entrepreneurship/

java.io.FileNotFoundException: http://www.hr.com/en/communities/ihr_compensation/job_analysis__evaluation_and_grading/compensation_surveys//en/communities/human_resources_management/ethics/

java.io.FileNotFoundException: http://www.ct.com/entertainment/photos/wcct-shag-frenzy-arch-street-tavern-20130121,0,2845639.photogallery/entertainment/photos/wtxx-photos-maroon-5-and-kelly-clarkson-at-the-comcast-theatre-20130901,0,2631515.photogallery

java.io.FileNotFoundException: http://www.hr.com/en/communities/ihr_compensation/job_analysis__evaluation_and_grading/compensation_surveys//en/communities/human_resources_management/foundations_of_hr/future_of_work/

java.io.FileNotFoundException: http://www.ct.com/entertainment/photos/wcct-shag-frenzy-arch-street-tavern-20130121,0,2845639.photogallery/entertainment/photos/wtxx-30-funny-dennis-reynolds-quotes-20130830,0,2914621.photogallery

java.io.FileNotFoundException: http://www.hr.com/en/communities/ihr_compensation/job_analysis__evaluation_and_grading/compensation_surveys//en/communities/human_resources_management/foundations_of_hr/present_trends/

java.io.FileNotFoundException: http://www.hr.com/en/communities/ihr_compensation/job_analysis__evaluation_and_grading/compensation_surveys//en/communities/human_resources_management/foundations_of_hr/history_of_hr/

java.io.FileNotFoundException: http://www.hr.com/en/communities/ihr_compensation/job_analysis__evaluation_and_grading/compensation_surveys//en/communities/human_resources_management/hr_administration/

java.io.FileNotFoundException: http://www.hr.com/en/communities/ihr_compensation/job_analysis__evaluation_and_grading/compensation_surveys//en/communities/human_resources_management/hr_as_consultant/

java.io.FileNotFoundException: http://www.hr.com/en/communities/ihr_compensation/job_analysis__evaluation_and_grading/compensation_surveys//en/communities/human_resources_management/hr_audit/

java.io.FileNotFoundException: http://www.hr.com/en/communities/ihr_compensation/job_analysis__evaluation_and_grading/compensation_surveys//en/communities/human_resources_management/international_and_global_hr/

java.io.FileNotFoundException: http://www.hr.com/en/communities/ihr_compensation/job_analysis__evaluation_and_grading/compensation_surveys//en/communities/human_resources_management/public_sector_and_non_profit/

java.io.FileNotFoundException: http://www.hr.com/en/communities/ihr_compensation/job_analysis__evaluation_and_grading/compensation_surveys//en/communities/human_resources_management/outsourcing/

java.io.FileNotFoundException: http://www.hr.com/en/communities/ihr_compensation/job_analysis__evaluation_and_grading/compensation_surveys//en/communities/human_resources_management/structure_and_organization/

java.io.FileNotFoundException: http://www.hr.com/en/communities/ihr_compensation/job_analysis__evaluation_and_grading/compensation_surveys//en/communities/human_resources_management/the_hr_practitioner/

java.io.FileNotFoundException: http://www.hr.com/en/communities/ihr_compensation/job_analysis__evaluation_and_grading/compensation_surveys//en/communities/human_resources_management/small_business/

java.io.FileNotFoundException: http://www.hr.com/en/communities/ihr_compensation/job_analysis__evaluation_and_grading/compensation_surveys//en/communities/human_resources_management/the_hr_practitioner/certification/

java.io.FileNotFoundException: http://www.hr.com/en/communities/ihr_hr_in_california//en/communities/legal/legislation/international_legal_issues/

java.io.FileNotFoundException: http://www.ct.com/entertainment/photos/wcct-first-annual-roller-polar-run-20130120,0,327685.photogallery/promotions/contests

java.io.FileNotFoundException: http://www.ct.com/entertainment/photos/wcct-first-annual-roller-polar-run-20130120,0,327685.photogallery/entertainment/photos/wcct-first-annual-roller-polar-run-20130120,0,327685.photogallery?

java.io.FileNotFoundException: http://www.ct.com/entertainment/photos/wcct-first-annual-roller-polar-run-20130120,0,327685.photogallery/entertainment/photos/wcct-first-annual-roller-polar-run-20130120,0,327685.photogallery?index=wcct-first-annual-roller-polar-run-20130120-003

java.io.FileNotFoundException: http://www.ct.com/entertainment/photos/wcct-first-annual-roller-polar-run-20130120,0,327685.photogallery/entertainment/photos/wcct-first-annual-roller-polar-run-20130120,0,327685.photogallery?index=wcct-first-annual-roller-polar-run-20130120-020

java.io.FileNotFoundException: http://www.ct.com/entertainment/photos/wcct-first-annual-roller-polar-run-20130120,0,327685.photogallery/entertainment/photos/wcct-first-annual-roller-polar-run-20130120,0,327685.photogallery?index=wcct-first-annual-roller-polar-run-20130120-002

java.io.FileNotFoundException: http://www.ct.com/entertainment/photos/wcct-first-annual-roller-polar-run-20130120,0,327685.photogallery/entertainment/photos/wcct-first-annual-roller-polar-run-20130120,0,327685.photogallery?index=wcct-first-annual-roller-polar-run-20130120-027

java.io.FileNotFoundException: http://www.ct.com/entertainment/photos/wcct-first-annual-roller-polar-run-20130120,0,327685.photogallery/entertainment/photos/wcct-first-annual-roller-polar-run-20130120,0,327685.photogallery?index=wcct-first-annual-roller-polar-run-20130120-026

java.io.FileNotFoundException: http://www.ct.com/entertainment/photos/wcct-first-annual-roller-polar-run-20130120,0,327685.photogallery/entertainment/photos/wcct-first-annual-roller-polar-run-20130120,0,327685.photogallery?index=wcct-first-annual-roller-polar-run-20130120-018

java.io.FileNotFoundException: http://www.ct.com/entertainment/photos/wcct-first-annual-roller-polar-run-20130120,0,327685.photogallery/entertainment/photos/wcct-first-annual-roller-polar-run-20130120,0,327685.photogallery?index=wcct-first-annual-roller-polar-run-20130120-017

java.io.FileNotFoundException: http://www.ct.com/entertainment/photos/wcct-first-annual-roller-polar-run-20130120,0,327685.photogallery/entertainment/photos/wcct-first-annual-roller-polar-run-20130120,0,327685.photogallery?index=wcct-first-annual-roller-polar-run-20130120-025

java.io.FileNotFoundException: http://www.ct.com/entertainment/photos/wcct-photos-martians-martinis-20130114,0,3512616.photogallery/entertainment/music

java.io.FileNotFoundException: http://www.ct.com/entertainment/photos/wcct-first-annual-roller-polar-run-20130120,0,327685.photogallery/entertainment/photos/wcct-first-annual-roller-polar-run-20130120,0,327685.photogallery?index=wcct-first-annual-roller-polar-run-20130120-024

java.io.FileNotFoundException: http://www.ct.com/entertainment/photos/wcct-first-annual-roller-polar-run-20130120,0,327685.photogallery/entertainment/photos/wcct-first-annual-roller-polar-run-20130120,0,327685.photogallery?index=wcct-first-annual-roller-polar-run-20130120-023

java.io.IOException: Server returned HTTP response code: 400 for URL: http://twitter.com/share?url=http://www.ct.com/entertainment/photos/wcct-first-annual-roller-polar-run-20130120,0,327685.photogallery?index=wcct-first-annual-roller-polar-run-20130120-020&text=Photos: First Annual Roller Polar Run

java.io.IOException: Server returned HTTP response code: 400 for URL: http://www.facebook.com/share.php?&u=http://www.ct.com/entertainment/photos/wcct-first-annual-roller-polar-run-20130120,0,327685.photogallery?index=wcct-first-annual-roller-polar-run-20130120-020&t=Photos: First Annual Roller Polar Run

java.io.FileNotFoundException: http://www.ct.com/entertainment/photos/wcct-first-annual-roller-polar-run-20130120,0,327685.photogallery/entertainment/photos/wcct-first-annual-roller-polar-run-20130120,0,327685.photogallery?index=wcct-first-annual-roller-polar-run-20130120-022

java.io.IOException: Server returned HTTP response code: 503 for URL: http://www.stumbleupon.com/submit?url=http://www.ct.com/entertainment/photos/wcct-first-annual-roller-polar-run-20130120,0,327685.photogallery?index=wcct-first-annual-roller-polar-run-20130120-020&title=Photos: First Annual Roller Polar Run

java.io.FileNotFoundException: http://www.hr.com/en/communities/ihr_compensation/job_analysis__evaluation_and_grading/compensation_salary_surveys//en/communities/organizational_development/job_design_telework/

java.io.FileNotFoundException: http://www.ct.com/entertainment/photos/wcct-first-annual-roller-polar-run-20130120,0,327685.photogallery/entertainment/photos/wcct-first-annual-roller-polar-run-20130120,0,327685.photogallery?index=wcct-first-annual-roller-polar-run-20130120-021

java.io.FileNotFoundException: http://www.ct.com/entertainment/photos/wcct-first-annual-roller-polar-run-20130120,0,327685.photogallery/entertainment/photos/wcct-first-annual-roller-polar-run-20130120,0,327685.photogallery?index=wcct-first-annual-roller-polar-run-20130120-019

java.io.FileNotFoundException: http://www.ct.com/entertainment/photos/wcct-first-annual-roller-polar-run-20130120,0,327685.photogallery/entertainment/photos/wcct-first-annual-roller-polar-run-20130120,0,68870,email.photogallery?index=wcct-first-annual-roller-polar-run-20130120-020

java.io.FileNotFoundException: http://www.hr.com/en/communities/ihr_compensation/job_analysis__evaluation_and_grading/compensation_salary_surveys//en/communities/organizational_development/knowledge_management/

java.io.FileNotFoundException: http://www.hr.com/en/communities/ihr_compensation/job_analysis__evaluation_and_grading/compensation_salary_surveys//en/communities/organizational_development/measurement_of_culture_and_climate/

java.io.FileNotFoundException: http://www.ct.com/entertainment/photos/wcct-first-annual-roller-polar-run-20130120,0,327685.photogallery/entertainment/photos/wtxx-photos-zac-brown-band-at-the-comcast-theatre-20130903,0,2968062.photogallery

java.io.FileNotFoundException: http://www.hr.com/en/communities/ihr_compensation/job_analysis__evaluation_and_grading/compensation_salary_surveys//en/communities/organizational_development/mergers_and_acquisitions/

java.io.FileNotFoundException: http://www.ct.com/entertainment/photos/wcct-first-annual-roller-polar-run-20130120,0,327685.photogallery/entertainment/photos/wtxx-photos-maroon-5-and-kelly-clarkson-at-the-comcast-theatre-20130901,0,2631515.photogallery

java.io.FileNotFoundException: http://www.hr.com/en/communities/ihr_compensation/job_analysis__evaluation_and_grading/compensation_salary_surveys//en/communities/organizational_development/organizational_diagnosis/

java.io.FileNotFoundException: http://www.hr.com/en/communities/ihr_compensation/job_analysis__evaluation_and_grading/compensation_salary_surveys//en/communities/organizational_development/re_engineering/

java.io.FileNotFoundException: http://www.ct.com/entertainment/photos/wcct-first-annual-roller-polar-run-20130120,0,327685.photogallery/entertainment/photos/wtxx-30-funny-dennis-reynolds-quotes-20130830,0,2914621.photogallery

java.io.FileNotFoundException: http://www.ct.com/entertainment/photos/wcct-first-annual-roller-polar-run-20130120,0,327685.photogallery/entertainment/photos/wtxx-photos-afropunk-festival-20130829,0,2469816.photogallery

java.io.FileNotFoundException: http://www.ct.com/entertainment/photos/wcct-first-annual-roller-polar-run-20130120,0,327685.photogallery/entertainment/photos/wtxx-photos-toby-keith-at-the-comcast-theatre-20130826,0,2068060.photogallery

java.io.FileNotFoundException: http://www.hr.com/en/communities/ihr_compensation/job_analysis__evaluation_and_grading/compensation_salary_surveys//en/communities/organizational_development/strategic_hr/

java.io.FileNotFoundException: http://www.ct.com/entertainment/photos/wcct-first-annual-roller-polar-run-20130120,0,327685.photogallery/entertainment/photos/wtxx-photos-john-mayer-at-the-comcast-theatre-20130819,0,6538307.photogallery

java.io.FileNotFoundException: http://www.hr.com/en/communities/ihr_compensation/job_analysis__evaluation_and_grading/compensation_salary_surveys//en/communities/organizational_development/skills_competencies/

java.io.FileNotFoundException: http://www.ct.com/entertainment/photos/wcct-first-annual-roller-polar-run-20130120,0,327685.photogallery/entertainment/photos/wtxx-photos-john-mayer-performing-at-the-comcast-theatre-20130819,0,155400.photogallery

java.io.FileNotFoundException: http://www.hr.com/en/communities/ihr_compensation/job_analysis__evaluation_and_grading/compensation_salary_surveys//en/communities/performance_management/

java.io.FileNotFoundException: http://www.hr.com/en/communities/ihr_compensation/job_analysis__evaluation_and_grading/compensation_salary_surveys//en/communities/payroll_hris_hris_payroll__audits__compliance_and_risk_management_001/

java.net.MalformedURLException: no protocol: ?screen=110

java.io.FileNotFoundException: http://www.hr.com/en/communities/ihr_compensation/job_analysis__evaluation_and_grading/compensation_salary_surveys//en/communities/performance_management/cascading_goals/

java.io.FileNotFoundException: http://www.ct.com/entertainment/photos/wcct-first-annual-roller-polar-run-20130120,0,327685.photogallery/entertainment/photos/wtxx-photos-rockstar-energy-drink-uproar-festival-2013-20130813,0,5213107.photogallery

java.io.FileNotFoundException: http://www.ct.com/entertainment/photos/wcct-first-annual-roller-polar-run-20130120,0,327685.photogallery/entertainment/photos/wtxx-photos-rockstar-energy-drink-uproar-festival-2013-performers-20130813,0,7369410.photogallery

java.io.FileNotFoundException: http://www.hr.com/en/communities/ihr_compensation/job_analysis__evaluation_and_grading/compensation_salary_surveys//en/communities/performance_management/competencies/

java.io.FileNotFoundException: http://www.ct.com/entertainment/photos/wcct-first-annual-roller-polar-run-20130120,0,327685.photogallery/entertainment/photos/hc-electric-run-5k-20130811,0,6790488.photogallery

java.io.FileNotFoundException: http://www.hr.com/en/communities/ihr_compensation/job_analysis__evaluation_and_grading/compensation_salary_surveys//en/communities/performance_management/culture/

java.io.FileNotFoundException: http://www.hr.com/en/communities/ihr_compensation/job_analysis__evaluation_and_grading/compensation_salary_surveys//en/communities/performance_management/feedback_processes/

java.io.FileNotFoundException: http://www.hr.com/en/communities/ihr_compensation/job_analysis__evaluation_and_grading/compensation_salary_surveys//en/communities/performance_management/legal_compliance/

java.io.FileNotFoundException: http://www.hr.com/en/communities/ihr_compensation/job_analysis__evaluation_and_grading/compensation_salary_surveys//en/communities/performance_management/job_description/

java.io.FileNotFoundException: http://www.hr.com/en/communities/ihr_compensation/job_analysis__evaluation_and_grading/compensation_salary_surveys//en/communities/performance_management/pay_for_performance/

java.io.FileNotFoundException: http://www.hr.com/en/communities/ihr_compensation/job_analysis__evaluation_and_grading/compensation_salary_surveys//en/communities/performance_management/motivation/

java.io.FileNotFoundException: http://www.hr.com/en/communities/ihr_compensation/job_analysis__evaluation_and_grading/compensation_salary_surveys//en/communities/performance_management/pm_assessment/

java.io.FileNotFoundException: http://www.hr.com/en/communities/ihr_compensation/job_analysis__evaluation_and_grading/compensation_surveys//en/communities/human_resources_management/the_hr_practitioner/professional_associations/

java.io.FileNotFoundException: http://www.hr.com/en/communities/ihr_compensation/job_analysis__evaluation_and_grading/compensation_surveys//en/communities/human_resources_management/the_hr_practitioner/skills_and_competencies/

java.io.FileNotFoundException: http://www.ct.com/entertainment/photos/wcct-shag-frenzy-arch-street-tavern-20130121,0,2845639.photogallery/entertainment/photos/wtxx-photos-afropunk-festival-20130829,0,2469816.photogallery

java.io.FileNotFoundException: http://www.hr.com/en/communities/ihr_compensation/job_analysis__evaluation_and_grading/compensation_surveys//en/communities/integrated_talent_management_001/

java.io.FileNotFoundException: http://www.ct.com/entertainment/photos/wcct-shag-frenzy-arch-street-tavern-20130121,0,2845639.photogallery/entertainment/photos/wtxx-photos-toby-keith-at-the-comcast-theatre-20130826,0,2068060.photogallery

java.io.FileNotFoundException: http://www.hr.com/en/communities/ihr_compensation/job_analysis__evaluation_and_grading/compensation_surveys//en/communities/labor_relations/

java.io.FileNotFoundException: http://www.ct.com/entertainment/photos/wcct-shag-frenzy-arch-street-tavern-20130121,0,2845639.photogallery/entertainment/photos/wtxx-photos-john-mayer-at-the-comcast-theatre-20130819,0,6538307.photogallery

java.io.FileNotFoundException: http://www.ct.com/entertainment/photos/wcct-shag-frenzy-arch-street-tavern-20130121,0,2845639.photogallery/entertainment/photos/wtxx-photos-john-mayer-performing-at-the-comcast-theatre-20130819,0,155400.photogallery

java.io.FileNotFoundException: http://www.ct.com/entertainment/photos/wcct-shag-frenzy-arch-street-tavern-20130121,0,2845639.photogallery/entertainment/photos/wtxx-photos-rockstar-energy-drink-uproar-festival-2013-20130813,0,5213107.photogallery

java.io.FileNotFoundException: http://www.hr.com/en/communities/ihr_compensation/job_analysis__evaluation_and_grading/compensation_surveys//en/communities/labor_relations/absenteeism/

java.io.FileNotFoundException: http://www.hr.com/en/communities/ihr_compensation/job_analysis__evaluation_and_grading/compensation_surveys//en/communities/labor_relations/conflict_and_dispute_resolution/

java.io.FileNotFoundException: http://www.hr.com/en/communities/ihr_compensation/job_analysis__evaluation_and_grading/compensation_surveys//en/communities/labor_relations/discipline/

java.io.FileNotFoundException: http://www.hr.com/en/communities/ihr_compensation/job_analysis__evaluation_and_grading/compensation_surveys//en/communities/labor_relations/harassment/

java.io.FileNotFoundException: http://www.hr.com/en/communities/ihr_compensation/job_analysis__evaluation_and_grading/compensation_surveys//en/communities/labor_relations/discrimination/

java.io.FileNotFoundException: http://www.ct.com/entertainment/photos/wcct-shag-frenzy-arch-street-tavern-20130121,0,2845639.photogallery/entertainment/photos/wtxx-photos-rockstar-energy-drink-uproar-festival-2013-performers-20130813,0,7369410.photogallery

java.io.FileNotFoundException: http://www.ct.com/entertainment/photos/wcct-shag-frenzy-arch-street-tavern-20130121,0,2845639.photogallery/entertainment/photos/hc-electric-run-5k-20130811,0,6790488.photogallery

java.io.FileNotFoundException: http://www.hr.com/en/communities/ihr_compensation/job_analysis__evaluation_and_grading/compensation_surveys//en/communities/labor_relations/interpersonal_communications/

java.io.FileNotFoundException: http://www.ct.com/entertainment/photos/wcct-creative-cocktail-hour-real-art-ways-20130118,0,758595.photogallery/

java.io.FileNotFoundException: http://www.hr.com/en/communities/ihr_compensation/job_analysis__evaluation_and_grading/compensation_surveys//en/communities/labor_relations/internal_corporate_communications/

java.io.FileNotFoundException: http://www.hr.com/en/communities/ihr_compensation/job_analysis__evaluation_and_grading/compensation_surveys//en/communities/labor_relations/law_and_legislation/

java.io.FileNotFoundException: http://www.ct.com/entertainment/photos/wcct-creative-cocktail-hour-real-art-ways-20130118,0,758595.photogallery/wheretogo

java.io.FileNotFoundException: http://www.hr.com/en/communities/ihr_compensation/job_analysis__evaluation_and_grading/compensation_surveys//en/communities/labor_relations/outplacement/

java.io.FileNotFoundException: http://www.hr.com/en/communities/ihr_compensation/job_analysis__evaluation_and_grading/compensation_surveys//en/communities/labor_relations/lr_trends/

java.io.FileNotFoundException: http://www.hr.com/en/communities/ihr_compensation/job_analysis__evaluation_and_grading/compensation_surveys//en/communities/labor_relations/recreation/

java.net.MalformedURLException: no protocol: ?screen=109

java.io.FileNotFoundException: http://www.ct.com/entertainment/photos/wcct-creative-cocktail-hour-real-art-ways-20130118,0,758595.photogallery/whattodo

java.io.FileNotFoundException: http://www.hr.com/en/communities/ihr_compensation/job_analysis__evaluation_and_grading/compensation_surveys//en/communities/leadership/

java.io.FileNotFoundException: http://www.hr.com/en/communities/ihr_compensation/job_analysis__evaluation_and_grading/compensation_surveys//en/communities/labor_relations/safety/

java.io.FileNotFoundException: http://www.hr.com/en/communities/ihr_compensation/job_analysis__evaluation_and_grading/compensation_surveys//en/communities/leadership/board_of_directors/

java.io.FileNotFoundException: http://www.hr.com/en/communities/ihr_compensation/job_analysis__evaluation_and_grading/compensation_surveys//en/communities/leadership/corporate_governance/

java.io.FileNotFoundException: http://www.hr.com/en/communities/ihr_compensation/job_analysis__evaluation_and_grading/compensation_surveys//en/communities/leadership/career_management/

java.io.FileNotFoundException: http://www.hr.com/en/communities/ihr_compensation/job_analysis__evaluation_and_grading/compensation_surveys//en/communities/leadership/corporate_culture/

java.io.FileNotFoundException: http://www.hr.com/en/communities/ihr_compensation/job_analysis__evaluation_and_grading/compensation_surveys//en/communities/leadership/developing_organizational_leadership_capabilities/

java.io.FileNotFoundException: http://www.hr.com/en/communities/ihr_compensation/job_analysis__evaluation_and_grading/compensation_surveys//en/communities/leadership/global_leadership/

java.io.IOException: Server returned HTTP response code: 403 for URL: http://kwaitsing.haibao.hk

java.io.FileNotFoundException: http://www.hr.com/en/communities/ihr_compensation/job_analysis__evaluation_and_grading/compensation_salary_surveys//en/communities/performance_management/pm_metrics/

java.io.FileNotFoundException: http://www.hr.com/en/communities/ihr_compensation/job_analysis__evaluation_and_grading/compensation_salary_surveys//en/communities/performance_management/pm_retention/

java.io.FileNotFoundException: http://www.ct.com/entertainment/photos/wcct-creative-cocktail-hour-real-art-ways-20130118,0,758595.photogallery/entertainment/music

java.io.FileNotFoundException: http://www.ct.com/entertainment/photos/wcct-dixies-tupperware-party-the-palace-theater-20130117,0,2055270.photogallery/

java.io.FileNotFoundException: http://www.hr.com/en/communities/ihr_compensation/job_analysis__evaluation_and_grading/compensation_salary_surveys//en/communities/performance_management/pm_succession_planning/

java.io.FileNotFoundException: http://www.hr.com/en/communities/ihr_compensation/job_analysis__evaluation_and_grading/compensation_salary_surveys//en/communities/performance_management/technology/

java.io.FileNotFoundException: http://www.ct.com/entertainment/photos/wcct-creative-cocktail-hour-real-art-ways-20130118,0,758595.photogallery/entertainment/restaurants

java.io.FileNotFoundException: http://www.hr.com/en/communities/ihr_compensation/job_analysis__evaluation_and_grading/compensation_salary_surveys//en/communities/performance_management/performance_reviews/

java.io.FileNotFoundException: http://www.hr.com/en/communities/ihr_compensation/job_analysis__evaluation_and_grading/compensation_salary_surveys//en/communities/recruitment_process_outsourcing_001/

java.io.FileNotFoundException: http://www.hr.com/en/communities/ihr_compensation/job_analysis__evaluation_and_grading/compensation_salary_surveys//en/communities/social_media_and_employee_communications_001/

java.io.FileNotFoundException: http://www.hr.com/en/communities/ihr_compensation/job_analysis__evaluation_and_grading/compensation_salary_surveys//en/communities/rewards_and_recognition_001/

java.io.FileNotFoundException: http://www.hr.com/en/communities/ihr_compensation/job_analysis__evaluation_and_grading/compensation_salary_surveys//en/communities/social_media_and_employee_communications_001/change_management/

java.io.FileNotFoundException: http://www.hr.com/en/communities/ihr_compensation/job_analysis__evaluation_and_grading/compensation_salary_surveys//en/communities/social_media_and_employee_communications_001/strategic_tactical_leadership/

java.io.FileNotFoundException: http://www.hr.com/en/communities/ihr_compensation/job_analysis__evaluation_and_grading/compensation_salary_surveys//en/communities/social_media_and_employee_communications_001/training_learning_development/

java.io.FileNotFoundException: http://www.ct.com/entertainment/photos/wcct-creative-cocktail-hour-real-art-ways-20130118,0,758595.photogallery/news/advocates

java.io.FileNotFoundException: http://www.hr.com/en/communities/ihr_compensation/job_analysis__evaluation_and_grading/compensation_salary_surveys//en/communities/social_media_and_employee_communications_001/employee_communication/

java.io.FileNotFoundException: http://www.hr.com/en/communities/ihr_compensation/job_analysis__evaluation_and_grading/compensation_salary_surveys//en/communities/social_media_and_employee_communications_001/employment_brand/

java.io.FileNotFoundException: http://www.hr.com/en/communities/ihr_compensation/job_analysis__evaluation_and_grading/compensation_salary_surveys//en/communities/social_media_and_employee_communications_001/recruitment_retention/

java.io.FileNotFoundException: http://www.hr.com/en/communities/ihr_compensation/job_analysis__evaluation_and_grading/compensation_salary_surveys//en/communities/social_media_and_employee_communications_001/internal_social_networks/

java.io.FileNotFoundException: http://www.hr.com/en/communities/ihr_compensation/job_analysis__evaluation_and_grading/compensation_salary_surveys//en/communities/social_media_and_employee_communications_001/social_media_employee_communications_policies_procedures/

java.io.FileNotFoundException: http://www.hr.com/en/communities/ihr_compensation/job_analysis__evaluation_and_grading/compensation_salary_surveys//en/communities/social_media_and_employee_communications_001/culture/

java.io.FileNotFoundException: http://www.hr.com/en/communities/ihr_compensation/job_analysis__evaluation_and_grading/compensation_salary_surveys//en/communities/social_media_and_employee_communications_001/external_social_networks/

java.io.FileNotFoundException: http://www.hr.com/en/communities/ihr_compensation/job_analysis__evaluation_and_grading/compensation_salary_surveys//en/communities/social_media_and_employee_communications_001/social_media_employee_communications_metrics/

java.io.FileNotFoundException: http://www.hr.com/en/communities/ihr_compensation/job_analysis__evaluation_and_grading/compensation_salary_surveys//en/communities/staffing_and_recruitment/

java.io.FileNotFoundException: http://www.hr.com/en/communities/ihr_compensation/job_analysis__evaluation_and_grading/compensation_salary_surveys//en/communities/social_media_and_employee_communications_001/social_media_employee_communications_legal_compliance/

java.io.FileNotFoundException: http://www.hr.com/en/communities/ihr_compensation/job_analysis__evaluation_and_grading/compensation_salary_surveys//en/communities/social_media_and_employee_communications_001/social_media_employee_communications_tools_technology/

java.io.FileNotFoundException: http://www.hr.com/en/communities/ihr_compensation/job_analysis__evaluation_and_grading/compensation_salary_surveys//en/communities/staffing_and_recruitment/affirmative_action_eeo_diversity/

java.io.FileNotFoundException: http://www.hr.com/en/communities/ihr_compensation/job_analysis__evaluation_and_grading/compensation_salary_surveys//en/communities/staffing_and_recruitment/career_transitions_and_outplacement/

java.io.FileNotFoundException: http://www.hr.com/en/communities/ihr_compensation/job_analysis__evaluation_and_grading/compensation_salary_surveys//en/communities/staffing_and_recruitment/competency_modeling/

java.io.FileNotFoundException: http://www.hr.com/en/communities/ihr_compensation/job_analysis__evaluation_and_grading/compensation_salary_surveys//en/communities/staffing_and_recruitment/corporate_career_portal/

java.io.FileNotFoundException: http://www.hr.com/en/communities/ihr_compensation/job_analysis__evaluation_and_grading/compensation_salary_surveys//en/communities/staffing_and_recruitment/corporate_career_portal/corporate_branding_employer_branding/

java.io.FileNotFoundException: http://www.ct.com/entertainment/photos/wcct-creative-cocktail-hour-real-art-ways-20130118,0,758595.photogallery/entertainment/best-of-ct/

java.io.FileNotFoundException: http://www.hr.com/en/communities/ihr_compensation/job_analysis__evaluation_and_grading/compensation_salary_surveys//en/communities/staffing_and_recruitment/corporate_career_portal/online_media_job_boards/

java.io.FileNotFoundException: http://www.hr.com/en/communities/ihr_compensation/job_analysis__evaluation_and_grading/compensation_salary_surveys//en/communities/staffing_and_recruitment/corporate_career_portal/internet_and_job_tools_courses/

java.io.FileNotFoundException: http://www.hr.com/en/communities/ihr_hr_in_california//en/communities/legal/legislation/u_s__based_legal_issues/

java.io.FileNotFoundException: http://www.ct.com/entertainment/photos/wcct-creative-cocktail-hour-real-art-ways-20130118,0,758595.photogallery/entertainment/tv/cw

java.io.FileNotFoundException: http://www.hr.com/en/communities/ihr_compensation/job_analysis__evaluation_and_grading/compensation_surveys//en/communities/leadership/hr_leadership/

java.io.FileNotFoundException: http://www.hr.com/en/communities/ihr_compensation/job_analysis__evaluation_and_grading/compensation_surveys//en/communities/leadership/hr_leadership/managers_as_leaders/

java.io.FileNotFoundException: http://www.hr.com/en/communities/ihr_compensation/job_analysis__evaluation_and_grading/compensation_surveys//en/communities/leadership/hr_leadership/diversity_leadership/

java.io.FileNotFoundException: http://www.ct.com/entertainment/photos/wcct-creative-cocktail-hour-real-art-ways-20130118,0,758595.photogallery/promotions/contests

java.io.FileNotFoundException: http://www.hr.com/en/communities/ihr_compensation/job_analysis__evaluation_and_grading/compensation_surveys//en/communities/leadership/hr_leadership/women_in_leadership/

java.io.FileNotFoundException: http://www.ct.com/entertainment/photos/wcct-dixies-tupperware-party-the-palace-theater-20130117,0,2055270.photogallery/wheretogo

java.io.FileNotFoundException: http://www.hr.com/en/communities/ihr_compensation/job_analysis__evaluation_and_grading/compensation_surveys//en/communities/leadership/leadership_assessments/

java.io.FileNotFoundException: http://www.hr.com/en/communities/ihr_compensation/job_analysis__evaluation_and_grading/compensation_surveys//en/communities/leadership/leadership_competencies/collaboration/

java.io.FileNotFoundException: http://www.hr.com/en/communities/ihr_compensation/job_analysis__evaluation_and_grading/compensation_surveys//en/communities/leadership/leadership_competencies/

java.io.FileNotFoundException: http://www.hr.com/en/communities/ihr_compensation/job_analysis__evaluation_and_grading/compensation_surveys//en/communities/leadership/leadership_competencies/communication/

java.io.FileNotFoundException: http://www.ct.com/entertainment/photos/wcct-dixies-tupperware-party-the-palace-theater-20130117,0,2055270.photogallery/whattodo

java.io.FileNotFoundException: http://www.hr.com/en/communities/ihr_compensation/job_analysis__evaluation_and_grading/compensation_surveys//en/communities/leadership/leadership_competencies/delegation/

java.io.FileNotFoundException: http://www.hr.com/en/communities/ihr_compensation/job_analysis__evaluation_and_grading/compensation_surveys//en/communities/leadership/leadership_competencies/negotiation/

java.io.FileNotFoundException: http://www.hr.com/en/communities/ihr_compensation/job_analysis__evaluation_and_grading/compensation_surveys//en/communities/leadership/leadership_models/

java.io.FileNotFoundException: http://www.hr.com/en/communities/ihr_compensation/job_analysis__evaluation_and_grading/compensation_surveys//en/communities/leadership/leadership_competencies/developing_and_coaching_others/

java.io.FileNotFoundException: http://www.hr.com/en/communities/ihr_compensation/job_analysis__evaluation_and_grading/compensation_surveys//en/communities/leadership/leadership_competencies/motivating/

java.io.FileNotFoundException: http://www.hr.com/en/communities/ihr_compensation/job_analysis__evaluation_and_grading/compensation_surveys//en/communities/leadership/leadership_philosophies/

java.io.FileNotFoundException: http://www.hr.com/en/communities/ihr_compensation/job_analysis__evaluation_and_grading/compensation_surveys//en/communities/leadership/leadership_retention/

java.io.FileNotFoundException: http://www.hr.com/en/communities/ihr_compensation/job_analysis__evaluation_and_grading/compensation_surveys//en/communities/leadership/leadership_training_and_development/action_learning/

java.io.FileNotFoundException: http://www.hr.com/en/communities/ihr_compensation/job_analysis__evaluation_and_grading/compensation_surveys//en/communities/leadership/leadership_training_and_development/executive_coaching/

java.io.FileNotFoundException: http://www.hr.com/en/communities/ihr_compensation/job_analysis__evaluation_and_grading/compensation_surveys//en/communities/leadership/leadership_training_and_development/mentoring/

java.io.FileNotFoundException: http://www.hr.com/en/communities/ihr_compensation/job_analysis__evaluation_and_grading/compensation_surveys//en/communities/leadership/leadership_training_and_development/

java.io.FileNotFoundException: http://www.hr.com/en/communities/ihr_compensation/job_analysis__evaluation_and_grading/compensation_surveys//en/communities/leadership/leadership_training_and_development/executive_education_programs__university_/

java.io.FileNotFoundException: http://www.ct.com/entertainment/photos/wcct-dixies-tupperware-party-the-palace-theater-20130117,0,2055270.photogallery/entertainment/restaurants

java.io.FileNotFoundException: http://www.hr.com/en/communities/ihr_compensation/job_analysis__evaluation_and_grading/compensation_surveys//en/communities/leadership/leadership_training_and_development/train_your_leaders/

java.io.FileNotFoundException: http://www.hr.com/en/communities/ihr_compensation/job_analysis__evaluation_and_grading/compensation_surveys//en/communities/leadership/leading_change/

java.io.FileNotFoundException: http://www.hr.com/en/communities/ihr_compensation/job_analysis__evaluation_and_grading/compensation_surveys//en/communities/leadership/leading_self/

java.io.FileNotFoundException: http://www.hr.com/en/communities/ihr_compensation/job_analysis__evaluation_and_grading/compensation_surveys//en/communities/leadership/leading_change/empowerment/

java.io.FileNotFoundException: http://www.hr.com/en/communities/ihr_compensation/job_analysis__evaluation_and_grading/compensation_surveys//en/communities/leadership/leading_others/

java.io.FileNotFoundException: http://www.hr.com/en/communities/ihr_compensation/job_analysis__evaluation_and_grading/compensation_surveys//en/communities/leadership/leading_self/stress/

java.io.FileNotFoundException: http://www.hr.com/en/communities/ihr_compensation/job_analysis__evaluation_and_grading/compensation_surveys//en/communities/leadership/leading_self/flexibility_adaptability/

java.io.FileNotFoundException: http://www.hr.com/en/communities/ihr_compensation/job_analysis__evaluation_and_grading/compensation_salary_surveys//en/communities/staffing_and_recruitment/employment_applications/

java.io.FileNotFoundException: http://www.hr.com/en/communities/ihr_compensation/job_analysis__evaluation_and_grading/compensation_salary_surveys//en/communities/staffing_and_recruitment/employment_applications/reference_checking/

java.io.FileNotFoundException: http://www.ct.com/entertainment/photos/wcct-dixies-tupperware-party-the-palace-theater-20130117,0,2055270.photogallery/entertainment/music

java.io.FileNotFoundException: http://www.hr.com/en/communities/ihr_compensation/job_analysis__evaluation_and_grading/compensation_salary_surveys//en/communities/staffing_and_recruitment/employment_applications/screening__assessment_and_testing/

java.io.FileNotFoundException: http://www.ct.com/entertainment/photos/wcct-dixies-tupperware-party-the-palace-theater-20130117,0,2055270.photogallery/news/advocates

java.io.FileNotFoundException: http://www.ct.com/entertainment/photos/wcct-dixies-tupperware-party-the-palace-theater-20130117,0,2055270.photogallery/entertainment/tv/cw

java.io.FileNotFoundException: http://www.ct.com/entertainment/photos/wcct-dixies-tupperware-party-the-palace-theater-20130117,0,2055270.photogallery/entertainment/best-of-ct/

java.io.FileNotFoundException: http://www.ct.com/entertainment/photos/wcct-creative-cocktail-hour-real-art-ways-20130118,0,758595.photogallery/entertainment/photos/wcct-creative-cocktail-hour-real-art-ways-20130118,0,758595.photogallery?

java.io.FileNotFoundException: http://www.ct.com/entertainment/photos/wcct-creative-cocktail-hour-real-art-ways-20130118,0,758595.photogallery/entertainment/photos/wcct-creative-cocktail-hour-real-art-ways-20130118,0,758595.photogallery?index=wcct-creative-cocktail-hour-real-art-ways-2013-006

java.io.FileNotFoundException: http://www.ct.com/entertainment/photos/wcct-creative-cocktail-hour-real-art-ways-20130118,0,758595.photogallery/entertainment/photos/wcct-creative-cocktail-hour-real-art-ways-20130118,0,758595.photogallery?index=wcct-creative-cocktail-hour-real-art-ways-2013-002

java.io.FileNotFoundException: http://www.ct.com/entertainment/photos/wcct-creative-cocktail-hour-real-art-ways-20130118,0,758595.photogallery/entertainment/photos/wcct-creative-cocktail-hour-real-art-ways-20130118,0,758595.photogallery?index=wcct-creative-cocktail-hour-real-art-ways-2013-010

java.io.FileNotFoundException: http://www.ct.com/entertainment/photos/wcct-creative-cocktail-hour-real-art-ways-20130118,0,758595.photogallery/entertainment/photos/wcct-creative-cocktail-hour-real-art-ways-20130118,0,758595.photogallery?index=wcct-creative-cocktail-hour-real-art-ways-2013-009

java.io.FileNotFoundException: http://www.ct.com/entertainment/photos/wcct-creative-cocktail-hour-real-art-ways-20130118,0,758595.photogallery/entertainment/photos/wcct-creative-cocktail-hour-real-art-ways-20130118,0,758595.photogallery?index=wcct-creative-cocktail-hour-real-art-ways-2013-018

java.io.FileNotFoundException: http://www.ct.com/entertainment/photos/wcct-creative-cocktail-hour-real-art-ways-20130118,0,758595.photogallery/entertainment/photos/wcct-creative-cocktail-hour-real-art-ways-20130118,0,758595.photogallery?index=wcct-creative-cocktail-hour-real-art-ways-2013-027

java.io.FileNotFoundException: http://www.ct.com/entertainment/photos/wcct-creative-cocktail-hour-real-art-ways-20130118,0,758595.photogallery/entertainment/photos/wcct-creative-cocktail-hour-real-art-ways-20130118,0,758595.photogallery?index=wcct-creative-cocktail-hour-real-art-ways-2013-025

java.io.FileNotFoundException: http://www.ct.com/entertainment/photos/wcct-creative-cocktail-hour-real-art-ways-20130118,0,758595.photogallery/entertainment/photos/wcct-creative-cocktail-hour-real-art-ways-20130118,0,758595.photogallery?index=wcct-creative-cocktail-hour-real-art-ways-2013-026

java.io.FileNotFoundException: http://www.ct.com/entertainment/photos/wcct-creative-cocktail-hour-real-art-ways-20130118,0,758595.photogallery/entertainment/photos/wcct-creative-cocktail-hour-real-art-ways-20130118,0,758595.photogallery?index=wcct-creative-cocktail-hour-real-art-ways-2013-024

java.io.IOException: Server returned HTTP response code: 400 for URL: http://www.facebook.com/share.php?&u=http://www.ct.com/entertainment/photos/wcct-creative-cocktail-hour-real-art-ways-20130118,0,758595.photogallery?index=wcct-creative-cocktail-hour-real-art-ways-2013-006&t=Photos: Creative Cocktail Hour @ Real Art Ways

java.io.IOException: Server returned HTTP response code: 400 for URL: http://twitter.com/share?url=http://www.ct.com/entertainment/photos/wcct-creative-cocktail-hour-real-art-ways-20130118,0,758595.photogallery?index=wcct-creative-cocktail-hour-real-art-ways-2013-006&text=Photos: Creative Cocktail Hour @ Real Art Ways

java.io.FileNotFoundException: http://www.ct.com/entertainment/photos/wcct-creative-cocktail-hour-real-art-ways-20130118,0,758595.photogallery/entertainment/photos/wcct-creative-cocktail-hour-real-art-ways-20130118,0,758595.photogallery?index=wcct-creative-cocktail-hour-real-art-ways-2013-023

java.io.FileNotFoundException: http://www.ct.com/entertainment/photos/wcct-creative-cocktail-hour-real-art-ways-20130118,0,758595.photogallery/entertainment/photos/wcct-creative-cocktail-hour-real-art-ways-20130118,0,758595.photogallery?index=wcct-creative-cocktail-hour-real-art-ways-2013-022

java.io.FileNotFoundException: http://www.hr.com/en/communities/ihr_compensation/job_analysis__evaluation_and_grading/compensation_salary_surveys//en/communities/staffing_and_recruitment/employment_applications/screening__assessment_and_testing/assessment/

java.io.IOException: Server returned HTTP response code: 503 for URL: http://www.stumbleupon.com/submit?url=http://www.ct.com/entertainment/photos/wcct-creative-cocktail-hour-real-art-ways-20130118,0,758595.photogallery?index=wcct-creative-cocktail-hour-real-art-ways-2013-006&title=Photos: Creative Cocktail Hour @ Real Art Ways

java.io.FileNotFoundException: http://www.ct.com/entertainment/photos/wcct-creative-cocktail-hour-real-art-ways-20130118,0,758595.photogallery/entertainment/photos/wcct-creative-cocktail-hour-real-art-ways-20130118,0,758595.photogallery?index=wcct-creative-cocktail-hour-real-art-ways-2013-021

java.io.FileNotFoundException: http://www.ct.com/entertainment/photos/wcct-creative-cocktail-hour-real-art-ways-20130118,0,758595.photogallery/entertainment/photos/wcct-creative-cocktail-hour-real-art-ways-20130118,0,758595.photogallery?index=wcct-creative-cocktail-hour-real-art-ways-2013-020

java.io.FileNotFoundException: http://www.ct.com/entertainment/photos/wcct-creative-cocktail-hour-real-art-ways-20130118,0,758595.photogallery/entertainment/photos/wcct-creative-cocktail-hour-real-art-ways-20130118,0,768769,email.photogallery?index=wcct-creative-cocktail-hour-real-art-ways-2013-006

java.io.FileNotFoundException: http://www.hr.com/en/communities/ihr_compensation/job_analysis__evaluation_and_grading/compensation_salary_surveys//en/communities/staffing_and_recruitment/employment_applications/screening__assessment_and_testing/assessment/technology_based_assessment_systems/

java.io.FileNotFoundException: http://www.hr.com/en/communities/ihr_hr_in_california//en/communities/legal/legislation/u_s__based_legal_issues/americans_with_disabilities_act/

java.io.FileNotFoundException: http://www.ct.com/entertainment/photos/wcct-creative-cocktail-hour-real-art-ways-20130118,0,758595.photogallery/entertainment/photos/wtxx-photos-zac-brown-band-at-the-comcast-theatre-20130903,3,7142717.photogallery

java.io.FileNotFoundException: http://www.ct.com/entertainment/photos/wcct-creative-cocktail-hour-real-art-ways-20130118,0,758595.photogallery/entertainment/photos/wtxx-photos-maroon-5-and-kelly-clarkson-at-the-comcast-theatre-20130901,3,6831419.photogallery

java.io.FileNotFoundException: http://www.hr.com/en/communities/ihr_compensation/job_analysis__evaluation_and_grading/compensation_salary_surveys//en/communities/staffing_and_recruitment/employment_applications/screening__assessment_and_testing/assessment/assessment_centers/

java.io.FileNotFoundException: http://www.ct.com/entertainment/photos/wcct-creative-cocktail-hour-real-art-ways-20130118,0,758595.photogallery/entertainment/photos/wtxx-30-funny-dennis-reynolds-quotes-20130830,3,1076019.photogallery

java.io.FileNotFoundException: http://www.ct.com/entertainment/photos/wcct-creative-cocktail-hour-real-art-ways-20130118,0,758595.photogallery/entertainment/photos/wtxx-photos-toby-keith-at-the-comcast-theatre-20130826,3,7631547.photogallery

java.io.FileNotFoundException: http://www.ct.com/entertainment/photos/wcct-creative-cocktail-hour-real-art-ways-20130118,0,758595.photogallery/entertainment/photos/wtxx-photos-afropunk-festival-20130829,3,3528706.photogallery

java.io.FileNotFoundException: http://www.hr.com/en/communities/ihr_compensation/job_analysis__evaluation_and_grading/compensation_salary_surveys//en/communities/staffing_and_recruitment/employment_applications/screening__assessment_and_testing/screening/

java.io.FileNotFoundException: http://www.hr.com/en/communities/ihr_compensation/job_analysis__evaluation_and_grading/compensation_salary_surveys//en/communities/staffing_and_recruitment/employment_applications/screening__assessment_and_testing/screening/structured_interviews/

java.io.FileNotFoundException: http://www.hr.com/en/communities/ihr_compensation/job_analysis__evaluation_and_grading/compensation_salary_surveys//en/communities/staffing_and_recruitment/employment_applications/screening__assessment_and_testing/screening/person_job_fit/

java.io.FileNotFoundException: http://www.hr.com/en/communities/ihr_compensation/job_analysis__evaluation_and_grading/compensation_salary_surveys//en/communities/staffing_and_recruitment/employment_applications/screening__assessment_and_testing/screening/person_job_fit//

java.io.FileNotFoundException: http://www.hr.com/en/communities/ihr_compensation/job_analysis__evaluation_and_grading/compensation_salary_surveys//en/communities/staffing_and_recruitment/employment_applications/screening__assessment_and_testing/screening/situational_judgement/

java.io.FileNotFoundException: http://www.hr.com/en/communities/ihr_compensation/job_analysis__evaluation_and_grading/compensation_salary_surveys//en/communities/staffing_and_recruitment/employment_applications/screening__assessment_and_testing/screening/biodata/

java.io.FileNotFoundException: http://www.hr.com/en/communities/ihr_compensation/job_analysis__evaluation_and_grading/compensation_salary_surveys//en/communities/staffing_and_recruitment/employment_applications/screening__assessment_and_testing/screening/automated_qualifications_screening/

java.io.FileNotFoundException: http://www.hr.com/en/communities/ihr_compensation/job_analysis__evaluation_and_grading/compensation_salary_surveys//en/communities/staffing_and_recruitment/employment_applications/screening__assessment_and_testing/testing/

java.io.FileNotFoundException: http://www.hr.com/en/communities/ihr_compensation/job_analysis__evaluation_and_grading/compensation_salary_surveys//en/communities/staffing_and_recruitment/employment_applications/screening__assessment_and_testing/testing/innovations_in_testing/

java.io.FileNotFoundException: http://www.hr.com/en/communities/ihr_compensation/job_analysis__evaluation_and_grading/compensation_salary_surveys//en/communities/staffing_and_recruitment/employment_applications/screening__assessment_and_testing/testing/test_validation/

java.io.FileNotFoundException: http://www.hr.com/en/communities/ihr_compensation/job_analysis__evaluation_and_grading/compensation_salary_surveys//en/communities/staffing_and_recruitment/employment_applications/screening__assessment_and_testing/testing/knowledge_skills_testing/

java.io.FileNotFoundException: http://www.hr.com/en/communities/ihr_compensation/job_analysis__evaluation_and_grading/compensation_salary_surveys//en/communities/staffing_and_recruitment/employment_applications/screening__assessment_and_testing/testing/cognitive_ability_testing/

java.io.FileNotFoundException: http://www.hr.com/en/communities/ihr_hr_in_california//en/communities/legal/legislation/u_s__based_legal_issues/fmla/

java.io.FileNotFoundException: http://www.hr.com/en/communities/ihr_compensation/job_analysis__evaluation_and_grading/compensation_salary_surveys//en/communities/staffing_and_recruitment/employment_applications/screening__assessment_and_testing/testing/behavioral_based_testing/

java.io.FileNotFoundException: http://www.ct.com/entertainment/photos/wcct-dixies-tupperware-party-the-palace-theater-20130117,0,2055270.photogallery/promotions/contests

java.io.FileNotFoundException: http://www.ct.com/entertainment/photos/wcct-dixies-tupperware-party-the-palace-theater-20130117,0,2055270.photogallery/entertainment/photos/wcct-dixies-tupperware-party-the-palace-theater-20130117,0,2055270.photogallery?

java.io.FileNotFoundException: http://www.ct.com/entertainment/photos/wcct-dixies-tupperware-party-the-palace-theater-20130117,0,2055270.photogallery/entertainment/photos/wcct-dixies-tupperware-party-the-palace-theater-20130117,0,2055270.photogallery?index=wcct-dixies-tupperware-party-the-palace-theate-017

java.net.MalformedURLException: no protocol: ?screen=108

java.io.FileNotFoundException: http://www.ct.com/entertainment/photos/wcct-dixies-tupperware-party-the-palace-theater-20130117,0,2055270.photogallery/entertainment/photos/wcct-dixies-tupperware-party-the-palace-theater-20130117,0,2055270.photogallery?index=wcct-dixies-tupperware-party-the-palace-theate-016

java.io.FileNotFoundException: http://www.ct.com/entertainment/photos/wcct-dixies-tupperware-party-the-palace-theater-20130117,0,2055270.photogallery/entertainment/photos/wcct-dixies-tupperware-party-the-palace-theater-20130117,0,2055270.photogallery?index=wcct-dixies-tupperware-party-the-palace-theate-006

java.io.FileNotFoundException: http://www.ct.com/entertainment/photos/wcct-dixies-tupperware-party-the-palace-theater-20130117,0,2055270.photogallery/entertainment/photos/wcct-dixies-tupperware-party-the-palace-theater-20130117,0,2055270.photogallery?index=wcct-dixies-tupperware-party-the-palace-theate-015

java.io.FileNotFoundException: http://www.ct.com/entertainment/photos/wcct-dixies-tupperware-party-the-palace-theater-20130117,0,2055270.photogallery/entertainment/photos/wcct-dixies-tupperware-party-the-palace-theater-20130117,0,2055270.photogallery?index=wcct-dixies-tupperware-party-the-palace-theate-005

java.io.FileNotFoundException: http://www.ct.com/entertainment/photos/wcct-dixies-tupperware-party-the-palace-theater-20130117,0,2055270.photogallery/entertainment/photos/wcct-dixies-tupperware-party-the-palace-theater-20130117,0,2055270.photogallery?index=wcct-dixies-tupperware-party-the-palace-theate-003

java.io.FileNotFoundException: http://www.ct.com/entertainment/photos/wcct-dixies-tupperware-party-the-palace-theater-20130117,0,2055270.photogallery/entertainment/photos/wcct-dixies-tupperware-party-the-palace-theater-20130117,0,2055270.photogallery?index=wcct-dixies-tupperware-party-the-palace-theate-004

java.io.FileNotFoundException: http://www.ct.com/entertainment/photos/wcct-dixies-tupperware-party-the-palace-theater-20130117,0,2055270.photogallery/entertainment/photos/wcct-dixies-tupperware-party-the-palace-theater-20130117,0,2055270.photogallery?index=wcct-dixies-tupperware-party-the-palace-theate-014

java.io.FileNotFoundException: http://www.ct.com/entertainment/photos/wcct-dixies-tupperware-party-the-palace-theater-20130117,0,2055270.photogallery/entertainment/photos/wcct-dixies-tupperware-party-the-palace-theater-20130117,0,2055270.photogallery?index=wcct-dixies-tupperware-party-the-palace-theate-013

java.io.FileNotFoundException: http://www.hr.com/en/communities/ihr_compensation/job_analysis__evaluation_and_grading/compensation_surveys//en/communities/leadership/leading_self/worklife_balance/

java.io.FileNotFoundException: http://www.ct.com/entertainment/photos/wcct-dixies-tupperware-party-the-palace-theater-20130117,0,2055270.photogallery/entertainment/photos/wcct-dixies-tupperware-party-the-palace-theater-20130117,0,2055270.photogallery?index=wcct-dixies-tupperware-party-the-palace-theate-012

java.io.IOException: Server returned HTTP response code: 400 for URL: http://www.facebook.com/share.php?&u=http://www.ct.com/entertainment/photos/wcct-dixies-tupperware-party-the-palace-theater-20130117,0,2055270.photogallery?index=wcct-dixies-tupperware-party-the-palace-theate-017&t=Photos: Dixie's Tupperware Party @ The Palace Theater

java.io.FileNotFoundException: http://www.ct.com/entertainment/photos/wcct-dixies-tupperware-party-the-palace-theater-20130117,0,2055270.photogallery/entertainment/photos/wcct-dixies-tupperware-party-the-palace-theater-20130117,0,2055270.photogallery?index=wcct-dixies-tupperware-party-the-palace-theate-011

java.io.FileNotFoundException: http://www.ct.com/entertainment/photos/wcct-dixies-tupperware-party-the-palace-theater-20130117,0,2055270.photogallery/entertainment/photos/wcct-dixies-tupperware-party-the-palace-theater-20130117,0,2055270.photogallery?index=wcct-dixies-tupperware-party-the-palace-theate-010

java.io.FileNotFoundException: http://www.ct.com/entertainment/photos/wcct-dixies-tupperware-party-the-palace-theater-20130117,0,2055270.photogallery/entertainment/photos/wcct-dixies-tupperware-party-the-palace-theater-20130117,0,2055270.photogallery?index=wcct-dixies-tupperware-party-the-palace-theate-009

java.io.IOException: Server returned HTTP response code: 400 for URL: http://twitter.com/share?url=http://www.ct.com/entertainment/photos/wcct-dixies-tupperware-party-the-palace-theater-20130117,0,2055270.photogallery?index=wcct-dixies-tupperware-party-the-palace-theate-017&text=Photos: Dixie's Tupperware Party @ The Palace Theater

java.io.IOException: Server returned HTTP response code: 503 for URL: http://www.stumbleupon.com/submit?url=http://www.ct.com/entertainment/photos/wcct-dixies-tupperware-party-the-palace-theater-20130117,0,2055270.photogallery?index=wcct-dixies-tupperware-party-the-palace-theate-017&title=Photos: Dixie's Tupperware Party @ The Palace Theater

java.io.FileNotFoundException: http://www.ct.com/entertainment/photos/wcct-dixies-tupperware-party-the-palace-theater-20130117,0,2055270.photogallery/entertainment/photos/wcct-dixies-tupperware-party-the-palace-theater-20130117,0,6356361,email.photogallery?index=wcct-dixies-tupperware-party-the-palace-theate-017

java.io.FileNotFoundException: http://www.hr.com/en/communities/ihr_compensation/job_analysis__evaluation_and_grading/compensation_surveys//en/communities/leadership/selection/

java.io.FileNotFoundException: http://www.hr.com/en/communities/ihr_compensation/job_analysis__evaluation_and_grading/compensation_surveys//en/communities/leadership/strategic_decision_making/

java.io.FileNotFoundException: http://www.hr.com/en/communities/ihr_compensation/job_analysis__evaluation_and_grading/compensation_surveys//en/communities/leadership/measurement_and_metrics/

java.io.FileNotFoundException: http://www.hr.com/en/communities/ihr_compensation/job_analysis__evaluation_and_grading/compensation_surveys//en/communities/leadership/succession_planning/

java.io.FileNotFoundException: http://www.ct.com/entertainment/photos/wcct-dixies-tupperware-party-the-palace-theater-20130117,0,2055270.photogallery/entertainment/photos/wtxx-photos-maroon-5-and-kelly-clarkson-at-the-comcast-theatre-20130901,0,2631515.photogallery

java.io.FileNotFoundException: http://www.ct.com/entertainment/photos/wcct-dixies-tupperware-party-the-palace-theater-20130117,0,2055270.photogallery/entertainment/photos/wtxx-photos-zac-brown-band-at-the-comcast-theatre-20130903,0,2968062.photogallery

java.io.FileNotFoundException: http://www.ct.com/entertainment/photos/wcct-dixies-tupperware-party-the-palace-theater-20130117,0,2055270.photogallery/entertainment/photos/wtxx-30-funny-dennis-reynolds-quotes-20130830,0,2914621.photogallery

java.io.FileNotFoundException: http://www.ct.com/entertainment/photos/wcct-dixies-tupperware-party-the-palace-theater-20130117,0,2055270.photogallery/entertainment/photos/wtxx-photos-afropunk-festival-20130829,0,2469816.photogallery

java.io.FileNotFoundException: http://www.hr.com/en/communities/ihr_compensation/job_analysis__evaluation_and_grading/compensation_surveys//en/communities/leadership/trends/

java.io.FileNotFoundException: http://www.hr.com/en/communities/ihr_compensation/job_analysis__evaluation_and_grading/compensation_surveys//en/communities/leadership/vision__values_and_mission/

java.io.FileNotFoundException: http://www.ct.com/entertainment/photos/wcct-dixies-tupperware-party-the-palace-theater-20130117,0,2055270.photogallery/entertainment/photos/wtxx-photos-toby-keith-at-the-comcast-theatre-20130826,0,2068060.photogallery

java.io.FileNotFoundException: http://www.ct.com/entertainment/photos/wcct-dixies-tupperware-party-the-palace-theater-20130117,0,2055270.photogallery/entertainment/photos/wtxx-photos-john-mayer-at-the-comcast-theatre-20130819,0,6538307.photogallery

java.io.FileNotFoundException: http://www.hr.com/en/communities/ihr_compensation/job_analysis__evaluation_and_grading/compensation_surveys//en/communities/legal/

java.io.FileNotFoundException: http://www.hr.com/en/communities/ihr_compensation/job_analysis__evaluation_and_grading/compensation_surveys//en/communities/legal/benefits_and_compensation_law/

java.net.MalformedURLException: no protocol: ?screen=107

java.io.FileNotFoundException: http://www.ct.com/entertainment/photos/wcct-dixies-tupperware-party-the-palace-theater-20130117,0,2055270.photogallery/entertainment/photos/wtxx-photos-john-mayer-performing-at-the-comcast-theatre-20130819,0,155400.photogallery

java.io.FileNotFoundException: http://www.hr.com/en/communities/ihr_compensation/job_analysis__evaluation_and_grading/compensation_surveys//en/communities/legal/business_and_finance/

java.io.FileNotFoundException: http://www.ct.com/entertainment/photos/wcct-dixies-tupperware-party-the-palace-theater-20130117,0,2055270.photogallery/entertainment/photos/wtxx-photos-rockstar-energy-drink-uproar-festival-2013-20130813,0,5213107.photogallery

java.io.FileNotFoundException: http://www.ct.com/entertainment/photos/wcct-dixies-tupperware-party-the-palace-theater-20130117,0,2055270.photogallery/entertainment/photos/wtxx-photos-rockstar-energy-drink-uproar-festival-2013-performers-20130813,0,7369410.photogallery

java.io.FileNotFoundException: http://www.hr.com/en/communities/ihr_compensation/job_analysis__evaluation_and_grading/compensation_surveys//en/communities/legal/contract_disputes/

java.io.FileNotFoundException: http://www.ct.com/entertainment/photos/wcct-dixies-tupperware-party-the-palace-theater-20130117,0,2055270.photogallery/entertainment/photos/hc-electric-run-5k-20130811,0,6790488.photogallery

java.io.FileNotFoundException: http://www.hr.com/en/communities/ihr_compensation/job_analysis__evaluation_and_grading/compensation_surveys//en/communities/legal/court_cases/

java.io.FileNotFoundException: http://www.hr.com/en/communities/ihr_compensation/job_analysis__evaluation_and_grading/compensation_surveys//en/communities/legal/employment_discrimination/

java.io.FileNotFoundException: http://www.hr.com/en/communities/ihr_compensation/job_analysis__evaluation_and_grading/compensation_salary_surveys//en/communities/staffing_and_recruitment/employment_applications/screening__assessment_and_testing/testing/personality_testing/

java.io.FileNotFoundException: http://www.hr.com/en/communities/ihr_compensation/job_analysis__evaluation_and_grading/compensation_salary_surveys//en/communities/staffing_and_recruitment/employment_applications/screening__assessment_and_testing/testing/test_development/

java.io.FileNotFoundException: http://www.ct.com/entertainment/photos/wcct-creative-cocktail-hour-real-art-ways-20130118,0,758595.photogallery/entertainment/photos/wtxx-photos-john-mayer-at-the-comcast-theatre-20130819,3,4101801.photogallery

java.io.FileNotFoundException: http://www.ct.com/entertainment/photos/wcct-creative-cocktail-hour-real-art-ways-20130118,0,758595.photogallery/entertainment/photos/wtxx-photos-john-mayer-performing-at-the-comcast-theatre-20130819,3,7420571.photogallery

java.io.FileNotFoundException: http://www.ct.com/entertainment/photos/wcct-creative-cocktail-hour-real-art-ways-20130118,0,758595.photogallery/entertainment/photos/wtxx-photos-rockstar-energy-drink-uproar-festival-2013-20130813,3,166712.photogallery

java.io.FileNotFoundException: http://www.hr.com/en/communities/ihr_compensation/job_analysis__evaluation_and_grading/compensation_salary_surveys//en/communities/staffing_and_recruitment/employment_contracts/

java.io.FileNotFoundException: http://www.hr.com/en/communities/ihr_compensation/job_analysis__evaluation_and_grading/compensation_salary_surveys//en/communities/staffing_and_recruitment/expatriate_selection/

java.io.FileNotFoundException: http://www.hr.com/en/communities/ihr_compensation/job_analysis__evaluation_and_grading/compensation_salary_surveys//en/communities/staffing_and_recruitment/job_analysis__evaluation_and_grading/job_descriptions/

java.io.FileNotFoundException: http://www.hr.com/en/communities/ihr_compensation/job_analysis__evaluation_and_grading/compensation_salary_surveys//en/communities/staffing_and_recruitment/job_analysis__evaluation_and_grading/

java.io.FileNotFoundException: http://www.ct.com/entertainment/photos/wcct-creative-cocktail-hour-real-art-ways-20130118,0,758595.photogallery/entertainment/photos/hc-electric-run-5k-20130811,3,4135709.photogallery

java.io.FileNotFoundException: http://www.ct.com/entertainment/photos/wcct-creative-cocktail-hour-real-art-ways-20130118,0,758595.photogallery/entertainment/photos/wtxx-photos-rockstar-energy-drink-uproar-festival-2013-performers-20130813,3,48676.photogallery

java.io.FileNotFoundException: http://www.hr.com/en/communities/ihr_compensation/job_analysis__evaluation_and_grading/compensation_salary_surveys//en/communities/staffing_and_recruitment/job_analysis__evaluation_and_grading/salary_surveys/

java.io.FileNotFoundException: http://www.hr.com/en/communities/ihr_compensation/job_analysis__evaluation_and_grading/compensation_salary_surveys//en/communities/staffing_and_recruitment/job_analysis__evaluation_and_grading/job_requisitions/

java.io.FileNotFoundException: http://www.hr.com/en/communities/ihr_compensation/job_analysis__evaluation_and_grading/compensation_salary_surveys//en/communities/staffing_and_recruitment/labor_trends/

java.io.FileNotFoundException: http://www.hr.com/en/communities/ihr_compensation/job_analysis__evaluation_and_grading/compensation_salary_surveys//en/communities/staffing_and_recruitment/online_staffing__and_sourcing/

java.io.FileNotFoundException: http://www.hr.com/en/communities/ihr_compensation/job_analysis__evaluation_and_grading/compensation_salary_surveys//en/communities/staffing_and_recruitment/online_staffing__and_sourcing/corporate_website/

java.io.FileNotFoundException: http://www.ct.com/entertainment/photos/wcct-photos-martians-martinis-20130114,0,3512616.photogallery/wheretogo

java.io.FileNotFoundException: http://www.hr.com/en/communities/ihr_compensation/job_analysis__evaluation_and_grading/compensation_salary_surveys//en/communities/staffing_and_recruitment/online_staffing__and_sourcing/corporate_website/best_practices/

java.io.FileNotFoundException: http://www.hr.com/en/communities/ihr_compensation/job_analysis__evaluation_and_grading/compensation_salary_surveys//en/communities/staffing_and_recruitment/online_staffing__and_sourcing/corporate_website/candidate_experience/

java.io.FileNotFoundException: http://www.hr.com/en/communities/ihr_compensation/job_analysis__evaluation_and_grading/compensation_salary_surveys//en/communities/staffing_and_recruitment/online_staffing__and_sourcing/workforce_planning/

java.io.FileNotFoundException: http://www.ct.com/entertainment/photos/wcct-photos-martians-martinis-20130114,0,3512616.photogallery/whattodo

java.io.FileNotFoundException: http://www.hr.com/en/communities/ihr_compensation/job_analysis__evaluation_and_grading/compensation_salary_surveys//en/communities/staffing_and_recruitment/online_staffing__and_sourcing/workforce_planning/labor_market_stats/

java.io.FileNotFoundException: http://www.hr.com/en/communities/ihr_compensation/job_analysis__evaluation_and_grading/compensation_salary_surveys//en/communities/staffing_and_recruitment/online_staffing__and_sourcing/workforce_planning/talent_gaps/

java.io.FileNotFoundException: http://www.hr.com/en/communities/ihr_compensation/job_analysis__evaluation_and_grading/compensation_salary_surveys//en/communities/staffing_and_recruitment/online_staffing__and_sourcing/workforce_planning/competitive_intelligence/

java.io.FileNotFoundException: http://www.hr.com/en/communities/ihr_compensation/job_analysis__evaluation_and_grading/compensation_salary_surveys//en/communities/staffing_and_recruitment/online_staffing__and_sourcing/sourcing/job_boards/

java.io.FileNotFoundException: http://www.hr.com/en/communities/ihr_compensation/job_analysis__evaluation_and_grading/compensation_salary_surveys//en/communities/staffing_and_recruitment/online_staffing__and_sourcing/sourcing/

java.io.FileNotFoundException: http://www.hr.com/en/communities/ihr_compensation/job_analysis__evaluation_and_grading/compensation_surveys//en/communities/legal/employment_contracts_and_non_competes/

java.io.FileNotFoundException: http://www.hr.com/en/communities/ihr_compensation/job_analysis__evaluation_and_grading/compensation_surveys//en/communities/legal/environmental/

java.io.FileNotFoundException: http://www.ct.com/entertainment/photos/wtxx-10-hilarious-liz-lemon-quotes-20130110,0,2352387.photogallery/

java.io.FileNotFoundException: http://www.ct.com/entertainment/photos/wcct-photos-martians-martinis-20130114,0,3512616.photogallery/entertainment/restaurants

java.io.FileNotFoundException: http://www.hr.com/en/communities/ihr_compensation/job_analysis__evaluation_and_grading/compensation_surveys//en/communities/legal/internet_related/

java.io.FileNotFoundException: http://www.hr.com/en/communities/ihr_compensation/job_analysis__evaluation_and_grading/compensation_surveys//en/communities/legal/legal_trends/

java.io.FileNotFoundException: http://www.ct.com/entertainment/photos/wtxx-10-hilarious-liz-lemon-quotes-20130110,0,2352387.photogallery/wheretogo

java.io.FileNotFoundException: http://www.hr.com/en/communities/ihr_compensation/job_analysis__evaluation_and_grading/compensation_surveys//en/communities/legal/legislation/

java.io.FileNotFoundException: http://www.hr.com/en/communities/ihr_compensation/job_analysis__evaluation_and_grading/compensation_surveys//en/communities/legal/legislation/canadian_legal_issues/

java.io.FileNotFoundException: http://www.hr.com/en/communities/ihr_compensation/job_analysis__evaluation_and_grading/compensation_surveys//en/communities/legal/legislation/international_legal_issues/

java.io.FileNotFoundException: http://www.hr.com/en/communities/ihr_compensation/job_analysis__evaluation_and_grading/compensation_surveys//en/communities/legal/legislation/u_s__based_legal_issues/

java.io.FileNotFoundException: http://www.hr.com/en/communities/ihr_compensation/job_analysis__evaluation_and_grading/compensation_surveys//en/communities/legal/legislation/u_s__based_legal_issues/americans_with_disabilities_act/

java.io.FileNotFoundException: http://www.hr.com/en/communities/ihr_compensation/job_analysis__evaluation_and_grading/compensation_surveys//en/communities/legal/legislation/u_s__based_legal_issues/fmla/

java.io.FileNotFoundException: http://www.hr.com/en/communities/ihr_compensation/job_analysis__evaluation_and_grading/compensation_surveys//en/communities/legal/legislation/u_s__based_legal_issues/wage_and_hour/

java.io.FileNotFoundException: http://www.ct.com/entertainment/photos/wcct-photos-martians-martinis-20130114,0,3512616.photogallery/news/advocates

java.io.FileNotFoundException: http://www.hr.com/en/communities/ihr_compensation/job_analysis__evaluation_and_grading/compensation_surveys//en/communities/legal/privacy/

java.io.FileNotFoundException: http://www.hr.com/en/communities/ihr_compensation/job_analysis__evaluation_and_grading/compensation_surveys//en/communities/legal/training_on_compliance/

java.io.FileNotFoundException: http://www.ct.com/entertainment/photos/wcct-photos-martians-martinis-20130114,0,3512616.photogallery/

java.net.MalformedURLException: no protocol: personal/deposits/deposits-account-1.jsp

java.io.FileNotFoundException: http://www.hr.com/en/communities/ihr_compensation/job_analysis__evaluation_and_grading/compensation_surveys//en/communities/legal/termination/

java.io.FileNotFoundException: http://www.hr.com/en/communities/ihr_compensation/job_analysis__evaluation_and_grading/compensation_surveys//en/communities/legal/workplace_regulations/

java.io.FileNotFoundException: http://www.hr.com/en/communities/ihr_compensation/job_analysis__evaluation_and_grading/compensation_surveys//en/communities/legal/legal_compliance_in_india/

java.io.FileNotFoundException: http://www.hr.com/en/communities/ihr_compensation/job_analysis__evaluation_and_grading/compensation_surveys//en/communities/onboarding_001/

java.io.FileNotFoundException: http://www.hr.com/en/communities/ihr_compensation/job_analysis__evaluation_and_grading/compensation_surveys//en/communities/organizational_development/

java.io.FileNotFoundException: http://www.hr.com/en/communities/ihr_compensation/job_analysis__evaluation_and_grading/compensation_surveys//en/communities/organizational_development/career_and_succession_planning/

java.io.FileNotFoundException: http://www.ct.com/entertainment/photos/wcct-photos-martians-martinis-20130114,0,3512616.photogallery/entertainment/best-of-ct/

java.io.FileNotFoundException: http://www.hr.com/en/communities/ihr_compensation/job_analysis__evaluation_and_grading/compensation_surveys//en/communities/organizational_development/communication_programs/

java.io.FileNotFoundException: http://www.hr.com/en/communities/ihr_compensation/job_analysis__evaluation_and_grading/compensation_surveys//en/communities/organizational_development/change_management/

java.io.FileNotFoundException: http://www.hr.com/en/communities/ihr_compensation/job_analysis__evaluation_and_grading/compensation_surveys//en/communities/organizational_development/creativity_and_innovation/

java.io.FileNotFoundException: http://www.hr.com/en/communities/ihr_compensation/job_analysis__evaluation_and_grading/compensation_surveys//en/communities/organizational_development/diversity/

java.io.FileNotFoundException: http://www.hr.com/en/communities/ihr_compensation/job_analysis__evaluation_and_grading/compensation_surveys//en/communities/organizational_development/employee_satisfaction_engagement/

java.io.FileNotFoundException: http://www.hr.com/en/communities/ihr_compensation/job_analysis__evaluation_and_grading/compensation_surveys//en/communities/organizational_development/decision_making/

java.io.FileNotFoundException: http://www.hr.com/en/communities/ihr_compensation/job_analysis__evaluation_and_grading/compensation_surveys//en/communities/organizational_development/high_performing_teams/

java.io.FileNotFoundException: http://www.ct.com/entertainment/photos/wcct-photos-martians-martinis-20130114,0,3512616.photogallery/entertainment/tv/cw

java.io.FileNotFoundException: http://www.hr.com/en/communities/ihr_compensation/job_analysis__evaluation_and_grading/compensation_surveys//en/communities/organizational_development/job_design_telework/

java.io.FileNotFoundException: http://www.hr.com/en/communities/ihr_compensation/job_analysis__evaluation_and_grading/compensation_surveys//en/communities/organizational_development/measurement_of_culture_and_climate/

java.io.FileNotFoundException: http://www.hr.com/en/communities/ihr_compensation/job_analysis__evaluation_and_grading/compensation_surveys//en/communities/organizational_development/knowledge_management/

java.io.FileNotFoundException: http://www.hr.com/en/communities/ihr_compensation/job_analysis__evaluation_and_grading/compensation_surveys//en/communities/organizational_development/mergers_and_acquisitions/

java.io.FileNotFoundException: http://www.hr.com/en/communities/ihr_compensation/job_analysis__evaluation_and_grading/compensation_surveys//en/communities/organizational_development/organizational_diagnosis/

java.io.FileNotFoundException: http://www.hr.com/en/communities/ihr_compensation/job_analysis__evaluation_and_grading/compensation_salary_surveys//en/communities/staffing_and_recruitment/online_staffing__and_sourcing/sourcing/social_media/

java.io.FileNotFoundException: http://www.hr.com/en/communities/ihr_compensation/job_analysis__evaluation_and_grading/compensation_salary_surveys//en/communities/staffing_and_recruitment/online_staffing__and_sourcing/sourcing/job_fairs_open_houses/

java.io.FileNotFoundException: http://www.ct.com/entertainment/photos/wcct-photos-martians-martinis-20130114,0,3512616.photogallery/entertainment/photos/wcct-photos-martians-martinis-20130114,0,3512616.photogallery?

java.io.FileNotFoundException: http://www.hr.com/en/communities/ihr_compensation/job_analysis__evaluation_and_grading/compensation_salary_surveys//en/communities/staffing_and_recruitment/online_staffing__and_sourcing/sourcing/onsite_advertising_pay_per_lead/

java.io.FileNotFoundException: http://www.hr.com/en/communities/ihr_compensation/job_analysis__evaluation_and_grading/compensation_salary_surveys//en/communities/staffing_and_recruitment/online_staffing__and_sourcing/sourcing/employee_referrals/

java.io.FileNotFoundException: http://www.ct.com/entertainment/photos/wtxx-10-hilarious-liz-lemon-quotes-20130110,0,2352387.photogallery/whattodo

java.io.FileNotFoundException: http://www.ct.com/entertainment/photos/wcct-photos-martians-martinis-20130114,0,3512616.photogallery/promotions/contests

java.io.FileNotFoundException: http://www.hr.com/en/communities/ihr_compensation/job_analysis__evaluation_and_grading/compensation_salary_surveys//en/communities/staffing_and_recruitment/online_staffing__and_sourcing/candidate_marketing/

java.io.FileNotFoundException: http://www.hr.com/en/communities/ihr_compensation/job_analysis__evaluation_and_grading/compensation_salary_surveys//en/communities/staffing_and_recruitment/online_staffing__and_sourcing/candidate_marketing/crm/

java.io.FileNotFoundException: http://www.hr.com/en/communities/ihr_compensation/job_analysis__evaluation_and_grading/compensation_salary_surveys//en/communities/staffing_and_recruitment/online_staffing__and_sourcing/candidate_marketing/job_distribution/

java.io.FileNotFoundException: http://www.hr.com/en/communities/ihr_compensation/job_analysis__evaluation_and_grading/compensation_salary_surveys//en/communities/staffing_and_recruitment/online_staffing__and_sourcing/candidate_marketing/seo/

java.io.FileNotFoundException: http://www.hr.com/en/communities/ihr_compensation/job_analysis__evaluation_and_grading/compensation_salary_surveys//en/communities/staffing_and_recruitment/online_staffing__and_sourcing/candidate_marketing/data_clean_up_appends/

java.io.FileNotFoundException: http://www.hr.com/en/communities/ihr_compensation/job_analysis__evaluation_and_grading/compensation_salary_surveys//en/communities/staffing_and_recruitment/online_staffing__and_sourcing/candidate_marketing/campaign_management/

java.io.FileNotFoundException: http://www.hr.com/en/communities/ihr_compensation/job_analysis__evaluation_and_grading/compensation_salary_surveys//en/communities/staffing_and_recruitment/online_staffing__and_sourcing/candidate_marketing/resume_mining/

java.io.FileNotFoundException: http://www.hr.com/en/communities/ihr_compensation/job_analysis__evaluation_and_grading/compensation_salary_surveys//en/communities/staffing_and_recruitment/online_staffing__and_sourcing/candidate_marketing/talent_management_acquisition_systems/

java.io.FileNotFoundException: http://www.hr.com/en/communities/ihr_compensation/job_analysis__evaluation_and_grading/compensation_salary_surveys//en/communities/staffing_and_recruitment/online_staffing__and_sourcing/advanced_tools/

java.io.FileNotFoundException: http://www.hr.com/en/communities/ihr_compensation/job_analysis__evaluation_and_grading/compensation_salary_surveys//en/communities/staffing_and_recruitment/online_staffing__and_sourcing/advanced_tools/mobile/

java.io.FileNotFoundException: http://www.hr.com/en/communities/ihr_compensation/job_analysis__evaluation_and_grading/compensation_salary_surveys//en/communities/staffing_and_recruitment/online_staffing__and_sourcing/advanced_tools/other/

java.io.FileNotFoundException: http://www.hr.com/en/communities/ihr_compensation/job_analysis__evaluation_and_grading/compensation_salary_surveys//en/communities/staffing_and_recruitment/online_staffing__and_sourcing/advanced_tools/search_001/

java.io.FileNotFoundException: http://www.hr.com/en/communities/ihr_compensation/job_analysis__evaluation_and_grading/compensation_salary_surveys//en/communities/staffing_and_recruitment/online_staffing__and_sourcing/talent_pools/

java.io.FileNotFoundException: http://www.hr.com/en/communities/ihr_compensation/job_analysis__evaluation_and_grading/compensation_salary_surveys//en/communities/staffing_and_recruitment/online_staffing__and_sourcing/talent_pools/vertical/

java.io.FileNotFoundException: http://www.hr.com/en/communities/ihr_compensation/job_analysis__evaluation_and_grading/compensation_salary_surveys//en/communities/staffing_and_recruitment/online_staffing__and_sourcing/talent_pools/hard_to_fill/

java.io.FileNotFoundException: http://www.hr.com/en/communities/ihr_compensation/job_analysis__evaluation_and_grading/compensation_salary_surveys//en/communities/staffing_and_recruitment/online_staffing__and_sourcing/screening/

java.io.FileNotFoundException: http://www.hr.com/en/communities/ihr_compensation/job_analysis__evaluation_and_grading/compensation_salary_surveys//en/communities/staffing_and_recruitment/online_staffing__and_sourcing/talent_pools/alumni/

java.io.FileNotFoundException: http://www.hr.com/en/communities/ihr_compensation/job_analysis__evaluation_and_grading/compensation_salary_surveys//en/communities/staffing_and_recruitment/online_staffing__and_sourcing/screening/assessment/

java.io.FileNotFoundException: http://www.ct.com/entertainment/photos/wtxx-10-hilarious-liz-lemon-quotes-20130110,0,2352387.photogallery/entertainment/restaurants

java.io.FileNotFoundException: http://www.hr.com/en/communities/ihr_compensation/job_analysis__evaluation_and_grading/compensation_salary_surveys//en/communities/staffing_and_recruitment/online_staffing__and_sourcing/screening/reference/

java.io.IOException: Server returned HTTP response code: 403 for URL: http://shatin.haibao.hk

java.io.FileNotFoundException: http://www.ct.com/entertainment/photos/wtxx-10-hilarious-liz-lemon-quotes-20130110,0,2352387.photogallery/entertainment/music

java.io.FileNotFoundException: http://www.ct.com/entertainment/photos/wtxx-10-hilarious-liz-lemon-quotes-20130110,0,2352387.photogallery/news/advocates

java.io.FileNotFoundException: http://www.ct.com/entertainment/photos/wtxx-10-hilarious-liz-lemon-quotes-20130110,0,2352387.photogallery/entertainment/best-of-ct/

java.io.FileNotFoundException: http://www.ct.com/entertainment/photos/wtxx-10-hilarious-liz-lemon-quotes-20130110,0,2352387.photogallery/entertainment/tv/cw

java.io.FileNotFoundException: http://www.ct.com/entertainment/photos/wcct-photos-martians-martinis-20130114,0,3512616.photogallery/entertainment/photos/wcct-photos-martians-martinis-20130114,0,3512616.photogallery?index=wcct-photos-martians-martinis-20130114-017

java.io.FileNotFoundException: http://www.ct.com/entertainment/photos/wcct-photos-martians-martinis-20130114,0,3512616.photogallery/entertainment/photos/wcct-photos-martians-martinis-20130114,0,3512616.photogallery?index=wcct-photos-martians-martinis-20130114-018

java.io.FileNotFoundException: http://www.ct.com/entertainment/photos/wcct-photos-martians-martinis-20130114,0,3512616.photogallery/entertainment/photos/wcct-photos-martians-martinis-20130114,0,3512616.photogallery?index=wcct-photos-martians-martinis-20130114-016

java.io.FileNotFoundException: http://www.ct.com/entertainment/photos/wcct-photos-martians-martinis-20130114,0,3512616.photogallery/entertainment/photos/wcct-photos-martians-martinis-20130114,0,3512616.photogallery?index=wcct-photos-martians-martinis-20130114-015

java.io.FileNotFoundException: http://www.ct.com/entertainment/photos/wcct-photos-martians-martinis-20130114,0,3512616.photogallery/entertainment/photos/wcct-photos-martians-martinis-20130114,0,3512616.photogallery?index=wcct-photos-martians-martinis-20130114-014

java.io.FileNotFoundException: http://www.ct.com/entertainment/photos/wcct-photos-martians-martinis-20130114,0,3512616.photogallery/entertainment/photos/wcct-photos-martians-martinis-20130114,0,3512616.photogallery?index=wcct-photos-martians-martinis-20130114-013

java.io.FileNotFoundException: http://www.ct.com/entertainment/photos/wcct-photos-martians-martinis-20130114,0,3512616.photogallery/entertainment/photos/wcct-photos-martians-martinis-20130114,0,3512616.photogallery?index=wcct-photos-martians-martinis-20130114-012

java.io.FileNotFoundException: http://www.ct.com/entertainment/photos/wcct-photos-martians-martinis-20130114,0,3512616.photogallery/entertainment/photos/wcct-photos-martians-martinis-20130114,0,3512616.photogallery?index=wcct-photos-martians-martinis-20130114-011

java.io.FileNotFoundException: http://www.ct.com/entertainment/photos/wcct-photos-martians-martinis-20130114,0,3512616.photogallery/entertainment/photos/wcct-photos-martians-martinis-20130114,0,3512616.photogallery?index=wcct-photos-martians-martinis-20130114-010

java.io.FileNotFoundException: http://www.ct.com/entertainment/photos/wcct-photos-martians-martinis-20130114,0,3512616.photogallery/entertainment/photos/wcct-photos-martians-martinis-20130114,0,3512616.photogallery?index=wcct-photos-martians-martinis-20130114-009

java.io.FileNotFoundException: http://www.hr.com/en/communities/ihr_compensation/job_analysis__evaluation_and_grading/compensation_surveys//en/communities/organizational_development/re_engineering/

java.io.IOException: Server returned HTTP response code: 400 for URL: http://twitter.com/share?url=http://www.ct.com/entertainment/photos/wcct-photos-martians-martinis-20130114,0,3512616.photogallery?index=wcct-photos-martians-martinis-20130114-017&text=PHOTOS: Martians & Martinis

java.io.IOException: Server returned HTTP response code: 400 for URL: http://www.facebook.com/share.php?&u=http://www.ct.com/entertainment/photos/wcct-photos-martians-martinis-20130114,0,3512616.photogallery?index=wcct-photos-martians-martinis-20130114-017&t=PHOTOS: Martians & Martinis

java.io.FileNotFoundException: http://www.ct.com/entertainment/photos/wcct-photos-martians-martinis-20130114,0,3512616.photogallery/entertainment/photos/wcct-photos-martians-martinis-20130114,0,3512616.photogallery?index=wcct-photos-martians-martinis-20130114-008

java.io.FileNotFoundException: http://www.ct.com/entertainment/photos/wcct-photos-martians-martinis-20130114,0,3512616.photogallery/entertainment/photos/wcct-photos-martians-martinis-20130114,0,3512616.photogallery?index=wcct-photos-martians-martinis-20130114-007

java.io.FileNotFoundException: http://www.ct.com/entertainment/photos/wcct-photos-martians-martinis-20130114,0,3512616.photogallery/entertainment/photos/wcct-photos-martians-martinis-20130114,0,3512616.photogallery?index=wcct-photos-martians-martinis-20130114-006

java.io.IOException: Server returned HTTP response code: 503 for URL: http://www.stumbleupon.com/submit?url=http://www.ct.com/entertainment/photos/wcct-photos-martians-martinis-20130114,0,3512616.photogallery?index=wcct-photos-martians-martinis-20130114-017&title=PHOTOS: Martians & Martinis

java.io.FileNotFoundException: http://www.ct.com/entertainment/photos/wcct-photos-martians-martinis-20130114,0,3512616.photogallery/entertainment/photos/wcct-photos-martians-martinis-20130114,0,1582177,email.photogallery?index=wcct-photos-martians-martinis-20130114-017

java.io.FileNotFoundException: http://www.hr.com/en/communities/ihr_compensation/job_analysis__evaluation_and_grading/compensation_surveys//en/communities/organizational_development/skills_competencies/

java.io.FileNotFoundException: http://www.hr.com/en/communities/ihr_compensation/job_analysis__evaluation_and_grading/compensation_surveys//en/communities/organizational_development/strategic_hr/

java.io.FileNotFoundException: http://www.hr.com/en/communities/ihr_compensation/job_analysis__evaluation_and_grading/compensation_surveys//en/communities/payroll_hris_hris_payroll__audits__compliance_and_risk_management_001/

java.io.FileNotFoundException: http://www.ct.com/entertainment/photos/wcct-photos-martians-martinis-20130114,0,3512616.photogallery/entertainment/photos/wtxx-photos-zac-brown-band-at-the-comcast-theatre-20130903,0,2968062.photogallery

java.io.FileNotFoundException: http://www.ct.com/entertainment/photos/wcct-photos-martians-martinis-20130114,0,3512616.photogallery/entertainment/photos/wtxx-photos-maroon-5-and-kelly-clarkson-at-the-comcast-theatre-20130901,0,2631515.photogallery

java.io.FileNotFoundException: http://www.hr.com/en/communities/ihr_compensation/job_analysis__evaluation_and_grading/compensation_surveys//en/communities/performance_management/

java.io.FileNotFoundException: http://www.ct.com/entertainment/photos/wcct-photos-martians-martinis-20130114,0,3512616.photogallery/entertainment/photos/wtxx-30-funny-dennis-reynolds-quotes-20130830,0,2914621.photogallery

java.io.FileNotFoundException: http://www.hr.com/en/communities/ihr_compensation/job_analysis__evaluation_and_grading/compensation_surveys//en/communities/performance_management/cascading_goals/

java.net.MalformedURLException: no protocol: category.php?id=33&brand=960

java.io.FileNotFoundException: http://www.ct.com/entertainment/photos/wcct-photos-martians-martinis-20130114,0,3512616.photogallery/entertainment/photos/wtxx-photos-afropunk-festival-20130829,0,2469816.photogallery

java.net.MalformedURLException: no protocol: ?screen=106

java.io.FileNotFoundException: http://www.ct.com/entertainment/photos/wcct-photos-martians-martinis-20130114,0,3512616.photogallery/entertainment/photos/wtxx-photos-toby-keith-at-the-comcast-theatre-20130826,0,2068060.photogallery

java.io.FileNotFoundException: http://www.hr.com/en/communities/ihr_compensation/job_analysis__evaluation_and_grading/compensation_surveys//en/communities/performance_management/competencies/

java.io.FileNotFoundException: http://www.ct.com/entertainment/photos/wcct-photos-martians-martinis-20130114,0,3512616.photogallery/entertainment/photos/wtxx-photos-john-mayer-at-the-comcast-theatre-20130819,0,6538307.photogallery

java.io.FileNotFoundException: http://www.hr.com/en/communities/ihr_compensation/job_analysis__evaluation_and_grading/compensation_salary_surveys//en/communities/staffing_and_recruitment/online_staffing__and_sourcing/screening/interviewing/

java.io.FileNotFoundException: http://www.ct.com/entertainment/photos/wcct-photos-martians-martinis-20130114,0,3512616.photogallery/entertainment/photos/wtxx-photos-john-mayer-performing-at-the-comcast-theatre-20130819,0,155400.photogallery

java.io.FileNotFoundException: http://www.hr.com/en/communities/ihr_compensation/job_analysis__evaluation_and_grading/compensation_salary_surveys//en/communities/staffing_and_recruitment/online_staffing__and_sourcing/screening/criminal_background_checking/

java.io.FileNotFoundException: http://www.hr.com/en/communities/ihr_compensation/job_analysis__evaluation_and_grading/compensation_salary_surveys//en/communities/staffing_and_recruitment/online_staffing__and_sourcing/compliance/

java.io.FileNotFoundException: http://www.hr.com/en/communities/ihr_compensation/job_analysis__evaluation_and_grading/compensation_salary_surveys//en/communities/staffing_and_recruitment/online_staffing__and_sourcing/compliance/i9/

java.io.FileNotFoundException: http://www.hr.com/en/communities/ihr_compensation/job_analysis__evaluation_and_grading/compensation_salary_surveys//en/communities/staffing_and_recruitment/online_staffing__and_sourcing/compliance/eeo/

java.io.FileNotFoundException: http://www.hr.com/en/communities/ihr_compensation/job_analysis__evaluation_and_grading/compensation_salary_surveys//en/communities/staffing_and_recruitment/online_staffing__and_sourcing/compliance/privacy/

java.io.FileNotFoundException: http://www.hr.com/en/communities/ihr_compensation/job_analysis__evaluation_and_grading/compensation_salary_surveys//en/communities/staffing_and_recruitment/online_staffing__and_sourcing/compliance/social_media/

java.io.FileNotFoundException: http://www.hr.com/en/communities/ihr_compensation/job_analysis__evaluation_and_grading/compensation_salary_surveys//en/communities/staffing_and_recruitment/online_staffing__and_sourcing/online_staffing_sourcing_metrics/

java.io.FileNotFoundException: http://www.hr.com/en/communities/ihr_compensation/job_analysis__evaluation_and_grading/compensation_salary_surveys//en/communities/staffing_and_recruitment/privacy_and_security/

java.io.FileNotFoundException: http://www.hr.com/en/communities/ihr_compensation/job_analysis__evaluation_and_grading/compensation_salary_surveys//en/communities/staffing_and_recruitment/relocation/

java.io.FileNotFoundException: http://www.hr.com/en/communities/ihr_compensation/job_analysis__evaluation_and_grading/compensation_salary_surveys//en/communities/staffing_and_recruitment/recruitment_process_outsourcing/

java.io.FileNotFoundException: http://www.hr.com/en/communities/ihr_compensation/job_analysis__evaluation_and_grading/compensation_salary_surveys//en/communities/staffing_and_recruitment/retention/

java.io.FileNotFoundException: http://www.hr.com/en/communities/ihr_compensation/job_analysis__evaluation_and_grading/compensation_salary_surveys//en/communities/staffing_and_recruitment/roi_on_investment_in_staffing_technology/

java.io.FileNotFoundException: http://www.hr.com/en/communities/ihr_compensation/job_analysis__evaluation_and_grading/compensation_salary_surveys//en/communities/staffing_and_recruitment/staffing_technology/

java.io.FileNotFoundException: http://www.ct.com/entertainment/photos/wtxx-10-hilarious-liz-lemon-quotes-20130110,0,2352387.photogallery/promotions/contests

java.io.FileNotFoundException: http://www.ct.com/entertainment/photos/wtxx-10-hilarious-liz-lemon-quotes-20130110,0,2352387.photogallery/entertainment/photos/wtxx-10-hilarious-liz-lemon-quotes-20130110,0,2352387.photogallery?

java.io.FileNotFoundException: http://www.ct.com/entertainment/photos/wtxx-10-hilarious-liz-lemon-quotes-20130110,0,2352387.photogallery/entertainment/photos/wtxx-10-hilarious-liz-lemon-quotes-20130110,0,2352387.photogallery?index=wtxx-10-hilarious-liz-lemon-quotes-20130110-004

java.io.FileNotFoundException: http://www.ct.com/entertainment/photos/wtxx-10-hilarious-liz-lemon-quotes-20130110,0,2352387.photogallery/entertainment/photos/wtxx-10-hilarious-liz-lemon-quotes-20130110,0,2352387.photogallery?index=wtxx-10-hilarious-liz-lemon-quotes-20130110-001

java.io.FileNotFoundException: http://www.ct.com/entertainment/photos/wtxx-10-hilarious-liz-lemon-quotes-20130110,0,2352387.photogallery/entertainment/photos/wtxx-10-hilarious-liz-lemon-quotes-20130110,0,2352387.photogallery?index=wtxx-10-hilarious-liz-lemon-quotes-20130110-002

java.io.FileNotFoundException: http://www.ct.com/entertainment/photos/wtxx-10-hilarious-liz-lemon-quotes-20130110,0,2352387.photogallery/entertainment/photos/wtxx-10-hilarious-liz-lemon-quotes-20130110,0,2352387.photogallery?index=wtxx-10-hilarious-liz-lemon-quotes-20130110-009

java.io.FileNotFoundException: http://www.ct.com/entertainment/photos/wtxx-10-hilarious-liz-lemon-quotes-20130110,0,2352387.photogallery/entertainment/photos/wtxx-10-hilarious-liz-lemon-quotes-20130110,0,2352387.photogallery?index=wtxx-10-hilarious-liz-lemon-quotes-20130110-005

java.io.FileNotFoundException: http://www.ct.com/entertainment/photos/wtxx-10-hilarious-liz-lemon-quotes-20130110,0,2352387.photogallery/entertainment/photos/wtxx-10-hilarious-liz-lemon-quotes-20130110,0,2352387.photogallery?index=wtxx-10-hilarious-liz-lemon-quotes-20130110-008

java.io.FileNotFoundException: http://www.ct.com/entertainment/photos/wtxx-10-hilarious-liz-lemon-quotes-20130110,0,2352387.photogallery/entertainment/photos/wtxx-10-hilarious-liz-lemon-quotes-20130110,0,2352387.photogallery?index=wtxx-10-hilarious-liz-lemon-quotes-20130110-006

java.io.FileNotFoundException: http://www.ct.com/entertainment/photos/wtxx-10-hilarious-liz-lemon-quotes-20130110,0,2352387.photogallery/entertainment/photos/wtxx-10-hilarious-liz-lemon-quotes-20130110,0,2352387.photogallery?index=wtxx-10-hilarious-liz-lemon-quotes-20130110-003

java.io.IOException: Server returned HTTP response code: 400 for URL: http://twitter.com/share?url=http://www.ct.com/entertainment/photos/wtxx-10-hilarious-liz-lemon-quotes-20130110,0,2352387.photogallery?index=wtxx-10-hilarious-liz-lemon-quotes-20130110-004&text=10 Hilarious Liz Lemon Quotes

java.io.FileNotFoundException: http://www.ct.com/entertainment/photos/wtxx-10-hilarious-liz-lemon-quotes-20130110,0,2352387.photogallery/entertainment/photos/wtxx-10-hilarious-liz-lemon-quotes-20130110,0,2352387.photogallery?index=wtxx-10-hilarious-liz-lemon-quotes-20130110-007

java.io.IOException: Server returned HTTP response code: 400 for URL: http://www.facebook.com/share.php?&u=http://www.ct.com/entertainment/photos/wtxx-10-hilarious-liz-lemon-quotes-20130110,0,2352387.photogallery?index=wtxx-10-hilarious-liz-lemon-quotes-20130110-004&t=10 Hilarious Liz Lemon Quotes

java.io.FileNotFoundException: http://www.ct.com/entertainment/photos/wtxx-10-hilarious-liz-lemon-quotes-20130110,0,2352387.photogallery/entertainment/photos/wtxx-10-hilarious-liz-lemon-quotes-20130110,0,2352387.photogallery?index=wtxx-10-hilarious-liz-lemon-quotes-20130110-010

java.io.FileNotFoundException: http://www.ct.com/entertainment/photos/wtxx-10-hilarious-liz-lemon-quotes-20130110,0,2352387.photogallery/entertainment/photos/wtxx-10-hilarious-liz-lemon-quotes-20130110,0,3483631,email.photogallery?index=wtxx-10-hilarious-liz-lemon-quotes-20130110-004

java.io.IOException: Server returned HTTP response code: 503 for URL: http://www.stumbleupon.com/submit?url=http://www.ct.com/entertainment/photos/wtxx-10-hilarious-liz-lemon-quotes-20130110,0,2352387.photogallery?index=wtxx-10-hilarious-liz-lemon-quotes-20130110-004&title=10 Hilarious Liz Lemon Quotes

java.io.FileNotFoundException: http://www.hr.com/en/communities/ihr_compensation/job_analysis__evaluation_and_grading/compensation_surveys//en/communities/performance_management/culture/

java.io.FileNotFoundException: http://www.ct.com/entertainment/photos/wtxx-10-hilarious-liz-lemon-quotes-20130110,0,2352387.photogallery/entertainment/photos/wtxx-photos-zac-brown-band-at-the-comcast-theatre-20130903,0,2968062.photogallery

java.io.FileNotFoundException: http://www.ct.com/entertainment/photos/wtxx-10-hilarious-liz-lemon-quotes-20130110,0,2352387.photogallery/entertainment/photos/wtxx-photos-maroon-5-and-kelly-clarkson-at-the-comcast-theatre-20130901,0,2631515.photogallery

java.io.FileNotFoundException: http://www.ct.com/entertainment/photos/wtxx-10-hilarious-liz-lemon-quotes-20130110,0,2352387.photogallery/entertainment/photos/wtxx-30-funny-dennis-reynolds-quotes-20130830,0,2914621.photogallery

java.io.FileNotFoundException: http://www.hr.com/en/communities/ihr_compensation/job_analysis__evaluation_and_grading/compensation_surveys//en/communities/performance_management/job_description/

java.io.FileNotFoundException: http://www.hr.com/en/communities/ihr_compensation/job_analysis__evaluation_and_grading/compensation_surveys//en/communities/performance_management/legal_compliance/

java.io.FileNotFoundException: http://www.hr.com/en/communities/ihr_compensation/job_analysis__evaluation_and_grading/compensation_surveys//en/communities/performance_management/feedback_processes/

java.io.FileNotFoundException: http://www.hr.com/en/communities/ihr_compensation/job_analysis__evaluation_and_grading/compensation_surveys//en/communities/performance_management/motivation/

java.io.FileNotFoundException: http://www.ct.com/entertainment/photos/wtxx-10-hilarious-liz-lemon-quotes-20130110,0,2352387.photogallery/entertainment/photos/wtxx-photos-toby-keith-at-the-comcast-theatre-20130826,0,2068060.photogallery

java.io.FileNotFoundException: http://www.ct.com/entertainment/photos/wtxx-10-hilarious-liz-lemon-quotes-20130110,0,2352387.photogallery/entertainment/photos/wtxx-photos-afropunk-festival-20130829,0,2469816.photogallery

java.io.FileNotFoundException: http://www.hr.com/en/communities/ihr_compensation/job_analysis__evaluation_and_grading/compensation_surveys//en/communities/performance_management/pay_for_performance/

java.io.FileNotFoundException: http://www.hr.com/en/communities/ihr_compensation/job_analysis__evaluation_and_grading/compensation_surveys//en/communities/performance_management/pm_assessment/

java.io.FileNotFoundException: http://www.ct.com/entertainment/photos/wtxx-10-hilarious-liz-lemon-quotes-20130110,0,2352387.photogallery/entertainment/photos/wtxx-photos-john-mayer-at-the-comcast-theatre-20130819,0,6538307.photogallery

java.io.FileNotFoundException: http://www.ct.com/entertainment/photos/wtxx-10-hilarious-liz-lemon-quotes-20130110,0,2352387.photogallery/entertainment/photos/wtxx-photos-john-mayer-performing-at-the-comcast-theatre-20130819,0,155400.photogallery

java.io.FileNotFoundException: http://www.ct.com/entertainment/photos/wtxx-10-hilarious-liz-lemon-quotes-20130110,0,2352387.photogallery/entertainment/photos/wtxx-photos-rockstar-energy-drink-uproar-festival-2013-20130813,0,5213107.photogallery

java.io.FileNotFoundException: http://www.hr.com/en/communities/ihr_compensation/job_analysis__evaluation_and_grading/compensation_surveys//en/communities/performance_management/pm_metrics/

java.io.FileNotFoundException: http://www.ct.com/entertainment/photos/wtxx-10-hilarious-liz-lemon-quotes-20130110,0,2352387.photogallery/entertainment/photos/wtxx-photos-rockstar-energy-drink-uproar-festival-2013-performers-20130813,0,7369410.photogallery

java.io.FileNotFoundException: http://www.hr.com/en/communities/ihr_compensation/job_analysis__evaluation_and_grading/compensation_surveys//en/communities/performance_management/pm_retention/

java.io.FileNotFoundException: http://www.hr.com/en/communities/ihr_compensation/job_analysis__evaluation_and_grading/compensation_surveys//en/communities/performance_management/pm_succession_planning/

java.io.FileNotFoundException: http://www.ct.com/entertainment/photos/wtxx-10-hilarious-liz-lemon-quotes-20130110,0,2352387.photogallery/entertainment/photos/hc-electric-run-5k-20130811,0,6790488.photogallery

java.io.FileNotFoundException: http://www.hr.com/en/communities/ihr_compensation/job_analysis__evaluation_and_grading/compensation_surveys//en/communities/performance_management/technology/

java.io.FileNotFoundException: http://www.hr.com/en/communities/ihr_compensation/job_analysis__evaluation_and_grading/compensation_surveys//en/communities/performance_management/performance_reviews/

java.io.FileNotFoundException: http://www.hr.com/en/communities/ihr_compensation/job_analysis__evaluation_and_grading/compensation_surveys//en/communities/recruitment_process_outsourcing_001/

java.io.FileNotFoundException: http://www.hr.com/en/communities/ihr_compensation/job_analysis__evaluation_and_grading/compensation_surveys//en/communities/rewards_and_recognition_001/

java.io.FileNotFoundException: http://www.hr.com/en/communities/ihr_compensation/job_analysis__evaluation_and_grading/compensation_surveys//en/communities/social_media_and_employee_communications_001/

java.io.FileNotFoundException: http://www.hr.com/en/communities/ihr_compensation/job_analysis__evaluation_and_grading/compensation_surveys//en/communities/social_media_and_employee_communications_001/change_management/

java.io.FileNotFoundException: http://www.hr.com/en/communities/ihr_compensation/job_analysis__evaluation_and_grading/compensation_surveys//en/communities/social_media_and_employee_communications_001/training_learning_development/

java.io.FileNotFoundException: http://www.hr.com/en/communities/ihr_compensation/job_analysis__evaluation_and_grading/compensation_surveys//en/communities/social_media_and_employee_communications_001/employee_communication/

java.io.FileNotFoundException: http://www.hr.com/en/communities/ihr_compensation/job_analysis__evaluation_and_grading/compensation_surveys//en/communities/social_media_and_employee_communications_001/strategic_tactical_leadership/

java.io.FileNotFoundException: http://www.hr.com/en/communities/ihr_compensation/job_analysis__evaluation_and_grading/compensation_surveys//en/communities/social_media_and_employee_communications_001/recruitment_retention/

java.io.FileNotFoundException: http://www.hr.com/en/communities/ihr_hr_in_california//en/communities/legal/legislation/u_s__based_legal_issues/wage_and_hour/

java.io.FileNotFoundException: http://www.hr.com/en/communities/ihr_compensation/job_analysis__evaluation_and_grading/compensation_surveys//en/communities/social_media_and_employee_communications_001/employment_brand/

java.net.MalformedURLException: no protocol: personal/deposits/deposits-account-2.jsp

java.net.MalformedURLException: no protocol: ?screen=105

java.io.FileNotFoundException: http://www.hr.com/en/communities/ihr_compensation/job_analysis__evaluation_and_grading/compensation_salary_surveys//en/communities/staffing_and_recruitment/staffing_technology/applications_resume_profile_ivr/

java.io.FileNotFoundException: http://www.hr.com/en/communities/ihr_compensation/job_analysis__evaluation_and_grading/compensation_salary_surveys//en/communities/staffing_and_recruitment/staffing_technology/applications_resume_profile_ivr/employee_referral_systems_/

java.io.FileNotFoundException: http://www.hr.com/en/communities/ihr_compensation/job_analysis__evaluation_and_grading/compensation_salary_surveys//en/communities/staffing_and_recruitment/staffing_technology/global_talent_management_and_development_f2000/

java.io.FileNotFoundException: http://www.ct.com/entertainment/photos/wcct-photos-martians-martinis-20130114,0,3512616.photogallery/entertainment/photos/wtxx-photos-rockstar-energy-drink-uproar-festival-2013-20130813,0,5213107.photogallery

java.io.FileNotFoundException: http://www.ct.com/entertainment/photos/wcct-photos-martians-martinis-20130114,0,3512616.photogallery/entertainment/photos/wtxx-photos-rockstar-energy-drink-uproar-festival-2013-performers-20130813,0,7369410.photogallery

java.io.FileNotFoundException: http://www.hr.com/en/communities/ihr_compensation/job_analysis__evaluation_and_grading/compensation_salary_surveys//en/communities/staffing_and_recruitment/staffing_technology/talent_management_and_development__sme_/

java.io.FileNotFoundException: http://www.hr.com/en/communities/ihr_compensation/job_analysis__evaluation_and_grading/compensation_salary_surveys//en/communities/staffing_and_recruitment/staffing_technology/tms/

java.io.FileNotFoundException: http://www.hr.com/en/communities/ihr_compensation/job_analysis__evaluation_and_grading/compensation_salary_surveys//en/communities/staffing_and_recruitment/staffing_metrics/

java.io.FileNotFoundException: http://www.hr.com/en/communities/ihr_compensation/job_analysis__evaluation_and_grading/compensation_salary_surveys//en/communities/staffing_and_recruitment/staffing_technology/vendor_management_systems/

java.io.FileNotFoundException: http://www.hr.com/en/communities/ihr_compensation/job_analysis__evaluation_and_grading/compensation_salary_surveys//en/communities/staffing_and_recruitment/simulations_and_work_samples/

java.io.FileNotFoundException: http://www.ct.com/entertainment/photos/wcct-photos-martians-martinis-20130114,0,3512616.photogallery/entertainment/photos/hc-electric-run-5k-20130811,0,6790488.photogallery

java.io.FileNotFoundException: http://www.ct.com/entertainment/photos/wtxx-11-great-tina-fey-quotes-20130110,0,6883572.photogallery/

java.io.FileNotFoundException: http://www.hr.com/en/communities/ihr_compensation/job_analysis__evaluation_and_grading/compensation_salary_surveys//en/communities/staffing_and_recruitment/workforce_planning/

java.io.FileNotFoundException: http://www.hr.com/en/communities/ihr_compensation/job_analysis__evaluation_and_grading/compensation_salary_surveys//en/communities/staffing_and_recruitment/workforce_planning/executive_search/

java.io.FileNotFoundException: http://www.ct.com/entertainment/photos/wtxx-11-great-tina-fey-quotes-20130110,0,6883572.photogallery/wheretogo

java.io.FileNotFoundException: http://www.hr.com/en/communities/ihr_compensation/job_analysis__evaluation_and_grading/compensation_salary_surveys//en/communities/staffing_and_recruitment/workforce_planning/internet_recruiting/

java.io.FileNotFoundException: http://www.hr.com/en/communities/ihr_compensation/job_analysis__evaluation_and_grading/compensation_salary_surveys//en/communities/learning_management_systems_and_elearning/

java.io.FileNotFoundException: http://www.ct.com/entertainment/photos/wtxx-11-great-tina-fey-quotes-20130110,0,6883572.photogallery/whattodo

java.io.FileNotFoundException: http://www.hr.com/en/communities/ihr_compensation/job_analysis__evaluation_and_grading/compensation_salary_surveys//en/communities/ihr_quality_of_hire/

java.io.FileNotFoundException: http://www.hr.com/en/communities/ihr_compensation/job_analysis__evaluation_and_grading/compensation_salary_surveys//en/communities/training_and_development/

java.io.FileNotFoundException: http://www.ct.com/entertainment/photos/wtxx-a-veggie-new-year-great-local-vegetarian-dishes-20130109,0,2487360.photogallery/

java.io.FileNotFoundException: http://www.hr.com/en/communities/ihr_compensation/job_analysis__evaluation_and_grading/compensation_salary_surveys//en/communities/training_and_development/approaches_and_systems__not_software_/

java.io.FileNotFoundException: http://www.hr.com/en/communities/ihr_compensation/job_analysis__evaluation_and_grading/compensation_salary_surveys//en/communities/training_and_development/classroom/

java.io.FileNotFoundException: http://www.hr.com/en/communities/ihr_compensation/job_analysis__evaluation_and_grading/compensation_salary_surveys//en/communities/training_and_development/corporate_learning/

java.io.FileNotFoundException: http://www.hr.com/en/communities/ihr_compensation/job_analysis__evaluation_and_grading/compensation_salary_surveys//en/communities/training_and_development/corporate_learning/analytics_and_measurement/

java.io.FileNotFoundException: http://www.hr.com/en/communities/ihr_compensation/job_analysis__evaluation_and_grading/compensation_salary_surveys//en/communities/training_and_development/corporate_learning/authoring_tools/

java.io.FileNotFoundException: http://www.hr.com/en/communities/ihr_compensation/job_analysis__evaluation_and_grading/compensation_salary_surveys//en/communities/training_and_development/corporate_learning/blended_learning/

java.io.FileNotFoundException: http://www.hr.com/en/communities/ihr_compensation/job_analysis__evaluation_and_grading/compensation_salary_surveys//en/communities/training_and_development/corporate_learning/learning_content_management_systems/

java.io.FileNotFoundException: http://www.hr.com/en/communities/ihr_compensation/job_analysis__evaluation_and_grading/compensation_salary_surveys//en/communities/training_and_development/corporate_learning/implementation/

java.io.FileNotFoundException: http://www.hr.com/en/communities/ihr_compensation/job_analysis__evaluation_and_grading/compensation_salary_surveys//en/communities/training_and_development/corporate_learning/content_development/

java.io.FileNotFoundException: http://www.hr.com/en/communities/ihr_compensation/job_analysis__evaluation_and_grading/compensation_salary_surveys//en/communities/training_and_development/corporate_learning/learning_management_systems/

java.io.FileNotFoundException: http://www.hr.com/en/communities/ihr_compensation/job_analysis__evaluation_and_grading/compensation_salary_surveys//en/communities/training_and_development/corporate_learning/planning_and_strategy/

java.io.FileNotFoundException: http://www.hr.com/en/communities/ihr_compensation/job_analysis__evaluation_and_grading/compensation_salary_surveys//en/communities/training_and_development/corporate_learning/outsourcing_training/

java.io.FileNotFoundException: http://www.hr.com/en/communities/ihr_compensation/job_analysis__evaluation_and_grading/compensation_surveys//en/communities/social_media_and_employee_communications_001/culture/

java.io.FileNotFoundException: http://www.hr.com/en/communities/ihr_compensation/job_analysis__evaluation_and_grading/compensation_surveys//en/communities/social_media_and_employee_communications_001/internal_social_networks/

java.io.FileNotFoundException: http://www.hr.com/en/communities/ihr_compensation/job_analysis__evaluation_and_grading/compensation_surveys//en/communities/social_media_and_employee_communications_001/external_social_networks/

java.io.FileNotFoundException: http://www.ct.com/entertainment/photos/wtxx-11-great-tina-fey-quotes-20130110,0,6883572.photogallery/entertainment/music

java.io.FileNotFoundException: http://www.ct.com/entertainment/photos/wtxx-11-great-tina-fey-quotes-20130110,0,6883572.photogallery/news/advocates

java.io.FileNotFoundException: http://www.ct.com/entertainment/photos/wtxx-a-veggie-new-year-great-local-vegetarian-dishes-20130109,0,2487360.photogallery/whattodo

java.io.FileNotFoundException: http://www.ct.com/entertainment/photos/wtxx-a-veggie-new-year-great-local-vegetarian-dishes-20130109,0,2487360.photogallery/wheretogo

java.io.FileNotFoundException: http://www.ct.com/entertainment/photos/wtxx-11-great-tina-fey-quotes-20130110,0,6883572.photogallery/entertainment/restaurants

java.io.FileNotFoundException: http://www.hr.com/en/communities/ihr_compensation/job_analysis__evaluation_and_grading/compensation_surveys//en/communities/social_media_and_employee_communications_001/social_media_employee_communications_policies_procedures/

java.io.FileNotFoundException: http://www.hr.com/en/communities/ihr_compensation/job_analysis__evaluation_and_grading/compensation_surveys//en/communities/social_media_and_employee_communications_001/social_media_employee_communications_metrics/

java.io.FileNotFoundException: http://www.hr.com/en/communities/ihr_compensation/job_analysis__evaluation_and_grading/compensation_surveys//en/communities/social_media_and_employee_communications_001/social_media_employee_communications_legal_compliance/

java.io.FileNotFoundException: http://www.hr.com/en/communities/ihr_compensation/job_analysis__evaluation_and_grading/compensation_surveys//en/communities/social_media_and_employee_communications_001/social_media_employee_communications_tools_technology/

java.io.FileNotFoundException: http://www.hr.com/en/communities/ihr_compensation/job_analysis__evaluation_and_grading/compensation_surveys//en/communities/staffing_and_recruitment/

java.io.FileNotFoundException: http://www.hr.com/en/communities/ihr_compensation/job_analysis__evaluation_and_grading/compensation_surveys//en/communities/staffing_and_recruitment/career_transitions_and_outplacement/

java.io.FileNotFoundException: http://www.hr.com/en/communities/ihr_compensation/job_analysis__evaluation_and_grading/compensation_surveys//en/communities/staffing_and_recruitment/affirmative_action_eeo_diversity/

java.io.FileNotFoundException: http://www.hr.com/en/communities/ihr_compensation/job_analysis__evaluation_and_grading/compensation_surveys//en/communities/staffing_and_recruitment/competency_modeling/

java.io.FileNotFoundException: http://www.ct.com/entertainment/photos/wtxx-11-great-tina-fey-quotes-20130110,0,6883572.photogallery/entertainment/best-of-ct/

java.io.FileNotFoundException: http://www.hr.com/en/communities/ihr_compensation/job_analysis__evaluation_and_grading/compensation_surveys//en/communities/staffing_and_recruitment/corporate_career_portal/

java.io.FileNotFoundException: http://www.hr.com/en/communities/ihr_compensation/job_analysis__evaluation_and_grading/compensation_surveys//en/communities/staffing_and_recruitment/corporate_career_portal/corporate_branding_employer_branding/

java.io.FileNotFoundException: http://www.hr.com/en/communities/ihr_compensation/job_analysis__evaluation_and_grading/compensation_surveys//en/communities/staffing_and_recruitment/corporate_career_portal/online_media_job_boards/

java.io.FileNotFoundException: http://www.hr.com/en/communities/ihr_compensation/job_analysis__evaluation_and_grading/compensation_surveys//en/communities/staffing_and_recruitment/corporate_career_portal/internet_and_job_tools_courses/

java.io.FileNotFoundException: http://www.hr.com/en/communities/ihr_compensation/job_analysis__evaluation_and_grading/compensation_surveys//en/communities/staffing_and_recruitment/employment_applications/

java.io.FileNotFoundException: http://www.hr.com/en/communities/ihr_compensation/job_analysis__evaluation_and_grading/compensation_surveys//en/communities/staffing_and_recruitment/employment_applications/reference_checking/

java.io.FileNotFoundException: http://www.hr.com/en/communities/ihr_compensation/job_analysis__evaluation_and_grading/compensation_surveys//en/communities/staffing_and_recruitment/employment_applications/screening__assessment_and_testing/

java.io.FileNotFoundException: http://www.hr.com/en/communities/ihr_compensation/job_analysis__evaluation_and_grading/compensation_surveys//en/communities/staffing_and_recruitment/employment_applications/screening__assessment_and_testing/assessment/

java.io.FileNotFoundException: http://www.hr.com/en/communities/ihr_compensation/job_analysis__evaluation_and_grading/compensation_surveys//en/communities/staffing_and_recruitment/employment_applications/screening__assessment_and_testing/assessment/technology_based_assessment_systems/

java.io.FileNotFoundException: http://www.hr.com/en/communities/ihr_compensation/job_analysis__evaluation_and_grading/compensation_surveys//en/communities/staffing_and_recruitment/employment_applications/screening__assessment_and_testing/screening/

java.io.FileNotFoundException: http://www.hr.com/en/communities/ihr_compensation/job_analysis__evaluation_and_grading/compensation_surveys//en/communities/staffing_and_recruitment/employment_applications/screening__assessment_and_testing/assessment/assessment_centers/

java.io.FileNotFoundException: http://www.hr.com/en/communities/ihr_compensation/job_analysis__evaluation_and_grading/compensation_surveys//en/communities/staffing_and_recruitment/employment_applications/screening__assessment_and_testing/screening/person_job_fit/

java.io.FileNotFoundException: http://www.hr.com/en/communities/ihr_compensation/job_analysis__evaluation_and_grading/compensation_surveys//en/communities/staffing_and_recruitment/employment_applications/screening__assessment_and_testing/screening/structured_interviews/

java.io.FileNotFoundException: http://www.ct.com/entertainment/photos/wtxx-11-great-tina-fey-quotes-20130110,0,6883572.photogallery/entertainment/tv/cw

java.io.FileNotFoundException: http://www.hr.com/en/communities/ihr_compensation/job_analysis__evaluation_and_grading/compensation_surveys//en/communities/staffing_and_recruitment/employment_applications/screening__assessment_and_testing/screening/person_job_fit//

java.io.FileNotFoundException: http://www.hr.com/en/communities/ihr_compensation/job_analysis__evaluation_and_grading/compensation_surveys//en/communities/staffing_and_recruitment/employment_applications/screening__assessment_and_testing/screening/situational_judgement/

java.io.FileNotFoundException: http://www.ct.com/entertainment/photos/wtxx-11-great-tina-fey-quotes-20130110,0,6883572.photogallery/promotions/contests

java.io.FileNotFoundException: http://www.hr.com/en/communities/ihr_compensation/job_analysis__evaluation_and_grading/compensation_salary_surveys//en/communities/training_and_development/elearning/

java.io.FileNotFoundException: http://www.hr.com/en/communities/ihr_compensation/job_analysis__evaluation_and_grading/compensation_salary_surveys//en/communities/training_and_development/corporate_learning/simulations/

java.io.FileNotFoundException: http://www.ct.com/entertainment/photos/wtxx-11-great-tina-fey-quotes-20130110,0,6883572.photogallery/entertainment/photos/wtxx-11-great-tina-fey-quotes-20130110,0,6883572.photogallery?

java.io.FileNotFoundException: http://www.ct.com/entertainment/photos/wtxx-11-great-tina-fey-quotes-20130110,0,6883572.photogallery/entertainment/photos/wtxx-11-great-tina-fey-quotes-20130110,0,6883572.photogallery?index=wtxx-11-great-tina-fey-quotes-20130110-009

java.io.FileNotFoundException: http://www.ct.com/entertainment/photos/wtxx-11-great-tina-fey-quotes-20130110,0,6883572.photogallery/entertainment/photos/wtxx-11-great-tina-fey-quotes-20130110,0,6883572.photogallery?index=wtxx-11-great-tina-fey-quotes-20130110-011

java.io.FileNotFoundException: http://www.hr.com/en/communities/ihr_compensation/job_analysis__evaluation_and_grading/compensation_salary_surveys//en/communities/training_and_development/online_collaboration_tools/

java.io.FileNotFoundException: http://www.hr.com/en/communities/ihr_compensation/job_analysis__evaluation_and_grading/compensation_salary_surveys//en/communities/training_and_development/evaluations/

java.io.FileNotFoundException: http://www.hr.com/en/communities/ihr_compensation/job_analysis__evaluation_and_grading/compensation_salary_surveys//en/communities/training_and_development/games/

java.io.FileNotFoundException: http://www.hr.com/en/communities/ihr_compensation/job_analysis__evaluation_and_grading/compensation_salary_surveys//en/communities/training_and_development/online_collaboration_tools/video_conferencing/

java.io.FileNotFoundException: http://www.hr.com/en/communities/ihr_compensation/job_analysis__evaluation_and_grading/compensation_salary_surveys//en/communities/training_and_development/online_collaboration_tools/web_based/

java.io.FileNotFoundException: http://www.hr.com/en/communities/ihr_compensation/job_analysis__evaluation_and_grading/compensation_salary_surveys//en/communities/training_and_development/orientation/

java.io.FileNotFoundException: http://www.hr.com/en/communities/ihr_compensation/job_analysis__evaluation_and_grading/compensation_salary_surveys//en/communities/training_and_development/presentation_tips/

java.io.FileNotFoundException: http://www.hr.com/en/communities/ihr_compensation/job_analysis__evaluation_and_grading/compensation_salary_surveys//en/communities/workforce_management_001/

java.io.FileNotFoundException: http://www.hr.com/en/communities/ihr_compensation/job_analysis__evaluation_and_grading/compensation_salary_surveys//en/communities/workforce_planning_and_analytics/

java.io.FileNotFoundException: http://www.hr.com/en/communities/ihr_compensation/job_analysis__evaluation_and_grading/compensation_salary_surveys//en/communities/workforce_planning_and_analytics/hr_metrics_implementation/

java.io.FileNotFoundException: http://www.hr.com/en/communities/ihr_compensation/job_analysis__evaluation_and_grading/compensation_salary_surveys//en/communities/workforce_planning_and_analytics/hr_scorecards/

java.io.FileNotFoundException: http://www.hr.com/en/communities/ihr_compensation/job_analysis__evaluation_and_grading/compensation_salary_surveys//en/communities/workforce_planning_and_analytics/predictive_models/

java.io.FileNotFoundException: http://www.hr.com/en/communities/ihr_compensation/job_analysis__evaluation_and_grading/compensation_salary_surveys//en/communities/workforce_planning_and_analytics/labor_supply_demographics/

java.io.FileNotFoundException: http://www.hr.com/en/communities/ihr_compensation/job_analysis__evaluation_and_grading/compensation_salary_surveys//en/communities/workforce_planning_and_analytics/external_factors/

java.io.FileNotFoundException: http://www.hr.com/en/communities/ihr_compensation/job_analysis__evaluation_and_grading/compensation_salary_surveys//en/communities/workforce_planning_and_analytics/consulting/

java.io.FileNotFoundException: http://www.hr.com/en/communities/ihr_compensation/job_analysis__evaluation_and_grading/compensation_salary_surveys//en/communities/workforce_planning_and_analytics/data_cleansing/

java.io.FileNotFoundException: http://www.hr.com/en/communities/ihr_compensation/job_analysis__evaluation_and_grading/compensation_salary_surveys//en/communities/workforce_planning_and_analytics/workforce_planning_analytics_change_management/

java.io.FileNotFoundException: http://www.hr.com/en/communities/ihr_compensation/job_analysis__evaluation_and_grading/compensation_salary_surveys//en/communities/workforce_planning_and_analytics/internal_mobility/

java.io.FileNotFoundException: http://www.hr.com/en/communities/ihr_compensation/job_analysis__evaluation_and_grading/compensation_salary_surveys//en/communities/workforce_planning_and_analytics/downsizing/

java.io.FileNotFoundException: http://www.ct.com/entertainment/photos/wtxx-a-veggie-new-year-great-local-vegetarian-dishes-20130109,0,2487360.photogallery/entertainment/restaurants

java.io.FileNotFoundException: http://www.hr.com/en/communities/ihr_compensation/job_analysis__evaluation_and_grading/compensation_salary_surveys//en/communities/workforce_planning_and_analytics/mergers_acquisitions/

java.io.FileNotFoundException: http://www.hr.com/en/communities/ihr_compensation/job_analysis__evaluation_and_grading/compensation_salary_surveys//en/communities/workforce_planning_and_analytics/surveys_organization/

java.io.FileNotFoundException: http://www.hr.com/en/communities/ihr_compensation/job_analysis__evaluation_and_grading/compensation_salary_surveys//en/communities/workforce_planning_and_analytics/surveys_organization/polls/

java.io.FileNotFoundException: http://www.hr.com/en/communities/ihr_compensation/job_analysis__evaluation_and_grading/compensation_salary_surveys//en/communities/workforce_planning_and_analytics/surveys_organization/enterprise_surveys/

java.io.FileNotFoundException: http://www.hr.com/en/communities/ihr_compensation/job_analysis__evaluation_and_grading/compensation_salary_surveys//en/communities/workforce_planning_and_analytics/surveys_organization/market_research/

java.io.FileNotFoundException: http://www.hr.com/en/communities/ihr_compensation/job_analysis__evaluation_and_grading/compensation_salary_surveys//en/communities/workforce_planning_and_analytics/modelling/

java.io.FileNotFoundException: http://www.hr.com/en/communities/ihr_compensation/job_analysis__evaluation_and_grading/compensation_salary_surveys//en/communities/workforce_planning_and_analytics/modelling/location_modelling/

java.io.FileNotFoundException: http://www.hr.com/en/communities/ihr_compensation/job_analysis__evaluation_and_grading/compensation_salary_surveys//en/communities/workforce_planning_and_analytics/modelling/business_modelling/

java.io.FileNotFoundException: http://www.hr.com/en/communities/ihr_compensation/job_analysis__evaluation_and_grading/compensation_salary_surveys//en/communities/workforce_planning_and_analytics/modelling/org_charting/

java.io.FileNotFoundException: http://www.hr.com/en/communities/ihr_compensation/job_analysis__evaluation_and_grading/compensation_salary_surveys//en/communities/workforce_planning_and_analytics/benchmarking/

java.io.FileNotFoundException: http://www.ct.com/entertainment/photos/wtxx-a-veggie-new-year-great-local-vegetarian-dishes-20130109,0,2487360.photogallery/entertainment/music

java.io.FileNotFoundException: http://www.hr.com/en/communities/ihr_hr_in_california//en/communities/legal/privacy/

java.io.FileNotFoundException: http://www.ct.com/entertainment/photos/wtxx-a-veggie-new-year-great-local-vegetarian-dishes-20130109,0,2487360.photogallery/news/advocates

java.io.FileNotFoundException: http://www.ct.com/entertainment/photos/wtxx-a-veggie-new-year-great-local-vegetarian-dishes-20130109,0,2487360.photogallery/entertainment/best-of-ct/

java.io.FileNotFoundException: http://www.ct.com/entertainment/photos/wtxx-a-veggie-new-year-great-local-vegetarian-dishes-20130109,0,2487360.photogallery/entertainment/tv/cw

java.io.FileNotFoundException: http://www.ct.com/entertainment/photos/wtxx-11-great-tina-fey-quotes-20130110,0,6883572.photogallery/entertainment/photos/wtxx-11-great-tina-fey-quotes-20130110,0,6883572.photogallery?index=wtxx-11-great-tina-fey-quotes-20130110-007

java.io.FileNotFoundException: http://www.ct.com/entertainment/photos/wtxx-11-great-tina-fey-quotes-20130110,0,6883572.photogallery/entertainment/photos/wtxx-11-great-tina-fey-quotes-20130110,0,6883572.photogallery?index=wtxx-11-great-tina-fey-quotes-20130110-006

java.io.FileNotFoundException: http://www.ct.com/entertainment/photos/wtxx-11-great-tina-fey-quotes-20130110,0,6883572.photogallery/entertainment/photos/wtxx-11-great-tina-fey-quotes-20130110,0,6883572.photogallery?index=wtxx-11-great-tina-fey-quotes-20130110-005

java.io.FileNotFoundException: http://www.ct.com/entertainment/photos/wtxx-11-great-tina-fey-quotes-20130110,0,6883572.photogallery/entertainment/photos/wtxx-11-great-tina-fey-quotes-20130110,0,6883572.photogallery?index=wtxx-11-great-tina-fey-quotes-20130110-004

java.io.FileNotFoundException: http://www.ct.com/entertainment/photos/wtxx-11-great-tina-fey-quotes-20130110,0,6883572.photogallery/entertainment/photos/wtxx-11-great-tina-fey-quotes-20130110,0,6883572.photogallery?index=wtxx-11-great-tina-fey-quotes-20130110-003

java.io.FileNotFoundException: http://www.ct.com/entertainment/photos/wtxx-11-great-tina-fey-quotes-20130110,0,6883572.photogallery/entertainment/photos/wtxx-11-great-tina-fey-quotes-20130110,0,6883572.photogallery?index=wtxx-11-great-tina-fey-quotes-20130110-008

java.io.FileNotFoundException: http://www.ct.com/entertainment/photos/wtxx-11-great-tina-fey-quotes-20130110,0,6883572.photogallery/entertainment/photos/wtxx-11-great-tina-fey-quotes-20130110,0,6883572.photogallery?index=wtxx-11-great-tina-fey-quotes-20130110-010

java.io.FileNotFoundException: http://www.hr.com/en/communities/ihr_compensation/job_analysis__evaluation_and_grading/compensation_surveys//en/communities/staffing_and_recruitment/employment_applications/screening__assessment_and_testing/screening/biodata/

java.io.FileNotFoundException: http://www.ct.com/entertainment/photos/wtxx-11-great-tina-fey-quotes-20130110,0,6883572.photogallery/entertainment/photos/wtxx-11-great-tina-fey-quotes-20130110,0,6883572.photogallery?index=wtxx-11-great-tina-fey-quotes-20130110-002

java.io.FileNotFoundException: http://www.ct.com/entertainment/photos/wtxx-11-great-tina-fey-quotes-20130110,0,6883572.photogallery/entertainment/photos/wtxx-11-great-tina-fey-quotes-20130110,0,6883572.photogallery?index=wtxx-11-great-tina-fey-quotes-20130110-001

java.io.IOException: Server returned HTTP response code: 400 for URL: http://www.facebook.com/share.php?&u=http://www.ct.com/entertainment/photos/wtxx-11-great-tina-fey-quotes-20130110,0,6883572.photogallery?index=wtxx-11-great-tina-fey-quotes-20130110-011&t=11 Great Tina Fey Quotes

java.io.IOException: Server returned HTTP response code: 400 for URL: http://twitter.com/share?url=http://www.ct.com/entertainment/photos/wtxx-11-great-tina-fey-quotes-20130110,0,6883572.photogallery?index=wtxx-11-great-tina-fey-quotes-20130110-011&text=11 Great Tina Fey Quotes

java.io.IOException: Server returned HTTP response code: 503 for URL: http://www.stumbleupon.com/submit?url=http://www.ct.com/entertainment/photos/wtxx-11-great-tina-fey-quotes-20130110,0,6883572.photogallery?index=wtxx-11-great-tina-fey-quotes-20130110-011&title=11 Great Tina Fey Quotes

java.io.FileNotFoundException: http://www.ct.com/entertainment/photos/wtxx-11-great-tina-fey-quotes-20130110,0,6883572.photogallery/entertainment/photos/wtxx-11-great-tina-fey-quotes-20130110,0,4535790,email.photogallery?index=wtxx-11-great-tina-fey-quotes-20130110-011

java.io.FileNotFoundException: http://www.hr.com/en/communities/ihr_compensation/job_analysis__evaluation_and_grading/compensation_surveys//en/communities/staffing_and_recruitment/employment_applications/screening__assessment_and_testing/testing/

java.io.FileNotFoundException: http://www.hr.com/en/communities/ihr_compensation/job_analysis__evaluation_and_grading/compensation_surveys//en/communities/staffing_and_recruitment/employment_applications/screening__assessment_and_testing/screening/automated_qualifications_screening/

java.io.FileNotFoundException: http://www.hr.com/en/communities/ihr_compensation/job_analysis__evaluation_and_grading/compensation_surveys//en/communities/staffing_and_recruitment/employment_applications/screening__assessment_and_testing/testing/innovations_in_testing/

java.io.FileNotFoundException: http://www.ct.com/entertainment/photos/wtxx-11-great-tina-fey-quotes-20130110,0,6883572.photogallery/entertainment/photos/wtxx-photos-zac-brown-band-at-the-comcast-theatre-20130903,0,2968062.photogallery

java.io.FileNotFoundException: http://www.ct.com/entertainment/photos/wtxx-11-great-tina-fey-quotes-20130110,0,6883572.photogallery/entertainment/photos/wtxx-photos-maroon-5-and-kelly-clarkson-at-the-comcast-theatre-20130901,0,2631515.photogallery

java.io.FileNotFoundException: http://www.ct.com/entertainment/photos/wtxx-11-great-tina-fey-quotes-20130110,0,6883572.photogallery/entertainment/photos/wtxx-30-funny-dennis-reynolds-quotes-20130830,0,2914621.photogallery

java.io.FileNotFoundException: http://www.hr.com/en/communities/ihr_compensation/job_analysis__evaluation_and_grading/compensation_surveys//en/communities/staffing_and_recruitment/employment_applications/screening__assessment_and_testing/testing/test_validation/

java.io.FileNotFoundException: http://www.ct.com/entertainment/photos/wtxx-11-great-tina-fey-quotes-20130110,0,6883572.photogallery/entertainment/photos/wtxx-photos-afropunk-festival-20130829,0,2469816.photogallery

java.io.FileNotFoundException: http://www.hr.com/en/communities/ihr_compensation/job_analysis__evaluation_and_grading/compensation_surveys//en/communities/staffing_and_recruitment/employment_applications/screening__assessment_and_testing/testing/knowledge_skills_testing/

java.net.MalformedURLException: no protocol: category.php?id=33&brand=961

java.io.FileNotFoundException: http://www.ct.com/entertainment/photos/wtxx-11-great-tina-fey-quotes-20130110,0,6883572.photogallery/entertainment/photos/wtxx-photos-toby-keith-at-the-comcast-theatre-20130826,0,2068060.photogallery

java.io.FileNotFoundException: http://www.hr.com/en/communities/ihr_compensation/job_analysis__evaluation_and_grading/compensation_surveys//en/communities/staffing_and_recruitment/employment_applications/screening__assessment_and_testing/testing/behavioral_based_testing/

java.io.FileNotFoundException: http://www.ct.com/entertainment/photos/wtxx-11-great-tina-fey-quotes-20130110,0,6883572.photogallery/entertainment/photos/wtxx-photos-john-mayer-at-the-comcast-theatre-20130819,0,6538307.photogallery

java.io.FileNotFoundException: http://www.hr.com/en/communities/ihr_compensation/job_analysis__evaluation_and_grading/compensation_surveys//en/communities/staffing_and_recruitment/employment_applications/screening__assessment_and_testing/testing/cognitive_ability_testing/

java.io.FileNotFoundException: http://www.hr.com/en/communities/ihr_hr_in_california//en/communities/legal/training_on_compliance/

java.io.FileNotFoundException: http://www.ct.com/entertainment/photos/wtxx-11-great-tina-fey-quotes-20130110,0,6883572.photogallery/entertainment/photos/wtxx-photos-john-mayer-performing-at-the-comcast-theatre-20130819,0,155400.photogallery

java.io.FileNotFoundException: http://www.hr.com/en/communities/ihr_compensation/job_analysis__evaluation_and_grading/compensation_surveys//en/communities/staffing_and_recruitment/employment_applications/screening__assessment_and_testing/testing/personality_testing/

java.io.FileNotFoundException: http://www.hr.com/en/communities/ihr_compensation/job_analysis__evaluation_and_grading/compensation_surveys//en/communities/staffing_and_recruitment/employment_applications/screening__assessment_and_testing/testing/test_development/

java.io.FileNotFoundException: http://www.hr.com/en/communities/ihr_compensation/job_analysis__evaluation_and_grading/compensation_surveys//en/communities/staffing_and_recruitment/employment_contracts/

java.io.FileNotFoundException: http://www.ct.com/entertainment/photos/wtxx-11-great-tina-fey-quotes-20130110,0,6883572.photogallery/entertainment/photos/wtxx-photos-rockstar-energy-drink-uproar-festival-2013-20130813,0,5213107.photogallery

java.io.FileNotFoundException: http://www.ct.com/entertainment/photos/wtxx-11-great-tina-fey-quotes-20130110,0,6883572.photogallery/entertainment/photos/wtxx-photos-rockstar-energy-drink-uproar-festival-2013-performers-20130813,0,7369410.photogallery

java.io.FileNotFoundException: http://www.hr.com/en/communities/ihr_compensation/job_analysis__evaluation_and_grading/compensation_surveys//en/communities/staffing_and_recruitment/expatriate_selection/

java.io.FileNotFoundException: http://www.hr.com/en/communities/ihr_compensation/job_analysis__evaluation_and_grading/compensation_surveys//en/communities/staffing_and_recruitment/job_analysis__evaluation_and_grading/

java.io.FileNotFoundException: http://www.hr.com/en/communities/ihr_compensation/job_analysis__evaluation_and_grading/compensation_surveys//en/communities/staffing_and_recruitment/job_analysis__evaluation_and_grading/job_descriptions/

java.io.FileNotFoundException: http://www.hr.com/en/communities/ihr_compensation/job_analysis__evaluation_and_grading/compensation_surveys//en/communities/staffing_and_recruitment/job_analysis__evaluation_and_grading/job_requisitions/

java.io.FileNotFoundException: http://www.hr.com/en/communities/ihr_compensation/job_analysis__evaluation_and_grading/compensation_surveys//en/communities/staffing_and_recruitment/online_staffing__and_sourcing/

java.io.FileNotFoundException: http://www.hr.com/en/communities/ihr_compensation/job_analysis__evaluation_and_grading/compensation_surveys//en/communities/staffing_and_recruitment/labor_trends/

java.io.FileNotFoundException: http://www.hr.com/en/communities/ihr_compensation/job_analysis__evaluation_and_grading/compensation_surveys//en/communities/staffing_and_recruitment/job_analysis__evaluation_and_grading/salary_surveys/

java.io.FileNotFoundException: http://www.hr.com/en/communities/ihr_compensation/job_analysis__evaluation_and_grading/compensation_surveys//en/communities/staffing_and_recruitment/online_staffing__and_sourcing/corporate_website/

java.io.FileNotFoundException: http://www.hr.com/en/communities/ihr_compensation/job_analysis__evaluation_and_grading/compensation_surveys//en/communities/staffing_and_recruitment/online_staffing__and_sourcing/corporate_website/best_practices/

java.io.FileNotFoundException: http://www.hr.com/en/communities/ihr_compensation/job_analysis__evaluation_and_grading/compensation_surveys//en/communities/staffing_and_recruitment/online_staffing__and_sourcing/corporate_website/candidate_experience/

java.io.FileNotFoundException: http://www.hr.com/en/communities/ihr_compensation/job_analysis__evaluation_and_grading/compensation_surveys//en/communities/staffing_and_recruitment/online_staffing__and_sourcing/workforce_planning/

java.io.FileNotFoundException: http://www.hr.com/en/communities/ihr_compensation/job_analysis__evaluation_and_grading/compensation_surveys//en/communities/staffing_and_recruitment/online_staffing__and_sourcing/workforce_planning/labor_market_stats/

java.io.FileNotFoundException: http://www.hr.com/en/communities/ihr_compensation/job_analysis__evaluation_and_grading/compensation_surveys//en/communities/staffing_and_recruitment/online_staffing__and_sourcing/workforce_planning/talent_gaps/

java.io.FileNotFoundException: http://www.hr.com/en/communities/ihr_compensation/job_analysis__evaluation_and_grading/compensation_surveys//en/communities/staffing_and_recruitment/online_staffing__and_sourcing/sourcing/

java.io.FileNotFoundException: http://www.hr.com/en/communities/ihr_compensation/job_analysis__evaluation_and_grading/compensation_surveys//en/communities/staffing_and_recruitment/online_staffing__and_sourcing/workforce_planning/competitive_intelligence/

java.io.FileNotFoundException: http://www.hr.com/en/communities/ihr_hr_in_california//en/communities/legal/termination/

java.io.FileNotFoundException: http://www.ct.com/entertainment/photos/wtxx-a-veggie-new-year-great-local-vegetarian-dishes-20130109,0,2487360.photogallery/promotions/contests

java.io.FileNotFoundException: http://www.ct.com/entertainment/photos/wtxx-a-veggie-new-year-great-local-vegetarian-dishes-20130109,0,2487360.photogallery/entertainment/photos/wtxx-a-veggie-new-year-great-local-vegetarian-dishes-20130109,0,2487360.photogallery?

java.io.FileNotFoundException: http://www.ct.com/entertainment/photos/wtxx-a-veggie-new-year-great-local-vegetarian-dishes-20130109,0,2487360.photogallery/entertainment/photos/wtxx-a-veggie-new-year-great-local-vegetarian-dishes-20130109,0,2487360.photogallery?index=wtxx-a-veggie-new-year-great-local-vegetarian--007

java.io.FileNotFoundException: http://www.ct.com/entertainment/photos/wtxx-a-veggie-new-year-great-local-vegetarian-dishes-20130109,0,2487360.photogallery/entertainment/photos/wtxx-a-veggie-new-year-great-local-vegetarian-dishes-20130109,0,2487360.photogallery?index=wtxx-a-veggie-new-year-great-local-vegetarian--003

java.io.FileNotFoundException: http://www.ct.com/entertainment/photos/wtxx-a-veggie-new-year-great-local-vegetarian-dishes-20130109,0,2487360.photogallery/entertainment/photos/wtxx-a-veggie-new-year-great-local-vegetarian-dishes-20130109,0,2487360.photogallery?index=wtxx-a-veggie-new-year-great-local-vegetarian--009

java.io.FileNotFoundException: http://www.ct.com/entertainment/photos/wtxx-a-veggie-new-year-great-local-vegetarian-dishes-20130109,0,2487360.photogallery/entertainment/photos/wtxx-a-veggie-new-year-great-local-vegetarian-dishes-20130109,0,2487360.photogallery?index=wtxx-a-veggie-new-year-great-local-vegetarian--005

java.io.FileNotFoundException: http://www.ct.com/entertainment/photos/wtxx-a-veggie-new-year-great-local-vegetarian-dishes-20130109,0,2487360.photogallery/entertainment/photos/wtxx-a-veggie-new-year-great-local-vegetarian-dishes-20130109,0,2487360.photogallery?index=wtxx-a-veggie-new-year-great-local-vegetarian--002

java.io.FileNotFoundException: http://www.ct.com/entertainment/photos/wtxx-a-veggie-new-year-great-local-vegetarian-dishes-20130109,0,2487360.photogallery/entertainment/photos/wtxx-a-veggie-new-year-great-local-vegetarian-dishes-20130109,0,2487360.photogallery?index=wtxx-a-veggie-new-year-great-local-vegetarian--006

java.io.FileNotFoundException: http://www.ct.com/entertainment/photos/wtxx-a-veggie-new-year-great-local-vegetarian-dishes-20130109,0,2487360.photogallery/entertainment/photos/wtxx-a-veggie-new-year-great-local-vegetarian-dishes-20130109,0,2487360.photogallery?index=wtxx-a-veggie-new-year-great-local-vegetarian--008

java.io.FileNotFoundException: http://www.ct.com/entertainment/photos/wtxx-a-veggie-new-year-great-local-vegetarian-dishes-20130109,0,2487360.photogallery/entertainment/photos/wtxx-a-veggie-new-year-great-local-vegetarian-dishes-20130109,0,2487360.photogallery?index=wtxx-a-veggie-new-year-great-local-vegetarian--001

java.io.FileNotFoundException: http://www.hr.com/en/communities/ihr_compensation/job_analysis__evaluation_and_grading/compensation_salary_surveys//en/communities/workforce_planning_and_analytics/benchmarking/internal/

java.io.FileNotFoundException: http://www.hr.com/en/communities/ihr_compensation/job_analysis__evaluation_and_grading/compensation_salary_surveys//en/communities/workforce_planning_and_analytics/benchmarking/external/

java.io.FileNotFoundException: http://www.hr.com/en/communities/ihr_compensation/job_analysis__evaluation_and_grading/compensation_salary_surveys//en/communities/workforce_planning_and_analytics/workforce_planning_analytics_technology/

java.io.FileNotFoundException: http://www.ct.com/entertainment/photos/wtxx-a-veggie-new-year-great-local-vegetarian-dishes-20130109,0,2487360.photogallery/entertainment/photos/wtxx-a-veggie-new-year-great-local-vegetarian-dishes-20130109,0,2487360.photogallery?index=wtxx-a-veggie-new-year-great-local-vegetarian--004

java.io.FileNotFoundException: http://www.hr.com/en/communities/ihr_compensation/job_analysis__evaluation_and_grading/compensation_salary_surveys//en/webcasts_events/

java.io.FileNotFoundException: http://www.ct.com/entertainment/photos/wtxx-11-great-tina-fey-quotes-20130110,0,6883572.photogallery/entertainment/photos/hc-electric-run-5k-20130811,0,6790488.photogallery

java.io.FileNotFoundException: http://www.hr.com/en/communities/ihr_compensation/job_analysis__evaluation_and_grading/compensation_salary_surveys//en/webcasts_events/webcasts/

java.io.FileNotFoundException: http://www.hr.com/en/communities/ihr_compensation/job_analysis__evaluation_and_grading/compensation_salary_surveys//en/webcasts_events/webcasts/upcoming_webcasts/

java.io.FileNotFoundException: http://www.hr.com/en/communities/ihr_compensation/job_analysis__evaluation_and_grading/compensation_salary_surveys//en/webcasts_events/webcasts/sponsor_a_webcast/

java.io.FileNotFoundException: http://www.hr.com/en/communities/ihr_compensation/job_analysis__evaluation_and_grading/compensation_salary_surveys//en/webcasts_events/webcasts/archived_webcasts_and_podcasts/

java.io.FileNotFoundException: http://www.hr.com/en/communities/ihr_compensation/job_analysis__evaluation_and_grading/compensation_salary_surveys//en/webcasts_events/webcasts/archived_vlogs/

java.io.FileNotFoundException: http://www.hr.com/en/communities/ihr_compensation/job_analysis__evaluation_and_grading/compensation_salary_surveys//en/webcasts_events/webcasts/call_for_speakers/

java.io.FileNotFoundException: http://www.hr.com/en/communities/ihr_compensation/job_analysis__evaluation_and_grading/compensation_salary_surveys//en/webcasts_events/webcasts/webcast_testimonials/

java.io.FileNotFoundException: http://www.hr.com/en/communities/ihr_compensation/job_analysis__evaluation_and_grading/compensation_salary_surveys//en/webcasts_events/webcasts/call_for_speakers_third_party/

java.io.FileNotFoundException: http://www.hr.com/en/communities/ihr_compensation/job_analysis__evaluation_and_grading/compensation_salary_surveys//en/webcasts_events/webcasts/call_for_speakers_demo_days/

java.io.FileNotFoundException: http://www.hr.com/en/communities/ihr_compensation/job_analysis__evaluation_and_grading/compensation_salary_surveys//en/webcasts_events/virtual_events/

java.io.FileNotFoundException: http://www.hr.com/en/communities/ihr_compensation/job_analysis__evaluation_and_grading/compensation_salary_surveys//en/webcasts_events/virtual_events/upcoming_virtual_events/

java.io.FileNotFoundException: http://www.hr.com/en/communities/ihr_compensation/job_analysis__evaluation_and_grading/compensation_salary_surveys//en/webcasts_events/virtual_events/host_your_own_virtual_event/

java.io.FileNotFoundException: http://www.hr.com/en/communities/ihr_compensation/job_analysis__evaluation_and_grading/compensation_salary_surveys//en/webcasts_events/virtual_events/sponsor_a_virtual_event/

java.io.FileNotFoundException: http://www.hr.com/en/communities/ihr_compensation/job_analysis__evaluation_and_grading/compensation_salary_surveys//en/webcasts_events/virtual_events/booth_training/

java.io.FileNotFoundException: http://www.hr.com/en/communities/ihr_compensation/job_analysis__evaluation_and_grading/compensation_salary_surveys//en/webcasts_events/virtual_events/archived_virtual_events/

java.io.FileNotFoundException: http://www.hr.com/en/communities/ihr_compensation/job_analysis__evaluation_and_grading/compensation_salary_surveys//en/webcasts_events/live_upcoming_events/hcm_investors_forum_2014/

java.io.FileNotFoundException: http://www.hr.com/en/communities/ihr_compensation/job_analysis__evaluation_and_grading/compensation_salary_surveys//en/webcasts_events/live_upcoming_events/strategic_hcm_partnerships_2014/

java.io.FileNotFoundException: http://www.hr.com/en/communities/ihr_compensation/job_analysis__evaluation_and_grading/compensation_salary_surveys//en/webcasts_events/live_upcoming_events/talent_acquisition_excellence_forum_2014/

java.io.FileNotFoundException: http://www.hr.com/en/communities/ihr_compensation/job_analysis__evaluation_and_grading/compensation_salary_surveys//en/webcasts_events/live_upcoming_events/strategic_hcm_analyst_forum_2014/

java.io.FileNotFoundException: http://www.hr.com/en/communities/ihr_compensation/job_analysis__evaluation_and_grading/compensation_salary_surveys//en/webcasts_events/live_upcoming_events/

java.io.FileNotFoundException: http://www.hr.com/en/communities/ihr_compensation/job_analysis__evaluation_and_grading/compensation_salary_surveys//en/resources/

java.io.FileNotFoundException: http://www.hr.com/en/communities/ihr_compensation/job_analysis__evaluation_and_grading/compensation_salary_surveys//en/webcasts_events/speaker_training/

java.io.FileNotFoundException: http://www.hr.com/en/communities/ihr_compensation/job_analysis__evaluation_and_grading/compensation_salary_surveys//en/resources/surveys/

java.io.FileNotFoundException: http://www.hr.com/en/communities/ihr_compensation/job_analysis__evaluation_and_grading/compensation_salary_surveys//en/resources/surveys/about_hr_market_intelligence/

java.io.FileNotFoundException: http://www.hr.com/en/communities/ihr_compensation/job_analysis__evaluation_and_grading/compensation_salary_surveys//en/resources/surveys/past_surveys/

java.io.FileNotFoundException: http://www.hr.com/en/communities/ihr_compensation/job_analysis__evaluation_and_grading/compensation_salary_surveys//en/resources/free_forms/

java.io.FileNotFoundException: http://www.hr.com/en/communities/ihr_compensation/job_analysis__evaluation_and_grading/compensation_salary_surveys//en/resources/wikis/

java.io.FileNotFoundException: http://www.hr.com/en/communities/ihr_compensation/job_analysis__evaluation_and_grading/compensation_salary_surveys//en/resources/free_forms/compliance_posters/

java.io.FileNotFoundException: http://www.hr.com/en/communities/ihr_compensation/job_analysis__evaluation_and_grading/compensation_salary_surveys//en/certifications/

java.io.FileNotFoundException: http://www.hr.com/en/communities/ihr_compensation/job_analysis__evaluation_and_grading/compensation_salary_surveys//en/hr_careers/

java.io.FileNotFoundException: http://www.hr.com/en/communities/ihr_compensation/job_analysis__evaluation_and_grading/compensation_salary_surveys//en/certifications/ihr_certification/

java.io.IOException: Server returned HTTP response code: 400 for URL: http://twitter.com/share?url=http://www.ct.com/entertainment/photos/wtxx-a-veggie-new-year-great-local-vegetarian-dishes-20130109,0,2487360.photogallery?index=wtxx-a-veggie-new-year-great-local-vegetarian--007&text=A Veggie New Year: Great Local Vegetarian Dishes

java.io.FileNotFoundException: http://www.hr.com/en/communities/ihr_compensation/job_analysis__evaluation_and_grading/compensation_salary_surveys//en/certifications/ihr_certification/training_testing/

java.io.FileNotFoundException: http://www.hr.com/en/communities/ihr_compensation/job_analysis__evaluation_and_grading/compensation_salary_surveys//en/certifications/ihr_certification/faq/

java.io.IOException: Server returned HTTP response code: 400 for URL: http://www.facebook.com/share.php?&u=http://www.ct.com/entertainment/photos/wtxx-a-veggie-new-year-great-local-vegetarian-dishes-20130109,0,2487360.photogallery?index=wtxx-a-veggie-new-year-great-local-vegetarian--007&t=A Veggie New Year: Great Local Vegetarian Dishes

java.io.FileNotFoundException: http://www.flickr.com/photos/topstreetwear/photos/topstreetwear/4812289838/

java.io.FileNotFoundException: http://www.hr.com/en/communities/ihr_compensation/job_analysis__evaluation_and_grading/compensation_salary_surveys//en/certifications/sponsorships/

java.io.IOException: Server returned HTTP response code: 503 for URL: http://www.stumbleupon.com/submit?url=http://www.ct.com/entertainment/photos/wtxx-a-veggie-new-year-great-local-vegetarian-dishes-20130109,0,2487360.photogallery?index=wtxx-a-veggie-new-year-great-local-vegetarian--007&title=A Veggie New Year: Great Local Vegetarian Dishes

java.io.FileNotFoundException: http://www.ct.com/entertainment/photos/wtxx-a-veggie-new-year-great-local-vegetarian-dishes-20130109,0,2487360.photogallery/entertainment/photos/wtxx-a-veggie-new-year-great-local-vegetarian-dishes-20130109,0,7612708,email.photogallery?index=wtxx-a-veggie-new-year-great-local-vegetarian--007

java.io.FileNotFoundException: http://www.hr.com/en/communities/ihr_compensation/job_analysis__evaluation_and_grading/compensation_surveys//en/communities/staffing_and_recruitment/online_staffing__and_sourcing/sourcing/job_boards/

java.io.FileNotFoundException: http://www.hr.com/en/communities/ihr_compensation/job_analysis__evaluation_and_grading/compensation_surveys//en/communities/staffing_and_recruitment/online_staffing__and_sourcing/sourcing/campus/

java.io.FileNotFoundException: http://www.ct.com/entertainment/photos/wtxx-a-veggie-new-year-great-local-vegetarian-dishes-20130109,0,2487360.photogallery/entertainment/photos/wtxx-photos-maroon-5-and-kelly-clarkson-at-the-comcast-theatre-20130901,0,2631515.photogallery

java.io.FileNotFoundException: http://www.hr.com/en/communities/ihr_compensation/job_analysis__evaluation_and_grading/compensation_surveys//en/communities/staffing_and_recruitment/online_staffing__and_sourcing/sourcing/social_media/

java.io.FileNotFoundException: http://www.ct.com/entertainment/photos/wtxx-a-veggie-new-year-great-local-vegetarian-dishes-20130109,0,2487360.photogallery/entertainment/photos/wtxx-photos-zac-brown-band-at-the-comcast-theatre-20130903,0,2968062.photogallery

java.io.FileNotFoundException: http://www.hr.com/en/communities/ihr_compensation/job_analysis__evaluation_and_grading/compensation_surveys//en/communities/staffing_and_recruitment/online_staffing__and_sourcing/sourcing/job_fairs_open_houses/

java.io.FileNotFoundException: http://www.ct.com/entertainment/photos/wtxx-a-veggie-new-year-great-local-vegetarian-dishes-20130109,0,2487360.photogallery/entertainment/photos/wtxx-30-funny-dennis-reynolds-quotes-20130830,0,2914621.photogallery

java.io.FileNotFoundException: http://www.hr.com/en/communities/ihr_compensation/job_analysis__evaluation_and_grading/compensation_surveys//en/communities/staffing_and_recruitment/online_staffing__and_sourcing/sourcing/onsite_advertising_pay_per_lead/

java.io.FileNotFoundException: http://www.ct.com/entertainment/photos/wtxx-a-veggie-new-year-great-local-vegetarian-dishes-20130109,0,2487360.photogallery/entertainment/photos/wtxx-photos-afropunk-festival-20130829,0,2469816.photogallery

java.io.FileNotFoundException: http://www.ct.com/entertainment/photos/wtxx-a-veggie-new-year-great-local-vegetarian-dishes-20130109,0,2487360.photogallery/entertainment/photos/wtxx-photos-toby-keith-at-the-comcast-theatre-20130826,0,2068060.photogallery

java.io.FileNotFoundException: http://www.hr.com/en/communities/ihr_compensation/job_analysis__evaluation_and_grading/compensation_surveys//en/communities/staffing_and_recruitment/online_staffing__and_sourcing/sourcing/employee_referrals/

java.io.FileNotFoundException: http://www.hr.com/en/communities/ihr_compensation/job_analysis__evaluation_and_grading/compensation_surveys//en/communities/staffing_and_recruitment/online_staffing__and_sourcing/candidate_marketing/

java.io.FileNotFoundException: http://www.ct.com/entertainment/photos/wtxx-a-veggie-new-year-great-local-vegetarian-dishes-20130109,0,2487360.photogallery/entertainment/photos/wtxx-photos-john-mayer-at-the-comcast-theatre-20130819,0,6538307.photogallery

java.io.FileNotFoundException: http://www.hr.com/en/communities/ihr_compensation/job_analysis__evaluation_and_grading/compensation_surveys//en/communities/staffing_and_recruitment/online_staffing__and_sourcing/candidate_marketing/job_distribution/

java.io.FileNotFoundException: http://www.ct.com/entertainment/photos/wtxx-a-veggie-new-year-great-local-vegetarian-dishes-20130109,0,2487360.photogallery/entertainment/photos/wtxx-photos-john-mayer-performing-at-the-comcast-theatre-20130819,0,155400.photogallery

java.io.FileNotFoundException: http://www.hr.com/en/communities/ihr_compensation/job_analysis__evaluation_and_grading/compensation_surveys//en/communities/staffing_and_recruitment/online_staffing__and_sourcing/candidate_marketing/data_clean_up_appends/

java.io.FileNotFoundException: http://www.ct.com/entertainment/photos/wtxx-a-veggie-new-year-great-local-vegetarian-dishes-20130109,0,2487360.photogallery/entertainment/photos/wtxx-photos-rockstar-energy-drink-uproar-festival-2013-20130813,0,5213107.photogallery

java.io.FileNotFoundException: http://www.ct.com/entertainment/photos/wtxx-a-veggie-new-year-great-local-vegetarian-dishes-20130109,0,2487360.photogallery/entertainment/photos/wtxx-photos-rockstar-energy-drink-uproar-festival-2013-performers-20130813,0,7369410.photogallery

java.io.FileNotFoundException: http://www.hr.com/en/communities/ihr_compensation/job_analysis__evaluation_and_grading/compensation_surveys//en/communities/staffing_and_recruitment/online_staffing__and_sourcing/candidate_marketing/crm/

java.io.FileNotFoundException: http://www.hr.com/en/communities/ihr_compensation/job_analysis__evaluation_and_grading/compensation_surveys//en/communities/staffing_and_recruitment/online_staffing__and_sourcing/candidate_marketing/seo/

java.io.FileNotFoundException: http://www.ct.com/entertainment/photos/wtxx-a-veggie-new-year-great-local-vegetarian-dishes-20130109,0,2487360.photogallery/entertainment/photos/hc-electric-run-5k-20130811,0,6790488.photogallery

java.io.FileNotFoundException: http://www.hr.com/en/communities/ihr_compensation/job_analysis__evaluation_and_grading/compensation_surveys//en/communities/staffing_and_recruitment/online_staffing__and_sourcing/candidate_marketing/campaign_management/

java.io.FileNotFoundException: http://www.hr.com/en/communities/ihr_compensation/job_analysis__evaluation_and_grading/compensation_surveys//en/communities/staffing_and_recruitment/online_staffing__and_sourcing/candidate_marketing/resume_mining/

java.io.FileNotFoundException: http://www.hr.com/en/communities/ihr_compensation/job_analysis__evaluation_and_grading/compensation_surveys//en/communities/staffing_and_recruitment/online_staffing__and_sourcing/candidate_marketing/talent_management_acquisition_systems/

java.io.FileNotFoundException: http://www.ct.com/entertainment/photos/wtxx-new-years-eve-cuvee-west-hartford-20130102,0,1642849.photogallery/

java.io.FileNotFoundException: http://www.hr.com/en/communities/ihr_hr_in_california//en/communities/legal/workplace_regulations/

java.io.FileNotFoundException: http://www.hr.com/en/communities/ihr_compensation/job_analysis__evaluation_and_grading/compensation_surveys//en/communities/staffing_and_recruitment/online_staffing__and_sourcing/advanced_tools/

java.io.FileNotFoundException: http://www.ct.com/entertainment/photos/wtxx-new-years-eve-cuvee-west-hartford-20130102,0,1642849.photogallery/wheretogo

java.io.FileNotFoundException: http://www.hr.com/en/communities/ihr_compensation/job_analysis__evaluation_and_grading/compensation_surveys//en/communities/staffing_and_recruitment/online_staffing__and_sourcing/advanced_tools/search_001/

java.io.FileNotFoundException: http://www.hr.com/en/communities/ihr_compensation/job_analysis__evaluation_and_grading/compensation_surveys//en/communities/staffing_and_recruitment/online_staffing__and_sourcing/advanced_tools/mobile/

java.io.FileNotFoundException: http://www.hr.com/en/communities/ihr_compensation/job_analysis__evaluation_and_grading/compensation_surveys//en/communities/staffing_and_recruitment/online_staffing__and_sourcing/advanced_tools/other/

java.io.FileNotFoundException: http://www.ct.com/entertainment/photos/wtxx-new-years-eve-cuvee-west-hartford-20130102,0,1642849.photogallery/whattodo

java.io.FileNotFoundException: http://www.hr.com/en/communities/ihr_compensation/job_analysis__evaluation_and_grading/compensation_surveys//en/communities/staffing_and_recruitment/online_staffing__and_sourcing/talent_pools/vertical/

java.io.FileNotFoundException: http://www.hr.com/en/communities/ihr_compensation/job_analysis__evaluation_and_grading/compensation_surveys//en/communities/staffing_and_recruitment/online_staffing__and_sourcing/talent_pools/

java.io.FileNotFoundException: http://www.hr.com/en/communities/ihr_compensation/job_analysis__evaluation_and_grading/compensation_surveys//en/communities/staffing_and_recruitment/online_staffing__and_sourcing/talent_pools/hard_to_fill/

java.io.FileNotFoundException: http://www.hr.com/en/communities/ihr_compensation/job_analysis__evaluation_and_grading/compensation_surveys//en/communities/staffing_and_recruitment/online_staffing__and_sourcing/talent_pools/alumni/

java.io.FileNotFoundException: http://www.hr.com/en/communities/ihr_compensation/job_analysis__evaluation_and_grading/compensation_surveys//en/communities/staffing_and_recruitment/online_staffing__and_sourcing/screening/

java.io.FileNotFoundException: http://www.hr.com/en/communities/ihr_compensation/job_analysis__evaluation_and_grading/compensation_surveys//en/communities/staffing_and_recruitment/online_staffing__and_sourcing/screening/reference/

java.io.FileNotFoundException: http://www.hr.com/en/communities/ihr_compensation/job_analysis__evaluation_and_grading/compensation_surveys//en/communities/staffing_and_recruitment/online_staffing__and_sourcing/screening/assessment/

java.io.FileNotFoundException: http://www.hr.com/en/communities/ihr_compensation/job_analysis__evaluation_and_grading/compensation_surveys//en/communities/staffing_and_recruitment/online_staffing__and_sourcing/screening/interviewing/

java.io.FileNotFoundException: http://www.hr.com/en/communities/ihr_compensation/job_analysis__evaluation_and_grading/compensation_surveys//en/communities/staffing_and_recruitment/online_staffing__and_sourcing/screening/criminal_background_checking/

java.io.FileNotFoundException: http://www.ct.com/entertainment/photos/wtxx-new-years-eve-cuvee-west-hartford-20130102,0,1642849.photogallery/entertainment/restaurants

java.io.FileNotFoundException: http://www.hr.com/en/communities/ihr_compensation/job_analysis__evaluation_and_grading/compensation_surveys//en/communities/staffing_and_recruitment/online_staffing__and_sourcing/compliance/

java.io.FileNotFoundException: http://www.hr.com/en/communities/ihr_compensation/job_analysis__evaluation_and_grading/compensation_surveys//en/communities/staffing_and_recruitment/online_staffing__and_sourcing/compliance/i9/

java.io.FileNotFoundException: http://www.hr.com/en/communities/ihr_compensation/job_analysis__evaluation_and_grading/compensation_surveys//en/communities/staffing_and_recruitment/online_staffing__and_sourcing/compliance/social_media/

java.io.FileNotFoundException: http://www.hr.com/en/communities/ihr_compensation/job_analysis__evaluation_and_grading/compensation_surveys//en/communities/staffing_and_recruitment/online_staffing__and_sourcing/compliance/privacy/

java.io.FileNotFoundException: http://www.hr.com/en/communities/ihr_compensation/job_analysis__evaluation_and_grading/compensation_surveys//en/communities/staffing_and_recruitment/online_staffing__and_sourcing/compliance/eeo/

java.io.FileNotFoundException: http://www.hr.com/en/communities/ihr_compensation/job_analysis__evaluation_and_grading/compensation_surveys//en/communities/staffing_and_recruitment/online_staffing__and_sourcing/online_staffing_sourcing_metrics/

java.io.FileNotFoundException: http://www.hr.com/en/communities/ihr_compensation/job_analysis__evaluation_and_grading/compensation_surveys//en/communities/staffing_and_recruitment/privacy_and_security/

java.io.FileNotFoundException: http://www.hr.com/en/communities/ihr_compensation/job_analysis__evaluation_and_grading/compensation_surveys//en/communities/staffing_and_recruitment/recruitment_process_outsourcing/

java.io.FileNotFoundException: http://www.ct.com/entertainment/photos/wtxx-new-years-eve-cuvee-west-hartford-20130102,0,1642849.photogallery/entertainment/music

java.io.FileNotFoundException: http://www.hr.com/en/communities/ihr_compensation/job_analysis__evaluation_and_grading/compensation_surveys//en/communities/staffing_and_recruitment/relocation/

java.io.FileNotFoundException: http://www.hr.com/en/communities/ihr_compensation/job_analysis__evaluation_and_grading/compensation_surveys//en/communities/staffing_and_recruitment/retention/

java.io.FileNotFoundException: http://www.hr.com/en/communities/ihr_compensation/job_analysis__evaluation_and_grading/compensation_surveys//en/communities/staffing_and_recruitment/staffing_technology/

java.io.FileNotFoundException: http://www.hr.com/en/communities/ihr_compensation/job_analysis__evaluation_and_grading/compensation_surveys//en/communities/staffing_and_recruitment/staffing_technology/applications_resume_profile_ivr/

java.io.FileNotFoundException: http://www.hr.com/en/communities/ihr_compensation/job_analysis__evaluation_and_grading/compensation_surveys//en/communities/staffing_and_recruitment/roi_on_investment_in_staffing_technology/

java.io.FileNotFoundException: http://www.hr.com/en/communities/ihr_compensation/job_analysis__evaluation_and_grading/compensation_surveys//en/communities/staffing_and_recruitment/staffing_technology/applications_resume_profile_ivr/employee_referral_systems_/

java.io.FileNotFoundException: http://www.hr.com/en/communities/ihr_compensation/job_analysis__evaluation_and_grading/compensation_surveys//en/communities/staffing_and_recruitment/staffing_technology/global_talent_management_and_development_f2000/

java.io.FileNotFoundException: http://www.hr.com/en/communities/ihr_compensation/job_analysis__evaluation_and_grading/compensation_surveys//en/communities/staffing_and_recruitment/staffing_technology/talent_management_and_development__sme_/

java.io.FileNotFoundException: http://www.hr.com/en/communities/ihr_compensation/job_analysis__evaluation_and_grading/compensation_surveys//en/communities/staffing_and_recruitment/staffing_technology/tms/

java.io.FileNotFoundException: http://www.hr.com/en/communities/ihr_compensation/job_analysis__evaluation_and_grading/compensation_salary_surveys//en/certifications/programs_offered/

java.io.FileNotFoundException: http://www.ct.com/entertainment/photos/wtxx-new-years-eve-cuvee-west-hartford-20130102,0,1642849.photogallery/news/advocates

java.io.FileNotFoundException: http://www.hr.com/en/communities/ihr_compensation/job_analysis__evaluation_and_grading/compensation_salary_surveys//en/certifications/hrci/

java.io.FileNotFoundException: http://www.hr.com/en/communities/ihr_compensation/job_analysis__evaluation_and_grading/compensation_salary_surveys//en/certifications/worldatwork/

java.io.FileNotFoundException: http://www.hr.com/en/communities/ihr_compensation/job_analysis__evaluation_and_grading/compensation_salary_surveys//en/certifications/call_for_speakers/

java.io.FileNotFoundException: http://www.ct.com/entertainment/photos/wtxx-new-years-eve-cuvee-west-hartford-20130102,0,1642849.photogallery/entertainment/best-of-ct/

java.io.FileNotFoundException: http://www.ct.com/entertainment/photos/wtxx-new-years-eve-cuvee-west-hartford-20130102,0,1642849.photogallery/entertainment/tv/cw

java.io.FileNotFoundException: http://www.hr.com/en/communities/ihr_compensation/job_analysis__evaluation_and_grading/compensation_salary_surveys//en/certifications/phr_sphr_certification_prep_course/

java.io.FileNotFoundException: http://www.hr.com/en/communities/ihr_compensation/job_analysis__evaluation_and_grading/compensation_salary_surveys//en/certifications/why_certify_demo/

java.io.FileNotFoundException: http://www.hr.com/en/communities/ihr_compensation/job_analysis__evaluation_and_grading/compensation_salary_surveys//en/hr_com_store/

java.io.FileNotFoundException: http://www.hr.com/en/communities/ihr_compensation/job_analysis__evaluation_and_grading/compensation_salary_surveys//en/topleaders/

java.io.FileNotFoundException: http://www.hr.com/en/communities/ihr_compensation/job_analysis__evaluation_and_grading/compensation_salary_surveys//en/topleaders/top_leaders_in_leadership/

java.io.FileNotFoundException: http://www.hr.com/en/communities/ihr_compensation/job_analysis__evaluation_and_grading/compensation_salary_surveys//en/topleaders/top_leaders_in_leadership/leadership_excellence_essentials/

java.io.FileNotFoundException: http://www.hr.com/en/communities/ihr_compensation/job_analysis__evaluation_and_grading/compensation_salary_surveys//en/topleaders/top_leaders_in_leadership/personal_excellence_essentials/

java.io.FileNotFoundException: http://www.hr.com/en/communities/ihr_compensation/job_analysis__evaluation_and_grading/compensation_salary_surveys//en/topleaders/top_leaders_in_leadership/sales_service_excellence_essentials/

java.io.FileNotFoundException: http://www.hr.com/en/communities/ihr_compensation/job_analysis__evaluation_and_grading/compensation_salary_surveys//en/topleaders/top_leaders_in_leadership/about_us/

java.io.FileNotFoundException: http://www.hr.com/en/communities/ihr_compensation/job_analysis__evaluation_and_grading/compensation_salary_surveys//en/topleaders/top_leaders_in_leadership/forum/

java.io.FileNotFoundException: http://www.hr.com/en/communities/ihr_compensation/job_analysis__evaluation_and_grading/compensation_salary_surveys//en/topleaders/top_leaders_in_leadership/awards/

java.io.FileNotFoundException: http://www.hr.com/en/communities/ihr_compensation/job_analysis__evaluation_and_grading/compensation_salary_surveys//en/topleaders/top_leaders_in_leadership/contact_us/

java.io.FileNotFoundException: http://www.hr.com/en/communities/ihr_compensation/job_analysis__evaluation_and_grading/compensation_salary_surveys//en/topleaders/essentials/

java.io.FileNotFoundException: http://www.hr.com/en/communities/ihr_compensation/job_analysis__evaluation_and_grading/compensation_salary_surveys//en/topleaders/all_articles/

java.io.FileNotFoundException: http://www.hr.com/en/communities/ihr_compensation/job_analysis__evaluation_and_grading/compensation_salary_surveys//en/topleaders/interactive_content/

java.io.FileNotFoundException: http://www.ct.com/entertainment/photos/wtxx-new-years-eve-cuvee-west-hartford-20130102,0,1642849.photogallery/promotions/contests

java.io.IOException: Server returned HTTP response code: 403 for URL: http://www.hr.com/en/communities/ihr_compensation/job_analysis__evaluation_and_grading/compensation_salary_surveys//en?t=/network/search/index&s=AujVT6CkDmAiuLFYwe&online=1&special=1

java.io.FileNotFoundException: http://www.industryweek.com/procurement/midyear-service-centers-shipments-declining/contact-industryweek

java.io.FileNotFoundException: http://www.ct.com/entertainment/photos/wtxx-new-years-eve-cuvee-west-hartford-20130102,0,1642849.photogallery/entertainment/photos/wtxx-new-years-eve-cuvee-west-hartford-20130102,0,1642849.photogallery?

java.io.FileNotFoundException: http://www.ct.com/entertainment/photos/wtxx-creative-cocktail-hour-at-real-art-ways-20121221,0,5531120.photogallery/

java.io.FileNotFoundException: http://www.ct.com/entertainment/photos/wtxx-new-years-eve-cuvee-west-hartford-20130102,0,1642849.photogallery/entertainment/photos/wtxx-new-years-eve-cuvee-west-hartford-20130102,0,1642849.photogallery?index=wtxx-new-years-eve-cuvee-west-hartford-2013010-001

java.io.FileNotFoundException: http://www.industryweek.com/procurement/midyear-service-centers-shipments-declining/site-archive

java.io.FileNotFoundException: http://www.ct.com/entertainment/photos/wtxx-new-years-eve-cuvee-west-hartford-20130102,0,1642849.photogallery/entertainment/photos/wtxx-new-years-eve-cuvee-west-hartford-20130102,0,1642849.photogallery?index=wtxx-new-years-eve-cuvee-west-hartford-2013010-002

java.io.FileNotFoundException: http://www.hr.com/en/communities/ihr_hr_in_california//en/communities/legal/legal_compliance_in_india/

java.io.FileNotFoundException: http://www.ct.com/entertainment/photos/wtxx-creative-cocktail-hour-at-real-art-ways-20121221,0,5531120.photogallery/wheretogo

java.io.FileNotFoundException: http://www.hr.com/en/communities/ihr_hr_in_california//en/communities/organizational_development/

java.io.FileNotFoundException: http://www.hr.com/en/communities/ihr_hr_in_california//en/communities/onboarding_001/

java.io.FileNotFoundException: http://www.ct.com/entertainment/photos/wtxx-creative-cocktail-hour-at-real-art-ways-20121221,0,5531120.photogallery/whattodo

java.io.FileNotFoundException: http://www.ct.com/entertainment/photos/wtxx-new-years-eve-cuvee-west-hartford-20130102,0,1642849.photogallery/entertainment/photos/wtxx-new-years-eve-cuvee-west-hartford-20130102,0,1642849.photogallery?index=wtxx-new-years-eve-cuvee-west-hartford-2013010-003

java.io.FileNotFoundException: http://www.ct.com/entertainment/photos/wtxx-new-years-eve-cuvee-west-hartford-20130102,0,1642849.photogallery/entertainment/photos/wtxx-new-years-eve-cuvee-west-hartford-20130102,0,1642849.photogallery?index=wtxx-new-years-eve-cuvee-west-hartford-2013010-004

java.io.FileNotFoundException: http://www.ct.com/entertainment/photos/wtxx-new-years-eve-cuvee-west-hartford-20130102,0,1642849.photogallery/entertainment/photos/wtxx-new-years-eve-cuvee-west-hartford-20130102,0,1642849.photogallery?index=wtxx-new-years-eve-cuvee-west-hartford-2013010-005

java.io.FileNotFoundException: http://www.ct.com/entertainment/photos/wtxx-creative-cocktail-hour-at-real-art-ways-20121221,0,5531120.photogallery/entertainment/restaurants

java.io.FileNotFoundException: http://www.ct.com/entertainment/photos/wtxx-new-years-eve-cuvee-west-hartford-20130102,0,1642849.photogallery/entertainment/photos/wtxx-new-years-eve-cuvee-west-hartford-20130102,0,1642849.photogallery?index=wtxx-new-years-eve-cuvee-west-hartford-2013010-007

java.io.FileNotFoundException: http://www.ct.com/entertainment/photos/wtxx-new-years-eve-cuvee-west-hartford-20130102,0,1642849.photogallery/entertainment/photos/wtxx-new-years-eve-cuvee-west-hartford-20130102,0,1642849.photogallery?index=wtxx-new-years-eve-cuvee-west-hartford-2013010-006

java.io.FileNotFoundException: http://www.ct.com/entertainment/photos/wtxx-new-years-eve-cuvee-west-hartford-20130102,0,1642849.photogallery/entertainment/photos/wtxx-new-years-eve-cuvee-west-hartford-20130102,0,1642849.photogallery?index=wtxx-new-years-eve-cuvee-west-hartford-2013010-008

java.io.FileNotFoundException: http://www.ct.com/entertainment/photos/wtxx-new-years-eve-cuvee-west-hartford-20130102,0,1642849.photogallery/entertainment/photos/wtxx-new-years-eve-cuvee-west-hartford-20130102,0,1642849.photogallery?index=wtxx-new-years-eve-cuvee-west-hartford-2013010-009

java.io.IOException: Server returned HTTP response code: 400 for URL: http://twitter.com/share?url=http://www.ct.com/entertainment/photos/wtxx-new-years-eve-cuvee-west-hartford-20130102,0,1642849.photogallery?index=wtxx-new-years-eve-cuvee-west-hartford-2013010-001&text=Photos: New Year's Eve @ Cuvee, West Hartford

java.io.IOException: Server returned HTTP response code: 400 for URL: http://www.facebook.com/share.php?&u=http://www.ct.com/entertainment/photos/wtxx-new-years-eve-cuvee-west-hartford-20130102,0,1642849.photogallery?index=wtxx-new-years-eve-cuvee-west-hartford-2013010-001&t=Photos: New Year's Eve @ Cuvee, West Hartford

java.io.FileNotFoundException: http://www.hr.com/en/communities/ihr_compensation/job_analysis__evaluation_and_grading/compensation_surveys//en/communities/staffing_and_recruitment/staffing_technology/vendor_management_systems/

java.io.FileNotFoundException: http://www.ct.com/entertainment/photos/wtxx-new-years-eve-cuvee-west-hartford-20130102,0,1642849.photogallery/entertainment/photos/wtxx-new-years-eve-cuvee-west-hartford-20130102,0,1642849.photogallery?index=wtxx-new-years-eve-cuvee-west-hartford-2013010-011

java.io.FileNotFoundException: http://www.ct.com/entertainment/photos/wtxx-new-years-eve-cuvee-west-hartford-20130102,0,1642849.photogallery/entertainment/photos/wtxx-new-years-eve-cuvee-west-hartford-20130102,0,1642849.photogallery?index=wtxx-new-years-eve-cuvee-west-hartford-2013010-010

java.io.FileNotFoundException: http://www.ct.com/entertainment/photos/wtxx-new-years-eve-cuvee-west-hartford-20130102,0,1642849.photogallery/entertainment/photos/wtxx-new-years-eve-cuvee-west-hartford-20130102,0,1642849.photogallery?index=wtxx-new-years-eve-cuvee-west-hartford-2013010-012

java.io.FileNotFoundException: http://www.ct.com/entertainment/photos/wtxx-new-years-eve-cuvee-west-hartford-20130102,0,1642849.photogallery/entertainment/photos/wtxx-new-years-eve-cuvee-west-hartford-20130102,0,1642849.photogallery?index=wtxx-new-years-eve-cuvee-west-hartford-2013010-013

java.io.IOException: Server returned HTTP response code: 503 for URL: http://www.stumbleupon.com/submit?url=http://www.ct.com/entertainment/photos/wtxx-new-years-eve-cuvee-west-hartford-20130102,0,1642849.photogallery?index=wtxx-new-years-eve-cuvee-west-hartford-2013010-001&title=Photos: New Year's Eve @ Cuvee, West Hartford

java.io.FileNotFoundException: http://www.ct.com/entertainment/photos/wtxx-new-years-eve-cuvee-west-hartford-20130102,0,1642849.photogallery/entertainment/photos/wtxx-new-years-eve-cuvee-west-hartford-20130102,0,2444161,email.photogallery?index=wtxx-new-years-eve-cuvee-west-hartford-2013010-001

java.io.FileNotFoundException: http://www.hr.com/en/communities/ihr_compensation/job_analysis__evaluation_and_grading/compensation_surveys//en/communities/staffing_and_recruitment/staffing_metrics/

java.io.FileNotFoundException: http://www.hr.com/en/communities/ihr_compensation/job_analysis__evaluation_and_grading/compensation_surveys//en/communities/staffing_and_recruitment/simulations_and_work_samples/

java.io.FileNotFoundException: http://www.hr.com/en/communities/ihr_compensation/job_analysis__evaluation_and_grading/compensation_surveys//en/communities/staffing_and_recruitment/workforce_planning/

java.io.FileNotFoundException: http://www.hr.com/en/communities/ihr_compensation/job_analysis__evaluation_and_grading/compensation_surveys//en/communities/staffing_and_recruitment/workforce_planning/executive_search/

java.io.FileNotFoundException: http://www.ct.com/entertainment/photos/wtxx-new-years-eve-cuvee-west-hartford-20130102,0,1642849.photogallery/entertainment/photos/wtxx-photos-zac-brown-band-at-the-comcast-theatre-20130903,0,2968062.photogallery

java.io.FileNotFoundException: http://www.ct.com/entertainment/photos/wtxx-new-years-eve-cuvee-west-hartford-20130102,0,1642849.photogallery/entertainment/photos/wtxx-30-funny-dennis-reynolds-quotes-20130830,0,2914621.photogallery

java.io.FileNotFoundException: http://www.ct.com/entertainment/photos/wtxx-new-years-eve-cuvee-west-hartford-20130102,0,1642849.photogallery/entertainment/photos/wtxx-photos-maroon-5-and-kelly-clarkson-at-the-comcast-theatre-20130901,0,2631515.photogallery

java.io.FileNotFoundException: http://www.hr.com/en/communities/ihr_compensation/job_analysis__evaluation_and_grading/compensation_surveys//en/communities/staffing_and_recruitment/workforce_planning/internet_recruiting/

java.io.FileNotFoundException: http://www.ct.com/entertainment/photos/wtxx-new-years-eve-cuvee-west-hartford-20130102,0,1642849.photogallery/entertainment/photos/wtxx-photos-afropunk-festival-20130829,0,2469816.photogallery

java.io.FileNotFoundException: http://www.ct.com/entertainment/photos/wtxx-new-years-eve-cuvee-west-hartford-20130102,0,1642849.photogallery/entertainment/photos/wtxx-photos-toby-keith-at-the-comcast-theatre-20130826,0,2068060.photogallery

java.io.FileNotFoundException: http://www.hr.com/en/communities/ihr_compensation/job_analysis__evaluation_and_grading/compensation_surveys//en/communities/learning_management_systems_and_elearning/

java.io.FileNotFoundException: http://www.ct.com/entertainment/photos/wtxx-new-years-eve-cuvee-west-hartford-20130102,0,1642849.photogallery/entertainment/photos/wtxx-photos-john-mayer-at-the-comcast-theatre-20130819,0,6538307.photogallery

java.io.FileNotFoundException: http://www.hr.com/en/communities/ihr_compensation/job_analysis__evaluation_and_grading/compensation_surveys//en/communities/ihr_quality_of_hire/

java.io.FileNotFoundException: http://www.ct.com/entertainment/photos/wtxx-new-years-eve-cuvee-west-hartford-20130102,0,1642849.photogallery/entertainment/photos/wtxx-photos-john-mayer-performing-at-the-comcast-theatre-20130819,0,155400.photogallery

java.io.FileNotFoundException: http://www.hr.com/en/communities/ihr_compensation/job_analysis__evaluation_and_grading/compensation_surveys//en/communities/training_and_development/

java.io.FileNotFoundException: http://www.hr.com/en/communities/ihr_compensation/job_analysis__evaluation_and_grading/compensation_surveys//en/communities/training_and_development/approaches_and_systems__not_software_/

java.io.FileNotFoundException: http://www.hr.com/en/communities/ihr_compensation/job_analysis__evaluation_and_grading/compensation_surveys//en/communities/training_and_development/classroom/

java.net.MalformedURLException: no protocol: ?screen=104

java.io.FileNotFoundException: http://www.ct.com/entertainment/photos/wtxx-new-years-eve-cuvee-west-hartford-20130102,0,1642849.photogallery/entertainment/photos/wtxx-photos-rockstar-energy-drink-uproar-festival-2013-performers-20130813,0,7369410.photogallery

java.io.FileNotFoundException: http://www.ct.com/entertainment/photos/wtxx-new-years-eve-cuvee-west-hartford-20130102,0,1642849.photogallery/entertainment/photos/wtxx-photos-rockstar-energy-drink-uproar-festival-2013-20130813,0,5213107.photogallery

java.io.IOException: Server returned HTTP response code: 403 for URL: http://yuenlong.haibao.hk

java.io.FileNotFoundException: http://www.hr.com/en/communities/ihr_compensation/job_analysis__evaluation_and_grading/compensation_surveys//en/communities/training_and_development/corporate_learning/

java.io.FileNotFoundException: http://www.hr.com/en/communities/ihr_compensation/job_analysis__evaluation_and_grading/compensation_surveys//en/communities/training_and_development/corporate_learning/authoring_tools/

java.io.FileNotFoundException: http://www.hr.com/en/communities/ihr_compensation/job_analysis__evaluation_and_grading/compensation_surveys//en/communities/training_and_development/corporate_learning/analytics_and_measurement/

java.io.FileNotFoundException: http://www.hr.com/en/communities/ihr_compensation/job_analysis__evaluation_and_grading/compensation_surveys//en/communities/training_and_development/corporate_learning/blended_learning/

java.io.FileNotFoundException: http://www.hr.com/en/communities/ihr_compensation/job_analysis__evaluation_and_grading/compensation_surveys//en/communities/training_and_development/corporate_learning/content_development/

java.io.FileNotFoundException: http://www.hr.com/en/communities/ihr_compensation/job_analysis__evaluation_and_grading/compensation_surveys//en/communities/training_and_development/corporate_learning/implementation/

java.io.FileNotFoundException: http://www.hr.com/en/communities/ihr_compensation/job_analysis__evaluation_and_grading/compensation_surveys//en/communities/training_and_development/corporate_learning/learning_content_management_systems/

java.io.FileNotFoundException: http://www.hr.com/en/communities/ihr_compensation/job_analysis__evaluation_and_grading/compensation_surveys//en/communities/training_and_development/corporate_learning/outsourcing_training/

java.io.FileNotFoundException: http://www.hr.com/en/communities/ihr_compensation/job_analysis__evaluation_and_grading/compensation_surveys//en/communities/training_and_development/corporate_learning/planning_and_strategy/

java.io.FileNotFoundException: http://www.hr.com/en/communities/ihr_compensation/job_analysis__evaluation_and_grading/compensation_surveys//en/communities/training_and_development/corporate_learning/learning_management_systems/

java.io.FileNotFoundException: http://www.hr.com/en/communities/ihr_compensation/job_analysis__evaluation_and_grading/compensation_surveys//en/communities/training_and_development/corporate_learning/simulations/

java.io.FileNotFoundException: http://www.hr.com/en/communities/ihr_compensation/job_analysis__evaluation_and_grading/compensation_surveys//en/communities/training_and_development/elearning/

java.io.FileNotFoundException: http://www.ct.com/entertainment/photos/wtxx-creative-cocktail-hour-at-real-art-ways-20121221,0,5531120.photogallery/entertainment/music

java.io.FileNotFoundException: http://www.hr.com/en/communities/ihr_compensation/job_analysis__evaluation_and_grading/compensation_surveys//en/communities/training_and_development/games/

java.io.FileNotFoundException: http://www.hr.com/en/communities/ihr_compensation/job_analysis__evaluation_and_grading/compensation_surveys//en/communities/training_and_development/evaluations/

java.io.FileNotFoundException: http://www.hr.com/en/communities/ihr_compensation/job_analysis__evaluation_and_grading/compensation_surveys//en/communities/training_and_development/online_collaboration_tools/

java.io.FileNotFoundException: http://www.hr.com/en/communities/ihr_compensation/job_analysis__evaluation_and_grading/compensation_surveys//en/communities/training_and_development/online_collaboration_tools/video_conferencing/

java.io.FileNotFoundException: http://www.hr.com/en/communities/ihr_compensation/job_analysis__evaluation_and_grading/compensation_surveys//en/communities/training_and_development/online_collaboration_tools/web_based/

java.io.FileNotFoundException: http://www.hr.com/en/communities/ihr_compensation/job_analysis__evaluation_and_grading/compensation_surveys//en/communities/training_and_development/orientation/

java.io.FileNotFoundException: http://www.hr.com/en/communities/ihr_compensation/job_analysis__evaluation_and_grading/compensation_surveys//en/communities/training_and_development/presentation_tips/

java.io.FileNotFoundException: http://www.ct.com/entertainment/photos/wtxx-creative-cocktail-hour-at-real-art-ways-20121221,0,5531120.photogallery/news/advocates

java.io.FileNotFoundException: http://www.hr.com/en/communities/ihr_compensation/job_analysis__evaluation_and_grading/compensation_surveys//en/communities/workforce_management_001/

java.io.FileNotFoundException: http://www.hr.com/en/communities/ihr_compensation/job_analysis__evaluation_and_grading/compensation_surveys//en/communities/workforce_planning_and_analytics/

java.io.FileNotFoundException: http://www.hr.com/en/communities/ihr_compensation/job_analysis__evaluation_and_grading/compensation_surveys//en/communities/workforce_planning_and_analytics/hr_metrics_implementation/

java.io.FileNotFoundException: http://www.hr.com/en/communities/ihr_compensation/job_analysis__evaluation_and_grading/compensation_surveys//en/communities/workforce_planning_and_analytics/hr_scorecards/

java.io.FileNotFoundException: http://www.hr.com/en/communities/ihr_compensation/job_analysis__evaluation_and_grading/compensation_surveys//en/communities/workforce_planning_and_analytics/predictive_models/

java.io.FileNotFoundException: http://www.hr.com/en/communities/ihr_compensation/job_analysis__evaluation_and_grading/compensation_surveys//en/communities/workforce_planning_and_analytics/labor_supply_demographics/

java.io.FileNotFoundException: http://www.hr.com/en/communities/ihr_compensation/job_analysis__evaluation_and_grading/compensation_surveys//en/communities/workforce_planning_and_analytics/external_factors/

java.net.MalformedURLException: no protocol: category.php?id=33&brand=963

java.io.FileNotFoundException: http://www.hr.com/en/communities/ihr_compensation/job_analysis__evaluation_and_grading/compensation_surveys//en/communities/workforce_planning_and_analytics/consulting/

java.io.FileNotFoundException: http://www.hr.com/en/communities/ihr_compensation/job_analysis__evaluation_and_grading/compensation_surveys//en/communities/workforce_planning_and_analytics/data_cleansing/

java.io.FileNotFoundException: http://www.hr.com/en/communities/ihr_compensation/job_analysis__evaluation_and_grading/compensation_surveys//en/communities/workforce_planning_and_analytics/workforce_planning_analytics_change_management/

java.io.FileNotFoundException: http://www.hr.com/en/communities/ihr_compensation/job_analysis__evaluation_and_grading/compensation_surveys//en/communities/workforce_planning_and_analytics/internal_mobility/

java.io.FileNotFoundException: http://www.hr.com/en/communities/ihr_compensation/job_analysis__evaluation_and_grading/compensation_surveys//en/communities/workforce_planning_and_analytics/mergers_acquisitions/

java.io.FileNotFoundException: http://www.hr.com/en/communities/ihr_compensation/job_analysis__evaluation_and_grading/compensation_surveys//en/communities/workforce_planning_and_analytics/downsizing/

java.io.FileNotFoundException: http://www.hr.com/en/communities/ihr_compensation/job_analysis__evaluation_and_grading/compensation_surveys//en/communities/workforce_planning_and_analytics/surveys_organization/

java.io.FileNotFoundException: http://www.ct.com/entertainment/photos/wtxx-creative-cocktail-hour-at-real-art-ways-20121221,0,5531120.photogallery/entertainment/best-of-ct/

java.io.FileNotFoundException: http://www.hr.com/en/communities/hr_in_canada/canadian_masters_in_hr_strategy_execution//en/communities/leadership/leading_self/flexibility_adaptability/

java.io.FileNotFoundException: http://www.hr.com/en/communities/hr_in_canada/canadian_masters_in_hr_strategy_execution//en/communities/leadership/leading_self/stress/

java.io.FileNotFoundException: http://www.ct.com/entertainment/photos/wtxx-creative-cocktail-hour-at-real-art-ways-20121221,0,5531120.photogallery/entertainment/tv/cw

java.io.FileNotFoundException: http://www.ct.com/entertainment/photos/wtxx-new-years-eve-cuvee-west-hartford-20130102,0,1642849.photogallery/entertainment/photos/hc-electric-run-5k-20130811,0,6790488.photogallery

java.io.FileNotFoundException: http://www.hr.com/en/communities/hr_in_canada/canadian_masters_in_hr_strategy_execution//en/communities/leadership/succession_planning/

java.io.FileNotFoundException: http://www.hr.com/en/communities/hr_in_canada/canadian_masters_in_hr_strategy_execution//en/communities/leadership/leading_self/worklife_balance/

java.io.FileNotFoundException: http://www.hr.com/en/communities/hr_in_canada/canadian_masters_in_hr_strategy_execution//en/communities/leadership/selection/

java.io.FileNotFoundException: http://www.hr.com/en/communities/hr_in_canada/canadian_masters_in_hr_strategy_execution//en/communities/leadership/strategic_decision_making/

java.io.FileNotFoundException: http://www.hr.com/en/communities/hr_in_canada/canadian_masters_in_hr_strategy_execution//en/communities/leadership/measurement_and_metrics/

java.io.FileNotFoundException: http://www.hr.com/en/communities/hr_in_canada/canadian_masters_in_hr_strategy_execution//en/communities/leadership/trends/

java.io.FileNotFoundException: http://www.hr.com/en/communities/hr_in_canada/canadian_masters_in_hr_strategy_execution//en/communities/leadership/vision__values_and_mission/

java.io.FileNotFoundException: http://www.hr.com/en/communities/hr_in_canada/canadian_masters_in_hr_strategy_execution//en/communities/legal/business_and_finance/

java.io.FileNotFoundException: http://www.hr.com/en/communities/hr_in_canada/canadian_masters_in_hr_strategy_execution//en/communities/legal/benefits_and_compensation_law/

java.io.FileNotFoundException: http://www.hr.com/en/communities/hr_in_canada/canadian_masters_in_hr_strategy_execution//en/communities/legal/

java.io.FileNotFoundException: http://www.hr.com/en/communities/hr_in_canada/canadian_masters_in_hr_strategy_execution//en/communities/legal/contract_disputes/

java.io.FileNotFoundException: http://www.hr.com/en/communities/hr_in_canada/canadian_masters_in_hr_strategy_execution//en/communities/legal/court_cases/

java.io.FileNotFoundException: http://www.hr.com/en/communities/hr_in_canada/canadian_masters_in_hr_strategy_execution//en/communities/legal/employment_discrimination/

java.io.FileNotFoundException: http://www.hr.com/en/communities/hr_in_canada/canadian_masters_in_hr_strategy_execution//en/communities/legal/employment_contracts_and_non_competes/

java.io.FileNotFoundException: http://www.hr.com/en/communities/hr_in_canada/canadian_masters_in_hr_strategy_execution//en/communities/legal/legal_trends/

java.io.FileNotFoundException: http://www.hr.com/en/communities/hr_in_canada/canadian_masters_in_hr_strategy_execution//en/communities/legal/internet_related/

java.io.FileNotFoundException: http://www.hr.com/en/communities/hr_in_canada/canadian_masters_in_hr_strategy_execution//en/communities/legal/legislation/canadian_legal_issues/

java.io.FileNotFoundException: http://www.hr.com/en/communities/hr_in_canada/canadian_masters_in_hr_strategy_execution//en/communities/legal/environmental/

java.io.FileNotFoundException: http://www.hr.com/en/communities/hr_in_canada/canadian_masters_in_hr_strategy_execution//en/communities/legal/legislation/

java.io.FileNotFoundException: http://www.hr.com/en/communities/hr_in_canada/canadian_masters_in_hr_strategy_execution//en/communities/legal/legislation/international_legal_issues/

java.io.FileNotFoundException: http://www.hr.com/en/communities/hr_in_canada/canadian_masters_in_hr_strategy_execution//en/communities/legal/legislation/u_s__based_legal_issues/americans_with_disabilities_act/

java.io.FileNotFoundException: http://www.hr.com/en/communities/hr_in_canada/canadian_masters_in_hr_strategy_execution//en/communities/legal/legislation/u_s__based_legal_issues/

java.io.FileNotFoundException: http://www.hr.com/en/communities/hr_in_canada/canadian_masters_in_hr_strategy_execution//en/communities/legal/privacy/

java.io.FileNotFoundException: http://www.hr.com/en/communities/hr_in_canada/canadian_masters_in_hr_strategy_execution//en/communities/legal/training_on_compliance/

java.io.FileNotFoundException: http://www.hr.com/en/communities/hr_in_canada/canadian_masters_in_hr_strategy_execution//en/communities/legal/legislation/u_s__based_legal_issues/fmla/

java.io.FileNotFoundException: http://www.hr.com/en/communities/hr_in_canada/canadian_masters_in_hr_strategy_execution//en/communities/legal/termination/

java.io.FileNotFoundException: http://www.hr.com/en/communities/hr_in_canada/canadian_masters_in_hr_strategy_execution//en/communities/legal/legislation/u_s__based_legal_issues/wage_and_hour/

java.io.FileNotFoundException: http://www.hr.com/en/communities/hr_in_canada/canadian_masters_in_hr_strategy_execution//en/communities/legal/workplace_regulations/

java.io.FileNotFoundException: http://www.hr.com/en/communities/hr_in_canada/canadian_masters_in_hr_strategy_execution//en/communities/legal/legal_compliance_in_india/

java.io.FileNotFoundException: http://www.hr.com/en/communities/hr_in_canada/canadian_masters_in_hr_strategy_execution//en/communities/onboarding_001/

java.io.FileNotFoundException: http://www.hr.com/en/communities/hr_in_canada/canadian_masters_in_hr_strategy_execution//en/communities/organizational_development/

java.io.FileNotFoundException: http://www.hr.com/en/communities/hr_in_canada/canadian_masters_in_hr_strategy_execution//en/communities/organizational_development/career_and_succession_planning/

java.io.FileNotFoundException: http://www.hr.com/en/communities/hr_in_canada/canadian_masters_in_hr_strategy_execution//en/communities/organizational_development/change_management/

java.io.FileNotFoundException: http://www.hr.com/en/communities/hr_in_canada/canadian_masters_in_hr_strategy_execution//en/communities/organizational_development/employee_satisfaction_engagement/

java.io.FileNotFoundException: http://www.hr.com/en/communities/hr_in_canada/canadian_masters_in_hr_strategy_execution//en/communities/organizational_development/job_design_telework/

java.io.FileNotFoundException: http://www.hr.com/en/communities/hr_in_canada/canadian_masters_in_hr_strategy_execution//en/communities/organizational_development/high_performing_teams/

java.io.FileNotFoundException: http://www.hr.com/en/communities/hr_in_canada/canadian_masters_in_hr_strategy_execution//en/communities/organizational_development/knowledge_management/

java.io.FileNotFoundException: http://www.hr.com/en/communities/ihr_compensation/job_analysis__evaluation_and_grading/compensation_surveys//en/communities/workforce_planning_and_analytics/modelling/

java.io.FileNotFoundException: http://www.ct.com/entertainment/photos/wtxx-creative-cocktail-hour-at-real-art-ways-20121221,0,5531120.photogallery/promotions/contests

java.io.FileNotFoundException: http://www.hr.com/en/communities/hr_in_canada/canadian_masters_in_hr_strategy_execution//en/communities/organizational_development/creativity_and_innovation/

java.io.FileNotFoundException: http://www.hr.com/en/communities/hr_in_canada/canadian_masters_in_hr_strategy_execution//en/communities/organizational_development/communication_programs/

java.io.FileNotFoundException: http://www.hr.com/en/communities/hr_in_canada/canadian_masters_in_hr_strategy_execution//en/communities/organizational_development/decision_making/

java.io.FileNotFoundException: http://www.hr.com/en/communities/ihr_compensation/job_analysis__evaluation_and_grading/compensation_surveys//en/communities/workforce_planning_and_analytics/surveys_organization/market_research/

java.io.FileNotFoundException: http://www.hr.com/en/communities/ihr_compensation/job_analysis__evaluation_and_grading/compensation_surveys//en/communities/workforce_planning_and_analytics/modelling/business_modelling/

java.io.FileNotFoundException: http://www.hr.com/en/communities/hr_in_canada/canadian_masters_in_hr_strategy_execution//en/communities/organizational_development/diversity/

java.io.FileNotFoundException: http://www.hr.com/en/communities/ihr_compensation/job_analysis__evaluation_and_grading/compensation_surveys//en/communities/workforce_planning_and_analytics/surveys_organization/polls/

java.io.FileNotFoundException: http://www.hr.com/en/communities/ihr_compensation/job_analysis__evaluation_and_grading/compensation_surveys//en/communities/workforce_planning_and_analytics/surveys_organization/enterprise_surveys/

java.io.FileNotFoundException: http://www.hr.com/en/communities/ihr_compensation/job_analysis__evaluation_and_grading/compensation_surveys//en/communities/workforce_planning_and_analytics/modelling/location_modelling/

java.io.FileNotFoundException: http://www.hr.com/en/communities/ihr_compensation/job_analysis__evaluation_and_grading/compensation_surveys//en/communities/workforce_planning_and_analytics/modelling/org_charting/

java.io.FileNotFoundException: http://www.hr.com/en/communities/ihr_compensation/job_analysis__evaluation_and_grading/compensation_surveys//en/communities/workforce_planning_and_analytics/benchmarking/

java.io.FileNotFoundException: http://www.ct.com/entertainment/photos/wtxx-creative-cocktail-hour-at-real-art-ways-20121221,0,5531120.photogallery/entertainment/photos/wtxx-creative-cocktail-hour-at-real-art-ways-20121221,0,5531120.photogallery?index=wtxx-creative-cocktail-hour-at-real-art-ways-2-002

java.io.FileNotFoundException: http://www.ct.com/entertainment/photos/wtxx-creative-cocktail-hour-at-real-art-ways-20121221,0,5531120.photogallery/entertainment/photos/wtxx-creative-cocktail-hour-at-real-art-ways-20121221,0,5531120.photogallery?index=wtxx-creative-cocktail-hour-at-real-art-ways-2-001

java.io.FileNotFoundException: http://www.ct.com/entertainment/photos/wtxx-creative-cocktail-hour-at-real-art-ways-20121221,0,5531120.photogallery/entertainment/photos/wtxx-creative-cocktail-hour-at-real-art-ways-20121221,0,5531120.photogallery?index=wtxx-creative-cocktail-hour-at-real-art-ways-2-003

java.io.FileNotFoundException: http://www.ct.com/entertainment/photos/wtxx-creative-cocktail-hour-at-real-art-ways-20121221,0,5531120.photogallery/entertainment/photos/wtxx-creative-cocktail-hour-at-real-art-ways-20121221,0,5531120.photogallery?index=wtxx-creative-cocktail-hour-at-real-art-ways-2-004

java.io.FileNotFoundException: http://www.ct.com/entertainment/photos/wtxx-creative-cocktail-hour-at-real-art-ways-20121221,0,5531120.photogallery/entertainment/photos/wtxx-creative-cocktail-hour-at-real-art-ways-20121221,0,5531120.photogallery?

java.io.FileNotFoundException: http://www.ct.com/entertainment/photos/wtxx-creative-cocktail-hour-at-real-art-ways-20121221,0,5531120.photogallery/entertainment/photos/wtxx-creative-cocktail-hour-at-real-art-ways-20121221,0,5531120.photogallery?index=wtxx-creative-cocktail-hour-at-real-art-ways-2-005

java.io.FileNotFoundException: http://www.ct.com/entertainment/photos/wtxx-creative-cocktail-hour-at-real-art-ways-20121221,0,5531120.photogallery/entertainment/photos/wtxx-creative-cocktail-hour-at-real-art-ways-20121221,0,5531120.photogallery?index=wtxx-creative-cocktail-hour-at-real-art-ways-2-006

java.io.FileNotFoundException: http://www.ct.com/entertainment/photos/wtxx-creative-cocktail-hour-at-real-art-ways-20121221,0,5531120.photogallery/entertainment/photos/wtxx-creative-cocktail-hour-at-real-art-ways-20121221,0,5531120.photogallery?index=wtxx-creative-cocktail-hour-at-real-art-ways-2-007

java.io.FileNotFoundException: http://www.ct.com/entertainment/photos/wtxx-creative-cocktail-hour-at-real-art-ways-20121221,0,5531120.photogallery/entertainment/photos/wtxx-creative-cocktail-hour-at-real-art-ways-20121221,0,5531120.photogallery?index=wtxx-creative-cocktail-hour-at-real-art-ways-2-008

java.io.FileNotFoundException: http://www.ct.com/entertainment/photos/wtxx-creative-cocktail-hour-at-real-art-ways-20121221,0,5531120.photogallery/entertainment/photos/wtxx-creative-cocktail-hour-at-real-art-ways-20121221,0,5531120.photogallery?index=wtxx-creative-cocktail-hour-at-real-art-ways-2-009

java.io.FileNotFoundException: http://www.ct.com/entertainment/photos/wtxx-creative-cocktail-hour-at-real-art-ways-20121221,0,5531120.photogallery/entertainment/photos/wtxx-creative-cocktail-hour-at-real-art-ways-20121221,0,5531120.photogallery?index=wtxx-creative-cocktail-hour-at-real-art-ways-2-011

java.io.FileNotFoundException: http://www.ct.com/entertainment/photos/wtxx-creative-cocktail-hour-at-real-art-ways-20121221,0,5531120.photogallery/entertainment/photos/wtxx-creative-cocktail-hour-at-real-art-ways-20121221,0,5531120.photogallery?index=wtxx-creative-cocktail-hour-at-real-art-ways-2-010

java.io.FileNotFoundException: http://www.ct.com/entertainment/photos/wtxx-creative-cocktail-hour-at-real-art-ways-20121221,0,5531120.photogallery/entertainment/photos/wtxx-creative-cocktail-hour-at-real-art-ways-20121221,0,5531120.photogallery?index=wtxx-creative-cocktail-hour-at-real-art-ways-2-012

java.io.IOException: Server returned HTTP response code: 400 for URL: http://twitter.com/share?url=http://www.ct.com/entertainment/photos/wtxx-creative-cocktail-hour-at-real-art-ways-20121221,0,5531120.photogallery?index=wtxx-creative-cocktail-hour-at-real-art-ways-2-001&text=Photos: Creative Cocktail Hour at Real Art Ways

java.io.IOException: Server returned HTTP response code: 400 for URL: http://www.facebook.com/share.php?&u=http://www.ct.com/entertainment/photos/wtxx-creative-cocktail-hour-at-real-art-ways-20121221,0,5531120.photogallery?index=wtxx-creative-cocktail-hour-at-real-art-ways-2-001&t=Photos: Creative Cocktail Hour at Real Art Ways

java.io.FileNotFoundException: http://www.ct.com/entertainment/photos/wtxx-creative-cocktail-hour-at-real-art-ways-20121221,0,5531120.photogallery/entertainment/photos/wtxx-creative-cocktail-hour-at-real-art-ways-20121221,0,5531120.photogallery?index=wtxx-creative-cocktail-hour-at-real-art-ways-2-013

java.io.IOException: Server returned HTTP response code: 503 for URL: http://www.stumbleupon.com/submit?url=http://www.ct.com/entertainment/photos/wtxx-creative-cocktail-hour-at-real-art-ways-20121221,0,5531120.photogallery?index=wtxx-creative-cocktail-hour-at-real-art-ways-2-001&title=Photos: Creative Cocktail Hour at Real Art Ways

java.io.FileNotFoundException: http://www.ct.com/entertainment/photos/wtxx-creative-cocktail-hour-at-real-art-ways-20121221,0,5531120.photogallery/entertainment/photos/wtxx-creative-cocktail-hour-at-real-art-ways-20121221,0,6206978,email.photogallery?index=wtxx-creative-cocktail-hour-at-real-art-ways-2-001

java.io.FileNotFoundException: http://www.hr.com/en/communities/ihr_compensation/job_analysis__evaluation_and_grading/compensation_surveys//en/communities/workforce_planning_and_analytics/benchmarking/internal/

java.io.FileNotFoundException: http://www.ct.com/entertainment/photos/wtxx-creative-cocktail-hour-at-real-art-ways-20121221,0,5531120.photogallery/entertainment/photos/wtxx-photos-zac-brown-band-at-the-comcast-theatre-20130903,0,2968062.photogallery

java.io.FileNotFoundException: http://www.ct.com/entertainment/photos/wtxx-creative-cocktail-hour-at-real-art-ways-20121221,0,5531120.photogallery/entertainment/photos/wtxx-photos-maroon-5-and-kelly-clarkson-at-the-comcast-theatre-20130901,0,2631515.photogallery

java.io.FileNotFoundException: http://www.hr.com/en/communities/ihr_compensation/job_analysis__evaluation_and_grading/compensation_surveys//en/communities/workforce_planning_and_analytics/benchmarking/external/

java.io.FileNotFoundException: http://www.hr.com/en/communities/ihr_compensation/job_analysis__evaluation_and_grading/compensation_surveys//en/communities/workforce_planning_and_analytics/workforce_planning_analytics_technology/

java.io.FileNotFoundException: http://www.ct.com/entertainment/photos/wtxx-creative-cocktail-hour-at-real-art-ways-20121221,0,5531120.photogallery/entertainment/photos/wtxx-30-funny-dennis-reynolds-quotes-20130830,0,2914621.photogallery

java.io.FileNotFoundException: http://www.hr.com/en/communities/ihr_compensation/job_analysis__evaluation_and_grading/compensation_surveys//en/webcasts_events/

java.io.FileNotFoundException: http://www.ct.com/entertainment/photos/wtxx-creative-cocktail-hour-at-real-art-ways-20121221,0,5531120.photogallery/entertainment/photos/wtxx-photos-afropunk-festival-20130829,0,2469816.photogallery

java.io.FileNotFoundException: http://www.ct.com/entertainment/photos/wtxx-creative-cocktail-hour-at-real-art-ways-20121221,0,5531120.photogallery/entertainment/photos/wtxx-photos-toby-keith-at-the-comcast-theatre-20130826,0,2068060.photogallery

java.io.FileNotFoundException: http://www.hr.com/en/communities/ihr_compensation/job_analysis__evaluation_and_grading/compensation_surveys//en/webcasts_events/webcasts/

java.io.FileNotFoundException: http://www.hr.com/en/communities/ihr_compensation/job_analysis__evaluation_and_grading/compensation_surveys//en/webcasts_events/webcasts/upcoming_webcasts/

java.io.FileNotFoundException: http://www.ct.com/entertainment/photos/wtxx-creative-cocktail-hour-at-real-art-ways-20121221,0,5531120.photogallery/entertainment/photos/wtxx-photos-john-mayer-at-the-comcast-theatre-20130819,0,6538307.photogallery

java.io.FileNotFoundException: http://www.hr.com/en/communities/ihr_compensation/job_analysis__evaluation_and_grading/compensation_surveys//en/webcasts_events/webcasts/archived_webcasts_and_podcasts/

java.io.FileNotFoundException: http://www.ct.com/entertainment/photos/wtxx-creative-cocktail-hour-at-real-art-ways-20121221,0,5531120.photogallery/entertainment/photos/wtxx-photos-john-mayer-performing-at-the-comcast-theatre-20130819,0,155400.photogallery

java.io.FileNotFoundException: http://www.hr.com/en/communities/ihr_compensation/job_analysis__evaluation_and_grading/compensation_surveys//en/webcasts_events/webcasts/archived_vlogs/

java.io.FileNotFoundException: http://www.ct.com/entertainment/photos/wtxx-creative-cocktail-hour-at-real-art-ways-20121221,0,5531120.photogallery/entertainment/photos/wtxx-photos-rockstar-energy-drink-uproar-festival-2013-20130813,0,5213107.photogallery

java.io.FileNotFoundException: http://www.ct.com/entertainment/photos/wtxx-creative-cocktail-hour-at-real-art-ways-20121221,0,5531120.photogallery/entertainment/photos/wtxx-photos-rockstar-energy-drink-uproar-festival-2013-performers-20130813,0,7369410.photogallery

java.io.FileNotFoundException: http://www.hr.com/en/communities/ihr_compensation/job_analysis__evaluation_and_grading/compensation_surveys//en/webcasts_events/webcasts/webcast_testimonials/

java.io.FileNotFoundException: http://www.hr.com/en/communities/ihr_compensation/job_analysis__evaluation_and_grading/compensation_surveys//en/webcasts_events/webcasts/sponsor_a_webcast/

java.io.FileNotFoundException: http://www.ct.com/entertainment/photos/wtxx-creative-cocktail-hour-at-real-art-ways-20121221,0,5531120.photogallery/entertainment/photos/hc-electric-run-5k-20130811,0,6790488.photogallery

java.io.FileNotFoundException: http://www.hr.com/en/communities/ihr_compensation/job_analysis__evaluation_and_grading/compensation_surveys//en/webcasts_events/webcasts/call_for_speakers/

java.io.FileNotFoundException: http://www.ct.com/sports/football/take-the-points/wheretogo

java.io.FileNotFoundException: http://www.hr.com/en/communities/ihr_compensation/job_analysis__evaluation_and_grading/compensation_surveys//en/webcasts_events/webcasts/call_for_speakers_third_party/

java.io.FileNotFoundException: http://www.hr.com/en/communities/ihr_compensation/job_analysis__evaluation_and_grading/compensation_surveys//en/webcasts_events/webcasts/call_for_speakers_demo_days/

java.io.FileNotFoundException: http://www.ct.com/sports/football/take-the-points/whattodo

java.io.FileNotFoundException: http://www.hr.com/en/communities/ihr_compensation/job_analysis__evaluation_and_grading/compensation_surveys//en/webcasts_events/virtual_events/

java.io.FileNotFoundException: http://www.hr.com/en/communities/ihr_compensation/job_analysis__evaluation_and_grading/compensation_surveys//en/webcasts_events/virtual_events/upcoming_virtual_events/

java.io.FileNotFoundException: http://www.hr.com/en/communities/ihr_compensation/job_analysis__evaluation_and_grading/compensation_surveys//en/webcasts_events/virtual_events/archived_virtual_events/

java.io.FileNotFoundException: http://www.hr.com/en/communities/ihr_compensation/job_analysis__evaluation_and_grading/compensation_surveys//en/webcasts_events/virtual_events/host_your_own_virtual_event/

java.io.FileNotFoundException: http://www.hr.com/en/communities/ihr_compensation/job_analysis__evaluation_and_grading/compensation_surveys//en/webcasts_events/virtual_events/sponsor_a_virtual_event/

java.io.FileNotFoundException: http://www.hr.com/en/communities/ihr_compensation/job_analysis__evaluation_and_grading/compensation_surveys//en/webcasts_events/virtual_events/booth_training/

java.io.FileNotFoundException: http://www.hr.com/en/communities/ihr_compensation/job_analysis__evaluation_and_grading/compensation_surveys//en/webcasts_events/live_upcoming_events/

java.io.FileNotFoundException: http://www.hr.com/en/communities/ihr_compensation/job_analysis__evaluation_and_grading/compensation_surveys//en/webcasts_events/live_upcoming_events/hcm_investors_forum_2014/

java.io.FileNotFoundException: http://www.hr.com/en/communities/ihr_hr_in_california//en/communities/organizational_development/career_and_succession_planning/

java.io.FileNotFoundException: http://www.ct.com/sports/football/take-the-points/entertainment/restaurants

java.io.FileNotFoundException: http://www.ct.com/sports/football/take-the-points/entertainment/music

java.io.FileNotFoundException: http://www.hr.com/en/communities/ihr_compensation/job_analysis__evaluation_and_grading/compensation_surveys//en/webcasts_events/live_upcoming_events/strategic_hcm_partnerships_2014/

java.io.FileNotFoundException: http://www.ct.com/sports/football/take-the-points/news/advocates

java.io.FileNotFoundException: http://www.hr.com/en/communities/ihr_compensation/job_analysis__evaluation_and_grading/compensation_surveys//en/webcasts_events/live_upcoming_events/strategic_hcm_analyst_forum_2014/

java.io.FileNotFoundException: http://www.hr.com/en/communities/ihr_compensation/job_analysis__evaluation_and_grading/compensation_surveys//en/webcasts_events/live_upcoming_events/talent_acquisition_excellence_forum_2014/

java.io.FileNotFoundException: http://www.hr.com/en/communities/ihr_compensation/job_analysis__evaluation_and_grading/compensation_surveys//en/webcasts_events/speaker_training/

java.io.FileNotFoundException: http://www.hr.com/en/communities/ihr_compensation/job_analysis__evaluation_and_grading/compensation_surveys//en/resources/

java.io.FileNotFoundException: http://www.hr.com/en/communities/ihr_compensation/job_analysis__evaluation_and_grading/compensation_surveys//en/resources/surveys/about_hr_market_intelligence/

java.io.FileNotFoundException: http://www.hr.com/en/communities/ihr_compensation/job_analysis__evaluation_and_grading/compensation_surveys//en/resources/surveys/

java.io.FileNotFoundException: http://www.hr.com/en/communities/ihr_compensation/job_analysis__evaluation_and_grading/compensation_surveys//en/resources/surveys/past_surveys/

java.io.FileNotFoundException: http://www.hr.com/en/communities/ihr_compensation/job_analysis__evaluation_and_grading/compensation_surveys//en/resources/free_forms/

java.io.FileNotFoundException: http://www.hr.com/en/communities/ihr_compensation/job_analysis__evaluation_and_grading/compensation_surveys//en/resources/free_forms/compliance_posters/

java.io.FileNotFoundException: http://www.hr.com/en/communities/ihr_compensation/job_analysis__evaluation_and_grading/compensation_surveys//en/resources/wikis/

java.io.FileNotFoundException: http://www.ct.com/sports/football/take-the-points/entertainment/best-of-ct/

java.io.FileNotFoundException: http://www.hr.com/en/communities/ihr_compensation/job_analysis__evaluation_and_grading/compensation_surveys//en/hr_careers/

java.io.FileNotFoundException: http://www.flickr.com/photos/topstreetwear/photos/topstreetwear/4812289760/

java.io.FileNotFoundException: http://www.hr.com/en/communities/ihr_compensation/job_analysis__evaluation_and_grading/compensation_surveys//en/certifications/

java.io.FileNotFoundException: http://www.hr.com/en/communities/ihr_compensation/job_analysis__evaluation_and_grading/compensation_surveys//en/certifications/ihr_certification/

java.io.FileNotFoundException: http://www.hr.com/en/communities/ihr_compensation/job_analysis__evaluation_and_grading/compensation_surveys//en/certifications/ihr_certification/training_testing/

java.io.FileNotFoundException: http://www.hr.com/en/communities/ihr_compensation/job_analysis__evaluation_and_grading/compensation_surveys//en/certifications/programs_offered/

java.io.FileNotFoundException: http://www.hr.com/en/communities/ihr_compensation/job_analysis__evaluation_and_grading/compensation_surveys//en/certifications/ihr_certification/faq/

java.io.FileNotFoundException: http://www.hr.com/en/communities/ihr_compensation/job_analysis__evaluation_and_grading/compensation_surveys//en/certifications/hrci/

java.io.FileNotFoundException: http://www.hr.com/en/communities/ihr_compensation/job_analysis__evaluation_and_grading/compensation_surveys//en/certifications/worldatwork/

java.io.FileNotFoundException: http://www.ct.com/sports/football/take-the-points/entertainment/tv/cw

java.io.FileNotFoundException: http://www.hr.com/en/communities/ihr_compensation/job_analysis__evaluation_and_grading/compensation_surveys//en/certifications/call_for_speakers/

java.io.FileNotFoundException: http://www.hr.com/en/communities/ihr_compensation/job_analysis__evaluation_and_grading/compensation_surveys//en/certifications/sponsorships/

java.io.FileNotFoundException: http://www.hr.com/en/communities/ihr_compensation/job_analysis__evaluation_and_grading/compensation_surveys//en/certifications/why_certify_demo/

java.io.FileNotFoundException: http://www.hr.com/en/communities/ihr_compensation/job_analysis__evaluation_and_grading/compensation_surveys//en/topleaders/

java.io.FileNotFoundException: http://www.hr.com/en/communities/ihr_compensation/job_analysis__evaluation_and_grading/compensation_surveys//en/topleaders/top_leaders_in_leadership/

java.io.FileNotFoundException: http://www.hr.com/en/communities/ihr_compensation/job_analysis__evaluation_and_grading/compensation_surveys//en/certifications/phr_sphr_certification_prep_course/

java.io.FileNotFoundException: http://www.hr.com/en/communities/ihr_compensation/job_analysis__evaluation_and_grading/compensation_surveys//en/hr_com_store/

java.io.FileNotFoundException: http://www.hr.com/en/communities/ihr_compensation/job_analysis__evaluation_and_grading/compensation_surveys//en/topleaders/top_leaders_in_leadership/personal_excellence_essentials/

java.io.FileNotFoundException: http://www.hr.com/en/communities/ihr_compensation/job_analysis__evaluation_and_grading/compensation_surveys//en/topleaders/top_leaders_in_leadership/leadership_excellence_essentials/

java.io.FileNotFoundException: http://www.ct.com/sports/football/take-the-points/promotions/contests

java.io.FileNotFoundException: http://www.hr.com/en/communities/ihr_compensation/job_analysis__evaluation_and_grading/compensation_surveys//en/topleaders/top_leaders_in_leadership/sales_service_excellence_essentials/

java.io.FileNotFoundException: http://www.hr.com/en/communities/ihr_compensation/job_analysis__evaluation_and_grading/compensation_surveys//en/topleaders/top_leaders_in_leadership/about_us/

java.io.FileNotFoundException: http://www.ct.com/sports/football/take-the-points/sports/football/take-the-points/wtxx-take-the-points-college-football-week-2-podcast-20130906,0,1900209.story

java.io.FileNotFoundException: http://www.ct.com/sports/football/take-the-points/sports/football/take-the-points/wtxx-take-the-points-college-football-week-2-picks-20130906,0,1250699.story

java.io.FileNotFoundException: http://www.ct.com/sports/football/take-the-points/entertainment/photos/wtxx-the-best-will-ferrell-quotes-20120719,0,2808901.photogallery

java.io.FileNotFoundException: http://www.ct.com/sports/football/take-the-points/entertainment/photos/wtxx-crazy-food-challenges-20111228,0,73770.photogallery

java.io.FileNotFoundException: http://www.ct.com/sports/football/take-the-points/sports/football/take-the-points/wtxx-tom-zs-college-football-bowl-game-extravaganza-predictions-for-every-game-20121214,0,2136974.story

java.io.FileNotFoundException: http://www.hr.com/en/communities/ihr_compensation/job_analysis__evaluation_and_grading/compensation_surveys//en/topleaders/top_leaders_in_leadership/forum/

java.io.FileNotFoundException: http://www.ct.com/sports/football/take-the-points/entertainment/photos/wtxx-the-best-tyler-durden-quotes-20120612,0,7513696.photogallery

java.io.FileNotFoundException: http://www.ct.com/sports/football/take-the-points/sports/football/take-the-points/wtxx-take-the-points-college-football-week-1-lines-and-a-2013-season-preview-20130829,0,6140430.story

java.io.FileNotFoundException: http://www.ct.com/sports/football/take-the-points/entertainment/photos/wtxx-the-funniest-quotes-from-the-league-20121011,0,4364260.photogallery

java.io.FileNotFoundException: http://www.ct.com/sports/football/take-the-points/entertainment/photos/wtxx-awesome-quotes-from-breaking-bad-20120713,0,7424966.photogallery

java.io.FileNotFoundException: http://www.ct.com/sports/football/take-the-points/news/advocates/wtxx-improvisations-returns-to-real-art-ways-for-a-third-season-20130911,0,1854645.story

java.io.FileNotFoundException: http://www.ct.com/sports/football/take-the-points/entertainment/photos/wtxx-brilliant-quotes-from-don-draper-20121228,0,3605513.photogallery

java.io.FileNotFoundException: http://www.ct.com/sports/football/take-the-points/entertainment/photos/wcct-slideshow-the-10-best-samuel-l-jackson-movie-quotes-20111220,0,5873084.photogallery

java.io.FileNotFoundException: http://www.ct.com/sports/football/take-the-points/news/advocates/latest-news/nm-ht36ncgameshowgeek-20130903,0,3102180.story

java.io.FileNotFoundException: http://www.ct.com/sports/football/take-the-points/news/advocates/crime-punishment/nm-ht37crime-20130912,0,6157040.story

java.io.FileNotFoundException: http://www.hr.com/en/communities/ihr_compensation/job_analysis__evaluation_and_grading/compensation_surveys//en/topleaders/top_leaders_in_leadership/awards/

java.io.FileNotFoundException: http://www.hr.com/en/communities/ihr_compensation/job_analysis__evaluation_and_grading/compensation_surveys//en/topleaders/top_leaders_in_leadership/contact_us/

java.io.FileNotFoundException: http://www.hr.com/en/communities/ihr_compensation/job_analysis__evaluation_and_grading/compensation_surveys//en/topleaders/all_articles/

java.io.FileNotFoundException: http://www.hr.com/en/communities/ihr_compensation/job_analysis__evaluation_and_grading/compensation_surveys//en/topleaders/essentials/

java.io.FileNotFoundException: http://www.hr.com/en/communities/ihr_compensation/job_analysis__evaluation_and_grading/compensation_surveys//en/topleaders/interactive_content/

java.io.FileNotFoundException: http://www.ct.com/sports/football/take-the-points/wtxx-take-the-points-college-football-week-2-podcast-20130906,0,1900209.story/

java.io.FileNotFoundException: http://www.ct.com/sports/football/take-the-points/wtxx-take-the-points-college-football-week-2-podcast-20130906,0,1900209.story/wheretogo

java.io.IOException: Server returned HTTP response code: 403 for URL: http://www.hr.com/en/communities/ihr_compensation/job_analysis__evaluation_and_grading/compensation_surveys//en?t=/network/search/index&s=AujVT6CkDmAiuLFYwe&online=1&special=1

java.io.FileNotFoundException: http://www.ct.com/sports/football/take-the-points/wtxx-take-the-points-college-football-week-2-podcast-20130906,0,1900209.story/whattodo

java.io.FileNotFoundException: http://www.hr.com/en/communities/ihr_hr_in_california//en/communities/organizational_development/change_management/

java.io.FileNotFoundException: http://www.hr.com/en/communities/ihr_hr_in_california//en/communities/organizational_development/communication_programs/

java.io.FileNotFoundException: http://www.hr.com/en/communities/ihr_hr_in_california//en/communities/organizational_development/creativity_and_innovation/

java.io.FileNotFoundException: http://www.hr.com/en/communities/ihr_hr_in_california//en/communities/organizational_development/decision_making/

java.io.FileNotFoundException: http://www.hr.com/en/communities/ihr_hr_in_california//en/communities/organizational_development/diversity/

java.io.FileNotFoundException: http://www.hr.com/en/communities/ihr_hr_in_california//en/communities/organizational_development/employee_satisfaction_engagement/

java.io.FileNotFoundException: http://www.hr.com/en/communities/ihr_hr_in_california//en/communities/organizational_development/high_performing_teams/

java.io.FileNotFoundException: http://www.hr.com/en/communities/ihr_hr_in_california//en/communities/organizational_development/job_design_telework/

java.io.FileNotFoundException: http://www.hr.com/en/communities/ihr_hr_in_california//en/communities/organizational_development/measurement_of_culture_and_climate/

java.io.FileNotFoundException: http://www.hr.com/en/communities/ihr_hr_in_california//en/communities/organizational_development/knowledge_management/

java.io.FileNotFoundException: http://www.hr.com/en/communities/ihr_hr_in_california//en/communities/organizational_development/mergers_and_acquisitions/

java.io.FileNotFoundException: http://www.hr.com/en/communities/ihr_hr_in_california//en/communities/organizational_development/organizational_diagnosis/

java.io.FileNotFoundException: http://www.hr.com/en/communities/ihr_hr_in_california//en/communities/organizational_development/re_engineering/

java.io.FileNotFoundException: http://www.ct.com/sports/football/take-the-points/wtxx-take-the-points-college-football-week-2-podcast-20130906,0,1900209.story/entertainment/restaurants

java.io.FileNotFoundException: http://www.hr.com/en/communities/ihr_hr_in_california//en/communities/organizational_development/strategic_hr/

java.io.FileNotFoundException: http://www.hr.com/en/communities/ihr_hr_in_california//en/communities/payroll_hris_hris_payroll__audits__compliance_and_risk_management_001/

java.io.FileNotFoundException: http://www.hr.com/en/communities/ihr_hr_in_california//en/communities/organizational_development/skills_competencies/

java.io.FileNotFoundException: http://www.hr.com/en/communities/ihr_hr_in_california//en/communities/performance_management/

java.io.FileNotFoundException: http://www.hr.com/en/communities/ihr_hr_in_california//en/communities/performance_management/cascading_goals/

java.io.FileNotFoundException: http://www.hr.com/en/communities/ihr_hr_in_california//en/communities/performance_management/competencies/

java.io.FileNotFoundException: http://www.hr.com/en/communities/ihr_hr_in_california//en/communities/performance_management/culture/

java.io.FileNotFoundException: http://www.hr.com/en/communities/ihr_hr_in_california//en/communities/performance_management/feedback_processes/

java.io.FileNotFoundException: http://www.ct.com/sports/football/take-the-points/wtxx-take-the-points-college-football-week-2-podcast-20130906,0,1900209.story/entertainment/music

java.io.FileNotFoundException: http://www.hr.com/en/communities/ihr_hr_in_california//en/communities/performance_management/job_description/

java.io.FileNotFoundException: http://www.hr.com/en/communities/ihr_hr_in_california//en/communities/performance_management/pay_for_performance/

java.io.FileNotFoundException: http://www.hr.com/en/communities/ihr_hr_in_california//en/communities/performance_management/legal_compliance/

java.io.FileNotFoundException: http://www.hr.com/en/communities/ihr_hr_in_california//en/communities/performance_management/motivation/

java.io.FileNotFoundException: http://www.hr.com/en/communities/ihr_hr_in_california//en/communities/performance_management/pm_metrics/

java.io.FileNotFoundException: http://www.hr.com/en/communities/ihr_hr_in_california//en/communities/performance_management/pm_assessment/

java.io.FileNotFoundException: http://www.ct.com/sports/football/take-the-points/wtxx-take-the-points-college-football-week-2-podcast-20130906,0,1900209.story/news/advocates

java.io.FileNotFoundException: http://www.hr.com/en/communities/ihr_hr_in_california//en/communities/performance_management/pm_retention/

java.io.FileNotFoundException: http://www.hr.com/en/communities/ihr_hr_in_california//en/communities/performance_management/technology/

java.io.FileNotFoundException: http://www.hr.com/en/communities/ihr_hr_in_california//en/communities/performance_management/pm_succession_planning/

java.io.FileNotFoundException: http://www.hr.com/en/communities/ihr_hr_in_california//en/communities/performance_management/performance_reviews/

java.io.FileNotFoundException: http://www.hr.com/en/communities/ihr_hr_in_california//en/communities/recruitment_process_outsourcing_001/

java.io.FileNotFoundException: http://www.hr.com/en/communities/ihr_hr_in_california//en/communities/rewards_and_recognition_001/

java.io.FileNotFoundException: http://www.hr.com/en/communities/ihr_hr_in_california//en/communities/social_media_and_employee_communications_001/

java.io.FileNotFoundException: http://www.hr.com/en/communities/ihr_hr_in_california//en/communities/social_media_and_employee_communications_001/change_management/

java.io.FileNotFoundException: http://www.hr.com/en/communities/ihr_hr_in_california//en/communities/social_media_and_employee_communications_001/training_learning_development/

java.io.FileNotFoundException: http://www.ct.com/sports/football/take-the-points/wtxx-take-the-points-college-football-week-2-podcast-20130906,0,1900209.story/entertainment/best-of-ct/

java.io.FileNotFoundException: http://www.hr.com/en/communities/ihr_hr_in_california//en/communities/social_media_and_employee_communications_001/strategic_tactical_leadership/

java.io.FileNotFoundException: http://www.hr.com/en/communities/ihr_hr_in_california//en/communities/social_media_and_employee_communications_001/employee_communication/

java.io.FileNotFoundException: http://www.hr.com/en/communities/ihr_hr_in_california//en/communities/social_media_and_employee_communications_001/employment_brand/

java.io.FileNotFoundException: http://www.hr.com/en/communities/ihr_hr_in_california//en/communities/social_media_and_employee_communications_001/recruitment_retention/

java.io.FileNotFoundException: http://www.hr.com/en/communities/ihr_hr_in_california//en/communities/social_media_and_employee_communications_001/culture/

java.io.FileNotFoundException: http://www.hr.com/en/communities/ihr_hr_in_california//en/communities/social_media_and_employee_communications_001/external_social_networks/

java.io.FileNotFoundException: http://www.hr.com/en/communities/ihr_hr_in_california//en/communities/social_media_and_employee_communications_001/internal_social_networks/

java.io.FileNotFoundException: http://www.hr.com/en/communities/ihr_hr_in_california//en/communities/social_media_and_employee_communications_001/social_media_employee_communications_metrics/

java.io.FileNotFoundException: http://www.hr.com/en/communities/ihr_hr_in_california//en/communities/social_media_and_employee_communications_001/social_media_employee_communications_policies_procedures/

java.io.FileNotFoundException: http://www.hr.com/en/communities/ihr_hr_in_california//en/communities/social_media_and_employee_communications_001/social_media_employee_communications_legal_compliance/

java.io.FileNotFoundException: http://www.ct.com/sports/football/take-the-points/wtxx-take-the-points-college-football-week-2-podcast-20130906,0,1900209.story/entertainment/tv/cw

java.io.FileNotFoundException: http://www.hr.com/en/communities/ihr_hr_in_california//en/communities/social_media_and_employee_communications_001/social_media_employee_communications_tools_technology/

java.io.FileNotFoundException: http://www.hr.com/en/communities/ihr_hr_in_california//en/communities/staffing_and_recruitment/

java.io.FileNotFoundException: http://www.hr.com/en/communities/ihr_hr_in_california//en/communities/staffing_and_recruitment/career_transitions_and_outplacement/

java.io.FileNotFoundException: http://www.hr.com/en/communities/ihr_hr_in_california//en/communities/staffing_and_recruitment/competency_modeling/

java.io.FileNotFoundException: http://www.hr.com/en/communities/ihr_hr_in_california//en/communities/staffing_and_recruitment/affirmative_action_eeo_diversity/

java.io.FileNotFoundException: http://www.hr.com/en/communities/ihr_hr_in_california//en/communities/staffing_and_recruitment/corporate_career_portal/

java.io.FileNotFoundException: http://www.hr.com/en/communities/ihr_hr_in_california//en/communities/staffing_and_recruitment/corporate_career_portal/corporate_branding_employer_branding/

java.io.FileNotFoundException: http://www.hr.com/en/communities/ihr_hr_in_california//en/communities/staffing_and_recruitment/corporate_career_portal/internet_and_job_tools_courses/

java.io.FileNotFoundException: http://www.hr.com/en/communities/ihr_hr_in_california//en/communities/staffing_and_recruitment/corporate_career_portal/online_media_job_boards/

java.io.FileNotFoundException: http://www.hr.com/en/communities/ihr_hr_in_california//en/communities/staffing_and_recruitment/employment_applications/screening__assessment_and_testing/assessment/

java.io.FileNotFoundException: http://www.hr.com/en/communities/ihr_hr_in_california//en/communities/staffing_and_recruitment/employment_applications/screening__assessment_and_testing/

java.io.FileNotFoundException: http://www.hr.com/en/communities/ihr_hr_in_california//en/communities/staffing_and_recruitment/employment_applications/

java.io.FileNotFoundException: http://www.hr.com/en/communities/ihr_hr_in_california//en/communities/staffing_and_recruitment/employment_applications/screening__assessment_and_testing/assessment/technology_based_assessment_systems/

java.io.FileNotFoundException: http://www.hr.com/en/communities/ihr_hr_in_california//en/communities/staffing_and_recruitment/employment_applications/reference_checking/

java.io.FileNotFoundException: http://www.hr.com/en/communities/ihr_hr_in_california//en/communities/staffing_and_recruitment/employment_applications/screening__assessment_and_testing/assessment/assessment_centers/

java.io.FileNotFoundException: http://www.hr.com/en/communities/ihr_compensation/pay_strategies//en/communities/

java.io.FileNotFoundException: http://www.ct.com/sports/football/take-the-points/wtxx-take-the-points-college-football-week-2-podcast-20130906,0,1900209.story/promotions/contests

java.io.FileNotFoundException: http://www.hr.com/en/communities/ihr_compensation/pay_strategies//en/communities/ihr_compensation/

java.io.FileNotFoundException: http://www.hr.com/en/communities/ihr_compensation/pay_strategies//en/communities/ihr_compensation/pay_strategies/

java.io.FileNotFoundException: http://www.ct.com/sports/football/take-the-points/wtxx-take-the-points-college-football-week-2-podcast-20130906,0,1900209.story/sports

java.io.FileNotFoundException: http://www.ct.com/sports/football/take-the-points/wtxx-take-the-points-college-football-week-2-podcast-20130906,0,1900209.story/sports/football/take-the-points/wtxx-take-the-points-college-football-week-2-podcast-20130906,0,2118324,email.story

java.io.FileNotFoundException: http://www.ct.com/sports/football/take-the-points/wtxx-take-the-points-college-football-week-2-podcast-20130906,0,1900209.story/sports/football/take-the-points

java.io.FileNotFoundException: http://www.ct.com/sports/football/take-the-points/wtxx-take-the-points-college-football-week-2-podcast-20130906,0,1900209.story/sports/football/take-the-points/wtxx-take-the-points-college-football-week-2-podcast-20130906,0,1786080,print.story

java.io.FileNotFoundException: http://www.ct.com/sports/football/take-the-points/wtxx-take-the-points-college-football-week-2-podcast-20130906,0,1900209.story/sports/football/take-the-points/wtxx-take-the-points-college-football-week-2-picks-20130906,0,1250699.story

java.io.FileNotFoundException: http://www.hr.com/en/communities/ihr_compensation/pay_strategies//en/app/passwordLookup

java.io.FileNotFoundException: http://www.hr.com/en/communities/ihr_compensation/pay_strategies//en/app/blog

java.io.FileNotFoundException: http://www.hr.com/en/communities/ihr_compensation/pay_strategies//en/app/file

java.io.FileNotFoundException: http://www.ct.com/sports/football/take-the-points/wtxx-take-the-points-college-football-week-2-podcast-20130906,0,1900209.story/sports/football/take-the-points/wtxx-take-the-points-college-football-week-1-lines-and-a-2013-season-preview-20130829,0,6140430.story

java.io.FileNotFoundException: http://www.ct.com/sports/football/take-the-points/wtxx-take-the-points-college-football-week-2-podcast-20130906,0,1900209.story/sports/football/take-the-points/wtxx-tom-zs-college-football-bowl-game-extravaganza-predictions-for-every-game-20121214,0,2136974.story

java.io.FileNotFoundException: http://www.ct.com/sports/football/take-the-points/wtxx-take-the-points-college-football-week-2-podcast-20130906,0,1900209.story/entertainment/photos/wtxx-crazy-food-challenges-20111228,0,73770.photogallery

java.io.FileNotFoundException: http://www.ct.com/sports/football/take-the-points/wtxx-take-the-points-college-football-week-2-podcast-20130906,0,1900209.story/entertainment/photos/wtxx-the-best-will-ferrell-quotes-20120719,0,2808901.photogallery

java.io.FileNotFoundException: http://www.ct.com/sports/football/take-the-points/wtxx-take-the-points-college-football-week-2-podcast-20130906,0,1900209.story/entertainment/photos/wtxx-the-best-tyler-durden-quotes-20120612,0,7513696.photogallery

java.io.FileNotFoundException: http://www.ct.com/sports/football/take-the-points/wtxx-take-the-points-college-football-week-2-podcast-20130906,0,1900209.story/entertainment/photos/wtxx-the-funniest-quotes-from-the-league-20121011,0,4364260.photogallery

java.io.FileNotFoundException: http://www.ct.com/sports/football/take-the-points/wtxx-take-the-points-college-football-week-2-podcast-20130906,0,1900209.story/entertainment/photos/wtxx-awesome-quotes-from-breaking-bad-20120713,0,7424966.photogallery

java.io.FileNotFoundException: http://www.ct.com/sports/football/take-the-points/wtxx-take-the-points-college-football-week-2-podcast-20130906,0,1900209.story/news/advocates/wtxx-improvisations-returns-to-real-art-ways-for-a-third-season-20130911,0,1854645.story

java.io.FileNotFoundException: http://www.ct.com/sports/football/take-the-points/wtxx-take-the-points-college-football-week-2-podcast-20130906,0,1900209.story/entertainment/photos/wtxx-brilliant-quotes-from-don-draper-20121228,0,3605513.photogallery

java.io.FileNotFoundException: http://www.ct.com/sports/football/take-the-points/wtxx-take-the-points-college-football-week-2-podcast-20130906,0,1900209.story/entertainment/photos/wcct-slideshow-the-10-best-samuel-l-jackson-movie-quotes-20111220,0,5873084.photogallery

java.io.FileNotFoundException: http://www.ct.com/sports/football/take-the-points/wtxx-take-the-points-college-football-week-2-podcast-20130906,0,1900209.story/entertainment/events/wtxx-pinbacks-rob-crow-and-zach-smith-pull-into-hamden-20130911,0,2798735.story

java.io.FileNotFoundException: http://www.ct.com/sports/football/take-the-points/wtxx-take-the-points-college-football-week-2-podcast-20130906,0,1900209.story/news/advocates/crime-punishment/nm-ht37crime-20130912,0,6157040.story

java.io.FileNotFoundException: http://www.hr.com/en/communities/ihr_compensation/pay_strategies//en/app/group

java.io.FileNotFoundException: http://www.hr.com/en/communities/ihr_compensation/pay_strategies//en/app/network/search/newest

java.io.FileNotFoundException: http://www.hr.com/en/communities/ihr_compensation/pay_strategies//en/webcasts_events/webcasts/upcoming_webcasts/opening-remarks-for-compensation-best-practices-an_hk5oh02s.html

java.io.FileNotFoundException: http://www.hr.com/en/communities/ihr_compensation/pay_strategies//en/webcasts_events/webcasts/upcoming_webcasts/success-in-global-pay-for-performance_hjbnhjeb.html

java.io.FileNotFoundException: http://www.hr.com/en/communities/ihr_compensation/pay_strategies//en/webcasts_events/webcasts/upcoming_webcasts/when-is-a-job-like-a-prius--when-it%e2%80%99s-a-hybrid_hitt1ccr.html

java.io.FileNotFoundException: http://www.hr.com/en/communities/ihr_compensation/pay_strategies//en/webcasts_events/webcasts/archived_webcasts_and_podcasts/3-things-you-should-know-to-find-the-right-people-_hfn8gg6v.html

java.io.FileNotFoundException: http://www.hr.com/en/communities/ihr_compensation/pay_strategies//en/webcasts_events/webcasts/archived_webcasts_and_podcasts/quantifying-hr-adding-objective-measures-in-the-ti_hhat7r5f.html

java.io.FileNotFoundException: http://www.hr.com/en/communities/ihr_compensation/pay_strategies//en/webcasts_events/webcasts/archived_webcasts_and_podcasts/compensation-analysis-beyond-comp-101%e2%80%94proper-data-_hgin4fea.html

java.io.FileNotFoundException: http://www.hr.com/en/communities/ihr_compensation/pay_strategies//en/communities/hospitality-pay-increase-budgets-show-slight-incre_h6z4n3xq.html

java.io.FileNotFoundException: http://www.hr.com/en/communities/ihr_compensation/pay_strategies//en/app/profile/patricia.muller/

java.io.FileNotFoundException: http://www.hr.com/en/communities/ihr_compensation/pay_strategies//en/app/profile/ingalls.lindsay/

java.io.FileNotFoundException: http://www.hr.com/en/communities/ihr_compensation/pay_strategies//en/app/profile/natasha.vandesluis/

java.io.FileNotFoundException: http://www.hr.com/en/communities/ihr_compensation/pay_strategies//en/app/profile/nancy.granja/

java.io.FileNotFoundException: http://www.hr.com/en/communities/ihr_compensation/pay_strategies//en/app/profile/shawn.karlson/

java.io.FileNotFoundException: http://www.hr.com/en/communities/ihr_compensation/pay_strategies//en/app/profile/melvyn.stark/

java.io.IOException: Server returned HTTP response code: 400 for URL: http://www.bahraintourism.com/default.asp?action=article&id=277

java.io.FileNotFoundException: http://bahraini.tv/2006/03/16/councillors-face-the-music-after-bangkok-jaunt/

java.io.FileNotFoundException: http://www.hr.com/en/communities/ihr_compensation/pay_strategies//en/app/profile/dow.scott/

java.io.FileNotFoundException: http://www.hr.com/en/communities/ihr_compensation/pay_strategies//en/app/profile/patrick.blakesley/

java.io.FileNotFoundException: http://www.hr.com/en/communities/ihr_compensation/pay_strategies//en/app/blog/2013/09/hr-data-and-analytics-what-does-your-organization-_hl7yaj60.html

java.io.FileNotFoundException: http://www.hr.com/en/communities/ihr_compensation/pay_strategies//en/app/profile/pscharf/

java.io.FileNotFoundException: http://www.hr.com/en/communities/ihr_compensation/pay_strategies//en/app/profile/samuel.reeve,

java.io.FileNotFoundException: http://www.hr.com/en/communities/ihr_compensation/pay_strategies//en/app/blog/2013/09/employers-weigh-in-on-the-subject-of-obamacare-hea_hl76v5kc.html

java.io.FileNotFoundException: http://www.hr.com/en/communities/ihr_compensation/pay_strategies//en/app/blog/2013/08/zen-and-the-art-of-executive-compensation_hkv7lltx.html

java.io.FileNotFoundException: http://www.hr.com/en/communities/ihr_compensation/pay_strategies//en/app/blog/2013/08/hr-bartender-sharlyn-lauby-strategic-hr-partnershi_hkmj7hoi.html

java.io.FileNotFoundException: http://www.hr.com/en/communities/ihr_compensation/pay_strategies//en/app/blog/2013/08/45-of-hr-execs-are-concerned-about-their-staffing-_hkbgshvo.html

java.io.FileNotFoundException: http://www.hr.com/en/communities/ihr_compensation/pay_strategies//buyersguide/company/view/companalysis

java.io.FileNotFoundException: http://www.hr.com/en/communities/ihr_compensation/pay_strategies//buyersguide/product/rate/1292946662484

java.io.FileNotFoundException: http://www.hr.com/en/communities/ihr_compensation/pay_strategies//buyersguide/company/view/culpepper_and_associates_inc.

java.io.FileNotFoundException: http://www.hr.com/en/communities/ihr_compensation/pay_strategies//buyersguide/product/rate/1292946889661

java.io.FileNotFoundException: http://www.hr.com/en/communities/ihr_compensation/pay_strategies//buyersguide/company/view/performensation

java.io.FileNotFoundException: http://www.hr.com/en/communities/ihr_compensation/pay_strategies//buyersguide/product/rate/1296498612216

java.io.FileNotFoundException: http://www.ct.com/entertainment/bartender-buddha/wheretogo

java.io.IOException: Server returned HTTP response code: 403 for URL: http://www.arabjudicialforum.org/ajf_bahrain_judicial_law.html

java.io.FileNotFoundException: http://www.hr.com/en/communities/ihr_compensation/pay_strategies//buyersguide/company/view/compensation_and_organization_solutions

java.net.UnknownHostException: usinfo.state.gov

java.io.FileNotFoundException: http://www.ct.com/entertainment/bartender-buddha/whattodo

java.io.FileNotFoundException: http://www.hr.com/en/communities/ihr_compensation/pay_strategies//buyersguide/product/rate/1297632649025

java.io.FileNotFoundException: http://www.ct.com/entertainment/bartender-buddha/entertainment/music

java.io.FileNotFoundException: http://www.ct.com/entertainment/bartender-buddha/entertainment/restaurants

java.io.FileNotFoundException: http://www.ct.com/entertainment/bartender-buddha/news/advocates

java.io.FileNotFoundException: http://www.hr.com/en/communities/ihr_compensation/pay_strategies//buyersguide/company/view/marketpay_associates

java.io.FileNotFoundException: http://www.ct.com/entertainment/bartender-buddha/entertainment/best-of-ct/

java.io.FileNotFoundException: http://www.hr.com/en/communities/ihr_compensation/pay_strategies//buyersguide/product/rate/1302702730807

java.io.FileNotFoundException: http://www.hr.com/en/communities/ihr_compensation/pay_strategies//buyersguide/company/view/marketpay_associates

java.io.FileNotFoundException: http://www.hr.com/en/communities/ihr_compensation/pay_strategies//buyersguide/product/rate/1302702874267

java.io.FileNotFoundException: http://www.ct.com/entertainment/bartender-buddha/entertainment/tv/cw

java.io.FileNotFoundException: http://www.industryweek.com/procurement/midyear-service-centers-shipments-declining//ad.doubleclick.net/N3834/jump/iw.home/supply_chain/procurement%3bpos=leadership%3bptype=article%3bpage=/procurement/midyear-service-centers-shipments-declining%3bsz=180x150,125x125,150x150%3btile=13%3bord=123456789?

java.io.FileNotFoundException: http://www.hr.com/en/communities/ihr_compensation/pay_strategies//en/

java.io.FileNotFoundException: http://www.hr.com/en/communities/ihr_compensation/pay_strategies//en

java.io.FileNotFoundException: http://www.hr.com/en/communities/ihr_compensation/pay_strategies//en/about_us/

java.io.FileNotFoundException: http://www.hr.com/en/communities/ihr_compensation/pay_strategies//en/about_us/hr_com_team/

java.io.FileNotFoundException: http://www.industryweek.com/procurement/midyear-service-centers-shipments-declining//ad.doubleclick.net/N3834/jump/iw.home/supply_chain/procurement%3bpos=global-economy%3bptype=article%3bpage=/procurement/midyear-service-centers-shipments-declining%3bsz=180x150,125x125,150x150%3btile=14%3bord=123456789?

java.io.FileNotFoundException: http://www.apur.org/article/apur-medias-dernieres-actualites/article/fonds-documentaire

java.io.FileNotFoundException: http://www.hr.com/en/communities/ihr_compensation/pay_strategies//en/about_us/the_hr_com_manifesto/

java.io.FileNotFoundException: http://www.hr.com/en/communities/ihr_compensation/pay_strategies//en/about_us/syndicated_content/

java.io.FileNotFoundException: http://www.hr.com/en/communities/ihr_compensation/pay_strategies//en/about_us/faq/

java.io.FileNotFoundException: http://www.hr.com/en/communities/ihr_compensation/pay_strategies//en/about_us/fun_box/

java.io.FileNotFoundException: http://www.hr.com/en/communities/ihr_compensation/pay_strategies//en/about_us/fun_box/lose_it_for_charity/

java.io.FileNotFoundException: http://www.hr.com/en/communities/ihr_compensation/pay_strategies//en/about_us/fun_box/my_cubicle/

java.io.FileNotFoundException: http://www.hr.com/en/communities/ihr_compensation/pay_strategies//en/about_us/fun_box/crossword_puzzles/

java.io.FileNotFoundException: http://www.hr.com/en/communities/ihr_compensation/pay_strategies//en/about_us/fun_box/office_humor/

java.io.FileNotFoundException: http://www.hr.com/en/communities/ihr_compensation/pay_strategies//en/about_us/fun_box/footprint/

java.io.FileNotFoundException: http://www.hr.com/en/communities/ihr_compensation/pay_strategies//en/about_us/fun_box/grow/

java.io.FileNotFoundException: http://www.hr.com/en/communities/ihr_compensation/pay_strategies//en/about_us/fun_box/happy_holidays/

java.io.FileNotFoundException: http://www.ct.com/entertainment/bartender-buddha/promotions/contests

java.io.FileNotFoundException: http://www.hr.com/en/communities/ihr_compensation/pay_strategies//en/about_us/fun_box/hr_magic/

java.io.FileNotFoundException: http://www.hr.com/en/communities/ihr_compensation/pay_strategies//en/about_us/fun_box/politically_incorrect/

java.io.FileNotFoundException: http://www.hr.com/en/communities/ihr_compensation/pay_strategies//en/about_us/fun_box/hr_in_the_new_economy/

java.io.FileNotFoundException: http://www.hr.com/en/communities/ihr_compensation/pay_strategies//en/about_us/fun_box/famous_quotes/

java.io.FileNotFoundException: http://www.hr.com/en/communities/ihr_compensation/pay_strategies//en/about_us/fun_box/photo_contests/

java.io.FileNotFoundException: http://www.hr.com/en/communities/ihr_compensation/pay_strategies//en/about_us/privacy_information/

java.io.FileNotFoundException: http://www.hr.com/en/communities/ihr_compensation/pay_strategies//en/about_us/legal_information/

java.io.FileNotFoundException: http://www.hr.com/en/communities/ihr_compensation/pay_strategies//en/about_us/hr_com_newsletters/

java.io.FileNotFoundException: http://www.hr.com/en/communities/ihr_compensation/pay_strategies//en/about_us/hr_com_newsletters/hr_com_whitepapers/

java.io.FileNotFoundException: http://www.ct.com/entertainment/bartender-buddha/entertainment/bartender-buddha/nm-ht33barbuddha-20130815,0,519778.story

java.io.FileNotFoundException: http://www.ct.com/entertainment/bartender-buddha/entertainment/bartender-buddha/nm-ht35-barbuddha-0829-20130829,0,7867528.story

java.io.FileNotFoundException: http://www.ct.com/entertainment/bartender-buddha/entertainment/bartender-buddha/nm-ht31-barbuddha-0801-20130801,0,1842793.story

java.io.FileNotFoundException: http://www.ct.com/entertainment/bartender-buddha/entertainment/bartender-buddha/nm-ht30barbuddha-20130725,0,4718680.story

java.io.FileNotFoundException: http://www.ct.com/entertainment/bartender-buddha/entertainment/bartender-buddha/nm-ht29barbuddha-20130718,0,6680169.story

java.io.FileNotFoundException: http://www.ct.com/entertainment/bartender-buddha/entertainment/bartender-buddha/wtxx-bartender-buddha-the-faith-middleton-food-and-booze-schmooze-martini-competition-20130705,0,4776107.story

java.io.FileNotFoundException: http://www.ct.com/entertainment/bartender-buddha/entertainment/bartender-buddha/nm-ht26-barbuddha-0627-20130627,0,4394112.story

java.io.FileNotFoundException: http://www.ct.com/entertainment/bartender-buddha/entertainment/bartender-buddha/nm-ht25barbuddha-20130620,0,1109597.story

java.io.FileNotFoundException: http://www.hr.com/en/communities/ihr_compensation/pay_strategies//en/about_us/hr_com_newsletters/hr_communication/

java.io.FileNotFoundException: http://www.ct.com/entertainment/bartender-buddha/entertainment/bartender-buddha/nm-ht23barbuddha-20130605,0,6684759.story

java.io.FileNotFoundException: http://www.ct.com/entertainment/bartender-buddha/entertainment/bartender-buddha/nm-ht24barbuddha-20130613,0,7929943.story

java.io.FileNotFoundException: http://www.hr.com/en/communities/ihr_compensation/pay_strategies//en/about_us/hr_com_newsletters/thought_leaders/

java.io.FileNotFoundException: http://www.ct.com/entertainment/bartender-buddha/entertainment/bartender-buddha/nm-ht22barbuddha-20130530,0,5308499.story

java.io.FileNotFoundException: http://www.ct.com/entertainment/bartender-buddha/entertainment/restaurants/wtxx-bartender-buddha-leah-cleary-of-dew-drop-inn-in-derby-20130528,0,2130099.story

java.io.FileNotFoundException: http://www.hr.com/en/communities/ihr_compensation/pay_strategies//en/about_us/hr_com_newsletters/reality_hr/

java.io.FileNotFoundException: http://www.ct.com/entertainment/bartender-buddha/entertainment/bartender-buddha/nm-ht21barbuddha-20130523,0,4128852.story

java.io.FileNotFoundException: http://www.ct.com/entertainment/bartender-buddha/entertainment/bartender-buddha/nm-ht20barbuddha-20130516,0,2949205.story

java.io.FileNotFoundException: http://www.hr.com/en/communities/ihr_compensation/pay_strategies//en/about_us/hr_com_newsletters/vendor_newsletters/

java.io.FileNotFoundException: http://www.hr.com/en/communities/ihr_compensation/pay_strategies//en/about_us/terms_content_policy/

java.io.FileNotFoundException: http://www.ct.com/entertainment/bartender-buddha/entertainment/bartender-buddha/nm-ht19barbuddha-20130509,0,4910694.story

java.io.FileNotFoundException: http://www.hr.com/en/communities/ihr_compensation/pay_strategies//en/about_us/terms_content_policy/blog_terms_and_conditions/

java.io.FileNotFoundException: http://www.ct.com/entertainment/bartender-buddha/entertainment/bartender-buddha/nm-ht18barbuddha-20130502,0,3206750.story

java.io.FileNotFoundException: http://www.hr.com/en/communities/ihr_compensation/pay_strategies//en/about_us/hr_com_press_releases/

java.io.FileNotFoundException: http://www.ct.com/entertainment/bartender-buddha/entertainment/bartender-buddha/nm-ht17barbuddha-20130425,0,2223713.story

java.io.FileNotFoundException: http://www.ct.com/entertainment/bartender-buddha/entertainment/bartender-buddha/nm-ht16barbuddha-20130418,0,1044066.story

java.io.FileNotFoundException: http://www.hr.com/en/communities/ihr_compensation/pay_strategies//en/about_us/become_a_regular_contributor/

java.io.FileNotFoundException: http://www.hr.com/en/communities/ihr_compensation/pay_strategies//en/about_us/contact_us/

java.io.FileNotFoundException: http://www.ct.com/entertainment/bartender-buddha/entertainment/bartender-buddha/nm-ht14barbuddha-20130404,0,6160468.story

java.io.FileNotFoundException: http://www.ct.com/entertainment/bartender-buddha/entertainment/bartender-buddha/nm-ht15-barbuddha-0411-20130411,0,1908325.story

java.io.FileNotFoundException: http://www.hr.com/en/communities/ihr_compensation/pay_strategies//en/about_us/advertise/

java.io.FileNotFoundException: http://www.ct.com/entertainment/bartender-buddha/entertainment/bartender-buddha/nm-ht13barbuddha-20130328,0,5242968.story

java.io.FileNotFoundException: http://www.ct.com/entertainment/bartender-buddha/entertainment/bartender-buddha/nm-ht12barbuddha-20130321,0,3539024.story

java.io.FileNotFoundException: http://www.hr.com/en/communities/ihr_compensation/pay_strategies//en/about_us/how_to_contribute/

java.io.FileNotFoundException: http://www.hr.com/en/communities/ihr_compensation/pay_strategies//en/memberships/

java.io.FileNotFoundException: http://www.ct.com/entertainment/bartender-buddha/entertainment/bartender-buddha/nm-ht11barbuddha-20130314,0,2359377.story

java.io.FileNotFoundException: http://www.ct.com/entertainment/bartender-buddha/entertainment/bartender-buddha/nm-ht10barbuddha-20130307,0,1179730.story

java.io.FileNotFoundException: http://www.hr.com/en/communities/ihr_compensation/pay_strategies//en/communities/ihr/

java.io.FileNotFoundException: http://www.hr.com/en/communities/ihr_compensation/pay_strategies//en/communities/benefits/

java.io.FileNotFoundException: http://www.ct.com/entertainment/bartender-buddha/entertainment/bartender-buddha/nm-ht09barbuddha-20130228,0,3206755.story

java.io.FileNotFoundException: http://www.ct.com/entertainment/bartender-buddha/entertainment/bartender-buddha/nm-ht08barbuddha-20130221,0,1502811.story

java.io.FileNotFoundException: http://www.ct.com/entertainment/bartender-buddha/entertainment/bartender-buddha/nm-ht07barbuddha-20130214,0,323164.story

java.io.FileNotFoundException: http://www.hr.com/en/communities/ihr_compensation/pay_strategies//en/communities/benefits/ihr_benefits_cost_containment_audits_legal_risks/

java.io.FileNotFoundException: http://www.hr.com/en/communities/ihr_compensation/pay_strategies//en/communities/benefits/design_and_technology/

java.io.FileNotFoundException: http://www.hr.com/en/communities/ihr_compensation/pay_strategies//en/communities/benefits/design_and_technology/benefits_administration/

java.io.FileNotFoundException: http://www.ct.com/entertainment/bartender-buddha/entertainment/bartender-buddha/nm-ht06barbuddha-20130207,0,7143510.story

java.io.FileNotFoundException: http://www.ct.com/entertainment/bartender-buddha/entertainment/bartender-buddha/nm-ht05barbuddha-20130131,0,5701713.story

java.io.FileNotFoundException: http://www.hr.com/en/communities/ihr_compensation/pay_strategies//en/communities/benefits/design_and_technology/self_service/

java.io.FileNotFoundException: http://www.hr.com/en/communities/ihr_compensation/pay_strategies//en/communities/benefits/healthcare_legislation_and_compliance/

java.io.FileNotFoundException: http://www.apur.org/article/apur-medias-dernieres-actualites/article/fonds-iconographique

java.io.FileNotFoundException: http://www.ct.com/entertainment/bartender-buddha/entertainment/bartender-buddha/nm-ht03barbuddhatory-20130117,0,5428030.story

java.io.FileNotFoundException: http://www.ct.com/entertainment/bartender-buddha/entertainment/bartender-buddha/nm-ht04barbuddha-20130124,0,4522066.story

java.io.FileNotFoundException: http://www.hr.com/en/communities/ihr_compensation/pay_strategies//en/communities/benefits/healthcare_legislation_and_compliance/cobra/

java.io.FileNotFoundException: http://www.ct.com/entertainment/bartender-buddha/entertainment/bartender-buddha/nm-ht02barbuddha-20130110,0,1638475.story

java.io.FileNotFoundException: http://www.hr.com/en/communities/ihr_compensation/pay_strategies//en/communities/benefits/healthcare_legislation_and_compliance/erisa/

java.io.FileNotFoundException: http://www.ct.com/entertainment/bartender-buddha/entertainment/bartender-buddha/nm-ht01barbuddha-20130103,0,458828.story

java.io.FileNotFoundException: http://www.hr.com/en/communities/ihr_compensation/pay_strategies//en/communities/benefits/healthcare_legislation_and_compliance/hipaa/

java.io.FileNotFoundException: http://www.hr.com/en/communities/ihr_compensation/pay_strategies//en/communities/benefits/leave_benefits/

java.io.FileNotFoundException: http://www.ct.com/entertainment/bartender-buddha/entertainment/bartender-buddha/nm-ht53barbuddha-20121227,0,2158177.story

java.io.FileNotFoundException: http://www.ct.com/entertainment/bartender-buddha/entertainment/bartender-buddha/nm-ht51barbuddha-20121213,0,7274579.story

java.io.FileNotFoundException: http://www.ct.com/entertainment/bartender-buddha/entertainment/bartender-buddha/nm-ht50barbuddha-20121206,0,6094932.story

java.io.FileNotFoundException: http://www.hr.com/en/communities/ihr_compensation/pay_strategies//en/communities/benefits/leave_benefits/family_medical_and_leave_act/

java.io.FileNotFoundException: http://www.hr.com/en/communities/ihr_compensation/pay_strategies//en/communities/benefits/leave_benefits/parental_leave/

java.io.FileNotFoundException: http://www.hr.com/en/communities/ihr_compensation/pay_strategies//en/communities/benefits/leave_benefits/paid_time_off__pto_/

java.io.FileNotFoundException: http://www.ct.com/entertainment/bartender-buddha/entertainment/leisure/wtxx-bartender-buddha-peter-marshall-of-trapiche-in-chester-20120924,0,4395369.story

java.io.FileNotFoundException: http://www.hr.com/en/communities/ihr_compensation/pay_strategies//en/communities/benefits/leave_benefits/sick_leave/

java.io.FileNotFoundException: http://www.ct.com/entertainment/bartender-buddha/entertainment/bartender-buddha/nm-ht33barbuddha-20120809,0,323172.story

java.io.FileNotFoundException: http://www.hr.com/en/communities/ihr_compensation/pay_strategies//en/communities/benefits/medical_benefits/

java.io.FileNotFoundException: http://www.hr.com/en/communities/ihr_compensation/pay_strategies//en/communities/benefits/medical_benefits/aids_policies/

java.io.FileNotFoundException: http://www.ct.com/entertainment/bartender-buddha/entertainment/bartender-buddha/nm-ht32barbuddha-20120802,0,6619221.story

java.net.MalformedURLException: no protocol: ?screen=103

java.io.FileNotFoundException: http://www.ct.com/entertainment/bartender-buddha/entertainment/bartender-buddha/nm-ht31-barbuddha-20120726,0,2297260.story

java.io.FileNotFoundException: http://www.hr.com/en/communities/ihr_compensation/pay_strategies//en/communities/benefits/medical_benefits/consumer_directed_healthcare__cdh_/

java.io.FileNotFoundException: http://www.ct.com/entertainment/bartender-buddha/entertainment/bartender-buddha/nm-ht30barbuddha-20120719,0,4522074.story

java.io.FileNotFoundException: http://www.ct.com/entertainment/bartender-buddha/entertainment/bartender-buddha/nm-ht29barbuddha-20120712,0,5959266.story

java.io.FileNotFoundException: http://www.hr.com/en/communities/ihr_compensation/pay_strategies//en/communities/benefits/medical_benefits/consumer_directed_healthcare__cdh_/self_directed_healthcare__sdh_/

java.io.FileNotFoundException: http://www.hr.com/en/communities/ihr_compensation/pay_strategies//en/communities/benefits/medical_benefits/flexible_savings_accounts__fsas_/

java.io.FileNotFoundException: http://www.hr.com/en/communities/ihr_compensation/pay_strategies//en/communities/benefits/medical_benefits/health_maintenance_organizations__hmos_/

java.io.FileNotFoundException: http://www.ct.com/entertainment/bartender-buddha/news/advocates/nm-ht28-barbuddha-0705-20120705,0,6320073.story

java.io.FileNotFoundException: http://www.hr.com/en/communities/ihr_compensation/pay_strategies//en/communities/benefits/medical_benefits/health_maintenance_organizations__hmos_/private_fee_for_service__pffs_/

java.io.FileNotFoundException: http://www.ct.com/entertainment/bartender-buddha/entertainment/bartender-buddha/nm-ht27-barbuddha-20120628,0,719801.story

java.io.FileNotFoundException: http://www.hr.com/en/communities/ihr_compensation/pay_strategies//en/communities/benefits/medical_benefits/health_maintenance_organizations__hmos_/preferred_provider_organizations__ppo_/

java.io.FileNotFoundException: http://www.ct.com/entertainment/bartender-buddha/entertainment/bartender-buddha/nm-ht26-barbuddha-20120621,0,6950314.story

java.io.FileNotFoundException: http://www.ct.com/entertainment/bartender-buddha/entertainment/bartender-buddha/nm-ht25-barbuddha-20120614,0,5705131.story

java.io.FileNotFoundException: http://www.hr.com/en/communities/ihr_compensation/pay_strategies//en/communities/benefits/medical_benefits/health_reimbursement_accounts__hras_/

java.io.FileNotFoundException: http://www.hr.com/en/communities/ihr_compensation/pay_strategies//en/communities/benefits/medical_benefits/health_savings_accounts__hsas_/

java.io.FileNotFoundException: http://www.hr.com/en/communities/ihr_compensation/pay_strategies//en/communities/benefits/medical_benefits/insurance/

java.io.FileNotFoundException: http://www.ct.com/entertainment/bartender-buddha/entertainment/leisure/wtxx-bartender-buddha-ester-saraiva-at-rio-bar-and-grille-20120523,0,2453566.story

java.io.FileNotFoundException: http://www.ct.com/entertainment/bartender-buddha/blog/wtxx-bartender-buddha-tisanes-peter-giannola-20120501,0,3294088.story

java.io.FileNotFoundException: http://www.ct.com/entertainment/bartender-buddha/entertainment/leisure/wtxx-bartender-buddha-ally-elias-at-firebox-restaurant-in-hartford-20120404,0,2506981.story

java.io.FileNotFoundException: http://www.hr.com/en/communities/ihr_compensation/pay_strategies//en/communities/benefits/medical_benefits/insurance/accident/

java.io.FileNotFoundException: http://www.ct.com/entertainment/bartender-buddha/entertainment/bartender-buddha/nm-ht14-barbuddha-0329-20120329,0,5578355.story

java.io.FileNotFoundException: http://www.ct.com/entertainment/bartender-buddha/nm-ht35-barbuddha-0829-20130829,0,7867528.story/

java.io.FileNotFoundException: http://www.hr.com/en/communities/ihr_compensation/pay_strategies//en/communities/benefits/medical_benefits/insurance/dental/

java.io.FileNotFoundException: http://www.hr.com/en/communities/ihr_compensation/pay_strategies//en/communities/benefits/medical_benefits/insurance/health/

java.io.FileNotFoundException: http://www.hr.com/en/communities/ihr_compensation/pay_strategies//en/communities/benefits/medical_benefits/insurance/life/

java.io.FileNotFoundException: http://www.ct.com/entertainment/bartender-buddha/entertainment/bartender-buddha/wtxx-bartender-buddha-kelsey-cyr-of-tools-bar-and-grill-in-new-britain-20120321,0,2051568.story

java.io.FileNotFoundException: http://www.ct.com/entertainment/bartender-buddha/nm-ht35-barbuddha-0829-20130829,0,7867528.story/wheretogo

java.io.FileNotFoundException: http://www.hr.com/en/communities/ihr_compensation/pay_strategies//en/communities/benefits/medical_benefits/insurance/vision/

java.io.FileNotFoundException: http://www.ct.com/entertainment/bartender-buddha/entertainment/bartender-buddha/wtxx-bartender-buddha-carol-turgeon-of-anthony-jacks-steakhouse-in-southington-20120313,0,7319040.story

java.io.FileNotFoundException: http://www.hr.com/en/communities/ihr_compensation/pay_strategies//en/communities/benefits/medical_benefits/topical_health_issues/

java.io.FileNotFoundException: http://www.hr.com/en/communities/ihr_compensation/pay_strategies//en/communities/benefits/medical_benefits/long_term_disability/

java.io.FileNotFoundException: http://www.hr.com/en/communities/ihr_compensation/pay_strategies//en/communities/benefits/outsourcing_benefits/

java.io.FileNotFoundException: http://www.hr.com/en/communities/ihr_compensation/pay_strategies//en/communities/benefits/retirement_benefits/

java.io.FileNotFoundException: http://www.ct.com/entertainment/bartender-buddha/entertainment/bartender-buddha/wtxx-bartender-buddha-bill-kallberg-of-the-angry-olive-in-rocky-hill-20120306,0,2926807.story

java.io.FileNotFoundException: http://www.ct.com/entertainment/bartender-buddha/entertainment/bartender-buddha/wtxx-bartender-buddha-chyle-marcoux-of-brushmill-by-the-waterfall-in-chester-20120228,0,2629312.story

java.io.FileNotFoundException: http://www.hr.com/en/communities/ihr_compensation/pay_strategies//en/communities/benefits/retirement_benefits/medicare/

java.io.FileNotFoundException: http://www.ct.com/entertainment/bartender-buddha/nm-ht35-barbuddha-0829-20130829,0,7867528.story/whattodo

java.io.FileNotFoundException: http://www.hr.com/en/communities/ihr_compensation/pay_strategies//en/communities/benefits/retirement_benefits/medicaid/

java.io.FileNotFoundException: http://www.hr.com/en/communities/ihr_compensation/pay_strategies//en/communities/benefits/retirement_benefits/health_and_wellness/

java.io.FileNotFoundException: http://www.ct.com/entertainment/bartender-buddha/entertainment/bartender-buddha/wtxx-bartender-buddha-casey-dicostanzo-of-billy-tees-in-cromwell-20120111,0,3452619.story

java.io.FileNotFoundException: http://www.ct.com/entertainment/bartender-buddha/entertainment/bartender-buddha/wtxx-bartender-buddha-tara-nicolay-of-lime-bar-grill-in-avon-20120104,0,5290234.story

java.io.FileNotFoundException: http://www.hr.com/en/communities/ihr_compensation/pay_strategies//en/communities/benefits/retirement_benefits/401_k_/

java.io.FileNotFoundException: http://www.hr.com/en/communities/ihr_compensation/pay_strategies//en/communities/benefits/retirement_benefits/plan_options/

java.io.FileNotFoundException: http://www.hr.com/en/communities/ihr_compensation/pay_strategies//en/communities/benefits/voluntary_benefits/

java.io.FileNotFoundException: http://www.hr.com/en/communities/ihr_compensation/pay_strategies//en/communities/benefits/work_life_programs_and_employee_assistance_programs__eaps_/

java.io.FileNotFoundException: http://www.hr.com/en/communities/ihr_compensation/pay_strategies//en/communities/benefits/work_life_programs_and_employee_assistance_programs__eaps_/childcare_eldercare/

java.io.FileNotFoundException: http://www.hr.com/en/communities/ihr_compensation/pay_strategies//en/communities/benefits/work_life_programs_and_employee_assistance_programs__eaps_/concierge/

java.io.FileNotFoundException: http://www.hr.com/en/communities/ihr_compensation/pay_strategies//en/communities/benefits/work_life_programs_and_employee_assistance_programs__eaps_/dress_code/

java.io.FileNotFoundException: http://www.hr.com/en/communities/ihr_compensation/pay_strategies//en/communities/benefits/work_life_programs_and_employee_assistance_programs__eaps_/flextime/

java.io.FileNotFoundException: http://www.hr.com/en/communities/ihr_compensation/pay_strategies//en/communities/benefits/work_life_programs_and_employee_assistance_programs__eaps_/healthcare_wellness/

java.io.FileNotFoundException: http://www.hr.com/en/communities/ihr_compensation/pay_strategies//en/communities/benefits/work_life_programs_and_employee_assistance_programs__eaps_/telecommuting/

java.io.FileNotFoundException: http://www.hr.com/en/communities/ihr_compensation/pay_strategies//en/communities/benefits/work_life_programs_and_employee_assistance_programs__eaps_/job_sharing/

java.io.FileNotFoundException: http://www.hr.com/en/communities/ihr_compensation/pay_strategies//en/communities/benefits/work_life_programs_and_employee_assistance_programs__eaps_/academic_referral/

java.io.FileNotFoundException: http://www.hr.com/en/communities/ihr_compensation/pay_strategies//en/communities/benefits/work_life_programs_and_employee_assistance_programs__eaps_/addiction_therapy/

java.io.FileNotFoundException: http://www.ct.com/entertainment/bartender-buddha/nm-ht35-barbuddha-0829-20130829,0,7867528.story/entertainment/restaurants

java.io.FileNotFoundException: http://www.hr.com/en/communities/ihr_compensation/pay_strategies//en/communities/benefits/work_life_programs_and_employee_assistance_programs__eaps_/financial_advisement/

java.io.FileNotFoundException: http://www.hr.com/en/communities/ihr_compensation/pay_strategies//en/communities/benefits/work_life_programs_and_employee_assistance_programs__eaps_/legal_and_employee_counseling/

java.io.FileNotFoundException: http://www.hr.com/en/communities/ihr_compensation/pay_strategies//en/communities/benefits/work_life_programs_and_employee_assistance_programs__eaps_/parenting_resources/

java.io.FileNotFoundException: http://www.hr.com/en/communities/ihr_compensation/pay_strategies//en/communities/benefits/work_life_programs_and_employee_assistance_programs__eaps_/pet_insurance/

java.io.FileNotFoundException: http://www.hr.com/en/communities/ihr_compensation/pay_strategies//en/communities/benefits/work_life_programs_and_employee_assistance_programs__eaps_/relocation_services/

java.io.FileNotFoundException: http://www.hr.com/en/communities/ihr_compensation/pay_strategies//en/communities/ihr_compensation/board_of_directors_pay/

java.io.FileNotFoundException: http://www.hr.com/en/communities/ihr_compensation/pay_strategies//en/communities/ihr_compensation/compensation_modeling_and_forecasting/

java.io.FileNotFoundException: http://www.hr.com/en/communities/ihr_compensation/pay_strategies//en/communities/ihr_compensation/compensation_planning_and_management/compliance_in_compensation_management/

java.io.FileNotFoundException: http://www.hr.com/en/communities/ihr_compensation/pay_strategies//en/communities/ihr_compensation/compensation_planning_and_management/

java.io.FileNotFoundException: http://www.hr.com/en/communities/ihr_compensation/pay_strategies//en/communities/ihr_compensation/compensation_planning_and_management/executive_compensation_management/

java.io.FileNotFoundException: http://www.hr.com/en/communities/ihr_compensation/pay_strategies//en/communities/ihr_compensation/compensation_planning_and_management/pay_for_performance_planning_and_management/

java.io.FileNotFoundException: http://www.ct.com/entertainment/bartender-buddha/nm-ht35-barbuddha-0829-20130829,0,7867528.story/entertainment/music

java.io.FileNotFoundException: http://www.hr.com/en/communities/ihr_compensation/pay_strategies//en/communities/ihr_compensation/compensation_planning_and_management/stock_planning_and_administration/

java.io.FileNotFoundException: http://www.hr.com/en/communities/ihr_compensation/pay_strategies//en/communities/ihr_compensation/compensation_planning_and_management/salary_survey_planning_and_management/

java.io.FileNotFoundException: http://www.hr.com/en/communities/ihr_compensation/pay_strategies//en/communities/ihr_compensation/compensation_trends/

java.io.FileNotFoundException: http://www.hr.com/en/communities/ihr_compensation/pay_strategies//en/communities/ihr_compensation/compensation_measurement__reporting_and_analysis/

java.io.FileNotFoundException: http://www.hr.com/en/communities/ihr_compensation/pay_strategies//en/communities/ihr_compensation/ecs_enterprise_compensation_solutions/

java.io.FileNotFoundException: http://www.hr.com/en/communities/ihr_compensation/pay_strategies//en/communities/ihr_compensation/executive_compensation/

java.io.FileNotFoundException: http://www.hr.com/en/communities/ihr_compensation/pay_strategies//en/communities/ihr_compensation/incentives__rewards_and_recognition/

java.io.FileNotFoundException: http://www.hr.com/en/communities/ihr_compensation/pay_strategies//en/communities/ihr_compensation/incentives__rewards_and_recognition/recognition_programs/

java.io.FileNotFoundException: http://www.hr.com/en/communities/ihr_compensation/pay_strategies//en/communities/ihr_compensation/incentives__rewards_and_recognition/gift_cards/

java.io.FileNotFoundException: http://www.ct.com/entertainment/bartender-buddha/nm-ht35-barbuddha-0829-20130829,0,7867528.story/news/advocates

java.io.FileNotFoundException: http://www.hr.com/en/communities/ihr_compensation/pay_strategies//en/communities/ihr_compensation/incentives_measurement__reporting_and_analysis/

java.io.FileNotFoundException: http://www.hr.com/en/communities/ihr_compensation/pay_strategies//en/communities/ihr_compensation/incentives_measurement__reporting_and_analysis/incentives_planning_and_management/

java.io.FileNotFoundException: http://www.hr.com/en/communities/ihr_compensation/pay_strategies//en/communities/ihr_compensation/job_analysis__evaluation_and_grading/

java.io.FileNotFoundException: http://www.ct.com/entertainment/bartender-buddha/nm-ht35-barbuddha-0829-20130829,0,7867528.story/entertainment/best-of-ct/

java.io.FileNotFoundException: http://www.hr.com/en/communities/ihr_compensation/pay_strategies//en/communities/ihr_compensation/job_analysis__evaluation_and_grading/compensation_salary_surveys/

java.io.FileNotFoundException: http://www.ct.com/entertainment/bartender-buddha/nm-ht35-barbuddha-0829-20130829,0,7867528.story/entertainment/tv/cw

java.io.FileNotFoundException: http://www.hr.com/en/communities/ihr_compensation/pay_strategies//en/communities/ihr_compensation/job_analysis__evaluation_and_grading/compensation_surveys/

java.io.FileNotFoundException: http://www.ct.com/entertainment/bartender-buddha/entertainment/bartender-buddha/wtxx-bartender-buddha-jeremy-happy-gilroy-of-lupo-in-chester-20111228,0,3312734.story

java.io.FileNotFoundException: http://www.ct.com/entertainment/bartender-buddha/entertainment/bartender-buddha/wtxx-bartender-buddha-dave-cerrud-of-iguanas-ranas-in-middletown-20111221,0,1845262.story

java.io.FileNotFoundException: http://www.ct.com/entertainment/bartender-buddha/entertainment/bartender-buddha/wtxx-bartender-buddha-matt-waite-of-portofinos-in-kensington-20111214,0,6042304.story

java.io.FileNotFoundException: http://www.hr.com/en/communities/ihr_compensation/pay_strategies//en/communities/ihr_compensation/pay_strategies/base_pay/

java.io.FileNotFoundException: http://www.hr.com/en/communities/ihr_compensation/pay_strategies//en/communities/ihr_compensation/pay_strategies/pay_for_performance/

java.io.FileNotFoundException: http://www.ct.com/entertainment/bartender-buddha/entertainment/bartender-buddha/wtxx-bartender-buddha-emily-kilroy-of-the-pond-house-grille-in-glastonbury-20111207,0,5221174.story

java.io.FileNotFoundException: http://www.hr.com/en/communities/ihr_compensation/pay_strategies//en/communities/ihr_compensation/pay_strategies/skill_competency_based_pay/

java.io.FileNotFoundException: http://www.ct.com/entertainment/bartender-buddha/entertainment/bartender-buddha/wtxx-bartender-buddha-jon-wood-of-the-russian-lady-in-hartford-20111130,0,7608046.story

java.io.FileNotFoundException: http://www.ct.com/entertainment/bartender-buddha/entertainment/bartender-buddha/wtxx-bartender-buddha-amber-blandina-has-to-listen-to-a-lot-of-grateful-dead-20111115,0,6500447.story

java.io.FileNotFoundException: http://www.hr.com/en/communities/ihr_compensation/pay_strategies//en/communities/ihr_compensation/pay_strategies/variable_pay/

java.io.FileNotFoundException: http://www.hr.com/en/communities/ihr_compensation/pay_strategies//en/communities/ihr_compensation/pay_strategies/variable_pay/equity_based_compensation/

java.io.FileNotFoundException: http://www.ct.com/entertainment/bartender-buddha/entertainment/bartender-buddha/wtxx-bartender-buddha-megan-mancini-at-the-tavern-downtown-20111107,0,2319515.story

java.io.FileNotFoundException: http://www.hr.com/en/communities/ihr_compensation/pay_strategies//en/communities/ihr_compensation/pay_strategies/variable_pay/gainsharing/

java.io.FileNotFoundException: http://www.ct.com/entertainment/bartender-buddha/entertainment/bartender-buddha/wtxx-bartender-buddha-diarm-hanifin-of-hanifins-irish-pub-20111026,0,2079320.story

java.io.FileNotFoundException: http://www.hr.com/en/communities/ihr_compensation/pay_strategies//en/communities/ihr_compensation/pay_strategies/variable_pay/profit_sharing/

java.io.FileNotFoundException: http://www.ct.com/entertainment/bartender-buddha/entertainment/bartender-buddha/wtxx-video-bartender-buddha--arch-street-tavern-20111019,0,2937734.tivideo

java.io.FileNotFoundException: http://www.ct.com/entertainment/bartender-buddha/entertainment/bartender-buddha/wtxx-bartender-buddha-kelly-neadle-of-arch-street-tavern-in-hartford-20111019,0,44413.story

java.io.FileNotFoundException: http://www.hr.com/en/communities/ihr_compensation/pay_strategies//en/communities/ihr_compensation/pay_equity/

java.io.FileNotFoundException: http://www.hr.com/en/communities/ihr_compensation/pay_strategies//en/communities/ihr_compensation/payroll/

java.io.FileNotFoundException: http://www.ct.com/entertainment/bartender-buddha/entertainment/bartender-buddha/wtxx-bartender-buddha-jess-imme-of-the-nest-in-middletown-20111014,0,5668859.story

java.io.FileNotFoundException: http://www.ct.com/entertainment/bartender-buddha/entertainment/bartender-buddha/wtxx-bartender-buddha-lucy-colino-of-buffalo-wild-wings-in-windsor-20111005,0,4056075.story

java.io.FileNotFoundException: http://www.hr.com/en/communities/ihr_compensation/pay_strategies//en/communities/ihr_compensation/rfp_rfi_development/

java.io.FileNotFoundException: http://www.hr.com/en/communities/ihr_compensation/pay_strategies//en/communities/ihr_compensation/sales_force_compensation/

java.io.FileNotFoundException: http://www.ct.com/entertainment/bartender-buddha/entertainment/bartender-buddha/wtxx-bartender-buddha-hugo-gamboa-of-rooftop-120-in-glastonbury-20110928,0,1953440.story

java.io.FileNotFoundException: http://www.hr.com/en/communities/ihr_compensation/pay_strategies//en/communities/ihr_compensation/severance_pay/

java.io.FileNotFoundException: http://www.ct.com/entertainment/bartender-buddha/entertainment/bartender-buddha/wtxx-bartender-buddha-rob-fralick-of-blackbird-tavern-in-middlefield-20110920,0,2758973.story

java.io.FileNotFoundException: http://www.ct.com/entertainment/bartender-buddha/entertainment/bartender-buddha/wtxx-bartender-buddha-jennifer-may-of-beachland-tavern-in-west-hartford-20110914,0,295868.story

java.io.FileNotFoundException: http://www.hr.com/en/communities/ihr_compensation/pay_strategies//en/communities/ihr_compensation/payroll_001/

java.io.FileNotFoundException: http://www.ct.com/entertainment/bartender-buddha/entertainment/bartender-buddha/ht-bartender-buddha-christian-castro-of-sutra-lounge-and-bar-in-hartford-20110907,0,6780377.story

java.io.FileNotFoundException: http://www.hr.com/en/communities/ihr_compensation/pay_strategies//en/communities/ihr_contract_workforce_talent_exchange/

java.io.FileNotFoundException: http://www.hr.com/en/communities/ihr_compensation/pay_strategies//en/communities/ihr_contract_workforce_talent_exchange/vendor_management_solutions/

java.io.FileNotFoundException: http://www.ct.com/entertainment/bartender-buddha/entertainment/bartender-buddha/nm-ht36barbuddha-20110829,0,3993192.story

java.io.FileNotFoundException: http://www.ct.com/entertainment/bartender-buddha/entertainment/bartender-buddha/ht-bartender-buddha-eric-nass-talks-waterside-rosecolored-glasses-20110823,0,1580816.story

java.io.FileNotFoundException: http://www.hr.com/en/communities/ihr_compensation/pay_strategies//en/communities/ihr_contract_workforce_talent_exchange/talent_exchanges/

java.io.FileNotFoundException: http://www.ct.com/entertainment/bartender-buddha/entertainment/bartender-buddha/nm-ht34barbuddha-20110815,0,1109601.story

java.io.FileNotFoundException: http://www.ct.com/entertainment/bartender-buddha/entertainment/bartender-buddha/ht-bartender-buddha-al-pitbull-lingua-at-sunset-jacks-in-east-hartford-20110801,0,2817371.story

java.io.FileNotFoundException: http://www.hr.com/en/communities/ihr_compensation/pay_strategies//en/communities/ihr_contract_workforce_talent_exchange/rpo_services/

java.io.FileNotFoundException: http://www.hr.com/en/communities/ihr_compensation/pay_strategies//en/communities/ihr_contract_workforce_talent_exchange/contract_worker_payroll/

java.io.FileNotFoundException: http://www.hr.com/en/communities/ihr_compensation/pay_strategies//en/communities/ihr_contract_workforce_talent_exchange/contract_workforce_talent_exchanges_metrics/

java.io.FileNotFoundException: http://www.hr.com/en/communities/ihr_compensation/pay_strategies//en/communities/ihr_contract_workforce_talent_exchange/contract_workforce_talent_exchanges_templates_forms_contracts/

java.io.FileNotFoundException: http://www.hr.com/en/communities/ihr_compensation/pay_strategies//en/communities/ihr_contract_workforce_talent_exchange/managed_service_provider/

java.io.FileNotFoundException: http://www.hr.com/en/communities/ihr_compensation/pay_strategies//en/communities/ihr_contract_workforce_talent_exchange/temporary_staffing_solutions/

java.io.FileNotFoundException: http://www.hr.com/en/communities/ihr_compensation/pay_strategies//en/communities/ihr_contract_workforce_talent_exchange/contract_workforce_talent_exchanges_tools_technology/

java.io.FileNotFoundException: http://www.hr.com/en/communities/ihr_compensation/pay_strategies//en/communities/ihr_employee_wellness/onsite_testing/clinics/

java.io.FileNotFoundException: http://www.hr.com/en/communities/ihr_compensation/pay_strategies//en/communities/ihr_contract_workforce_talent_exchange/contract_workforce_talent_exchanges_legal_compliance/

java.io.FileNotFoundException: http://www.hr.com/en/communities/ihr_compensation/pay_strategies//en/communities/ihr_employee_wellness/

java.io.FileNotFoundException: http://www.hr.com/en/communities/ihr_compensation/pay_strategies//en/communities/ihr_employee_wellness/productivity/

java.io.FileNotFoundException: http://www.hr.com/en/communities/ihr_compensation/pay_strategies//en/communities/ihr_employee_wellness/employee_health/

java.io.FileNotFoundException: http://www.hr.com/en/communities/ihr_compensation/pay_strategies//en/communities/ihr_employee_wellness/culture_of_health/

java.io.FileNotFoundException: http://www.ct.com/entertainment/bartender-buddha/nm-ht35-barbuddha-0829-20130829,0,7867528.story/promotions/contests

java.io.FileNotFoundException: http://www.hr.com/en/communities/ihr_compensation/pay_strategies//en/communities/ihr_employee_wellness/prevention/

java.io.FileNotFoundException: http://www.hr.com/en/communities/ihr_compensation/pay_strategies//en/communities/ihr_employee_wellness/employee_wellness_templates_forms_contracts/

java.io.FileNotFoundException: http://www.hr.com/en/communities/ihr_compensation/pay_strategies//en/communities/ihr_employee_wellness/employee_wellness_legal_compliance/

java.io.FileNotFoundException: http://www.ct.com/entertainment/bartender-buddha/nm-ht35-barbuddha-0829-20130829,0,7867528.story/entertainment

java.io.FileNotFoundException: http://www.ct.com/entertainment/bartender-buddha/nm-ht35-barbuddha-0829-20130829,0,7867528.story/entertainment/bartender-buddha

java.io.FileNotFoundException: http://www.ct.com/entertainment/bartender-buddha/nm-ht35-barbuddha-0829-20130829,0,7867528.story/entertainment/bartender-buddha/nm-ht35-barbuddha-0829-20130829,0,4073353,email.story

java.io.FileNotFoundException: http://www.ct.com/entertainment/bartender-buddha/nm-ht35-barbuddha-0829-20130829,0,7867528.story/entertainment/bartender-buddha/nm-ht35-barbuddha-0829-20130829,0,3741109,print.story

java.io.FileNotFoundException: http://www.ct.com/entertainment/bartender-buddha/nm-ht35-barbuddha-0829-20130829,0,7867528.story/entertainment/bartender-buddha/nm-ht33barbuddha-20130815,0,519778.story

java.io.FileNotFoundException: http://www.ct.com/entertainment/bartender-buddha/nm-ht35-barbuddha-0829-20130829,0,7867528.story/entertainment/bartender-buddha/nm-ht31-barbuddha-0801-20130801,0,1842793.story

java.io.FileNotFoundException: http://www.ct.com/entertainment/bartender-buddha/nm-ht35-barbuddha-0829-20130829,0,7867528.story/entertainment/bartender-buddha/nm-ht30barbuddha-20130725,0,4718680.story

java.io.FileNotFoundException: http://www.ct.com/entertainment/bartender-buddha/nm-ht35-barbuddha-0829-20130829,0,7867528.story/entertainment/photos/wtxx-the-best-will-ferrell-quotes-20120719,0,2808901.photogallery

java.io.FileNotFoundException: http://www.ct.com/entertainment/bartender-buddha/nm-ht35-barbuddha-0829-20130829,0,7867528.story/entertainment/photos/wtxx-crazy-food-challenges-20111228,0,73770.photogallery

java.io.FileNotFoundException: http://www.ct.com/entertainment/bartender-buddha/nm-ht35-barbuddha-0829-20130829,0,7867528.story/entertainment/photos/wtxx-the-best-tyler-durden-quotes-20120612,0,7513696.photogallery

java.io.FileNotFoundException: http://www.ct.com/entertainment/bartender-buddha/nm-ht35-barbuddha-0829-20130829,0,7867528.story/entertainment/photos/wtxx-the-funniest-quotes-from-the-league-20121011,0,4364260.photogallery

java.io.FileNotFoundException: http://www.ct.com/entertainment/bartender-buddha/nm-ht35-barbuddha-0829-20130829,0,7867528.story/entertainment/photos/wtxx-brilliant-quotes-from-don-draper-20121228,0,3605513.photogallery

java.io.FileNotFoundException: http://www.ct.com/entertainment/bartender-buddha/nm-ht35-barbuddha-0829-20130829,0,7867528.story/entertainment/photos/wtxx-awesome-quotes-from-breaking-bad-20120713,0,7424966.photogallery

java.io.FileNotFoundException: http://www.ct.com/entertainment/bartender-buddha/nm-ht35-barbuddha-0829-20130829,0,7867528.story/entertainment/photos/wcct-slideshow-the-10-best-samuel-l-jackson-movie-quotes-20111220,0,5873084.photogallery

java.io.FileNotFoundException: http://www.ct.com/entertainment/bartender-buddha/nm-ht35-barbuddha-0829-20130829,0,7867528.story/news/advocates/wtxx-improvisations-returns-to-real-art-ways-for-a-third-season-20130911,0,1854645.story

java.io.FileNotFoundException: http://www.ct.com/entertainment/bartender-buddha/nm-ht35-barbuddha-0829-20130829,0,7867528.story/news/advocates/wtxx-reflections-on-primary-day-20130912,0,3344800.story

java.io.FileNotFoundException: http://www.ct.com/entertainment/bartender-buddha/nm-ht35-barbuddha-0829-20130829,0,7867528.story/entertainment/photos/wtxx-sexist-ads-of-the-50s-and-60s-20120803,0,6479769.photogallery

java.io.FileNotFoundException: http://www.ct.com/entertainment/bartender-buddha/nm-ht35-barbuddha-0829-20130829,0,7867528.story/entertainment/events/wtxx-pinbacks-rob-crow-and-zach-smith-pull-into-hamden-20130911,0,2798735.story

java.io.FileNotFoundException: http://www.hr.com/en/communities/ihr_compensation/pay_strategies//en/communities/ihr_employee_wellness/financial_wellness/

java.io.FileNotFoundException: http://www.hr.com/en/communities/ihr_compensation/pay_strategies//en/communities/ihr_employee_wellness/employee_cost/reimbursement_plans/

java.io.FileNotFoundException: http://www.hr.com/en/communities/ihr_compensation/pay_strategies//en/communities/ihr_employee_wellness/employee_cost/

java.io.FileNotFoundException: http://www.hr.com/en/communities/ihr_compensation/pay_strategies//en/communities/ihr_employee_wellness/employee_cost/incentives/

java.io.FileNotFoundException: http://www.hr.com/en/communities/ihr_compensation/pay_strategies//en/communities/ihr_employee_wellness/onsite_testing/

java.io.FileNotFoundException: http://www.ct.com/entertainment/bartender-buddha/nm-ht35-barbuddha-0829-20130829,0,7867528.story/news/advocates/nm-ht37artodehippie-20130919,0,584170.story

java.io.FileNotFoundException: http://www.ct.com/entertainment/bartender-buddha/nm-ht35-barbuddha-0829-20130829,0,7867528.story/news/advocates/nm-ht37filmchess-20130912,0,6828393.story

java.io.FileNotFoundException: http://www.ct.com/entertainment/bartender-buddha/nm-ht35-barbuddha-0829-20130829,0,7867528.story/news/advocates/nm-nh37mucalifone-20130912,0,6527179.story

java.io.FileNotFoundException: http://www.ct.com/entertainment/bartender-buddha/nm-ht35-barbuddha-0829-20130829,0,7867528.story/news/advocates/nm-ht37wheels-20130912,0,6533958.story

java.io.FileNotFoundException: http://www.hr.com/en/communities/ihr_compensation/pay_strategies//en/communities/ihr_employee_wellness/onsite_testing/health_fairs/

java.io.FileNotFoundException: http://www.hr.com/en/communities/ihr_compensation/pay_strategies//en/communities/ihr_employee_wellness/employee_communication/

java.io.FileNotFoundException: http://www.ct.com/entertainment/bartender-buddha/nm-ht35-barbuddha-0829-20130829,0,7867528.story/news/advocates/nm-ff37fallartspreviewstory-20130912,0,7072354.story

java.io.FileNotFoundException: http://www.hr.com/en/communities/ihr_compensation/pay_strategies//en/communities/ihr_employee_wellness/employee_communication/wellness_portals/

java.io.FileNotFoundException: http://www.ct.com/entertainment/bartender-buddha/nm-ht35-barbuddha-0829-20130829,0,7867528.story/news/advocates/nm-ht37weird-20130912,0,2102763.story

java.io.FileNotFoundException: http://www.ct.com/entertainment/bartender-buddha/nm-ht35-barbuddha-0829-20130829,0,7867528.story/news/advocates/nm-ff37food-20130912,0,4566629.story

java.io.FileNotFoundException: http://www.ct.com/entertainment/bartender-buddha/nm-ht35-barbuddha-0829-20130829,0,7867528.story/news/advocates/nm-ht37tmi-20130911,0,1423179.story

java.io.FileNotFoundException: http://www.hr.com/en/communities/ihr_compensation/pay_strategies//en/communities/ihr_employee_wellness/employee_communication/hra/

java.io.FileNotFoundException: http://www.hr.com/en/communities/ihr_compensation/pay_strategies//en/communities/ihr_employee_wellness/employee_communication/identification_of_troubled_areas/

java.io.FileNotFoundException: http://www.ct.com/entertainment/bartender-buddha/nm-ht35-barbuddha-0829-20130829,0,7867528.story/news/advocates/nm-ht37savage-20130912,0,2737454.story

java.io.FileNotFoundException: http://www.hr.com/en/communities/ihr_compensation/pay_strategies//en/communities/ihr_employee_wellness/benefit_healthcare_cost_containment/reduction_in_drug_expense/

java.io.FileNotFoundException: http://www.hr.com/en/communities/ihr_compensation/pay_strategies//en/communities/ihr_employee_wellness/benefit_healthcare_cost_containment/

java.io.FileNotFoundException: http://www.hr.com/en/communities/ihr_compensation/pay_strategies//en/communities/ihr_employee_wellness/benefit_healthcare_cost_containment/reduction_in_doctor_visits/

java.io.FileNotFoundException: http://www.hr.com/en/communities/ihr_compensation/pay_strategies//en/communities/ihr_employee_wellness/weight_management/

java.io.FileNotFoundException: http://www.hr.com/en/communities/ihr_compensation/pay_strategies//en/communities/ihr_employee_wellness/weight_management/support_management/

java.io.FileNotFoundException: http://www.hr.com/en/communities/ihr_compensation/pay_strategies//en/communities/ihr_employee_wellness/weight_management/exercise_programs/

java.io.FileNotFoundException: http://www.hr.com/en/communities/ihr_compensation/pay_strategies//en/communities/ihr_employee_wellness/cessation_reduction/drug_alcohol_dependence/

java.io.FileNotFoundException: http://www.hr.com/en/communities/ihr_compensation/pay_strategies//en/communities/ihr_employee_wellness/weight_management/internal_programs/

java.io.FileNotFoundException: http://www.hr.com/en/communities/ihr_compensation/pay_strategies//en/communities/ihr_employee_wellness/cessation_reduction/

java.io.FileNotFoundException: http://www.hr.com/en/communities/ihr_compensation/pay_strategies//en/communities/ihr_employee_wellness/cessation_reduction/smoking/

java.io.FileNotFoundException: http://www.hr.com/en/communities/ihr_compensation/pay_strategies//en/communities/ihr_employee_wellness/cessation_reduction/eating_disorders/

java.io.FileNotFoundException: http://www.hr.com/en/communities/ihr_compensation/pay_strategies//en/communities/ihr_employee_wellness/absenteeism/

java.io.FileNotFoundException: http://www.hr.com/en/communities/ihr_compensation/pay_strategies//en/communities/ihr_employee_wellness/absenteeism/reduction/

java.io.FileNotFoundException: http://www.hr.com/en/communities/ihr_compensation/pay_strategies//en/communities/ihr_employee_wellness/absenteeism/cost/

java.io.FileNotFoundException: http://www.hr.com/en/communities/ihr_compensation/pay_strategies//en/communities/ihr_employee_wellness/absenteeism/measurement/

java.io.FileNotFoundException: http://www.hr.com/en/communities/ihr_compensation/pay_strategies//en/communities/ihr_employee_wellness/absenteeism/long_term_rehabilitation/

java.io.FileNotFoundException: http://www.hr.com/en/communities/ihr_compensation/pay_strategies//en/communities/ihr_employee_wellness/absenteeism/presenters/

java.net.MalformedURLException: no protocol: personal/deposits/deposits-account-3.jsp

java.io.FileNotFoundException: http://www.hr.com/en/communities/ihr_compensation/pay_strategies//en/communities/ihr_employee_wellness/employee_wellness_tools_technology/

java.io.FileNotFoundException: http://www.hr.com/en/communities/ihr_compensation/pay_strategies//en/communities/ihr_employee_wellness/absenteeism/accommodation_at_work/

java.io.FileNotFoundException: http://www.hr.com/en/communities/ihr_compensation/pay_strategies//en/communities/ihr_employee_wellness/employee_wellness_metrics/

java.io.FileNotFoundException: http://www.hr.com/en/communities/ihr_compensation/pay_strategies//en/communities/hr_in_canada/

java.io.FileNotFoundException: http://www.hr.com/en/communities/ihr_compensation/pay_strategies//en/communities/hr_in_canada/canadian_masters_in_hr_strategy_execution/

java.io.FileNotFoundException: http://www.hr.com/en/communities/ihr_compensation/pay_strategies//en/communities/ihr_hr_in_california/

java.io.FileNotFoundException: http://www.hr.com/en/communities/ihr_compensation/pay_strategies//en/communities/ihr_health_safety/unions/

java.io.FileNotFoundException: http://www.hr.com/en/communities/ihr_compensation/pay_strategies//en/communities/ihr_health_safety/

java.io.FileNotFoundException: http://www.ct.com/entertainment/bartender-buddha/entertainment/bartender-buddha/nm-ht30barbuddha-20110721,0,3801170.story

java.io.FileNotFoundException: http://www.ct.com/entertainment/bartender-buddha/entertainment/bartender-buddha/ht-bartender-buddha-jessica-blanchfield-at-lakeview-restaurant-in-coventry-20110727,0,2822839.story

java.io.FileNotFoundException: http://www.hr.com/en/communities/ihr_compensation/pay_strategies//en/communities/ihr_health_safety/health_safety_legal_compliance/

java.io.FileNotFoundException: http://www.hr.com/en/communities/ihr_compensation/pay_strategies//en/communities/ihr_health_safety/health_safety_legal_compliance/audits/

java.io.FileNotFoundException: http://www.ct.com/entertainment/bartender-buddha/entertainment/bartender-buddha/nm-ht29barbuddha-20110712,0,5631585.story

java.net.MalformedURLException: no protocol: ?screen=102

java.io.FileNotFoundException: http://www.hr.com/en/communities/ihr_compensation/pay_strategies//en/communities/ihr_health_safety/health_safety_legal_compliance/risk_management/

java.io.FileNotFoundException: http://www.ct.com/entertainment/bartender-buddha/entertainment/bartender-buddha/ht-bartender-buddha-jessie-kaminski-at-the-crown-and-hammer-in-collinsville-20110617,0,1920131.story

java.io.FileNotFoundException: http://www.ct.com/entertainment/bartender-buddha/entertainment/bartender-buddha/nm-ht27barbuddha-20110630,0,3075678.story

java.io.FileNotFoundException: http://www.hr.com/en/communities/ihr_compensation/pay_strategies//en/communities/ihr_health_safety/health_safety_legal_compliance/occupational_health_safety_act/

java.io.FileNotFoundException: http://www.hr.com/en/communities/ihr_compensation/pay_strategies//en/communities/ihr_health_safety/health_safety_legal_compliance/osha/

java.io.FileNotFoundException: http://www.ct.com/entertainment/bartender-buddha/entertainment/bartender-buddha/ht-bartender-buddha-jason-cuevas-at-room-960-says-dont-drink-out-of-plastic-cups-if-you-wanna-look-sexy-20110614,0,3353521.story

java.io.FileNotFoundException: http://www.ct.com/entertainment/bartender-buddha/entertainment/bartender-buddha/ht-bartender-buddha-jonathan-peterson-20110607,0,5127442.story

java.io.FileNotFoundException: http://www.ct.com/entertainment/bartender-buddha/entertainment/bartender-buddha/ht-bartender-buddha-david-stangarone-20110601,0,4021380.story

java.io.FileNotFoundException: http://www.hr.com/en/communities/ihr_compensation/pay_strategies//en/communities/ihr_health_safety/health_safety_legal_compliance/hipaa/

java.io.FileNotFoundException: http://www.hr.com/en/communities/ihr_compensation/pay_strategies//en/communities/ihr_health_safety/employee_wellness/

java.io.FileNotFoundException: http://www.ct.com/entertainment/bartender-buddha/entertainment/bartender-buddha/ht-bartender-buddha-nelly-burleigh-from-mezzo-grill-in-middletown-20110525,0,6435050.story

java.io.FileNotFoundException: http://www.hr.com/en/communities/ihr_compensation/pay_strategies//en/communities/ihr_health_safety/workers_compensation/

java.io.FileNotFoundException: http://www.ct.com/entertainment/bartender-buddha/entertainment/bartender-buddha/ht-bartender-buddha-joey-cirigliano-of-fat--happy-in-newington-20110519,0,1201629.story

java.io.FileNotFoundException: http://www.ct.com/entertainment/bartender-buddha/entertainment/photos/wtxx-the-best-will-ferrell-quotes-20120719,0,2808901.photogallery

java.io.FileNotFoundException: http://www.ct.com/entertainment/bartender-buddha/entertainment/photos/wtxx-crazy-food-challenges-20111228,0,73770.photogallery

java.io.FileNotFoundException: http://www.ct.com/entertainment/bartender-buddha/entertainment/photos/wtxx-the-best-tyler-durden-quotes-20120612,0,7513696.photogallery

java.io.FileNotFoundException: http://www.ct.com/entertainment/bartender-buddha/entertainment/photos/wtxx-the-funniest-quotes-from-the-league-20121011,0,4364260.photogallery

java.io.FileNotFoundException: http://www.ct.com/entertainment/bartender-buddha/news/advocates/wtxx-improvisations-returns-to-real-art-ways-for-a-third-season-20130911,0,1854645.story

java.io.FileNotFoundException: http://www.ct.com/entertainment/bartender-buddha/entertainment/photos/wtxx-awesome-quotes-from-breaking-bad-20120713,0,7424966.photogallery

java.io.FileNotFoundException: http://www.ct.com/entertainment/bartender-buddha/entertainment/photos/wtxx-brilliant-quotes-from-don-draper-20121228,0,3605513.photogallery

java.io.FileNotFoundException: http://www.ct.com/entertainment/bartender-buddha/entertainment/photos/wcct-slideshow-the-10-best-samuel-l-jackson-movie-quotes-20111220,0,5873084.photogallery

java.io.FileNotFoundException: http://www.hr.com/en/communities/ihr_compensation/pay_strategies//en/communities/ihr_health_safety/standardization/

java.io.FileNotFoundException: http://www.ct.com/entertainment/bartender-buddha/news/advocates/latest-news/nm-ht36ncgameshowgeek-20130903,0,3102180.story

java.io.FileNotFoundException: http://www.ct.com/entertainment/bartender-buddha/entertainment/tmi/nm-ht37tmi-20130911,0,1760172.story

java.io.FileNotFoundException: http://www.ct.com/entertainment/bartender-buddha/news/advocates/crime-punishment/nm-ht37crime-20130912,0,6157040.story

java.io.FileNotFoundException: http://www.hr.com/en/communities/ihr_compensation/pay_strategies//en/communities/ihr_health_safety/standardization/iso_international_organization_for_standardization/

java.io.FileNotFoundException: http://www.ct.com/entertainment/bartender-buddha/entertainment/tmi/nm-ht33tmi-20130815,0,6417828.story

java.io.FileNotFoundException: http://www.hr.com/en/communities/ihr_compensation/pay_strategies//en/communities/ihr_health_safety/health_safety_templates_forms_and_contracts/

java.io.FileNotFoundException: http://www.ct.com/entertainment/bartender-buddha/entertainment/tmi

java.io.FileNotFoundException: http://www.hr.com/en/communities/ihr_compensation/pay_strategies//en/communities/ihr_health_safety/health_safety_templates_forms_and_contracts/msds_material_safety_data_sheets/

java.io.FileNotFoundException: http://www.hr.com/en/communities/ihr_compensation/pay_strategies//en/communities/ihr_health_safety/health_safety_training/

java.io.FileNotFoundException: http://www.hr.com/en/communities/ihr_compensation/pay_strategies//en/communities/ihr_health_safety/health_safety_training/global/

java.io.FileNotFoundException: http://www.hr.com/en/communities/ihr_compensation/pay_strategies//en/communities/ihr_health_safety/health_safety_training/us_based/

java.io.FileNotFoundException: http://www.hr.com/en/communities/ihr_compensation/pay_strategies//en/communities/ihr_health_safety/health_safety_training/canadian_based/

java.io.FileNotFoundException: http://www.ct.com/entertainment/bartender-buddha/news/advocates/best-of-ct/

java.io.FileNotFoundException: http://www.hr.com/en/communities/ihr_compensation/pay_strategies//en/communities/ihr_health_safety/health_safety_training/consultants/

java.io.FileNotFoundException: http://www.hr.com/en/communities/ihr_compensation/pay_strategies//en/communities/ihr_health_safety/health_safety_training/whmis_workplace_hazardous_materials_information_system/

java.io.FileNotFoundException: http://www.hr.com/en/communities/ihr_compensation/pay_strategies//en/communities/ihr_health_safety/health_safety_tools_technology/

java.io.FileNotFoundException: http://www.hr.com/en/communities/ihr_compensation/pay_strategies//en/communities/hr_industries/

java.io.FileNotFoundException: http://www.hr.com/en/communities/ihr_compensation/pay_strategies//en/communities/ihr_health_safety/health_safety_metrics/

java.io.FileNotFoundException: http://www.ct.com/entertainment/savage-love//wheretogo

java.io.FileNotFoundException: http://www.hr.com/en/communities/ihr_compensation/pay_strategies//en/communities/hr_industries/agriculture__forestry__fishing_and_mining/

java.io.FileNotFoundException: http://www.hr.com/en/communities/ihr_compensation/pay_strategies//en/communities/hr_industries/computer_telecom/

java.io.FileNotFoundException: http://www.hr.com/en/communities/ihr_compensation/pay_strategies//en/communities/hr_industries/construction/

java.io.FileNotFoundException: http://www.ct.com/entertainment/savage-love//whattodo

java.io.FileNotFoundException: http://www.hr.com/en/communities/ihr_compensation/pay_strategies//en/communities/hr_industries/education/

java.net.MalformedURLException: no protocol: ?screen=101

java.io.FileNotFoundException: http://www.hr.com/en/communities/ihr_compensation/pay_strategies//en/communities/hr_industries/health_services/

java.io.FileNotFoundException: http://www.hr.com/en/communities/ihr_compensation/pay_strategies//en/communities/hr_industries/finance__insurance_and_real_estate/

java.io.FileNotFoundException: http://www.hr.com/en/communities/ihr_compensation/pay_strategies//en/communities/hr_industries/hospitality/

java.io.FileNotFoundException: http://www.hr.com/en/communities/ihr_compensation/pay_strategies//en/communities/hr_industries/ihr_hr_in_government/

java.io.FileNotFoundException: http://www.hr.com/en/communities/ihr_compensation/pay_strategies//en/communities/hr_industries/manufacturing/

java.io.FileNotFoundException: http://www.hr.com/en/communities/ihr_compensation/pay_strategies//en/communities/hr_industries/ihr_hr_in_retail/

java.io.FileNotFoundException: http://www.hr.com/en/communities/ihr_compensation/pay_strategies//en/communities/hr_industries/media_entertainment/

java.io.FileNotFoundException: http://www.hr.com/en/communities/ihr_compensation/pay_strategies//en/communities/hr_industries/non_profit/

java.io.FileNotFoundException: http://www.hr.com/en/communities/ihr_compensation/pay_strategies//en/communities/hr_industries/transportation_and_public_utilities/

java.io.FileNotFoundException: http://www.hr.com/en/communities/ihr_compensation/pay_strategies//en/communities/hr_industries/services/

java.io.FileNotFoundException: http://www.hr.com/en/communities/ihr_compensation/pay_strategies//en/communities/hr_industries/travel__recreation_and_leisure/

java.io.FileNotFoundException: http://www.hr.com/en/communities/ihr_compensation/pay_strategies//en/communities/hr_industries/wholesale_trade/

java.io.FileNotFoundException: http://www.hr.com/en/communities/ihr_compensation/pay_strategies//en/communities/ihr_hris_erp/

java.io.FileNotFoundException: http://www.hr.com/en/communities/ihr_compensation/pay_strategies//en/communities/ihr_hris_erp/erp_enterprise_resources_planning/

java.io.FileNotFoundException: http://www.hr.com/en/communities/ihr_compensation/pay_strategies//en/communities/ihr_hris_erp/erp_enterprise_resources_planning/call_centers/

java.io.FileNotFoundException: http://www.hr.com/en/communities/ihr_compensation/pay_strategies//en/communities/ihr_hris_erp/erp_enterprise_resources_planning/compliance_in_hcm/

java.io.FileNotFoundException: http://www.hr.com/en/communities/ihr_compensation/pay_strategies//en/communities/ihr_hris_erp/erp_enterprise_resources_planning/enterprise_learning/

java.io.FileNotFoundException: http://www.ct.com/entertainment/savage-love//entertainment/restaurants

java.io.FileNotFoundException: http://www.hr.com/en/communities/ihr_compensation/pay_strategies//en/communities/ihr_hris_erp/erp_enterprise_resources_planning/hcm_and_integrated_financials/

java.io.FileNotFoundException: http://www.hr.com/en/communities/ihr_compensation/pay_strategies//en/communities/ihr_hris_erp/erp_enterprise_resources_planning/hcm_trends/

java.io.FileNotFoundException: http://www.hr.com/en/communities/ihr_compensation/pay_strategies//en/communities/ihr_hris_erp/erp_enterprise_resources_planning/hris_benefits/

java.io.FileNotFoundException: http://www.hr.com/en/communities/ihr_compensation/pay_strategies//en/communities/ihr_hris_erp/erp_enterprise_resources_planning/pay_for_performance_planning_and_management/

java.io.FileNotFoundException: http://www.hr.com/en/communities/ihr_compensation/pay_strategies//en/communities/ihr_hris_erp/erp_enterprise_resources_planning/portals_and_employee_communications/

java.io.FileNotFoundException: http://www.hr.com/en/communities/ihr_compensation/pay_strategies//en/communities/ihr_hris_erp/erp_enterprise_resources_planning/rfp_rfi_development/

java.io.FileNotFoundException: http://www.hr.com/en/communities/ihr_compensation/pay_strategies//en/communities/ihr_hris_erp/erp_enterprise_resources_planning/total_compensation_management/

java.io.FileNotFoundException: http://www.hr.com/en/communities/ihr_compensation/pay_strategies//en/communities/ihr_hris_erp/erp_enterprise_resources_planning/workforce_analytics_strategic_hcm/

java.io.FileNotFoundException: http://www.hr.com/en/communities/ihr_compensation/pay_strategies//en/communities/ihr_hris_erp/hcm_global/

java.io.FileNotFoundException: http://www.hr.com/en/communities/ihr_compensation/pay_strategies//en/communities/ihr_hris_erp/hcm_global/model__planning__mgmt_and_measurement/

java.io.FileNotFoundException: http://www.ct.com/entertainment/savage-love//entertainment/music

java.io.FileNotFoundException: http://www.ct.com/entertainment/savage-love//news/advocates

java.io.FileNotFoundException: http://www.hr.com/en/communities/ihr_compensation/pay_strategies//en/communities/ihr_hris_erp/hcm_us_based/

java.io.FileNotFoundException: http://www.ct.com/entertainment/savage-love//entertainment/best-of-ct/

java.io.FileNotFoundException: http://www.ct.com/entertainment/savage-love//entertainment/tv/cw

java.io.FileNotFoundException: http://www.hr.com/en/communities/ihr_compensation/pay_strategies//en/communities/ihr_hris_erp/hcm_us_based/model__planning__mgmt_and_measurement/

java.io.FileNotFoundException: http://www.hr.com/en/communities/ihr_compensation/pay_strategies//en/communities/hr_outsourcing/

java.io.FileNotFoundException: http://www.hr.com/en/communities/ihr_compensation/pay_strategies//en/communities/hr_outsourcing/call_center_outsourcing/

java.io.FileNotFoundException: http://www.hr.com/en/communities/ihr_compensation/pay_strategies//en/communities/hr_outsourcing/contract_negotiations/

java.io.FileNotFoundException: http://www.hr.com/en/communities/ihr_compensation/pay_strategies//en/communities/hr_outsourcing/business_process_outsourcing/

java.io.FileNotFoundException: http://www.hr.com/en/communities/ihr_compensation/pay_strategies//en/communities/hr_outsourcing/contract_negotiations/other_contract_issues/

java.io.FileNotFoundException: http://www.ct.com/entertainment/savage-love//promotions/contests

java.io.FileNotFoundException: http://www.hr.com/en/communities/ihr_compensation/pay_strategies//en/communities/hr_outsourcing/contract_negotiations/service_level_agreements/

java.io.FileNotFoundException: http://www.hr.com/en/communities/ihr_compensation/pay_strategies//en/communities/hr_outsourcing/cost_justification_techniques/

java.io.FileNotFoundException: http://www.hr.com/en/communities/ihr_compensation/pay_strategies//en/communities/hr_outsourcing/evaluation_of_hro_vendors/

java.io.FileNotFoundException: http://www.hr.com/en/communities/ihr_compensation/pay_strategies//en/communities/human_resources_management/hr_administration/

java.io.FileNotFoundException: http://www.hr.com/en/communities/ihr_compensation/pay_strategies//en/communities/hr_outsourcing/evaluation_of_hro_vendors/evaluation_methodologies/

java.io.FileNotFoundException: http://www.hr.com/en/communities/ihr_compensation/pay_strategies//en/communities/hr_outsourcing/evaluation_of_hro_vendors/rfi_rfp_content_and_structure/

java.io.FileNotFoundException: http://www.hr.com/en/communities/ihr_compensation/pay_strategies//en/communities/hr_outsourcing/full_service_outsourcing/

java.io.FileNotFoundException: http://www.hr.com/en/communities/ihr_compensation/pay_strategies//en/communities/hr_outsourcing/hro_and_change_management_culture_issues/

java.io.FileNotFoundException: http://www.hr.com/en/communities/ihr_compensation/pay_strategies//en/communities/hr_outsourcing/hr_functions_available/

java.io.FileNotFoundException: http://www.ct.com/entertainment/savage-love//entertainment/savage-love/nm-ht37savage-20130912,0,3756292.story

java.io.FileNotFoundException: http://www.ct.com/entertainment/savage-love//entertainment/savage-love/nm-ht36savage-20130905,0,2773253.story

java.io.FileNotFoundException: http://www.hr.com/en/communities/ihr_compensation/pay_strategies//en/communities/hr_outsourcing/hro_in_a_global_organization/

java.io.FileNotFoundException: http://www.hr.com/en/communities/ihr_compensation/pay_strategies//en/communities/hr_outsourcing/hro_in_a_global_organization/issues_related_to_off_shore_resource_use/

java.io.FileNotFoundException: http://www.ct.com/entertainment/savage-love//entertainment/savage-love/nm-ht35savage-20130829,0,2052361.story

java.io.FileNotFoundException: http://www.hr.com/en/communities/ihr_compensation/pay_strategies//en/communities/hr_outsourcing/hro_in_a_global_organization/use_of_off_shore_resources/

java.io.FileNotFoundException: http://www.ct.com/entertainment/savage-love//entertainment/savage-love/nm-ht34savage-20130822,0,545025.story

java.io.FileNotFoundException: http://www.ct.com/entertainment/savage-love//entertainment/savage-love/nm-ht33savage-20130815,0,7561979.story

java.io.FileNotFoundException: http://www.ct.com/entertainment/savage-love//entertainment/savage-love/nm-ht32savage-20130808,0,6578940.story

java.io.FileNotFoundException: http://www.ct.com/entertainment/savage-love//entertainment/savage-love/nm-ht31-savage-0801-20130801,0,2259118.story

java.io.FileNotFoundException: http://www.ct.com/entertainment/savage-love//entertainment/savage-love/nm-ht30-savage-0725-20130725,0,4421815.story

java.io.FileNotFoundException: http://www.ct.com/entertainment/savage-love//entertainment/savage-love/nm-ht29savage-20130718,0,4739337.story

java.io.FileNotFoundException: http://www.ct.com/entertainment/savage-love//entertainment/savage-love/nm-ht28savage-20130711,0,3232001.story

java.io.FileNotFoundException: http://www.ct.com/entertainment/savage-love//entertainment/savage-love/nm-ht27savage-20130704,0,2248962.story

java.io.FileNotFoundException: http://www.ct.com/entertainment/savage-love//entertainment/savage-love/nm-ht26-savagelove-0627-20130627,0,71183.story

java.io.FileNotFoundException: http://www.ct.com/entertainment/savage-love//entertainment/savage-love/nm-ht25savage-20130620,0,7955190.story

java.io.FileNotFoundException: http://www.ct.com/entertainment/savage-love//entertainment/savage-love/nm-ht24savage-20130613,0,6972151.story

java.io.FileNotFoundException: http://www.ct.com/entertainment/savage-love//entertainment/savage-love/nm-ht22savage-20130530,0,4743923.story

java.io.FileNotFoundException: http://www.ct.com/entertainment/savage-love//entertainment/savage-love/nm-ht21savage-20130523,0,3760884.story

java.io.FileNotFoundException: http://www.ct.com/entertainment/savage-love//entertainment/savage-love/nm-ht20savage-20130516,0,2777845.story

java.io.FileNotFoundException: http://www.ct.com/entertainment/savage-love//entertainment/savage-love/nm-ht19-savagelove-20130509,0,3718395.story

java.io.FileNotFoundException: http://www.ct.com/entertainment/savage-love//entertainment/savage-love/nm-ht23savage-20130606,0,5989112.story

java.io.FileNotFoundException: http://www.hr.com/en/communities/ihr_compensation/pay_strategies//en/communities/hr_outsourcing/overall_trends/

java.io.FileNotFoundException: http://www.ct.com/entertainment/savage-love//entertainment/savage-love/nm-ht18savage-20130502,0,1659134.story

java.io.FileNotFoundException: http://www.ct.com/entertainment/savage-love//entertainment/savage-love/nm-ht17savage-20130425,0,872705.story

java.io.FileNotFoundException: http://www.ct.com/entertainment/savage-love//entertainment/savage-love/nm-ht16savage-20130418,0,7889659.story

java.io.FileNotFoundException: http://www.hr.com/en/communities/ihr_compensation/pay_strategies//en/communities/hr_outsourcing/proven_cost_savings/

java.io.FileNotFoundException: http://www.hr.com/en/communities/ihr_compensation/pay_strategies//en/communities/hr_outsourcing/payroll_outsourcing/

java.io.FileNotFoundException: http://www.ct.com/entertainment/savage-love//entertainment/savage-love/nm-ht15-savage-0411-20130411,0,1931434.story

java.io.FileNotFoundException: http://www.ct.com/entertainment/savage-love//entertainment/savage-love/nm-ht14-savage-0404-20130404,0,1800365.story

java.io.FileNotFoundException: http://www.hr.com/en/communities/ihr_compensation/pay_strategies//en/communities/hr_outsourcing/software_hosting__only_/

java.io.FileNotFoundException: http://www.ct.com/entertainment/savage-love//entertainment/savage-love/nm-ht13-savagelove-0328-20130328,0,6961657.story

java.io.FileNotFoundException: http://www.ct.com/entertainment/savage-love//entertainment/photos/wtxx-the-best-will-ferrell-quotes-20120719,0,2808901.photogallery

java.io.FileNotFoundException: http://www.ct.com/entertainment/savage-love//entertainment/photos/wtxx-crazy-food-challenges-20111228,0,73770.photogallery

java.io.FileNotFoundException: http://www.ct.com/entertainment/savage-love//entertainment/photos/wtxx-the-best-tyler-durden-quotes-20120612,0,7513696.photogallery

java.io.FileNotFoundException: http://www.ct.com/entertainment/savage-love//entertainment/photos/wtxx-the-funniest-quotes-from-the-league-20121011,0,4364260.photogallery

java.io.FileNotFoundException: http://www.ct.com/entertainment/savage-love//entertainment/photos/wtxx-awesome-quotes-from-breaking-bad-20120713,0,7424966.photogallery

java.io.FileNotFoundException: http://www.ct.com/entertainment/savage-love//news/advocates/wtxx-improvisations-returns-to-real-art-ways-for-a-third-season-20130911,0,1854645.story

java.io.FileNotFoundException: http://www.ct.com/entertainment/savage-love//entertainment/photos/wtxx-brilliant-quotes-from-don-draper-20121228,0,3605513.photogallery

java.io.FileNotFoundException: http://www.ct.com/entertainment/savage-love//entertainment/photos/wcct-slideshow-the-10-best-samuel-l-jackson-movie-quotes-20111220,0,5873084.photogallery

java.io.FileNotFoundException: http://www.ct.com/entertainment/savage-love//news/advocates/latest-news/nm-ht36ncgameshowgeek-20130903,0,3102180.story

java.io.FileNotFoundException: http://www.ct.com/entertainment/savage-love//news/advocates/crime-punishment/nm-ht37crime-20130912,0,6157040.story

java.io.FileNotFoundException: http://www.hr.com/en/communities/ihr_compensation/pay_strategies//en/communities/hr_outsourcing/shared_services/

java.io.FileNotFoundException: http://www.hr.com/en/communities/ihr_compensation/pay_strategies//en/communities/hr_outsourcing/time_and_attendance/

java.io.FileNotFoundException: http://www.hr.com/en/communities/ihr_compensation/pay_strategies//en/communities/hr_outsourcing/vendor_marketplace/

java.io.FileNotFoundException: http://www.hr.com/en/communities/ihr_compensation/pay_strategies//en/communities/hr_outsourcing/workforce_scheduling/

java.net.ConnectException: Connection timed out

java.io.FileNotFoundException: http://www.hr.com/en/communities/ihr_compensation/pay_strategies//en/communities/human_resources_management/

java.io.FileNotFoundException: http://www.hr.com/en/communities/ihr_compensation/pay_strategies//en/communities/human_resources_management/entrepreneurship/

java.io.FileNotFoundException: http://www.ct.com/entertainment/savage-love//news/advocates/commentary/wtxx-lipgloss-crisis-lights-up-project-storefronts-20130912,0,2157283.story

java.io.FileNotFoundException: http://www.ct.com/entertainment/savage-love//news/advocates/commentary/wtxx-reflections-on-primary-day-20130912,0,3618289.story

java.io.FileNotFoundException: http://www.ct.com/entertainment/savage-love//news/advocates/commentary/nm-ht31-weiner-0801-20130801,0,957632.story

java.io.FileNotFoundException: http://www.ct.com/entertainment/savage-love//news/advocates/commentary/wtxx-arts-ideas-diary-day-12-13-the-closing-weekend-20130630,0,3368814.story

java.io.FileNotFoundException: http://www.ct.com/entertainment/savage-love//news/advocates/commentary/wtxx-arts--ideas-diary-day-11-thursday-june-27-20130627,0,7241461.story

java.io.FileNotFoundException: http://www.ct.com/entertainment/savage-love//news/advocates/latest-news

java.io.FileNotFoundException: http://www.ct.com/entertainment/savage-love//news/advocates/crime-punishment

java.io.FileNotFoundException: http://www.ct.com/entertainment/savage-love//news/advocates/news-of-the-weird/nm-ht37weird-20130912,0,742793.story

java.io.FileNotFoundException: http://www.ct.com/entertainment/savage-love//news/advocates/news-of-the-weird

java.io.FileNotFoundException: http://www.ct.com/entertainment/savage-love//entertainment/green-wheels/nm-ht37wheels-20130912,0,3212490.story

java.io.FileNotFoundException: http://www.ct.com/entertainment/savage-love//entertainment/green-wheels

java.io.FileNotFoundException: http://www.hr.com/en/communities/ihr_compensation/pay_strategies//en/communities/human_resources_management/ethics/

java.io.FileNotFoundException: http://www.hr.com/en/communities/ihr_compensation/pay_strategies//en/communities/human_resources_management/foundations_of_hr/

java.io.FileNotFoundException: http://www.hr.com/en/communities/ihr_compensation/pay_strategies//en/communities/human_resources_management/foundations_of_hr/future_of_work/

java.io.FileNotFoundException: http://www.hr.com/en/communities/ihr_compensation/pay_strategies//en/communities/human_resources_management/foundations_of_hr/history_of_hr/

java.io.FileNotFoundException: http://www.hr.com/en/communities/ihr_compensation/pay_strategies//en/communities/human_resources_management/foundations_of_hr/present_trends/

java.net.MalformedURLException: no protocol: ?screen=100

java.io.FileNotFoundException: http://www.hr.com/en/communities/ihr_compensation/pay_strategies//en/communities/human_resources_management/hr_as_consultant/

java.io.FileNotFoundException: http://www.hr.com/en/communities/ihr_compensation/pay_strategies//en/communities/human_resources_management/hr_audit/

java.io.FileNotFoundException: http://www.hr.com/en/communities/ihr_compensation/pay_strategies//en/communities/human_resources_management/international_and_global_hr/

java.io.FileNotFoundException: http://www.hr.com/en/communities/ihr_compensation/pay_strategies//en/communities/human_resources_management/outsourcing/

java.io.FileNotFoundException: http://www.hr.com/en/communities/ihr_compensation/pay_strategies//en/communities/human_resources_management/public_sector_and_non_profit/

java.io.FileNotFoundException: http://www.hr.com/en/communities/ihr_compensation/pay_strategies//en/communities/human_resources_management/small_business/

java.io.FileNotFoundException: http://www.hr.com/en/communities/ihr_compensation/pay_strategies//en/communities/human_resources_management/structure_and_organization/

java.io.FileNotFoundException: http://www.hr.com/en/communities/ihr_compensation/pay_strategies//en/communities/human_resources_management/the_hr_practitioner/

java.io.FileNotFoundException: http://www.hr.com/en/communities/ihr_compensation/pay_strategies//en/communities/human_resources_management/the_hr_practitioner/certification/

java.io.FileNotFoundException: http://www.hr.com/en/communities/ihr_compensation/pay_strategies//en/communities/human_resources_management/the_hr_practitioner/professional_associations/

java.io.FileNotFoundException: http://www.anz.com/timorleste/timorleste/en/about-us/anz-timor-leste/

java.net.ConnectException: Connection timed out

java.net.ConnectException: Connection timed out

java.net.ConnectException: Connection timed out

java.io.FileNotFoundException: http://www.hr.com/en/communities/ihr_compensation/pay_strategies//en/communities/human_resources_management/the_hr_practitioner/skills_and_competencies/

java.io.IOException: Server returned HTTP response code: 500 for URL: http://investor.abm.com/releasedetail.cfm?releaseid=788411/common/download/download.cfm?companyid=ABM&fileid=688302&filekey=68d37721-6175-4814-ad68-c9e3149fea8c&filename=788411.pdf

java.io.FileNotFoundException: http://www.hr.com/en/communities/ihr_compensation/pay_strategies//en/communities/integrated_talent_management_001/

java.io.FileNotFoundException: http://www.hr.com/en/communities/ihr_compensation/pay_strategies//en/communities/labor_relations/

java.io.FileNotFoundException: http://www.hr.com/en/communities/ihr_compensation/pay_strategies//en/communities/labor_relations/absenteeism/

java.io.FileNotFoundException: http://www.hr.com/en/communities/ihr_compensation/pay_strategies//en/communities/labor_relations/conflict_and_dispute_resolution/

java.net.MalformedURLException: no protocol: confirm.cfm?destination=/releasedetail.cfm&addFile=688302&wshRemove=yes&ReleaseID=788411

java.io.FileNotFoundException: http://www.hr.com/en/communities/ihr_compensation/pay_strategies//en/communities/labor_relations/discipline/

java.io.FileNotFoundException: http://www.hr.com/en/communities/ihr_compensation/pay_strategies//en/communities/labor_relations/discrimination/

java.io.IOException: Server returned HTTP response code: 400 for URL: http://delicious.com/save?v=5&amp;noui&jump=close&url=http://investor.abm.com/releasedetail.cfm?Releaseid=788411&title=DirectWomen Selects Top Lawyers for Board Institute, Including ABM's Sarah McConnell - ABM Industries Incorporated

java.io.FileNotFoundException: http://www.hr.com/en/communities/ihr_compensation/pay_strategies//en/communities/labor_relations/harassment/

java.io.FileNotFoundException: http://www.hr.com/en/communities/ihr_compensation/pay_strategies//en/communities/labor_relations/interpersonal_communications/

java.io.FileNotFoundException: http://www.hr.com/en/communities/ihr_compensation/pay_strategies//en/communities/labor_relations/law_and_legislation/

java.io.FileNotFoundException: http://www.hr.com/en/communities/ihr_compensation/pay_strategies//en/communities/labor_relations/internal_corporate_communications/

java.io.IOException: Server returned HTTP response code: 400 for URL: http://www.facebook.com/share.php?u=http://investor.abm.com/releasedetail.cfm?Releaseid=788411&t=DirectWomen Selects Top Lawyers for Board Institute, Including ABM's Sarah McConnell - ABM Industries Incorporated

java.io.FileNotFoundException: https://twitter.com/CTdotcom/ct-com/MikeHamad/status/378447292044705792

java.io.IOException: Server returned HTTP response code: 400 for URL: http://www.linkedin.com/shareArticle?mini=true&url=http://investor.abm.com/releasedetail.cfm?Releaseid=788411&title=DirectWomen Selects Top Lawyers for Board Institute, Including ABM's Sarah McConnell - ABM Industries Incorporated

java.io.FileNotFoundException: http://www.hr.com/en/communities/ihr_compensation/pay_strategies//en/communities/labor_relations/lr_trends/

java.io.FileNotFoundException: http://www.hr.com/en/communities/ihr_compensation/pay_strategies//en/communities/labor_relations/outplacement/

java.io.FileNotFoundException: http://www.hr.com/en/communities/ihr_compensation/pay_strategies//en/communities/labor_relations/recreation/

java.io.FileNotFoundException: http://www.hr.com/en/communities/ihr_compensation/pay_strategies//en/communities/labor_relations/safety/

java.net.MalformedURLException: no protocol: personal/deposits/deposits-account-9.jsp

java.io.FileNotFoundException: http://www.hr.com/en/communities/ihr_compensation/pay_strategies//en/communities/leadership/

java.io.FileNotFoundException: http://www.hr.com/en/communities/ihr_compensation/pay_strategies//en/communities/leadership/board_of_directors/

java.io.FileNotFoundException: http://www.hr.com/en/communities/ihr_compensation/pay_strategies//en/communities/leadership/career_management/

java.io.FileNotFoundException: http://www.hr.com/en/communities/ihr_compensation/pay_strategies//en/communities/leadership/corporate_culture/

java.io.IOException: Server returned HTTP response code: 500 for URL: http://investor.abm.com/releasedetail.cfm?releaseid=788411/releasedetail.cfm?releaseid=788476

java.io.FileNotFoundException: http://www.hr.com/en/communities/ihr_compensation/pay_strategies//en/communities/leadership/corporate_governance/

java.io.IOException: Server returned HTTP response code: 500 for URL: http://investor.abm.com/releasedetail.cfm?releaseid=788411/releasedetail.cfm?releaseid=787230

java.io.FileNotFoundException: http://www.hr.com/en/communities/ihr_compensation/pay_strategies//en/communities/leadership/developing_organizational_leadership_capabilities/

java.io.FileNotFoundException: http://www.hr.com/en/communities/ihr_compensation/pay_strategies//en/communities/leadership/global_leadership/

java.io.FileNotFoundException: http://www.hr.com/en/communities/ihr_compensation/pay_strategies//en/communities/leadership/hr_leadership/

java.io.FileNotFoundException: http://www.hr.com/en/communities/ihr_compensation/pay_strategies//en/communities/leadership/hr_leadership/diversity_leadership/

java.io.FileNotFoundException: http://www.hr.com/en/communities/ihr_compensation/pay_strategies//en/communities/leadership/hr_leadership/managers_as_leaders/

java.io.FileNotFoundException: http://www.hr.com/en/communities/ihr_compensation/pay_strategies//en/communities/leadership/hr_leadership/women_in_leadership/

java.io.FileNotFoundException: http://www.hr.com/en/communities/ihr_compensation/pay_strategies//en/communities/leadership/leadership_assessments/

java.io.FileNotFoundException: http://www.hr.com/en/communities/ihr_compensation/pay_strategies//en/communities/leadership/leadership_competencies/

java.io.FileNotFoundException: http://www.hr.com/en/communities/ihr_compensation/pay_strategies//en/communities/leadership/leadership_competencies/collaboration/

java.io.FileNotFoundException: http://www.hr.com/en/communities/ihr_compensation/pay_strategies//en/communities/leadership/leadership_competencies/communication/

java.net.UnknownServiceException: protocol doesn't support input

java.io.FileNotFoundException: http://www.hr.com/en/communities/ihr_compensation/pay_strategies//en/communities/leadership/leadership_competencies/delegation/

java.io.FileNotFoundException: http://www.hr.com/en/communities/ihr_compensation/pay_strategies//en/communities/leadership/leadership_competencies/developing_and_coaching_others/

java.io.FileNotFoundException: http://www.hr.com/en/communities/ihr_compensation/pay_strategies//en/communities/leadership/leadership_competencies/motivating/

java.io.FileNotFoundException: http://www.hr.com/en/communities/ihr_compensation/pay_strategies//en/communities/leadership/leadership_competencies/negotiation/

java.io.FileNotFoundException: http://www.hr.com/en/communities/ihr_compensation/pay_strategies//en/communities/leadership/leadership_models/

java.io.FileNotFoundException: http://www.hr.com/en/communities/ihr_compensation/pay_strategies//en/communities/leadership/leadership_philosophies/

java.io.FileNotFoundException: http://www.hr.com/en/communities/ihr_compensation/pay_strategies//en/communities/leadership/leadership_retention/

java.io.FileNotFoundException: http://www.hr.com/en/communities/ihr_compensation/pay_strategies//en/communities/leadership/leadership_training_and_development/

java.io.FileNotFoundException: http://www.hr.com/en/communities/ihr_compensation/pay_strategies//en/communities/leadership/leadership_training_and_development/action_learning/

java.io.FileNotFoundException: http://www.hr.com/en/communities/ihr_compensation/pay_strategies//en/communities/leadership/leadership_training_and_development/executive_coaching/

java.io.FileNotFoundException: http://www.hr.com/en/communities/ihr_compensation/pay_strategies//en/communities/leadership/leadership_training_and_development/executive_education_programs__university_/

java.io.FileNotFoundException: http://www.hr.com/en/communities/ihr_compensation/pay_strategies//en/communities/leadership/leadership_training_and_development/mentoring/

java.io.FileNotFoundException: http://www.hr.com/en/communities/ihr_compensation/pay_strategies//en/communities/leadership/leadership_training_and_development/train_your_leaders/

